Archive member included to satisfy reference by file (symbol)

c:/Users/adisa/AppData/Roaming/Code/User/globalStorage/bmd.stm32-for-vscode/@xpack-dev-tools/arm-none-eabi-gcc/14.2.1-1.1.1/.content/bin/../lib/gcc/arm-none-eabi/14.2.1/../../../../arm-none-eabi/lib/thumb/v7e-m+fp/hard\libc_nano.a(libc_a-atexit.o)
                              c:/Users/adisa/AppData/Roaming/Code/User/globalStorage/bmd.stm32-for-vscode/@xpack-dev-tools/arm-none-eabi-gcc/14.2.1-1.1.1/.content/bin/../lib/gcc/arm-none-eabi/14.2.1/../../../../arm-none-eabi/lib/thumb/v7e-m+fp/hard/crt0.o (atexit)
c:/Users/adisa/AppData/Roaming/Code/User/globalStorage/bmd.stm32-for-vscode/@xpack-dev-tools/arm-none-eabi-gcc/14.2.1-1.1.1/.content/bin/../lib/gcc/arm-none-eabi/14.2.1/../../../../arm-none-eabi/lib/thumb/v7e-m+fp/hard\libc_nano.a(libc_a-exit.o)
                              c:/Users/adisa/AppData/Roaming/Code/User/globalStorage/bmd.stm32-for-vscode/@xpack-dev-tools/arm-none-eabi-gcc/14.2.1-1.1.1/.content/bin/../lib/gcc/arm-none-eabi/14.2.1/../../../../arm-none-eabi/lib/thumb/v7e-m+fp/hard/crt0.o (exit)
c:/Users/adisa/AppData/Roaming/Code/User/globalStorage/bmd.stm32-for-vscode/@xpack-dev-tools/arm-none-eabi-gcc/14.2.1-1.1.1/.content/bin/../lib/gcc/arm-none-eabi/14.2.1/../../../../arm-none-eabi/lib/thumb/v7e-m+fp/hard\libc_nano.a(libc_a-findfp.o)
                              c:/Users/adisa/AppData/Roaming/Code/User/globalStorage/bmd.stm32-for-vscode/@xpack-dev-tools/arm-none-eabi-gcc/14.2.1-1.1.1/.content/bin/../lib/gcc/arm-none-eabi/14.2.1/../../../../arm-none-eabi/lib/thumb/v7e-m+fp/hard\libc_nano.a(libc_a-exit.o) (__stdio_exit_handler)
c:/Users/adisa/AppData/Roaming/Code/User/globalStorage/bmd.stm32-for-vscode/@xpack-dev-tools/arm-none-eabi-gcc/14.2.1-1.1.1/.content/bin/../lib/gcc/arm-none-eabi/14.2.1/../../../../arm-none-eabi/lib/thumb/v7e-m+fp/hard\libc_nano.a(libc_a-fwalk.o)
                              c:/Users/adisa/AppData/Roaming/Code/User/globalStorage/bmd.stm32-for-vscode/@xpack-dev-tools/arm-none-eabi-gcc/14.2.1-1.1.1/.content/bin/../lib/gcc/arm-none-eabi/14.2.1/../../../../arm-none-eabi/lib/thumb/v7e-m+fp/hard\libc_nano.a(libc_a-findfp.o) (_fwalk_sglue)
c:/Users/adisa/AppData/Roaming/Code/User/globalStorage/bmd.stm32-for-vscode/@xpack-dev-tools/arm-none-eabi-gcc/14.2.1-1.1.1/.content/bin/../lib/gcc/arm-none-eabi/14.2.1/../../../../arm-none-eabi/lib/thumb/v7e-m+fp/hard\libc_nano.a(libc_a-stdio.o)
                              c:/Users/adisa/AppData/Roaming/Code/User/globalStorage/bmd.stm32-for-vscode/@xpack-dev-tools/arm-none-eabi-gcc/14.2.1-1.1.1/.content/bin/../lib/gcc/arm-none-eabi/14.2.1/../../../../arm-none-eabi/lib/thumb/v7e-m+fp/hard\libc_nano.a(libc_a-findfp.o) (__sread)
c:/Users/adisa/AppData/Roaming/Code/User/globalStorage/bmd.stm32-for-vscode/@xpack-dev-tools/arm-none-eabi-gcc/14.2.1-1.1.1/.content/bin/../lib/gcc/arm-none-eabi/14.2.1/../../../../arm-none-eabi/lib/thumb/v7e-m+fp/hard\libc_nano.a(libc_a-memset.o)
                              c:/Users/adisa/AppData/Roaming/Code/User/globalStorage/bmd.stm32-for-vscode/@xpack-dev-tools/arm-none-eabi-gcc/14.2.1-1.1.1/.content/bin/../lib/gcc/arm-none-eabi/14.2.1/../../../../arm-none-eabi/lib/thumb/v7e-m+fp/hard/crt0.o (memset)
c:/Users/adisa/AppData/Roaming/Code/User/globalStorage/bmd.stm32-for-vscode/@xpack-dev-tools/arm-none-eabi-gcc/14.2.1-1.1.1/.content/bin/../lib/gcc/arm-none-eabi/14.2.1/../../../../arm-none-eabi/lib/thumb/v7e-m+fp/hard\libc_nano.a(libc_a-closer.o)
                              c:/Users/adisa/AppData/Roaming/Code/User/globalStorage/bmd.stm32-for-vscode/@xpack-dev-tools/arm-none-eabi-gcc/14.2.1-1.1.1/.content/bin/../lib/gcc/arm-none-eabi/14.2.1/../../../../arm-none-eabi/lib/thumb/v7e-m+fp/hard\libc_nano.a(libc_a-stdio.o) (_close_r)
c:/Users/adisa/AppData/Roaming/Code/User/globalStorage/bmd.stm32-for-vscode/@xpack-dev-tools/arm-none-eabi-gcc/14.2.1-1.1.1/.content/bin/../lib/gcc/arm-none-eabi/14.2.1/../../../../arm-none-eabi/lib/thumb/v7e-m+fp/hard\libc_nano.a(libc_a-reent.o)
                              c:/Users/adisa/AppData/Roaming/Code/User/globalStorage/bmd.stm32-for-vscode/@xpack-dev-tools/arm-none-eabi-gcc/14.2.1-1.1.1/.content/bin/../lib/gcc/arm-none-eabi/14.2.1/../../../../arm-none-eabi/lib/thumb/v7e-m+fp/hard\libc_nano.a(libc_a-closer.o) (errno)
c:/Users/adisa/AppData/Roaming/Code/User/globalStorage/bmd.stm32-for-vscode/@xpack-dev-tools/arm-none-eabi-gcc/14.2.1-1.1.1/.content/bin/../lib/gcc/arm-none-eabi/14.2.1/../../../../arm-none-eabi/lib/thumb/v7e-m+fp/hard\libc_nano.a(libc_a-impure.o)
                              c:/Users/adisa/AppData/Roaming/Code/User/globalStorage/bmd.stm32-for-vscode/@xpack-dev-tools/arm-none-eabi-gcc/14.2.1-1.1.1/.content/bin/../lib/gcc/arm-none-eabi/14.2.1/../../../../arm-none-eabi/lib/thumb/v7e-m+fp/hard\libc_nano.a(libc_a-reent.o) (_impure_ptr)
[...]
Memory Configuration

Name             Origin             Length             Attributes
RAM              0x20000000         0x0000c000         xrw
RAM2             0x10000000         0x00004000         xrw
FLASH            0x08022000         0x0001a000         xr
*default*        0x00000000         0xffffffff

Linker script and memory map

LOAD c:/Users/adisa/AppData/Roaming/Code/User/globalStorage/bmd.stm32-for-vscode/@xpack-dev-tools/arm-none-eabi-gcc/14.2.1-1.1.1/.content/bin/../lib/gcc/arm-none-eabi/14.2.1/thumb/v7e-m+fp/hard/crti.o
LOAD c:/Users/adisa/AppData/Roaming/Code/User/globalStorage/bmd.stm32-for-vscode/@xpack-dev-tools/arm-none-eabi-gcc/14.2.1-1.1.1/.content/bin/../lib/gcc/arm-none-eabi/14.2.1/thumb/v7e-m+fp/hard/crtbegin.o
LOAD c:/Users/adisa/AppData/Roaming/Code/User/globalStorage/bmd.stm32-for-vscode/@xpack-dev-tools/arm-none-eabi-gcc/14.2.1-1.1.1/.content/bin/../lib/gcc/arm-none-eabi/14.2.1/../../../../arm-none-eabi/lib/thumb/v7e-m+fp/hard/crt0.o
LOAD build/debug/Baby_MOBO_b_main.o
LOAD build/debug/Baby_MOBO_b_can.o
LOAD build/debug/Baby_MOBO_b_io_manager.o
LOAD build/debug/Baby_MOBO_b_freertos.o
LOAD build/debug/Baby_MOBO_b_stm32l4xx_it.o
LOAD build/debug/Baby_MOBO_b_stm32l4xx_hal_msp.o
LOAD build/debug/Baby_MOBO_b_stm32l4xx_hal_timebase_tim.o
LOAD build/debug/Baby_MOBO_b_stm32l4xx_hal_tim.o
LOAD build/debug/Baby_MOBO_b_stm32l4xx_hal_tim_ex.o
LOAD build/debug/Baby_MOBO_b_stm32l4xx_hal_can.o
LOAD build/debug/Baby_MOBO_b_stm32l4xx_hal.o
LOAD build/debug/Baby_MOBO_b_stm32l4xx_hal_rcc.o
LOAD build/debug/Baby_MOBO_b_stm32l4xx_hal_rcc_ex.o
LOAD build/debug/Baby_MOBO_b_stm32l4xx_hal_flash.o
LOAD build/debug/Baby_MOBO_b_stm32l4xx_hal_flash_ex.o
LOAD build/debug/Baby_MOBO_b_stm32l4xx_hal_flash_ramfunc.o
LOAD build/debug/Baby_MOBO_b_stm32l4xx_hal_gpio.o
LOAD build/debug/Baby_MOBO_b_stm32l4xx_hal_i2c.o
LOAD build/debug/Baby_MOBO_b_stm32l4xx_hal_i2c_ex.o
LOAD build/debug/Baby_MOBO_b_stm32l4xx_hal_dma.o
LOAD build/debug/Baby_MOBO_b_stm32l4xx_hal_dma_ex.o
LOAD build/debug/Baby_MOBO_b_stm32l4xx_hal_pwr.o
LOAD build/debug/Baby_MOBO_b_stm32l4xx_hal_pwr_ex.o
LOAD build/debug/Baby_MOBO_b_stm32l4xx_hal_cortex.o
LOAD build/debug/Baby_MOBO_b_stm32l4xx_hal_exti.o
LOAD build/debug/Baby_MOBO_b_stm32l4xx_hal_crc.o
LOAD build/debug/Baby_MOBO_b_stm32l4xx_hal_crc_ex.o
LOAD build/debug/Baby_MOBO_b_system_stm32l4xx.o
LOAD build/debug/Baby_MOBO_b_croutine.o
LOAD build/debug/Baby_MOBO_b_event_groups.o
LOAD build/debug/Baby_MOBO_b_list.o
LOAD build/debug/Baby_MOBO_b_queue.o
LOAD build/debug/Baby_MOBO_b_stream_buffer.o
LOAD build/debug/Baby_MOBO_b_tasks.o
LOAD build/debug/Baby_MOBO_b_timers.o
LOAD build/debug/Baby_MOBO_b_cmsis_os2.o
LOAD build/debug/Baby_MOBO_b_heap_4.o
LOAD build/debug/Baby_MOBO_b_port.o
LOAD build/debug/Baby_MOBO_b_sysmem.o
LOAD build/debug/Baby_MOBO_b_syscalls.o
LOAD build/debug/Baby_MOBO_b_stm32l4xx_hal_adc.o
LOAD build/debug/Baby_MOBO_b_stm32l4xx_hal_adc_ex.o
LOAD build/debug/Baby_MOBO_b_startup_stm32l432xx.o
LOAD c:/Users/adisa/AppData/Roaming/Code/User/globalStorage/bmd.stm32-for-vscode/@xpack-dev-tools/arm-none-eabi-gcc/14.2.1-1.1.1/.content/bin/../lib/gcc/arm-none-eabi/14.2.1/../../../../arm-none-eabi/lib/thumb/v7e-m+fp/hard\libc_nano.a
LOAD c:/Users/adisa/AppData/Roaming/Code/User/globalStorage/bmd.stm32-for-vscode/@xpack-dev-tools/arm-none-eabi-gcc/14.2.1-1.1.1/.content/bin/../lib/gcc/arm-none-eabi/14.2.1/../../../../arm-none-eabi/lib/thumb/v7e-m+fp/hard\libm.a
LOAD c:/Users/adisa/AppData/Roaming/Code/User/globalStorage/bmd.stm32-for-vscode/@xpack-dev-tools/arm-none-eabi-gcc/14.2.1-1.1.1/.content/bin/../lib/gcc/arm-none-eabi/14.2.1/../../../../arm-none-eabi/lib/thumb/v7e-m+fp/hard\libnosys.a
START GROUP
LOAD c:/Users/adisa/AppData/Roaming/Code/User/globalStorage/bmd.stm32-for-vscode/@xpack-dev-tools/arm-none-eabi-gcc/14.2.1-1.1.1/.content/bin/../lib/gcc/arm-none-eabi/14.2.1/thumb/v7e-m+fp/hard\libgcc.a
LOAD c:/Users/adisa/AppData/Roaming/Code/User/globalStorage/bmd.stm32-for-vscode/@xpack-dev-tools/arm-none-eabi-gcc/14.2.1-1.1.1/.content/bin/../lib/gcc/arm-none-eabi/14.2.1/../../../../arm-none-eabi/lib/thumb/v7e-m+fp/hard\libc_nano.a
END GROUP
START GROUP
LOAD c:/Users/adisa/AppData/Roaming/Code/User/globalStorage/bmd.stm32-for-vscode/@xpack-dev-tools/arm-none-eabi-gcc/14.2.1-1.1.1/.content/bin/../lib/gcc/arm-none-eabi/14.2.1/thumb/v7e-m+fp/hard\libgcc.a
LOAD c:/Users/adisa/AppData/Roaming/Code/User/globalStorage/bmd.stm32-for-vscode/@xpack-dev-tools/arm-none-eabi-gcc/14.2.1-1.1.1/.content/bin/../lib/gcc/arm-none-eabi/14.2.1/../../../../arm-none-eabi/lib/thumb/v7e-m+fp/hard\libc_nano.a
END GROUP
LOAD c:/Users/adisa/AppData/Roaming/Code/User/globalStorage/bmd.stm32-for-vscode/@xpack-dev-tools/arm-none-eabi-gcc/14.2.1-1.1.1/.content/bin/../lib/gcc/arm-none-eabi/14.2.1/thumb/v7e-m+fp/hard/crtend.o
LOAD c:/Users/adisa/AppData/Roaming/Code/User/globalStorage/bmd.stm32-for-vscode/@xpack-dev-tools/arm-none-eabi-gcc/14.2.1-1.1.1/.content/bin/../lib/gcc/arm-none-eabi/14.2.1/thumb/v7e-m+fp/hard/crtn.o
                0x2000c000                        _estack = (ORIGIN (RAM) + LENGTH (RAM))
                0x00000200                        _Min_Heap_Size = 0x200
                0x00000400                        _Min_Stack_Size = 0x400

.isr_vector     0x08022000      0x190
                0x08022000                        . = ALIGN (0x8)
 *(.isr_vector)
 .isr_vector    0x08022000      0x18c build/debug/Baby_MOBO_b_startup_stm32l432xx.o
                0x08022000                g_pfnVectors
                0x08022190                        . = ALIGN (0x8)
 *fill*         0x0802218c        0x4 

.text           0x08022190     0x4d88
                0x08022190                        . = ALIGN (0x8)
 *(.text)
 *(.text*)
 .text.__do_global_dtors_aux
                0x08022190       0x24 c:/Users/adisa/AppData/Roaming/Code/User/globalStorage/bmd.stm32-for-vscode/@xpack-dev-tools/arm-none-eabi-gcc/14.2.1-1.1.1/.content/bin/../lib/gcc/arm-none-eabi/14.2.1/thumb/v7e-m+fp/hard/crtbegin.o
 .text.frame_dummy
                0x080221b4       0x1c c:/Users/adisa/AppData/Roaming/Code/User/globalStorage/bmd.stm32-for-vscode/@xpack-dev-tools/arm-none-eabi-gcc/14.2.1-1.1.1/.content/bin/../lib/gcc/arm-none-eabi/14.2.1/thumb/v7e-m+fp/hard/crtbegin.o
 .text.MX_GPIO_Init
                0x080221d0       0xcc build/debug/Baby_MOBO_b_main.o
 .text.StartDefaultTask
                0x0802229c        0xa build/debug/Baby_MOBO_b_main.o
                0x0802229c                StartDefaultTask
 *fill*         0x080222a6        0x2 
 .text.LED_BlinkTask
                0x080222a8       0x18 build/debug/Baby_MOBO_b_main.o
                0x080222a8                LED_BlinkTask
 .text.can_messages_task
                0x080222c0        0x8 build/debug/Baby_MOBO_b_main.o
                0x080222c0                can_messages_task
 .text.HAL_TIM_PeriodElapsedCallback
                0x080222c8       0x18 build/debug/Baby_MOBO_b_main.o
                0x080222c8                HAL_TIM_PeriodElapsedCallback
 .text.Error_Handler
                0x080222e0       0x18 build/debug/Baby_MOBO_b_main.o
                0x080222e0                Error_Handler
 .text.MX_CAN1_Init
                0x080222f8       0x40 build/debug/Baby_MOBO_b_main.o
 .text.MX_CRC_Init
                0x08022338       0x2c build/debug/Baby_MOBO_b_main.o
 .text.MX_ADC1_Init
                0x08022364       0x80 build/debug/Baby_MOBO_b_main.o
 .text.MX_CAN1_Filter_Init
                0x080223e4       0x30 build/debug/Baby_MOBO_b_main.o
 .text.SystemClock_Config
                0x08022414       0x78 build/debug/Baby_MOBO_b_main.o
                0x08022414                SystemClock_Config
 .text.main     0x0802248c       0xac build/debug/Baby_MOBO_b_main.o
                0x0802248c                main
 .text.__NVIC_SystemReset
                0x08022538       0x24 build/debug/Baby_MOBO_b_can.o
 .text.CAN_Handle_RPI_Command
                0x0802255c       0x70 build/debug/Baby_MOBO_b_can.o
 .text.CAN_Handle_VCU_Command
                0x080225cc       0x60 build/debug/Baby_MOBO_b_can.o
 .text.CAN_ProcessRXQueue
                0x0802262c       0x4c build/debug/Baby_MOBO_b_can.o
 .text.CAN_Transmit
                0x08022678       0x6c build/debug/Baby_MOBO_b_can.o
 .text.CAN_ProcessTXQueue
                0x080226e4       0x34 build/debug/Baby_MOBO_b_can.o
 .text.CAN_Task
                0x08022718       0x34 build/debug/Baby_MOBO_b_can.o
                0x08022718                CAN_Task
 .text.HAL_CAN_RxFifo0MsgPendingCallback
                0x0802274c       0x58 build/debug/Baby_MOBO_b_can.o
                0x0802274c                HAL_CAN_RxFifo0MsgPendingCallback
 .text.CAN_Reset_Stats
                0x080227a4       0x12 build/debug/Baby_MOBO_b_can.o
                0x080227a4                CAN_Reset_Stats
 *fill*         0x080227b6        0x2 
 .text.CAN_Init
                0x080227b8       0x44 build/debug/Baby_MOBO_b_can.o
                0x080227b8                CAN_Init
 .text.NMI_Handler
                0x080227fc        0x2 build/debug/Baby_MOBO_b_stm32l4xx_it.o
                0x080227fc                NMI_Handler
 .text.HardFault_Handler
                0x080227fe        0x2 build/debug/Baby_MOBO_b_stm32l4xx_it.o
                0x080227fe                HardFault_Handler
 .text.MemManage_Handler
                0x08022800        0x2 build/debug/Baby_MOBO_b_stm32l4xx_it.o
                0x08022800                MemManage_Handler
 .text.BusFault_Handler
                0x08022802        0x2 build/debug/Baby_MOBO_b_stm32l4xx_it.o
                0x08022802                BusFault_Handler
 .text.UsageFault_Handler
                0x08022804        0x2 build/debug/Baby_MOBO_b_stm32l4xx_it.o
                0x08022804                UsageFault_Handler
 .text.DebugMon_Handler
                0x08022806        0x2 build/debug/Baby_MOBO_b_stm32l4xx_it.o
                0x08022806                DebugMon_Handler
 .text.TIM6_DAC_IRQHandler
                0x08022808       0x10 build/debug/Baby_MOBO_b_stm32l4xx_it.o
                0x08022808                TIM6_DAC_IRQHandler
 .text.CAN1_RX0_IRQHandler
                0x08022818       0x10 build/debug/Baby_MOBO_b_stm32l4xx_it.o
                0x08022818                CAN1_RX0_IRQHandler
 .text.HAL_MspInit
                0x08022828       0x40 build/debug/Baby_MOBO_b_stm32l4xx_hal_msp.o
                0x08022828                HAL_MspInit
 .text.HAL_ADC_MspInit
                0x08022868       0xa0 build/debug/Baby_MOBO_b_stm32l4xx_hal_msp.o
                0x08022868                HAL_ADC_MspInit
 .text.HAL_CAN_MspInit
                0x08022908       0x78 build/debug/Baby_MOBO_b_stm32l4xx_hal_msp.o
                0x08022908                HAL_CAN_MspInit
 .text.HAL_CRC_MspInit
                0x08022980       0x2c build/debug/Baby_MOBO_b_stm32l4xx_hal_msp.o
                0x08022980                HAL_CRC_MspInit
 .text.HAL_InitTick
                0x080229ac       0xa0 build/debug/Baby_MOBO_b_stm32l4xx_hal_timebase_tim.o
                0x080229ac                HAL_InitTick
 .text.HAL_TIM_Base_MspInit
                0x08022a4c        0x2 build/debug/Baby_MOBO_b_stm32l4xx_hal_tim.o
                0x08022a4c                HAL_TIM_Base_MspInit
 *fill*         0x08022a4e        0x2 
 .text.HAL_TIM_Base_Start_IT
                0x08022a50       0x6c build/debug/Baby_MOBO_b_stm32l4xx_hal_tim.o
                0x08022a50                HAL_TIM_Base_Start_IT
 .text.HAL_TIM_OC_DelayElapsedCallback
                0x08022abc        0x2 build/debug/Baby_MOBO_b_stm32l4xx_hal_tim.o
                0x08022abc                HAL_TIM_OC_DelayElapsedCallback
 .text.HAL_TIM_IC_CaptureCallback
                0x08022abe        0x2 build/debug/Baby_MOBO_b_stm32l4xx_hal_tim.o
                0x08022abe                HAL_TIM_IC_CaptureCallback
 .text.HAL_TIM_PWM_PulseFinishedCallback
                0x08022ac0        0x2 build/debug/Baby_MOBO_b_stm32l4xx_hal_tim.o
                0x08022ac0                HAL_TIM_PWM_PulseFinishedCallback
 .text.HAL_TIM_TriggerCallback
                0x08022ac2        0x2 build/debug/Baby_MOBO_b_stm32l4xx_hal_tim.o
                0x08022ac2                HAL_TIM_TriggerCallback
 .text.HAL_TIM_IRQHandler
                0x08022ac4      0x17a build/debug/Baby_MOBO_b_stm32l4xx_hal_tim.o
                0x08022ac4                HAL_TIM_IRQHandler
 *fill*         0x08022c3e        0x2 
 .text.TIM_Base_SetConfig
                0x08022c40       0x78 build/debug/Baby_MOBO_b_stm32l4xx_hal_tim.o
                0x08022c40                TIM_Base_SetConfig
 .text.HAL_TIM_Base_Init
                0x08022cb8       0x60 build/debug/Baby_MOBO_b_stm32l4xx_hal_tim.o
                0x08022cb8                HAL_TIM_Base_Init
 .text.HAL_TIMEx_CommutCallback
                0x08022d18        0x2 build/debug/Baby_MOBO_b_stm32l4xx_hal_tim_ex.o
                0x08022d18                HAL_TIMEx_CommutCallback
 .text.HAL_TIMEx_BreakCallback
                0x08022d1a        0x2 build/debug/Baby_MOBO_b_stm32l4xx_hal_tim_ex.o
                0x08022d1a                HAL_TIMEx_BreakCallback
 .text.HAL_TIMEx_Break2Callback
                0x08022d1c        0x2 build/debug/Baby_MOBO_b_stm32l4xx_hal_tim_ex.o
                0x08022d1c                HAL_TIMEx_Break2Callback
 .text.HAL_CAN_Init
                0x08022d1e      0x14c build/debug/Baby_MOBO_b_stm32l4xx_hal_can.o
                0x08022d1e                HAL_CAN_Init
 .text.HAL_CAN_ConfigFilter
                0x08022e6a      0x106 build/debug/Baby_MOBO_b_stm32l4xx_hal_can.o
                0x08022e6a                HAL_CAN_ConfigFilter
 .text.HAL_CAN_Start
                0x08022f70       0x5c build/debug/Baby_MOBO_b_stm32l4xx_hal_can.o
                0x08022f70                HAL_CAN_Start
 .text.HAL_CAN_AddTxMessage
                0x08022fcc       0xea build/debug/Baby_MOBO_b_stm32l4xx_hal_can.o
                0x08022fcc                HAL_CAN_AddTxMessage
 .text.HAL_CAN_GetRxMessage
                0x080230b6      0x16a build/debug/Baby_MOBO_b_stm32l4xx_hal_can.o
                0x080230b6                HAL_CAN_GetRxMessage
 .text.HAL_CAN_ActivateNotification
                0x08023220       0x24 build/debug/Baby_MOBO_b_stm32l4xx_hal_can.o
                0x08023220                HAL_CAN_ActivateNotification
 .text.HAL_CAN_TxMailbox0CompleteCallback
                0x08023244        0x2 build/debug/Baby_MOBO_b_stm32l4xx_hal_can.o
                0x08023244                HAL_CAN_TxMailbox0CompleteCallback
 .text.HAL_CAN_TxMailbox1CompleteCallback
                0x08023246        0x2 build/debug/Baby_MOBO_b_stm32l4xx_hal_can.o
                0x08023246                HAL_CAN_TxMailbox1CompleteCallback
 .text.HAL_CAN_TxMailbox2CompleteCallback
                0x08023248        0x2 build/debug/Baby_MOBO_b_stm32l4xx_hal_can.o
                0x08023248                HAL_CAN_TxMailbox2CompleteCallback
 .text.HAL_CAN_TxMailbox0AbortCallback
                0x0802324a        0x2 build/debug/Baby_MOBO_b_stm32l4xx_hal_can.o
                0x0802324a                HAL_CAN_TxMailbox0AbortCallback
 .text.HAL_CAN_TxMailbox1AbortCallback
                0x0802324c        0x2 build/debug/Baby_MOBO_b_stm32l4xx_hal_can.o
                0x0802324c                HAL_CAN_TxMailbox1AbortCallback
 .text.HAL_CAN_TxMailbox2AbortCallback
                0x0802324e        0x2 build/debug/Baby_MOBO_b_stm32l4xx_hal_can.o
                0x0802324e                HAL_CAN_TxMailbox2AbortCallback
 .text.HAL_CAN_RxFifo0FullCallback
                0x08023250        0x2 build/debug/Baby_MOBO_b_stm32l4xx_hal_can.o
                0x08023250                HAL_CAN_RxFifo0FullCallback
 .text.HAL_CAN_RxFifo1MsgPendingCallback
                0x08023252        0x2 build/debug/Baby_MOBO_b_stm32l4xx_hal_can.o
                0x08023252                HAL_CAN_RxFifo1MsgPendingCallback
 .text.HAL_CAN_RxFifo1FullCallback
                0x08023254        0x2 build/debug/Baby_MOBO_b_stm32l4xx_hal_can.o
                0x08023254                HAL_CAN_RxFifo1FullCallback
 .text.HAL_CAN_SleepCallback
                0x08023256        0x2 build/debug/Baby_MOBO_b_stm32l4xx_hal_can.o
                0x08023256                HAL_CAN_SleepCallback
 .text.HAL_CAN_WakeUpFromRxMsgCallback
                0x08023258        0x2 build/debug/Baby_MOBO_b_stm32l4xx_hal_can.o
                0x08023258                HAL_CAN_WakeUpFromRxMsgCallback
 .text.HAL_CAN_ErrorCallback
                0x0802325a        0x2 build/debug/Baby_MOBO_b_stm32l4xx_hal_can.o
                0x0802325a                HAL_CAN_ErrorCallback
 .text.HAL_CAN_IRQHandler
                0x0802325c      0x250 build/debug/Baby_MOBO_b_stm32l4xx_hal_can.o
                0x0802325c                HAL_CAN_IRQHandler
 .text.HAL_Init
                0x080234ac       0x1e build/debug/Baby_MOBO_b_stm32l4xx_hal.o
                0x080234ac                HAL_Init
 *fill*         0x080234ca        0x2 
 .text.HAL_IncTick
                0x080234cc       0x18 build/debug/Baby_MOBO_b_stm32l4xx_hal.o
                0x080234cc                HAL_IncTick
 .text.HAL_GetTick
                0x080234e4        0xc build/debug/Baby_MOBO_b_stm32l4xx_hal.o
                0x080234e4                HAL_GetTick
 .text.RCC_SetFlashLatencyFromMSIRange
                0x080234f0       0x90 build/debug/Baby_MOBO_b_stm32l4xx_hal_rcc.o
 .text.HAL_RCC_GetSysClockFreq
                0x08023580       0xa8 build/debug/Baby_MOBO_b_stm32l4xx_hal_rcc.o
                0x08023580                HAL_RCC_GetSysClockFreq
 .text.HAL_RCC_OscConfig
                0x08023628      0x66c build/debug/Baby_MOBO_b_stm32l4xx_hal_rcc.o
                0x08023628                HAL_RCC_OscConfig
 .text.HAL_RCC_ClockConfig
                0x08023c94      0x188 build/debug/Baby_MOBO_b_stm32l4xx_hal_rcc.o
                0x08023c94                HAL_RCC_ClockConfig
 .text.HAL_RCC_GetHCLKFreq
                0x08023e1c        0xc build/debug/Baby_MOBO_b_stm32l4xx_hal_rcc.o
                0x08023e1c                HAL_RCC_GetHCLKFreq
 .text.HAL_RCC_GetPCLK1Freq
                0x08023e28       0x24 build/debug/Baby_MOBO_b_stm32l4xx_hal_rcc.o
                0x08023e28                HAL_RCC_GetPCLK1Freq
 .text.HAL_RCC_GetClockConfig
                0x08023e4c       0x3c build/debug/Baby_MOBO_b_stm32l4xx_hal_rcc.o
                0x08023e4c                HAL_RCC_GetClockConfig
 .text.RCCEx_PLLSAI1_Config
                0x08023e88      0x170 build/debug/Baby_MOBO_b_stm32l4xx_hal_rcc_ex.o
 .text.HAL_RCCEx_PeriphCLKConfig
                0x08023ff8      0x2e8 build/debug/Baby_MOBO_b_stm32l4xx_hal_rcc_ex.o
                0x08023ff8                HAL_RCCEx_PeriphCLKConfig
 .text.HAL_GPIO_Init
                0x080242e0      0x1b0 build/debug/Baby_MOBO_b_stm32l4xx_hal_gpio.o
                0x080242e0                HAL_GPIO_Init
 .text.HAL_GPIO_WritePin
                0x08024490        0xa build/debug/Baby_MOBO_b_stm32l4xx_hal_gpio.o
                0x08024490                HAL_GPIO_WritePin
 .text.HAL_GPIO_TogglePin
                0x0802449a       0x12 build/debug/Baby_MOBO_b_stm32l4xx_hal_gpio.o
                0x0802449a                HAL_GPIO_TogglePin
 .text.HAL_PWREx_GetVoltageRange
                0x080244ac       0x10 build/debug/Baby_MOBO_b_stm32l4xx_hal_pwr_ex.o
                0x080244ac                HAL_PWREx_GetVoltageRange
 .text.HAL_PWREx_ControlVoltageScaling
                0x080244bc       0x90 build/debug/Baby_MOBO_b_stm32l4xx_hal_pwr_ex.o
                0x080244bc                HAL_PWREx_ControlVoltageScaling
 .text.__NVIC_EnableIRQ
                0x0802454c       0x1c build/debug/Baby_MOBO_b_stm32l4xx_hal_cortex.o
 .text.__NVIC_SetPriority
                0x08024568       0x28 build/debug/Baby_MOBO_b_stm32l4xx_hal_cortex.o
 .text.NVIC_EncodePriority
                0x08024590       0x3e build/debug/Baby_MOBO_b_stm32l4xx_hal_cortex.o
 *fill*         0x080245ce        0x2 
 .text.HAL_NVIC_SetPriorityGrouping
                0x080245d0       0x24 build/debug/Baby_MOBO_b_stm32l4xx_hal_cortex.o
                0x080245d0                HAL_NVIC_SetPriorityGrouping
 .text.HAL_NVIC_SetPriority
                0x080245f4       0x20 build/debug/Baby_MOBO_b_stm32l4xx_hal_cortex.o
                0x080245f4                HAL_NVIC_SetPriority
 .text.HAL_NVIC_EnableIRQ
                0x08024614        0x8 build/debug/Baby_MOBO_b_stm32l4xx_hal_cortex.o
                0x08024614                HAL_NVIC_EnableIRQ
 .text.HAL_CRC_Init
                0x0802461c       0x80 build/debug/Baby_MOBO_b_stm32l4xx_hal_crc.o
                0x0802461c                HAL_CRC_Init
 .text.HAL_CRCEx_Polynomial_Set
                0x0802469c       0x78 build/debug/Baby_MOBO_b_stm32l4xx_hal_crc_ex.o
                0x0802469c                HAL_CRCEx_Polynomial_Set
 .text.SystemInit
                0x08024714       0x1c build/debug/Baby_MOBO_b_system_stm32l4xx.o
                0x08024714                SystemInit
 .text.vListInitialise
                0x08024730       0x16 build/debug/Baby_MOBO_b_list.o
                0x08024730                vListInitialise
 .text.vListInitialiseItem
                0x08024746        0x6 build/debug/Baby_MOBO_b_list.o
                0x08024746                vListInitialiseItem
 .text.vListInsertEnd
                0x0802474c       0x16 build/debug/Baby_MOBO_b_list.o
                0x0802474c                vListInsertEnd
 .text.vListInsert
                0x08024762       0x32 build/debug/Baby_MOBO_b_list.o
                0x08024762                vListInsert
 .text.uxListRemove
                0x08024794       0x26 build/debug/Baby_MOBO_b_list.o
                0x08024794                uxListRemove
 .text.prvIsQueueFull
                0x080247ba       0x1e build/debug/Baby_MOBO_b_queue.o
 .text.prvIsQueueEmpty
                0x080247d8       0x1a build/debug/Baby_MOBO_b_queue.o
 .text.prvCopyDataToQueue
                0x080247f2       0x76 build/debug/Baby_MOBO_b_queue.o
 .text.prvCopyDataFromQueue
                0x08024868       0x24 build/debug/Baby_MOBO_b_queue.o
 .text.prvUnlockQueue
                0x0802488c       0x6e build/debug/Baby_MOBO_b_queue.o
 .text.xQueueGenericReset
                0x080248fa       0x84 build/debug/Baby_MOBO_b_queue.o
                0x080248fa                xQueueGenericReset
 .text.prvInitialiseNewQueue
                0x0802497e       0x22 build/debug/Baby_MOBO_b_queue.o
 .text.xQueueGenericCreateStatic
                0x080249a0       0x94 build/debug/Baby_MOBO_b_queue.o
                0x080249a0                xQueueGenericCreateStatic
 .text.xQueueGenericCreate
                0x08024a34       0x48 build/debug/Baby_MOBO_b_queue.o
                0x08024a34                xQueueGenericCreate
 .text.xQueueGenericSend
                0x08024a7c      0x188 build/debug/Baby_MOBO_b_queue.o
                0x08024a7c                xQueueGenericSend
 .text.xQueueGenericSendFromISR
                0x08024c04       0xce build/debug/Baby_MOBO_b_queue.o
                0x08024c04                xQueueGenericSendFromISR
 .text.xQueueReceive
                0x08024cd2      0x15e build/debug/Baby_MOBO_b_queue.o
                0x08024cd2                xQueueReceive
 .text.xQueueReceiveFromISR
                0x08024e30       0xae build/debug/Baby_MOBO_b_queue.o
                0x08024e30                xQueueReceiveFromISR
 *fill*         0x08024ede        0x2 
 .text.vQueueAddToRegistry
                0x08024ee0       0x28 build/debug/Baby_MOBO_b_queue.o
                0x08024ee0                vQueueAddToRegistry
 .text.vQueueWaitForMessageRestricted
                0x08024f08       0x52 build/debug/Baby_MOBO_b_queue.o
                0x08024f08                vQueueWaitForMessageRestricted
 *fill*         0x08024f5a        0x2 
 .text.prvResetNextTaskUnblockTime
                0x08024f5c       0x2c build/debug/Baby_MOBO_b_tasks.o
 .text.prvInitialiseNewTask
                0x08024f88       0xa2 build/debug/Baby_MOBO_b_tasks.o
 *fill*         0x0802502a        0x2 
 .text.prvInitialiseTaskLists
                0x0802502c       0x68 build/debug/Baby_MOBO_b_tasks.o
 .text.prvAddNewTaskToReadyList
                0x08025094       0xac build/debug/Baby_MOBO_b_tasks.o
 .text.prvDeleteTCB
                0x08025140       0x38 build/debug/Baby_MOBO_b_tasks.o
 .text.prvCheckTasksWaitingTermination
                0x08025178       0x4c build/debug/Baby_MOBO_b_tasks.o
 .text.prvIdleTask
                0x080251c4       0x28 build/debug/Baby_MOBO_b_tasks.o
 .text.prvAddCurrentTaskToDelayedList
                0x080251ec       0x7c build/debug/Baby_MOBO_b_tasks.o
 .text.xTaskCreateStatic
                0x08025268       0x76 build/debug/Baby_MOBO_b_tasks.o
                0x08025268                xTaskCreateStatic
 .text.xTaskCreate
                0x080252de       0x64 build/debug/Baby_MOBO_b_tasks.o
                0x080252de                xTaskCreate
 *fill*         0x08025342        0x2 
 .text.vTaskStartScheduler
                0x08025344       0x98 build/debug/Baby_MOBO_b_tasks.o
                0x08025344                vTaskStartScheduler
 .text.vTaskSuspendAll
                0x080253dc       0x10 build/debug/Baby_MOBO_b_tasks.o
                0x080253dc                vTaskSuspendAll
 .text.xTaskGetTickCount
                0x080253ec        0xc build/debug/Baby_MOBO_b_tasks.o
                0x080253ec                xTaskGetTickCount
 .text.xTaskGetTickCountFromISR
                0x080253f8       0x10 build/debug/Baby_MOBO_b_tasks.o
                0x080253f8                xTaskGetTickCountFromISR
 .text.xTaskIncrementTick
                0x08025408      0x118 build/debug/Baby_MOBO_b_tasks.o
                0x08025408                xTaskIncrementTick
 .text.xTaskResumeAll
                0x08025520       0xf8 build/debug/Baby_MOBO_b_tasks.o
                0x08025520                xTaskResumeAll
 .text.vTaskDelay
                0x08025618       0x4c build/debug/Baby_MOBO_b_tasks.o
                0x08025618                vTaskDelay
 .text.vTaskSwitchContext
                0x08025664       0x98 build/debug/Baby_MOBO_b_tasks.o
                0x08025664                vTaskSwitchContext
 .text.vTaskPlaceOnEventList
                0x080256fc       0x30 build/debug/Baby_MOBO_b_tasks.o
                0x080256fc                vTaskPlaceOnEventList
 .text.vTaskPlaceOnEventListRestricted
                0x0802572c       0x38 build/debug/Baby_MOBO_b_tasks.o
                0x0802572c                vTaskPlaceOnEventListRestricted
 .text.xTaskRemoveFromEventList
                0x08025764       0x8c build/debug/Baby_MOBO_b_tasks.o
                0x08025764                xTaskRemoveFromEventList
 .text.vTaskInternalSetTimeOutState
                0x080257f0       0x18 build/debug/Baby_MOBO_b_tasks.o
                0x080257f0                vTaskInternalSetTimeOutState
 .text.xTaskCheckForTimeOut
                0x08025808       0x88 build/debug/Baby_MOBO_b_tasks.o
                0x08025808                xTaskCheckForTimeOut
 .text.vTaskMissedYield
                0x08025890        0xc build/debug/Baby_MOBO_b_tasks.o
                0x08025890                vTaskMissedYield
 .text.xTaskGetSchedulerState
                0x0802589c       0x20 build/debug/Baby_MOBO_b_tasks.o
                0x0802589c                xTaskGetSchedulerState
 .text.xTaskPriorityDisinherit
                0x080258bc       0x90 build/debug/Baby_MOBO_b_tasks.o
                0x080258bc                xTaskPriorityDisinherit
 .text.prvGetNextExpireTime
                0x0802594c       0x20 build/debug/Baby_MOBO_b_timers.o
 .text.prvInsertTimerInActiveList
                0x0802596c       0x48 build/debug/Baby_MOBO_b_timers.o
 .text.prvCheckForValidListAndQueue
                0x080259b4       0x70 build/debug/Baby_MOBO_b_timers.o
 .text.xTimerCreateTimerTask
                0x08025a24       0x64 build/debug/Baby_MOBO_b_timers.o
                0x08025a24                xTimerCreateTimerTask
 .text.xTimerGenericCommand
                0x08025a88       0x6c build/debug/Baby_MOBO_b_timers.o
                0x08025a88                xTimerGenericCommand
 .text.prvSwitchTimerLists
                0x08025af4       0x7c build/debug/Baby_MOBO_b_timers.o
 .text.prvSampleTimeNow
                0x08025b70       0x2c build/debug/Baby_MOBO_b_timers.o
 .text.prvProcessExpiredTimer
                0x08025b9c       0x6c build/debug/Baby_MOBO_b_timers.o
 .text.prvProcessTimerOrBlockTask
                0x08025c08       0x74 build/debug/Baby_MOBO_b_timers.o
 .text.prvProcessReceivedCommands
                0x08025c7c      0x10c build/debug/Baby_MOBO_b_timers.o
 .text.prvTimerTask
                0x08025d88       0x16 build/debug/Baby_MOBO_b_timers.o
 .text.SysTick_Handler
                0x08025d9e       0x18 build/debug/Baby_MOBO_b_cmsis_os2.o
                0x08025d9e                SysTick_Handler
 *fill*         0x08025db6        0x2 
 .text.osKernelInitialize
                0x08025db8       0x24 build/debug/Baby_MOBO_b_cmsis_os2.o
                0x08025db8                osKernelInitialize
 .text.osKernelStart
                0x08025ddc       0x38 build/debug/Baby_MOBO_b_cmsis_os2.o
                0x08025ddc                osKernelStart
 .text.osKernelLock
                0x08025e14       0x2a build/debug/Baby_MOBO_b_cmsis_os2.o
                0x08025e14                osKernelLock
 .text.osKernelGetTickCount
                0x08025e3e       0x14 build/debug/Baby_MOBO_b_cmsis_os2.o
                0x08025e3e                osKernelGetTickCount
 .text.osThreadNew
                0x08025e52       0xb4 build/debug/Baby_MOBO_b_cmsis_os2.o
                0x08025e52                osThreadNew
 .text.osDelay  0x08025f06       0x1c build/debug/Baby_MOBO_b_cmsis_os2.o
                0x08025f06                osDelay
 .text.osMessageQueueNew
                0x08025f22       0x96 build/debug/Baby_MOBO_b_cmsis_os2.o
                0x08025f22                osMessageQueueNew
 .text.osMessageQueuePut
                0x08025fb8       0x84 build/debug/Baby_MOBO_b_cmsis_os2.o
                0x08025fb8                osMessageQueuePut
 .text.osMessageQueueGet
                0x0802603c       0x82 build/debug/Baby_MOBO_b_cmsis_os2.o
                0x0802603c                osMessageQueueGet
 *fill*         0x080260be        0x2 
 .text.vApplicationGetIdleTaskMemory
                0x080260c0       0x18 build/debug/Baby_MOBO_b_cmsis_os2.o
                0x080260c0                vApplicationGetIdleTaskMemory
 .text.vApplicationGetTimerTaskMemory
                0x080260d8       0x18 build/debug/Baby_MOBO_b_cmsis_os2.o
                0x080260d8                vApplicationGetTimerTaskMemory
 .text.prvHeapInit
                0x080260f0       0x68 build/debug/Baby_MOBO_b_heap_4.o
 .text.prvInsertBlockIntoFreeList
                0x08026158       0x64 build/debug/Baby_MOBO_b_heap_4.o
 .text.pvPortMalloc
                0x080261bc      0x104 build/debug/Baby_MOBO_b_heap_4.o
                0x080261bc                pvPortMalloc
 .text.vPortFree
                0x080262c0       0x7c build/debug/Baby_MOBO_b_heap_4.o
                0x080262c0                vPortFree
 .text.prvTaskExitError
                0x0802633c       0x40 build/debug/Baby_MOBO_b_port.o
 .text.prvPortStartFirstTask
                0x0802637c       0x28 build/debug/Baby_MOBO_b_port.o
 .text.vPortEnableVFP
                0x080263a4       0x14 build/debug/Baby_MOBO_b_port.o
 .text.pxPortInitialiseStack
                0x080263b8       0x2c build/debug/Baby_MOBO_b_port.o
                0x080263b8                pxPortInitialiseStack
 *fill*         0x080263e4        0xc 
 .text.SVC_Handler
                0x080263f0       0x24 build/debug/Baby_MOBO_b_port.o
                0x080263f0                SVC_Handler
 .text.vPortEnterCritical
                0x08026414       0x44 build/debug/Baby_MOBO_b_port.o
                0x08026414                vPortEnterCritical
 .text.vPortExitCritical
                0x08026458       0x2c build/debug/Baby_MOBO_b_port.o
                0x08026458                vPortExitCritical
 *fill*         0x08026484        0xc 
 .text.PendSV_Handler
                0x08026490       0x64 build/debug/Baby_MOBO_b_port.o
                0x08026490                PendSV_Handler
 .text.xPortSysTickHandler
                0x080264f4       0x2c build/debug/Baby_MOBO_b_port.o
                0x080264f4                xPortSysTickHandler
 .text.vPortSetupTimerInterrupt
                0x08026520       0x28 build/debug/Baby_MOBO_b_port.o
                0x08026520                vPortSetupTimerInterrupt
 .text.xPortStartScheduler
                0x08026548      0x118 build/debug/Baby_MOBO_b_port.o
                0x08026548                xPortStartScheduler
 .text.vPortValidateInterruptPriority
                0x08026660       0x5c build/debug/Baby_MOBO_b_port.o
                0x08026660                vPortValidateInterruptPriority
 .text.LL_ADC_REG_SetSequencerRanks
                0x080266bc       0x30 build/debug/Baby_MOBO_b_stm32l4xx_hal_adc.o
 .text.LL_ADC_SetChannelSamplingTime
                0x080266ec       0x2c build/debug/Baby_MOBO_b_stm32l4xx_hal_adc.o
 .text.HAL_ADC_Init
                0x08026718      0x1c8 build/debug/Baby_MOBO_b_stm32l4xx_hal_adc.o
                0x08026718                HAL_ADC_Init
 .text.HAL_ADC_ConfigChannel
                0x080268e0      0x42c build/debug/Baby_MOBO_b_stm32l4xx_hal_adc.o
                0x080268e0                HAL_ADC_ConfigChannel
 .text.ADC_Disable
                0x08026d0c       0x94 build/debug/Baby_MOBO_b_stm32l4xx_hal_adc.o
                0x08026d0c                ADC_Disable
 .text.HAL_ADCEx_Calibration_Start
                0x08026da0       0x98 build/debug/Baby_MOBO_b_stm32l4xx_hal_adc_ex.o
                0x08026da0                HAL_ADCEx_Calibration_Start
 .text.Reset_Handler
                0x08026e38       0x50 build/debug/Baby_MOBO_b_startup_stm32l432xx.o
                0x08026e38                Reset_Handler
 .text.Default_Handler
                0x08026e88        0x2 build/debug/Baby_MOBO_b_startup_stm32l432xx.o
                0x08026e88                RTC_Alarm_IRQHandler
                0x08026e88                EXTI2_IRQHandler
                0x08026e88                TIM1_CC_IRQHandler
                0x08026e88                TSC_IRQHandler
                0x08026e88                TAMP_STAMP_IRQHandler
                0x08026e88                EXTI3_IRQHandler
                0x08026e88                LPTIM2_IRQHandler
                0x08026e88                I2C3_ER_IRQHandler
                0x08026e88                EXTI0_IRQHandler
                0x08026e88                FPU_IRQHandler
                0x08026e88                TIM1_UP_TIM16_IRQHandler
                0x08026e88                SPI1_IRQHandler
                0x08026e88                DMA2_Channel2_IRQHandler
                0x08026e88                DMA1_Channel4_IRQHandler
                0x08026e88                ADC1_IRQHandler
                0x08026e88                DMA1_Channel7_IRQHandler
                0x08026e88                CAN1_RX1_IRQHandler
                0x08026e88                DMA2_Channel1_IRQHandler
                0x08026e88                QUADSPI_IRQHandler
                0x08026e88                I2C1_EV_IRQHandler
                0x08026e88                DMA1_Channel6_IRQHandler
                0x08026e88                DMA2_Channel4_IRQHandler
                0x08026e88                RCC_IRQHandler
                0x08026e88                TIM1_TRG_COM_IRQHandler
                0x08026e88                DMA1_Channel1_IRQHandler
                0x08026e88                Default_Handler
                0x08026e88                DMA2_Channel7_IRQHandler
                0x08026e88                EXTI15_10_IRQHandler
                0x08026e88                TIM7_IRQHandler
                0x08026e88                I2C3_EV_IRQHandler
                0x08026e88                USB_IRQHandler
                0x08026e88                EXTI9_5_IRQHandler
                0x08026e88                RTC_WKUP_IRQHandler
                0x08026e88                PVD_PVM_IRQHandler
                0x08026e88                CAN1_TX_IRQHandler
                0x08026e88                DMA2_Channel5_IRQHandler
                0x08026e88                CRS_IRQHandler
                0x08026e88                DMA1_Channel5_IRQHandler
                0x08026e88                EXTI4_IRQHandler
                0x08026e88                RNG_IRQHandler
                0x08026e88                DMA1_Channel3_IRQHandler
                0x08026e88                COMP_IRQHandler
                0x08026e88                WWDG_IRQHandler
                0x08026e88                LPUART1_IRQHandler
                0x08026e88                DMA2_Channel6_IRQHandler
                0x08026e88                TIM2_IRQHandler
                0x08026e88                EXTI1_IRQHandler
                0x08026e88                USART2_IRQHandler
                0x08026e88                DMA1_Channel2_IRQHandler
                0x08026e88                CAN1_SCE_IRQHandler
                0x08026e88                FLASH_IRQHandler
                0x08026e88                USART1_IRQHandler
                0x08026e88                SPI3_IRQHandler
                0x08026e88                I2C1_ER_IRQHandler
                0x08026e88                SWPMI1_IRQHandler
                0x08026e88                LPTIM1_IRQHandler
                0x08026e88                SAI1_IRQHandler
                0x08026e88                DMA2_Channel3_IRQHandler
                0x08026e88                TIM1_BRK_TIM15_IRQHandler
 .text.memset   0x08026e8a       0x10 c:/Users/adisa/AppData/Roaming/Code/User/globalStorage/bmd.stm32-for-vscode/@xpack-dev-tools/arm-none-eabi-gcc/14.2.1-1.1.1/.content/bin/../lib/gcc/arm-none-eabi/14.2.1/../../../../arm-none-eabi/lib/thumb/v7e-m+fp/hard\libc_nano.a(libc_a-memset.o)
                0x08026e8a                memset
 *fill*         0x08026e9a        0x2 
 .text.__libc_init_array
                0x08026e9c       0x48 c:/Users/adisa/AppData/Roaming/Code/User/globalStorage/bmd.stm32-for-vscode/@xpack-dev-tools/arm-none-eabi-gcc/14.2.1-1.1.1/.content/bin/../lib/gcc/arm-none-eabi/14.2.1/../../../../arm-none-eabi/lib/thumb/v7e-m+fp/hard\libc_nano.a(libc_a-init.o)
                0x08026e9c                __libc_init_array
 .text.memcpy   0x08026ee4       0x1c c:/Users/adisa/AppData/Roaming/Code/User/globalStorage/bmd.stm32-for-vscode/@xpack-dev-tools/arm-none-eabi-gcc/14.2.1-1.1.1/.content/bin/../lib/gcc/arm-none-eabi/14.2.1/../../../../arm-none-eabi/lib/thumb/v7e-m+fp/hard\libc_nano.a(libc_a-memcpy-stub.o)
                0x08026ee4                memcpy
 *(.glue_7)
 .glue_7        0x08026f00        0x0 linker stubs
 *(.glue_7t)
 .glue_7t       0x08026f00        0x0 linker stubs
 *(.eh_frame)
 .eh_frame      0x08026f00        0x0 c:/Users/adisa/AppData/Roaming/Code/User/globalStorage/bmd.stm32-for-vscode/@xpack-dev-tools/arm-none-eabi-gcc/14.2.1-1.1.1/.content/bin/../lib/gcc/arm-none-eabi/14.2.1/thumb/v7e-m+fp/hard/crtbegin.o
 *(.init)
 .init          0x08026f00        0x4 c:/Users/adisa/AppData/Roaming/Code/User/globalStorage/bmd.stm32-for-vscode/@xpack-dev-tools/arm-none-eabi-gcc/14.2.1-1.1.1/.content/bin/../lib/gcc/arm-none-eabi/14.2.1/thumb/v7e-m+fp/hard/crti.o
                0x08026f00                _init
 .init          0x08026f04        0x8 c:/Users/adisa/AppData/Roaming/Code/User/globalStorage/bmd.stm32-for-vscode/@xpack-dev-tools/arm-none-eabi-gcc/14.2.1-1.1.1/.content/bin/../lib/gcc/arm-none-eabi/14.2.1/thumb/v7e-m+fp/hard/crtn.o
 *(.fini)
 .fini          0x08026f0c        0x4 c:/Users/adisa/AppData/Roaming/Code/User/globalStorage/bmd.stm32-for-vscode/@xpack-dev-tools/arm-none-eabi-gcc/14.2.1-1.1.1/.content/bin/../lib/gcc/arm-none-eabi/14.2.1/thumb/v7e-m+fp/hard/crti.o
                0x08026f0c                _fini
 .fini          0x08026f10        0x8 c:/Users/adisa/AppData/Roaming/Code/User/globalStorage/bmd.stm32-for-vscode/@xpack-dev-tools/arm-none-eabi-gcc/14.2.1-1.1.1/.content/bin/../lib/gcc/arm-none-eabi/14.2.1/thumb/v7e-m+fp/hard/crtn.o
                0x08026f18                        . = ALIGN (0x8)
                0x08026f18                        _etext = .

.vfp11_veneer   0x08026f18        0x0
 .vfp11_veneer  0x08026f18        0x0 linker stubs

.v4_bx          0x08026f18        0x0
 .v4_bx         0x08026f18        0x0 linker stubs

.iplt           0x08026f18        0x0
 .iplt          0x08026f18        0x0 c:/Users/adisa/AppData/Roaming/Code/User/globalStorage/bmd.stm32-for-vscode/@xpack-dev-tools/arm-none-eabi-gcc/14.2.1-1.1.1/.content/bin/../lib/gcc/arm-none-eabi/14.2.1/thumb/v7e-m+fp/hard/crtbegin.o

.rodata         0x08026f18       0xf8
                0x08026f18                        . = ALIGN (0x8)
 *(.rodata)
 *(.rodata*)
 .rodata.str1.4
                0x08026f18       0x40 build/debug/Baby_MOBO_b_main.o
                                 0x28 (size before relaxing)
 .rodata.can_messages_attributes
                0x08026f58       0x24 build/debug/Baby_MOBO_b_main.o
                0x08026f58                can_messages_attributes
 .rodata.LED_Blink_attributes
                0x08026f7c       0x24 build/debug/Baby_MOBO_b_main.o
                0x08026f7c                LED_Blink_attributes
 .rodata.defaultTask_attributes
                0x08026fa0       0x24 build/debug/Baby_MOBO_b_main.o
                0x08026fa0                defaultTask_attributes
 .rodata.MSIRangeTable
                0x08026fc4       0x30 build/debug/Baby_MOBO_b_system_stm32l4xx.o
                0x08026fc4                MSIRangeTable
 .rodata.APBPrescTable
                0x08026ff4        0x8 build/debug/Baby_MOBO_b_system_stm32l4xx.o
                0x08026ff4                APBPrescTable
 .rodata.AHBPrescTable
                0x08026ffc       0x10 build/debug/Baby_MOBO_b_system_stm32l4xx.o
                0x08026ffc                AHBPrescTable
 .rodata.vTaskStartScheduler.str1.4
                0x0802700c        0x5 build/debug/Baby_MOBO_b_tasks.o
 .rodata.prvCheckForValidListAndQueue.str1.4
                0x0802700c        0x5 build/debug/Baby_MOBO_b_timers.o
 .rodata.xTimerCreateTimerTask.str1.4
                0x0802700c        0x8 build/debug/Baby_MOBO_b_timers.o
                0x08027018                        . = ALIGN (0x8)
 *fill*         0x0802700c        0x4 

.ARM.extab      0x08027010        0x0
                0x08027010                        . = ALIGN (0x8)
 *(.ARM.extab* .gnu.linkonce.armextab.*)
                0x08027010                        . = ALIGN (0x8)

.ARM            0x08027010        0x0
                0x08027010                        . = ALIGN (0x8)
                0x08027010                        __exidx_start = .
 *(.ARM.exidx*)
                0x08027010                        __exidx_end = .
                0x08027010                        . = ALIGN (0x8)

.preinit_array  0x08027010        0x0
                0x08027010                        . = ALIGN (0x8)
                0x08027010                        PROVIDE (__preinit_array_start = .)
 *(.preinit_array*)
                0x08027010                        PROVIDE (__preinit_array_end = .)
                0x08027010                        . = ALIGN (0x8)

.init_array     0x08027010        0x8
                0x08027010                        . = ALIGN (0x8)
                0x08027010                        PROVIDE (__init_array_start = .)
 *(SORT_BY_NAME(.init_array.*))
 *(.init_array*)
 .init_array    0x08027010        0x4 c:/Users/adisa/AppData/Roaming/Code/User/globalStorage/bmd.stm32-for-vscode/@xpack-dev-tools/arm-none-eabi-gcc/14.2.1-1.1.1/.content/bin/../lib/gcc/arm-none-eabi/14.2.1/thumb/v7e-m+fp/hard/crtbegin.o
                0x08027014                        PROVIDE (__init_array_end = .)
                0x08027018                        . = ALIGN (0x8)
 *fill*         0x08027014        0x4 

.fini_array     0x08027018        0x8
                0x08027018                        . = ALIGN (0x8)
                0x08027018                        PROVIDE (__fini_array_start = .)
 *(SORT_BY_NAME(.fini_array.*))
 *(.fini_array*)
 .fini_array    0x08027018        0x4 c:/Users/adisa/AppData/Roaming/Code/User/globalStorage/bmd.stm32-for-vscode/@xpack-dev-tools/arm-none-eabi-gcc/14.2.1-1.1.1/.content/bin/../lib/gcc/arm-none-eabi/14.2.1/thumb/v7e-m+fp/hard/crtbegin.o
                0x0802701c                        PROVIDE (__fini_array_end = .)
                0x08027020                        . = ALIGN (0x8)
 *fill*         0x0802701c        0x4 
                0x08027020                        _sidata = LOADADDR (.data)

.rel.dyn        0x08027020        0x0
 .rel.iplt      0x08027020        0x0 c:/Users/adisa/AppData/Roaming/Code/User/globalStorage/bmd.stm32-for-vscode/@xpack-dev-tools/arm-none-eabi-gcc/14.2.1-1.1.1/.content/bin/../lib/gcc/arm-none-eabi/14.2.1/thumb/v7e-m+fp/hard/crtbegin.o

.data           0x20000000       0x10 load address 0x08027020
                0x20000000                        . = ALIGN (0x8)
                0x20000000                        _sdata = .
 *(.data)
 *(.data*)
 .data.uwTickFreq
                0x20000000        0x1 build/debug/Baby_MOBO_b_stm32l4xx_hal.o
                0x20000000                uwTickFreq
 *fill*         0x20000001        0x3 
 .data.uwTickPrio
                0x20000004        0x4 build/debug/Baby_MOBO_b_stm32l4xx_hal.o
                0x20000004                uwTickPrio
 .data.SystemCoreClock
                0x20000008        0x4 build/debug/Baby_MOBO_b_system_stm32l4xx.o
                0x20000008                SystemCoreClock
 .data.uxCriticalNesting
                0x2000000c        0x4 build/debug/Baby_MOBO_b_port.o
 *(.RamFunc)
 *(.RamFunc*)
                0x20000010                        . = ALIGN (0x8)
                0x20000010                        _edata = .

.igot.plt       0x20000010        0x0 load address 0x08027030
 .igot.plt      0x20000010        0x0 c:/Users/adisa/AppData/Roaming/Code/User/globalStorage/bmd.stm32-for-vscode/@xpack-dev-tools/arm-none-eabi-gcc/14.2.1-1.1.1/.content/bin/../lib/gcc/arm-none-eabi/14.2.1/thumb/v7e-m+fp/hard/crtbegin.o
                0x20000010                        . = ALIGN (0x4)

.bss            0x20000010     0x1f0c load address 0x08027030
                0x20000010                        _sbss = .
                0x20000010                        __bss_start__ = _sbss
 *(.bss)
 *(.bss*)
 .bss.completed.1
                0x20000010        0x1 c:/Users/adisa/AppData/Roaming/Code/User/globalStorage/bmd.stm32-for-vscode/@xpack-dev-tools/arm-none-eabi-gcc/14.2.1-1.1.1/.content/bin/../lib/gcc/arm-none-eabi/14.2.1/thumb/v7e-m+fp/hard/crtbegin.o
 *fill*         0x20000011        0x3 
 .bss.object.0  0x20000014       0x18 c:/Users/adisa/AppData/Roaming/Code/User/globalStorage/bmd.stm32-for-vscode/@xpack-dev-tools/arm-none-eabi-gcc/14.2.1-1.1.1/.content/bin/../lib/gcc/arm-none-eabi/14.2.1/thumb/v7e-m+fp/hard/crtbegin.o
 .bss.can_messagesControlBlock
                0x2000002c       0x5c build/debug/Baby_MOBO_b_main.o
                0x2000002c                can_messagesControlBlock
 .bss.can_messagesBuffer
                0x20000088      0x200 build/debug/Baby_MOBO_b_main.o
                0x20000088                can_messagesBuffer
 .bss.can_messagesHandle
                0x20000288        0x4 build/debug/Baby_MOBO_b_main.o
                0x20000288                can_messagesHandle
 .bss.LED_BlinkControlBlock
                0x2000028c       0x5c build/debug/Baby_MOBO_b_main.o
                0x2000028c                LED_BlinkControlBlock
 .bss.LED_BlinkBuffer
                0x200002e8      0x200 build/debug/Baby_MOBO_b_main.o
                0x200002e8                LED_BlinkBuffer
 .bss.LED_BlinkHandle
                0x200004e8        0x4 build/debug/Baby_MOBO_b_main.o
                0x200004e8                LED_BlinkHandle
 .bss.defaultTaskHandle
                0x200004ec        0x4 build/debug/Baby_MOBO_b_main.o
                0x200004ec                defaultTaskHandle
 .bss.hcrc      0x200004f0       0x24 build/debug/Baby_MOBO_b_main.o
                0x200004f0                hcrc
 .bss.hcan1     0x20000514       0x28 build/debug/Baby_MOBO_b_main.o
                0x20000514                hcan1
 .bss.hadc1     0x2000053c       0x64 build/debug/Baby_MOBO_b_main.o
                0x2000053c                hadc1
 .bss.RPI_Override
                0x200005a0        0x1 build/debug/Baby_MOBO_b_can.o
 *fill*         0x200005a1        0x3 
 .bss.canStats  0x200005a4       0x18 build/debug/Baby_MOBO_b_can.o
 .bss.canRxQueueHandle
                0x200005bc        0x4 build/debug/Baby_MOBO_b_can.o
                0x200005bc                canRxQueueHandle
 .bss.canTxQueueHandle
                0x200005c0        0x4 build/debug/Baby_MOBO_b_can.o
                0x200005c0                canTxQueueHandle
 .bss.htim6     0x200005c4       0x4c build/debug/Baby_MOBO_b_stm32l4xx_hal_timebase_tim.o
                0x200005c4                htim6
 .bss.uwTick    0x20000610        0x4 build/debug/Baby_MOBO_b_stm32l4xx_hal.o
                0x20000610                uwTick
 .bss.xQueueRegistry
                0x20000614       0x40 build/debug/Baby_MOBO_b_queue.o
                0x20000614                xQueueRegistry
 .bss.uxSchedulerSuspended
                0x20000654        0x4 build/debug/Baby_MOBO_b_tasks.o
 .bss.xIdleTaskHandle
                0x20000658        0x4 build/debug/Baby_MOBO_b_tasks.o
 .bss.xNextTaskUnblockTime
                0x2000065c        0x4 build/debug/Baby_MOBO_b_tasks.o
 .bss.uxTaskNumber
                0x20000660        0x4 build/debug/Baby_MOBO_b_tasks.o
 .bss.xNumOfOverflows
                0x20000664        0x4 build/debug/Baby_MOBO_b_tasks.o
 .bss.xYieldPending
                0x20000668        0x4 build/debug/Baby_MOBO_b_tasks.o
 .bss.xPendedTicks
                0x2000066c        0x4 build/debug/Baby_MOBO_b_tasks.o
 .bss.xSchedulerRunning
                0x20000670        0x4 build/debug/Baby_MOBO_b_tasks.o
 .bss.uxTopReadyPriority
                0x20000674        0x4 build/debug/Baby_MOBO_b_tasks.o
 .bss.xTickCount
                0x20000678        0x4 build/debug/Baby_MOBO_b_tasks.o
 .bss.uxCurrentNumberOfTasks
                0x2000067c        0x4 build/debug/Baby_MOBO_b_tasks.o
 .bss.xSuspendedTaskList
                0x20000680       0x14 build/debug/Baby_MOBO_b_tasks.o
 .bss.uxDeletedTasksWaitingCleanUp
                0x20000694        0x4 build/debug/Baby_MOBO_b_tasks.o
 .bss.xTasksWaitingTermination
                0x20000698       0x14 build/debug/Baby_MOBO_b_tasks.o
 .bss.xPendingReadyList
                0x200006ac       0x14 build/debug/Baby_MOBO_b_tasks.o
 .bss.pxOverflowDelayedTaskList
                0x200006c0        0x4 build/debug/Baby_MOBO_b_tasks.o
 .bss.pxDelayedTaskList
                0x200006c4        0x4 build/debug/Baby_MOBO_b_tasks.o
 .bss.xDelayedTaskList2
                0x200006c8       0x14 build/debug/Baby_MOBO_b_tasks.o
 .bss.xDelayedTaskList1
                0x200006dc       0x14 build/debug/Baby_MOBO_b_tasks.o
 .bss.pxReadyTasksLists
                0x200006f0      0x460 build/debug/Baby_MOBO_b_tasks.o
 .bss.pxCurrentTCB
                0x20000b50        0x4 build/debug/Baby_MOBO_b_tasks.o
                0x20000b50                pxCurrentTCB
 .bss.xStaticTimerQueue.0
                0x20000b54       0x50 build/debug/Baby_MOBO_b_timers.o
 .bss.ucStaticTimerQueueStorage.1
                0x20000ba4       0xa0 build/debug/Baby_MOBO_b_timers.o
 .bss.xLastTime.2
                0x20000c44        0x4 build/debug/Baby_MOBO_b_timers.o
 .bss.xTimerTaskHandle
                0x20000c48        0x4 build/debug/Baby_MOBO_b_timers.o
 .bss.xTimerQueue
                0x20000c4c        0x4 build/debug/Baby_MOBO_b_timers.o
 .bss.pxOverflowTimerList
                0x20000c50        0x4 build/debug/Baby_MOBO_b_timers.o
 .bss.pxCurrentTimerList
                0x20000c54        0x4 build/debug/Baby_MOBO_b_timers.o
 .bss.xActiveTimerList2
                0x20000c58       0x14 build/debug/Baby_MOBO_b_timers.o
 .bss.xActiveTimerList1
                0x20000c6c       0x14 build/debug/Baby_MOBO_b_timers.o
 .bss.Timer_Stack.0
                0x20000c80      0x400 build/debug/Baby_MOBO_b_cmsis_os2.o
 .bss.Timer_TCB.1
                0x20001080       0x5c build/debug/Baby_MOBO_b_cmsis_os2.o
 .bss.Idle_Stack.2
                0x200010dc      0x200 build/debug/Baby_MOBO_b_cmsis_os2.o
 .bss.Idle_TCB.3
                0x200012dc       0x5c build/debug/Baby_MOBO_b_cmsis_os2.o
 .bss.KernelState
                0x20001338        0x4 build/debug/Baby_MOBO_b_cmsis_os2.o
 .bss.xBlockAllocatedBit
                0x2000133c        0x4 build/debug/Baby_MOBO_b_heap_4.o
 .bss.xNumberOfSuccessfulFrees
                0x20001340        0x4 build/debug/Baby_MOBO_b_heap_4.o
 .bss.xNumberOfSuccessfulAllocations
                0x20001344        0x4 build/debug/Baby_MOBO_b_heap_4.o
 .bss.xMinimumEverFreeBytesRemaining
                0x20001348        0x4 build/debug/Baby_MOBO_b_heap_4.o
 .bss.xFreeBytesRemaining
                0x2000134c        0x4 build/debug/Baby_MOBO_b_heap_4.o
 .bss.pxEnd     0x20001350        0x4 build/debug/Baby_MOBO_b_heap_4.o
 .bss.xStart    0x20001354        0x8 build/debug/Baby_MOBO_b_heap_4.o
 .bss.ucHeap    0x2000135c      0xbb8 build/debug/Baby_MOBO_b_heap_4.o
 .bss.ulMaxPRIGROUPValue
                0x20001f14        0x4 build/debug/Baby_MOBO_b_port.o
 .bss.ucMaxSysCallPriority
                0x20001f18        0x1 build/debug/Baby_MOBO_b_port.o
 *(COMMON)
                0x20001f1c                        . = ALIGN (0x4)
 *fill*         0x20001f19        0x3 
                0x20001f1c                        _ebss = .
                0x20001f1c                        __bss_end__ = _ebss

._user_heap_stack
                0x20001f1c      0x604 load address 0x08027030
                0x20001f20                        . = ALIGN (0x8)
 *fill*         0x20001f1c        0x4 
                [!provide]                        PROVIDE (end = .)
                0x20001f20                        PROVIDE (_end = .)
                0x20002120                        . = (. + _Min_Heap_Size)
 *fill*         0x20001f20      0x200 
                0x20002520                        . = (. + _Min_Stack_Size)
 *fill*         0x20002120      0x400 
                0x20002520                        . = ALIGN (0x8)

/DISCARD/
 libc.a(*)
 libm.a(*)
 libgcc.a(*)
OUTPUT(build/debug/Baby_MOBO_b.elf elf32-littlearm)
LOAD linker stubs
LOAD c:/Users/adisa/AppData/Roaming/Code/User/globalStorage/bmd.stm32-for-vscode/@xpack-dev-tools/arm-none-eabi-gcc/14.2.1-1.1.1/.content/bin/../lib/gcc/arm-none-eabi/14.2.1/../../../../arm-none-eabi/lib/thumb/v7e-m+fp/hard\libc.a
LOAD c:/Users/adisa/AppData/Roaming/Code/User/globalStorage/bmd.stm32-for-vscode/@xpack-dev-tools/arm-none-eabi-gcc/14.2.1-1.1.1/.content/bin/../lib/gcc/arm-none-eabi/14.2.1/../../../../arm-none-eabi/lib/thumb/v7e-m+fp/hard\libm.a
LOAD c:/Users/adisa/AppData/Roaming/Code/User/globalStorage/bmd.stm32-for-vscode/@xpack-dev-tools/arm-none-eabi-gcc/14.2.1-1.1.1/.content/bin/../lib/gcc/arm-none-eabi/14.2.1/thumb/v7e-m+fp/hard\libgcc.a

.ARM.attributes
                0x00000000       0x30
 .ARM.attributes
                0x00000000       0x22 c:/Users/adisa/AppData/Roaming/Code/User/globalStorage/bmd.stm32-for-vscode/@xpack-dev-tools/arm-none-eabi-gcc/14.2.1-1.1.1/.content/bin/../lib/gcc/arm-none-eabi/14.2.1/thumb/v7e-m+fp/hard/crti.o
 .ARM.attributes
                0x00000022       0x34 c:/Users/adisa/AppData/Roaming/Code/User/globalStorage/bmd.stm32-for-vscode/@xpack-dev-tools/arm-none-eabi-gcc/14.2.1-1.1.1/.content/bin/../lib/gcc/arm-none-eabi/14.2.1/thumb/v7e-m+fp/hard/crtbegin.o
 .ARM.attributes
                0x00000056       0x34 build/debug/Baby_MOBO_b_main.o
 .ARM.attributes
                0x0000008a       0x34 build/debug/Baby_MOBO_b_can.o
 .ARM.attributes
                0x000000be       0x34 build/debug/Baby_MOBO_b_stm32l4xx_it.o
 .ARM.attributes
                0x000000f2       0x34 build/debug/Baby_MOBO_b_stm32l4xx_hal_msp.o
 .ARM.attributes
                0x00000126       0x34 build/debug/Baby_MOBO_b_stm32l4xx_hal_timebase_tim.o
 .ARM.attributes
                0x0000015a       0x34 build/debug/Baby_MOBO_b_stm32l4xx_hal_tim.o
 .ARM.attributes
                0x0000018e       0x34 build/debug/Baby_MOBO_b_stm32l4xx_hal_tim_ex.o
 .ARM.attributes
                0x000001c2       0x34 build/debug/Baby_MOBO_b_stm32l4xx_hal_can.o
 .ARM.attributes
                0x000001f6       0x34 build/debug/Baby_MOBO_b_stm32l4xx_hal.o
 .ARM.attributes
                0x0000022a       0x34 build/debug/Baby_MOBO_b_stm32l4xx_hal_rcc.o
 .ARM.attributes
                0x0000025e       0x34 build/debug/Baby_MOBO_b_stm32l4xx_hal_rcc_ex.o
 .ARM.attributes
                0x00000292       0x34 build/debug/Baby_MOBO_b_stm32l4xx_hal_gpio.o
 .ARM.attributes
                0x000002c6       0x34 build/debug/Baby_MOBO_b_stm32l4xx_hal_pwr_ex.o
 .ARM.attributes
                0x000002fa       0x34 build/debug/Baby_MOBO_b_stm32l4xx_hal_cortex.o
 .ARM.attributes
                0x0000032e       0x34 build/debug/Baby_MOBO_b_stm32l4xx_hal_crc.o
 .ARM.attributes
                0x00000362       0x34 build/debug/Baby_MOBO_b_stm32l4xx_hal_crc_ex.o
 .ARM.attributes
                0x00000396       0x34 build/debug/Baby_MOBO_b_system_stm32l4xx.o
 .ARM.attributes
                0x000003ca       0x34 build/debug/Baby_MOBO_b_list.o
 .ARM.attributes
                0x000003fe       0x34 build/debug/Baby_MOBO_b_queue.o
 .ARM.attributes
                0x00000432       0x34 build/debug/Baby_MOBO_b_tasks.o
 .ARM.attributes
                0x00000466       0x34 build/debug/Baby_MOBO_b_timers.o
 .ARM.attributes
                0x0000049a       0x34 build/debug/Baby_MOBO_b_cmsis_os2.o
 .ARM.attributes
                0x000004ce       0x34 build/debug/Baby_MOBO_b_heap_4.o
 .ARM.attributes
                0x00000502       0x34 build/debug/Baby_MOBO_b_port.o
 .ARM.attributes
                0x00000536       0x34 build/debug/Baby_MOBO_b_stm32l4xx_hal_adc.o
 .ARM.attributes
                0x0000056a       0x34 build/debug/Baby_MOBO_b_stm32l4xx_hal_adc_ex.o
 .ARM.attributes
                0x0000059e       0x21 build/debug/Baby_MOBO_b_startup_stm32l432xx.o
 .ARM.attributes
                0x000005bf       0x34 c:/Users/adisa/AppData/Roaming/Code/User/globalStorage/bmd.stm32-for-vscode/@xpack-dev-tools/arm-none-eabi-gcc/14.2.1-1.1.1/.content/bin/../lib/gcc/arm-none-eabi/14.2.1/../../../../arm-none-eabi/lib/thumb/v7e-m+fp/hard\libc_nano.a(libc_a-memset.o)
 .ARM.attributes
                0x000005f3       0x34 c:/Users/adisa/AppData/Roaming/Code/User/globalStorage/bmd.stm32-for-vscode/@xpack-dev-tools/arm-none-eabi-gcc/14.2.1-1.1.1/.content/bin/../lib/gcc/arm-none-eabi/14.2.1/../../../../arm-none-eabi/lib/thumb/v7e-m+fp/hard\libc_nano.a(libc_a-init.o)
 .ARM.attributes
                0x00000627       0x34 c:/Users/adisa/AppData/Roaming/Code/User/globalStorage/bmd.stm32-for-vscode/@xpack-dev-tools/arm-none-eabi-gcc/14.2.1-1.1.1/.content/bin/../lib/gcc/arm-none-eabi/14.2.1/../../../../arm-none-eabi/lib/thumb/v7e-m+fp/hard\libc_nano.a(libc_a-memcpy-stub.o)
 .ARM.attributes
                0x0000065b       0x22 c:/Users/adisa/AppData/Roaming/Code/User/globalStorage/bmd.stm32-for-vscode/@xpack-dev-tools/arm-none-eabi-gcc/14.2.1-1.1.1/.content/bin/../lib/gcc/arm-none-eabi/14.2.1/thumb/v7e-m+fp/hard/crtn.o

.comment        0x00000000       0x39
 .comment       0x00000000       0x39 c:/Users/adisa/AppData/Roaming/Code/User/globalStorage/bmd.stm32-for-vscode/@xpack-dev-tools/arm-none-eabi-gcc/14.2.1-1.1.1/.content/bin/../lib/gcc/arm-none-eabi/14.2.1/thumb/v7e-m+fp/hard/crtbegin.o
                                 0x3a (size before relaxing)
 .comment       0x00000039       0x3a build/debug/Baby_MOBO_b_main.o
 .comment       0x00000039       0x3a build/debug/Baby_MOBO_b_can.o
 .comment       0x00000039       0x3a build/debug/Baby_MOBO_b_stm32l4xx_it.o
 .comment       0x00000039       0x3a build/debug/Baby_MOBO_b_stm32l4xx_hal_msp.o
 .comment       0x00000039       0x3a build/debug/Baby_MOBO_b_stm32l4xx_hal_timebase_tim.o
 .comment       0x00000039       0x3a build/debug/Baby_MOBO_b_stm32l4xx_hal_tim.o
 .comment       0x00000039       0x3a build/debug/Baby_MOBO_b_stm32l4xx_hal_tim_ex.o
 .comment       0x00000039       0x3a build/debug/Baby_MOBO_b_stm32l4xx_hal_can.o
 .comment       0x00000039       0x3a build/debug/Baby_MOBO_b_stm32l4xx_hal.o
 .comment       0x00000039       0x3a build/debug/Baby_MOBO_b_stm32l4xx_hal_rcc.o
 .comment       0x00000039       0x3a build/debug/Baby_MOBO_b_stm32l4xx_hal_rcc_ex.o
 .comment       0x00000039       0x3a build/debug/Baby_MOBO_b_stm32l4xx_hal_gpio.o
 .comment       0x00000039       0x3a build/debug/Baby_MOBO_b_stm32l4xx_hal_pwr_ex.o
 .comment       0x00000039       0x3a build/debug/Baby_MOBO_b_stm32l4xx_hal_cortex.o
 .comment       0x00000039       0x3a build/debug/Baby_MOBO_b_stm32l4xx_hal_crc.o
 .comment       0x00000039       0x3a build/debug/Baby_MOBO_b_stm32l4xx_hal_crc_ex.o
 .comment       0x00000039       0x3a build/debug/Baby_MOBO_b_system_stm32l4xx.o
 .comment       0x00000039       0x3a build/debug/Baby_MOBO_b_list.o
 .comment       0x00000039       0x3a build/debug/Baby_MOBO_b_queue.o
 .comment       0x00000039       0x3a build/debug/Baby_MOBO_b_tasks.o
 .comment       0x00000039       0x3a build/debug/Baby_MOBO_b_timers.o
 .comment       0x00000039       0x3a build/debug/Baby_MOBO_b_cmsis_os2.o
 .comment       0x00000039       0x3a build/debug/Baby_MOBO_b_heap_4.o
 .comment       0x00000039       0x3a build/debug/Baby_MOBO_b_port.o
 .comment       0x00000039       0x3a build/debug/Baby_MOBO_b_stm32l4xx_hal_adc.o
 .comment       0x00000039       0x3a build/debug/Baby_MOBO_b_stm32l4xx_hal_adc_ex.o
 .comment       0x00000039       0x3a c:/Users/adisa/AppData/Roaming/Code/User/globalStorage/bmd.stm32-for-vscode/@xpack-dev-tools/arm-none-eabi-gcc/14.2.1-1.1.1/.content/bin/../lib/gcc/arm-none-eabi/14.2.1/../../../../arm-none-eabi/lib/thumb/v7e-m+fp/hard\libc_nano.a(libc_a-memset.o)
 .comment       0x00000039       0x3a c:/Users/adisa/AppData/Roaming/Code/User/globalStorage/bmd.stm32-for-vscode/@xpack-dev-tools/arm-none-eabi-gcc/14.2.1-1.1.1/.content/bin/../lib/gcc/arm-none-eabi/14.2.1/../../../../arm-none-eabi/lib/thumb/v7e-m+fp/hard\libc_nano.a(libc_a-init.o)
 .comment       0x00000039       0x3a c:/Users/adisa/AppData/Roaming/Code/User/globalStorage/bmd.stm32-for-vscode/@xpack-dev-tools/arm-none-eabi-gcc/14.2.1-1.1.1/.content/bin/../lib/gcc/arm-none-eabi/14.2.1/../../../../arm-none-eabi/lib/thumb/v7e-m+fp/hard\libc_nano.a(libc_a-memcpy-stub.o)

.debug_info     0x00000000    0x2826f
 .debug_info    0x00000000     0x2670 build/debug/Baby_MOBO_b_main.o
 .debug_info    0x00002670     0x135d build/debug/Baby_MOBO_b_can.o
 .debug_info    0x000039cd      0xca3 build/debug/Baby_MOBO_b_stm32l4xx_it.o
 .debug_info    0x00004670     0x18ee build/debug/Baby_MOBO_b_stm32l4xx_hal_msp.o
 .debug_info    0x00005f5e      0xe63 build/debug/Baby_MOBO_b_stm32l4xx_hal_timebase_tim.o
 .debug_info    0x00006dc1     0x42cd build/debug/Baby_MOBO_b_stm32l4xx_hal_tim.o
 .debug_info    0x0000b08e     0x2014 build/debug/Baby_MOBO_b_stm32l4xx_hal_tim_ex.o
 .debug_info    0x0000d0a2     0x13fc build/debug/Baby_MOBO_b_stm32l4xx_hal_can.o
 .debug_info    0x0000e49e      0xbcc build/debug/Baby_MOBO_b_stm32l4xx_hal.o
 .debug_info    0x0000f06a     0x10a6 build/debug/Baby_MOBO_b_stm32l4xx_hal_rcc.o
 .debug_info    0x00010110     0x13f0 build/debug/Baby_MOBO_b_stm32l4xx_hal_rcc_ex.o
 .debug_info    0x00011500      0x962 build/debug/Baby_MOBO_b_stm32l4xx_hal_gpio.o
 .debug_info    0x00011e62      0xb4d build/debug/Baby_MOBO_b_stm32l4xx_hal_pwr_ex.o
 .debug_info    0x000129af     0x117f build/debug/Baby_MOBO_b_stm32l4xx_hal_cortex.o
 .debug_info    0x00013b2e      0x6e2 build/debug/Baby_MOBO_b_stm32l4xx_hal_crc.o
 .debug_info    0x00014210      0x40d build/debug/Baby_MOBO_b_stm32l4xx_hal_crc_ex.o
 .debug_info    0x0001461d      0x6ab build/debug/Baby_MOBO_b_system_stm32l4xx.o
 .debug_info    0x00014cc8      0x30f build/debug/Baby_MOBO_b_list.o
 .debug_info    0x00014fd7     0x2a48 build/debug/Baby_MOBO_b_queue.o
 .debug_info    0x00017a1f     0x33ae build/debug/Baby_MOBO_b_tasks.o
 .debug_info    0x0001adcd     0x1d2b build/debug/Baby_MOBO_b_timers.o
 .debug_info    0x0001caf8     0x5368 build/debug/Baby_MOBO_b_cmsis_os2.o
 .debug_info    0x00021e60      0x60c build/debug/Baby_MOBO_b_heap_4.o
 .debug_info    0x0002246c      0x5c2 build/debug/Baby_MOBO_b_port.o
 .debug_info    0x00022a2e     0x32af build/debug/Baby_MOBO_b_stm32l4xx_hal_adc.o
 .debug_info    0x00025cdd     0x2562 build/debug/Baby_MOBO_b_stm32l4xx_hal_adc_ex.o
 .debug_info    0x0002823f       0x30 build/debug/Baby_MOBO_b_startup_stm32l432xx.o

.debug_abbrev   0x00000000     0x4a24
 .debug_abbrev  0x00000000      0x33b build/debug/Baby_MOBO_b_main.o
 .debug_abbrev  0x0000033b      0x35e build/debug/Baby_MOBO_b_can.o
 .debug_abbrev  0x00000699      0x1b5 build/debug/Baby_MOBO_b_stm32l4xx_it.o
 .debug_abbrev  0x0000084e      0x255 build/debug/Baby_MOBO_b_stm32l4xx_hal_msp.o
 .debug_abbrev  0x00000aa3      0x245 build/debug/Baby_MOBO_b_stm32l4xx_hal_timebase_tim.o
 .debug_abbrev  0x00000ce8      0x2ce build/debug/Baby_MOBO_b_stm32l4xx_hal_tim.o
 .debug_abbrev  0x00000fb6      0x2c8 build/debug/Baby_MOBO_b_stm32l4xx_hal_tim_ex.o
 .debug_abbrev  0x0000127e      0x2a2 build/debug/Baby_MOBO_b_stm32l4xx_hal_can.o
 .debug_abbrev  0x00001520      0x268 build/debug/Baby_MOBO_b_stm32l4xx_hal.o
 .debug_abbrev  0x00001788      0x2ef build/debug/Baby_MOBO_b_stm32l4xx_hal_rcc.o
 .debug_abbrev  0x00001a77      0x2d3 build/debug/Baby_MOBO_b_stm32l4xx_hal_rcc_ex.o
 .debug_abbrev  0x00001d4a      0x23a build/debug/Baby_MOBO_b_stm32l4xx_hal_gpio.o
 .debug_abbrev  0x00001f84      0x244 build/debug/Baby_MOBO_b_stm32l4xx_hal_pwr_ex.o
 .debug_abbrev  0x000021c8      0x3db build/debug/Baby_MOBO_b_stm32l4xx_hal_cortex.o
 .debug_abbrev  0x000025a3      0x25e build/debug/Baby_MOBO_b_stm32l4xx_hal_crc.o
 .debug_abbrev  0x00002801      0x18c build/debug/Baby_MOBO_b_stm32l4xx_hal_crc_ex.o
 .debug_abbrev  0x0000298d      0x12c build/debug/Baby_MOBO_b_system_stm32l4xx.o
 .debug_abbrev  0x00002ab9      0x124 build/debug/Baby_MOBO_b_list.o
 .debug_abbrev  0x00002bdd      0x431 build/debug/Baby_MOBO_b_queue.o
 .debug_abbrev  0x0000300e      0x400 build/debug/Baby_MOBO_b_tasks.o
 .debug_abbrev  0x0000340e      0x3d4 build/debug/Baby_MOBO_b_timers.o
 .debug_abbrev  0x000037e2      0x5db build/debug/Baby_MOBO_b_cmsis_os2.o
 .debug_abbrev  0x00003dbd      0x27a build/debug/Baby_MOBO_b_heap_4.o
 .debug_abbrev  0x00004037      0x2af build/debug/Baby_MOBO_b_port.o
 .debug_abbrev  0x000042e6      0x35b build/debug/Baby_MOBO_b_stm32l4xx_hal_adc.o
 .debug_abbrev  0x00004641      0x3c6 build/debug/Baby_MOBO_b_stm32l4xx_hal_adc_ex.o
 .debug_abbrev  0x00004a07       0x1d build/debug/Baby_MOBO_b_startup_stm32l432xx.o

.debug_loc      0x00000000    0x20eca
 .debug_loc     0x00000000      0x2d5 build/debug/Baby_MOBO_b_main.o
 .debug_loc     0x000002d5      0x686 build/debug/Baby_MOBO_b_can.o
 .debug_loc     0x0000095b       0x40 build/debug/Baby_MOBO_b_stm32l4xx_it.o
 .debug_loc     0x0000099b      0x23a build/debug/Baby_MOBO_b_stm32l4xx_hal_msp.o
 .debug_loc     0x00000bd5      0x142 build/debug/Baby_MOBO_b_stm32l4xx_hal_timebase_tim.o
 .debug_loc     0x00000d17     0x6781 build/debug/Baby_MOBO_b_stm32l4xx_hal_tim.o
 .debug_loc     0x00007498     0x29fb build/debug/Baby_MOBO_b_stm32l4xx_hal_tim_ex.o
 .debug_loc     0x00009e93     0x1110 build/debug/Baby_MOBO_b_stm32l4xx_hal_can.o
 .debug_loc     0x0000afa3      0x28b build/debug/Baby_MOBO_b_stm32l4xx_hal.o
 .debug_loc     0x0000b22e      0x9e2 build/debug/Baby_MOBO_b_stm32l4xx_hal_rcc.o
 .debug_loc     0x0000bc10     0x1a4f build/debug/Baby_MOBO_b_stm32l4xx_hal_rcc_ex.o
 .debug_loc     0x0000d65f      0x439 build/debug/Baby_MOBO_b_stm32l4xx_hal_gpio.o
 .debug_loc     0x0000da98      0x7c9 build/debug/Baby_MOBO_b_stm32l4xx_hal_pwr_ex.o
 .debug_loc     0x0000e261      0x8ff build/debug/Baby_MOBO_b_stm32l4xx_hal_cortex.o
 .debug_loc     0x0000eb60      0x73d build/debug/Baby_MOBO_b_stm32l4xx_hal_crc.o
 .debug_loc     0x0000f29d      0x281 build/debug/Baby_MOBO_b_stm32l4xx_hal_crc_ex.o
 .debug_loc     0x0000f51e      0x11a build/debug/Baby_MOBO_b_system_stm32l4xx.o
 .debug_loc     0x0000f638       0xeb build/debug/Baby_MOBO_b_list.o
 .debug_loc     0x0000f723     0x212d build/debug/Baby_MOBO_b_queue.o
 .debug_loc     0x00011850     0x2c36 build/debug/Baby_MOBO_b_tasks.o
 .debug_loc     0x00014486     0x170b build/debug/Baby_MOBO_b_timers.o
 .debug_loc     0x00015b91     0x65e1 build/debug/Baby_MOBO_b_cmsis_os2.o
 .debug_loc     0x0001c172      0x51c build/debug/Baby_MOBO_b_heap_4.o
 .debug_loc     0x0001c68e      0x1c6 build/debug/Baby_MOBO_b_port.o
 .debug_loc     0x0001c854     0x28ee build/debug/Baby_MOBO_b_stm32l4xx_hal_adc.o
 .debug_loc     0x0001f142     0x1d88 build/debug/Baby_MOBO_b_stm32l4xx_hal_adc_ex.o

.debug_aranges  0x00000000     0x1840
 .debug_aranges
                0x00000000       0x78 build/debug/Baby_MOBO_b_main.o
 .debug_aranges
                0x00000078       0x90 build/debug/Baby_MOBO_b_can.o
 .debug_aranges
                0x00000108       0x58 build/debug/Baby_MOBO_b_stm32l4xx_it.o
 .debug_aranges
                0x00000160       0x50 build/debug/Baby_MOBO_b_stm32l4xx_hal_msp.o
 .debug_aranges
                0x000001b0       0x30 build/debug/Baby_MOBO_b_stm32l4xx_hal_timebase_tim.o
 .debug_aranges
                0x000001e0      0x3e0 build/debug/Baby_MOBO_b_stm32l4xx_hal_tim.o
 .debug_aranges
                0x000005c0      0x180 build/debug/Baby_MOBO_b_stm32l4xx_hal_tim_ex.o
 .debug_aranges
                0x00000740      0x138 build/debug/Baby_MOBO_b_stm32l4xx_hal_can.o
 .debug_aranges
                0x00000878      0x108 build/debug/Baby_MOBO_b_stm32l4xx_hal.o
 .debug_aranges
                0x00000980       0x90 build/debug/Baby_MOBO_b_stm32l4xx_hal_rcc.o
 .debug_aranges
                0x00000a10       0xf0 build/debug/Baby_MOBO_b_stm32l4xx_hal_rcc_ex.o
 .debug_aranges
                0x00000b00       0x58 build/debug/Baby_MOBO_b_stm32l4xx_hal_gpio.o
 .debug_aranges
                0x00000b58      0x128 build/debug/Baby_MOBO_b_stm32l4xx_hal_pwr_ex.o
 .debug_aranges
                0x00000c80       0xf0 build/debug/Baby_MOBO_b_stm32l4xx_hal_cortex.o
 .debug_aranges
                0x00000d70       0x60 build/debug/Baby_MOBO_b_stm32l4xx_hal_crc.o
 .debug_aranges
                0x00000dd0       0x30 build/debug/Baby_MOBO_b_stm32l4xx_hal_crc_ex.o
 .debug_aranges
                0x00000e00       0x28 build/debug/Baby_MOBO_b_system_stm32l4xx.o
 .debug_aranges
                0x00000e28       0x40 build/debug/Baby_MOBO_b_list.o
 .debug_aranges
                0x00000e68      0x158 build/debug/Baby_MOBO_b_queue.o
 .debug_aranges
                0x00000fc0      0x208 build/debug/Baby_MOBO_b_tasks.o
 .debug_aranges
                0x000011c8       0xf0 build/debug/Baby_MOBO_b_timers.o
 .debug_aranges
                0x000012b8      0x2a0 build/debug/Baby_MOBO_b_cmsis_os2.o
 .debug_aranges
                0x00001558       0x58 build/debug/Baby_MOBO_b_heap_4.o
 .debug_aranges
                0x000015b0       0x80 build/debug/Baby_MOBO_b_port.o
 .debug_aranges
                0x00001630      0x110 build/debug/Baby_MOBO_b_stm32l4xx_hal_adc.o
 .debug_aranges
                0x00001740       0xd8 build/debug/Baby_MOBO_b_stm32l4xx_hal_adc_ex.o
 .debug_aranges
                0x00001818       0x28 build/debug/Baby_MOBO_b_startup_stm32l432xx.o

.debug_ranges   0x00000000     0x1c80
 .debug_ranges  0x00000000       0x68 build/debug/Baby_MOBO_b_main.o
 .debug_ranges  0x00000068       0x80 build/debug/Baby_MOBO_b_can.o
 .debug_ranges  0x000000e8       0x48 build/debug/Baby_MOBO_b_stm32l4xx_it.o
 .debug_ranges  0x00000130       0x40 build/debug/Baby_MOBO_b_stm32l4xx_hal_msp.o
 .debug_ranges  0x00000170       0x20 build/debug/Baby_MOBO_b_stm32l4xx_hal_timebase_tim.o
 .debug_ranges  0x00000190      0x3d0 build/debug/Baby_MOBO_b_stm32l4xx_hal_tim.o
 .debug_ranges  0x00000560      0x170 build/debug/Baby_MOBO_b_stm32l4xx_hal_tim_ex.o
 .debug_ranges  0x000006d0      0x140 build/debug/Baby_MOBO_b_stm32l4xx_hal_can.o
 .debug_ranges  0x00000810       0xf8 build/debug/Baby_MOBO_b_stm32l4xx_hal.o
 .debug_ranges  0x00000908       0x98 build/debug/Baby_MOBO_b_stm32l4xx_hal_rcc.o
 .debug_ranges  0x000009a0       0xf8 build/debug/Baby_MOBO_b_stm32l4xx_hal_rcc_ex.o
 .debug_ranges  0x00000a98       0x48 build/debug/Baby_MOBO_b_stm32l4xx_hal_gpio.o
 .debug_ranges  0x00000ae0      0x118 build/debug/Baby_MOBO_b_stm32l4xx_hal_pwr_ex.o
 .debug_ranges  0x00000bf8       0xe0 build/debug/Baby_MOBO_b_stm32l4xx_hal_cortex.o
 .debug_ranges  0x00000cd8       0x50 build/debug/Baby_MOBO_b_stm32l4xx_hal_crc.o
 .debug_ranges  0x00000d28       0x20 build/debug/Baby_MOBO_b_stm32l4xx_hal_crc_ex.o
 .debug_ranges  0x00000d48       0x18 build/debug/Baby_MOBO_b_system_stm32l4xx.o
 .debug_ranges  0x00000d60       0x30 build/debug/Baby_MOBO_b_list.o
 .debug_ranges  0x00000d90      0x218 build/debug/Baby_MOBO_b_queue.o
 .debug_ranges  0x00000fa8      0x338 build/debug/Baby_MOBO_b_tasks.o
 .debug_ranges  0x000012e0       0xe0 build/debug/Baby_MOBO_b_timers.o
 .debug_ranges  0x000013c0      0x290 build/debug/Baby_MOBO_b_cmsis_os2.o
 .debug_ranges  0x00001650       0x48 build/debug/Baby_MOBO_b_heap_4.o
 .debug_ranges  0x00001698       0x88 build/debug/Baby_MOBO_b_port.o
 .debug_ranges  0x00001720      0x3a0 build/debug/Baby_MOBO_b_stm32l4xx_hal_adc.o
 .debug_ranges  0x00001ac0      0x1a0 build/debug/Baby_MOBO_b_stm32l4xx_hal_adc_ex.o
 .debug_ranges  0x00001c60       0x20 build/debug/Baby_MOBO_b_startup_stm32l432xx.o

.debug_line     0x00000000    0x1b724
 .debug_line    0x00000000      0x926 build/debug/Baby_MOBO_b_main.o
 .debug_line    0x00000926      0x8ab build/debug/Baby_MOBO_b_can.o
 .debug_line    0x000011d1      0x33c build/debug/Baby_MOBO_b_stm32l4xx_it.o
 .debug_line    0x0000150d      0x50d build/debug/Baby_MOBO_b_stm32l4xx_hal_msp.o
 .debug_line    0x00001a1a      0x3a7 build/debug/Baby_MOBO_b_stm32l4xx_hal_timebase_tim.o
 .debug_line    0x00001dc1     0x4adf build/debug/Baby_MOBO_b_stm32l4xx_hal_tim.o
 .debug_line    0x000068a0     0x1c6c build/debug/Baby_MOBO_b_stm32l4xx_hal_tim_ex.o
 .debug_line    0x0000850c     0x1207 build/debug/Baby_MOBO_b_stm32l4xx_hal_can.o
 .debug_line    0x00009713      0x6ae build/debug/Baby_MOBO_b_stm32l4xx_hal.o
 .debug_line    0x00009dc1     0x10dd build/debug/Baby_MOBO_b_stm32l4xx_hal_rcc.o
 .debug_line    0x0000ae9e     0x13a9 build/debug/Baby_MOBO_b_stm32l4xx_hal_rcc_ex.o
 .debug_line    0x0000c247      0x72a build/debug/Baby_MOBO_b_stm32l4xx_hal_gpio.o
 .debug_line    0x0000c971      0x970 build/debug/Baby_MOBO_b_stm32l4xx_hal_pwr_ex.o
 .debug_line    0x0000d2e1      0x8bd build/debug/Baby_MOBO_b_stm32l4xx_hal_cortex.o
 .debug_line    0x0000db9e      0x635 build/debug/Baby_MOBO_b_stm32l4xx_hal_crc.o
 .debug_line    0x0000e1d3      0x360 build/debug/Baby_MOBO_b_stm32l4xx_hal_crc_ex.o
 .debug_line    0x0000e533      0x376 build/debug/Baby_MOBO_b_system_stm32l4xx.o
 .debug_line    0x0000e8a9      0x3fd build/debug/Baby_MOBO_b_list.o
 .debug_line    0x0000eca6     0x1e40 build/debug/Baby_MOBO_b_queue.o
 .debug_line    0x00010ae6     0x2914 build/debug/Baby_MOBO_b_tasks.o
 .debug_line    0x000133fa      0xeeb build/debug/Baby_MOBO_b_timers.o
 .debug_line    0x000142e5     0x2d7e build/debug/Baby_MOBO_b_cmsis_os2.o
 .debug_line    0x00017063      0x7ff build/debug/Baby_MOBO_b_heap_4.o
 .debug_line    0x00017862      0x6ca build/debug/Baby_MOBO_b_port.o
 .debug_line    0x00017f2c     0x2121 build/debug/Baby_MOBO_b_stm32l4xx_hal_adc.o
 .debug_line    0x0001a04d     0x1664 build/debug/Baby_MOBO_b_stm32l4xx_hal_adc_ex.o
 .debug_line    0x0001b6b1       0x73 build/debug/Baby_MOBO_b_startup_stm32l432xx.o

.debug_str      0x00000000     0x8dad
 .debug_str     0x00000000     0x8dad build/debug/Baby_MOBO_b_main.o
                               0x19ef (size before relaxing)
 .debug_str     0x00008dad      0x97c build/debug/Baby_MOBO_b_can.o
 .debug_str     0x00008dad      0x9c3 build/debug/Baby_MOBO_b_stm32l4xx_it.o
 .debug_str     0x00008dad     0x11e3 build/debug/Baby_MOBO_b_stm32l4xx_hal_msp.o
 .debug_str     0x00008dad      0xd7c build/debug/Baby_MOBO_b_stm32l4xx_hal_timebase_tim.o
 .debug_str     0x00008dad     0x171f build/debug/Baby_MOBO_b_stm32l4xx_hal_tim.o
 .debug_str     0x00008dad     0x1033 build/debug/Baby_MOBO_b_stm32l4xx_hal_tim_ex.o
 .debug_str     0x00008dad      0xa29 build/debug/Baby_MOBO_b_stm32l4xx_hal_can.o
 .debug_str     0x00008dad      0xb15 build/debug/Baby_MOBO_b_stm32l4xx_hal.o
 .debug_str     0x00008dad      0x84d build/debug/Baby_MOBO_b_stm32l4xx_hal_rcc.o
 .debug_str     0x00008dad      0xb65 build/debug/Baby_MOBO_b_stm32l4xx_hal_rcc_ex.o
 .debug_str     0x00008dad      0x544 build/debug/Baby_MOBO_b_stm32l4xx_hal_gpio.o
 .debug_str     0x00008dad      0x793 build/debug/Baby_MOBO_b_stm32l4xx_hal_pwr_ex.o
 .debug_str     0x00008dad      0xb30 build/debug/Baby_MOBO_b_stm32l4xx_hal_cortex.o
 .debug_str     0x00008dad      0x48a build/debug/Baby_MOBO_b_stm32l4xx_hal_crc.o
 .debug_str     0x00008dad      0x444 build/debug/Baby_MOBO_b_stm32l4xx_hal_crc_ex.o
 .debug_str     0x00008dad      0x3d0 build/debug/Baby_MOBO_b_system_stm32l4xx.o
 .debug_str     0x00008dad      0x2e3 build/debug/Baby_MOBO_b_list.o
 .debug_str     0x00008dad      0xcf9 build/debug/Baby_MOBO_b_queue.o
 .debug_str     0x00008dad     0x12c8 build/debug/Baby_MOBO_b_tasks.o
 .debug_str     0x00008dad      0xc29 build/debug/Baby_MOBO_b_timers.o
 .debug_str     0x00008dad     0x2094 build/debug/Baby_MOBO_b_cmsis_os2.o
 .debug_str     0x00008dad      0x4fc build/debug/Baby_MOBO_b_heap_4.o
 .debug_str     0x00008dad      0x463 build/debug/Baby_MOBO_b_port.o
 .debug_str     0x00008dad     0x10a8 build/debug/Baby_MOBO_b_stm32l4xx_hal_adc.o
 .debug_str     0x00008dad      0xf34 build/debug/Baby_MOBO_b_stm32l4xx_hal_adc_ex.o
 .debug_str     0x00008dad       0x63 build/debug/Baby_MOBO_b_startup_stm32l432xx.o

.debug_frame    0x00000000     0x42ec
 .debug_frame   0x00000000      0x158 build/debug/Baby_MOBO_b_main.o
 .debug_frame   0x00000158      0x1c4 build/debug/Baby_MOBO_b_can.o
 .debug_frame   0x0000031c       0xa0 build/debug/Baby_MOBO_b_stm32l4xx_it.o
 .debug_frame   0x000003bc       0xc4 build/debug/Baby_MOBO_b_stm32l4xx_hal_msp.o
 .debug_frame   0x00000480       0x54 build/debug/Baby_MOBO_b_stm32l4xx_hal_timebase_tim.o
 .debug_frame   0x000004d4      0xb4c build/debug/Baby_MOBO_b_stm32l4xx_hal_tim.o
 .debug_frame   0x00001020      0x480 build/debug/Baby_MOBO_b_stm32l4xx_hal_tim_ex.o
 .debug_frame   0x000014a0      0x2dc build/debug/Baby_MOBO_b_stm32l4xx_hal_can.o
 .debug_frame   0x0000177c      0x21c build/debug/Baby_MOBO_b_stm32l4xx_hal.o
 .debug_frame   0x00001998      0x19c build/debug/Baby_MOBO_b_stm32l4xx_hal_rcc.o
 .debug_frame   0x00001b34      0x25c build/debug/Baby_MOBO_b_stm32l4xx_hal_rcc_ex.o
 .debug_frame   0x00001d90       0xd0 build/debug/Baby_MOBO_b_stm32l4xx_hal_gpio.o
 .debug_frame   0x00001e60      0x248 build/debug/Baby_MOBO_b_stm32l4xx_hal_pwr_ex.o
 .debug_frame   0x000020a8      0x204 build/debug/Baby_MOBO_b_stm32l4xx_hal_cortex.o
 .debug_frame   0x000022ac       0xec build/debug/Baby_MOBO_b_stm32l4xx_hal_crc.o
 .debug_frame   0x00002398       0x58 build/debug/Baby_MOBO_b_stm32l4xx_hal_crc_ex.o
 .debug_frame   0x000023f0       0x30 build/debug/Baby_MOBO_b_system_stm32l4xx.o
 .debug_frame   0x00002420       0x70 build/debug/Baby_MOBO_b_list.o
 .debug_frame   0x00002490      0x458 build/debug/Baby_MOBO_b_queue.o
 .debug_frame   0x000028e8      0x694 build/debug/Baby_MOBO_b_tasks.o
 .debug_frame   0x00002f7c      0x30c build/debug/Baby_MOBO_b_timers.o
 .debug_frame   0x00003288      0x90c build/debug/Baby_MOBO_b_cmsis_os2.o
 .debug_frame   0x00003b94       0xd0 build/debug/Baby_MOBO_b_heap_4.o
 .debug_frame   0x00003c64      0x110 build/debug/Baby_MOBO_b_port.o
 .debug_frame   0x00003d74      0x328 build/debug/Baby_MOBO_b_stm32l4xx_hal_adc.o
 .debug_frame   0x0000409c      0x250 build/debug/Baby_MOBO_b_stm32l4xx_hal_adc_ex.o

Cross Reference Table

Symbol                                            File
ADC1_IRQHandler                                   build/debug/Baby_MOBO_b_startup_stm32l432xx.o
ADC_ConversionStop                                build/debug/Baby_MOBO_b_stm32l4xx_hal_adc.o
                                                  build/debug/Baby_MOBO_b_stm32l4xx_hal_adc_ex.o
ADC_DMAConvCplt                                   build/debug/Baby_MOBO_b_stm32l4xx_hal_adc.o
ADC_DMAError                                      build/debug/Baby_MOBO_b_stm32l4xx_hal_adc.o
ADC_DMAHalfConvCplt                               build/debug/Baby_MOBO_b_stm32l4xx_hal_adc.o
ADC_Disable                                       build/debug/Baby_MOBO_b_stm32l4xx_hal_adc.o
                                                  build/debug/Baby_MOBO_b_stm32l4xx_hal_adc_ex.o
ADC_Enable                                        build/debug/Baby_MOBO_b_stm32l4xx_hal_adc.o
                                                  build/debug/Baby_MOBO_b_stm32l4xx_hal_adc_ex.o
AHBPrescTable                                     build/debug/Baby_MOBO_b_system_stm32l4xx.o
                                                  build/debug/Baby_MOBO_b_stm32l4xx_hal_rcc.o
APBPrescTable                                     build/debug/Baby_MOBO_b_system_stm32l4xx.o
                                                  build/debug/Baby_MOBO_b_stm32l4xx_hal_rcc.o
BusFault_Handler                                  build/debug/Baby_MOBO_b_stm32l4xx_it.o
CAN1_RX0_IRQHandler                               build/debug/Baby_MOBO_b_stm32l4xx_it.o
CAN1_RX1_IRQHandler                               build/debug/Baby_MOBO_b_startup_stm32l432xx.o
CAN1_SCE_IRQHandler                               build/debug/Baby_MOBO_b_startup_stm32l432xx.o
CAN1_TX_IRQHandler                                build/debug/Baby_MOBO_b_startup_stm32l432xx.o
CAN_Flush_TX_Queue                                build/debug/Baby_MOBO_b_can.o
CAN_GetRXQueueCount                               build/debug/Baby_MOBO_b_can.o
                                                  build/debug/Baby_MOBO_b_io_manager.o
CAN_GetTXQueueCount                               build/debug/Baby_MOBO_b_can.o
                                                  build/debug/Baby_MOBO_b_io_manager.o
CAN_Get_Stats                                     build/debug/Baby_MOBO_b_can.o
CAN_Init                                          build/debug/Baby_MOBO_b_can.o
                                                  build/debug/Baby_MOBO_b_main.o
CAN_Reset_Stats                                   build/debug/Baby_MOBO_b_can.o
CAN_Send_Message                                  build/debug/Baby_MOBO_b_can.o
                                                  build/debug/Baby_MOBO_b_io_manager.o
CAN_Task                                          build/debug/Baby_MOBO_b_can.o
                                                  build/debug/Baby_MOBO_b_main.o
COMP_IRQHandler                                   build/debug/Baby_MOBO_b_startup_stm32l432xx.o
CRS_IRQHandler                                    build/debug/Baby_MOBO_b_startup_stm32l432xx.o
DMA1_Channel1_IRQHandler                          build/debug/Baby_MOBO_b_startup_stm32l432xx.o
DMA1_Channel2_IRQHandler                          build/debug/Baby_MOBO_b_startup_stm32l432xx.o
DMA1_Channel3_IRQHandler                          build/debug/Baby_MOBO_b_startup_stm32l432xx.o
DMA1_Channel4_IRQHandler                          build/debug/Baby_MOBO_b_startup_stm32l432xx.o
DMA1_Channel5_IRQHandler                          build/debug/Baby_MOBO_b_startup_stm32l432xx.o
DMA1_Channel6_IRQHandler                          build/debug/Baby_MOBO_b_startup_stm32l432xx.o
DMA1_Channel7_IRQHandler                          build/debug/Baby_MOBO_b_startup_stm32l432xx.o
DMA2_Channel1_IRQHandler                          build/debug/Baby_MOBO_b_startup_stm32l432xx.o
DMA2_Channel2_IRQHandler                          build/debug/Baby_MOBO_b_startup_stm32l432xx.o
DMA2_Channel3_IRQHandler                          build/debug/Baby_MOBO_b_startup_stm32l432xx.o
DMA2_Channel4_IRQHandler                          build/debug/Baby_MOBO_b_startup_stm32l432xx.o
DMA2_Channel5_IRQHandler                          build/debug/Baby_MOBO_b_startup_stm32l432xx.o
DMA2_Channel6_IRQHandler                          build/debug/Baby_MOBO_b_startup_stm32l432xx.o
DMA2_Channel7_IRQHandler                          build/debug/Baby_MOBO_b_startup_stm32l432xx.o
DebugMon_Handler                                  build/debug/Baby_MOBO_b_stm32l4xx_it.o
Default_Handler                                   build/debug/Baby_MOBO_b_startup_stm32l432xx.o
EXTI0_IRQHandler                                  build/debug/Baby_MOBO_b_startup_stm32l432xx.o
EXTI15_10_IRQHandler                              build/debug/Baby_MOBO_b_startup_stm32l432xx.o
EXTI1_IRQHandler                                  build/debug/Baby_MOBO_b_startup_stm32l432xx.o
EXTI2_IRQHandler                                  build/debug/Baby_MOBO_b_startup_stm32l432xx.o
EXTI3_IRQHandler                                  build/debug/Baby_MOBO_b_startup_stm32l432xx.o
EXTI4_IRQHandler                                  build/debug/Baby_MOBO_b_startup_stm32l432xx.o
EXTI9_5_IRQHandler                                build/debug/Baby_MOBO_b_startup_stm32l432xx.o
Error_Handler                                     build/debug/Baby_MOBO_b_main.o
                                                  build/debug/Baby_MOBO_b_stm32l4xx_hal_msp.o
FLASH_FlushCaches                                 build/debug/Baby_MOBO_b_stm32l4xx_hal_flash_ex.o
                                                  build/debug/Baby_MOBO_b_stm32l4xx_hal_flash.o
FLASH_IRQHandler                                  build/debug/Baby_MOBO_b_startup_stm32l432xx.o
FLASH_PageErase                                   build/debug/Baby_MOBO_b_stm32l4xx_hal_flash_ex.o
                                                  build/debug/Baby_MOBO_b_stm32l4xx_hal_flash.o
FLASH_WaitForLastOperation                        build/debug/Baby_MOBO_b_stm32l4xx_hal_flash.o
                                                  build/debug/Baby_MOBO_b_stm32l4xx_hal_flash_ex.o
FPU_IRQHandler                                    build/debug/Baby_MOBO_b_startup_stm32l432xx.o
HAL_ADCEx_Calibration_GetValue                    build/debug/Baby_MOBO_b_stm32l4xx_hal_adc_ex.o
HAL_ADCEx_Calibration_SetValue                    build/debug/Baby_MOBO_b_stm32l4xx_hal_adc_ex.o
HAL_ADCEx_Calibration_Start                       build/debug/Baby_MOBO_b_stm32l4xx_hal_adc_ex.o
                                                  build/debug/Baby_MOBO_b_main.o
HAL_ADCEx_DisableInjectedQueue                    build/debug/Baby_MOBO_b_stm32l4xx_hal_adc_ex.o
HAL_ADCEx_DisableVoltageRegulator                 build/debug/Baby_MOBO_b_stm32l4xx_hal_adc_ex.o
HAL_ADCEx_EnableInjectedQueue                     build/debug/Baby_MOBO_b_stm32l4xx_hal_adc_ex.o
HAL_ADCEx_EndOfSamplingCallback                   build/debug/Baby_MOBO_b_stm32l4xx_hal_adc_ex.o
                                                  build/debug/Baby_MOBO_b_stm32l4xx_hal_adc.o
HAL_ADCEx_EnterADCDeepPowerDownMode               build/debug/Baby_MOBO_b_stm32l4xx_hal_adc_ex.o
HAL_ADCEx_InjectedConfigChannel                   build/debug/Baby_MOBO_b_stm32l4xx_hal_adc_ex.o
HAL_ADCEx_InjectedConvCpltCallback                build/debug/Baby_MOBO_b_stm32l4xx_hal_adc_ex.o
                                                  build/debug/Baby_MOBO_b_stm32l4xx_hal_adc.o
HAL_ADCEx_InjectedGetValue                        build/debug/Baby_MOBO_b_stm32l4xx_hal_adc_ex.o
HAL_ADCEx_InjectedPollForConversion               build/debug/Baby_MOBO_b_stm32l4xx_hal_adc_ex.o
HAL_ADCEx_InjectedQueueOverflowCallback           build/debug/Baby_MOBO_b_stm32l4xx_hal_adc_ex.o
                                                  build/debug/Baby_MOBO_b_stm32l4xx_hal_adc.o
HAL_ADCEx_InjectedStart                           build/debug/Baby_MOBO_b_stm32l4xx_hal_adc_ex.o
HAL_ADCEx_InjectedStart_IT                        build/debug/Baby_MOBO_b_stm32l4xx_hal_adc_ex.o
HAL_ADCEx_InjectedStop                            build/debug/Baby_MOBO_b_stm32l4xx_hal_adc_ex.o
HAL_ADCEx_InjectedStop_IT                         build/debug/Baby_MOBO_b_stm32l4xx_hal_adc_ex.o
HAL_ADCEx_LevelOutOfWindow2Callback               build/debug/Baby_MOBO_b_stm32l4xx_hal_adc_ex.o
                                                  build/debug/Baby_MOBO_b_stm32l4xx_hal_adc.o
HAL_ADCEx_LevelOutOfWindow3Callback               build/debug/Baby_MOBO_b_stm32l4xx_hal_adc_ex.o
                                                  build/debug/Baby_MOBO_b_stm32l4xx_hal_adc.o
HAL_ADCEx_RegularStop                             build/debug/Baby_MOBO_b_stm32l4xx_hal_adc_ex.o
HAL_ADCEx_RegularStop_DMA                         build/debug/Baby_MOBO_b_stm32l4xx_hal_adc_ex.o
HAL_ADCEx_RegularStop_IT                          build/debug/Baby_MOBO_b_stm32l4xx_hal_adc_ex.o
HAL_ADC_AnalogWDGConfig                           build/debug/Baby_MOBO_b_stm32l4xx_hal_adc.o
HAL_ADC_ConfigChannel                             build/debug/Baby_MOBO_b_stm32l4xx_hal_adc.o
                                                  build/debug/Baby_MOBO_b_io_manager.o
                                                  build/debug/Baby_MOBO_b_main.o
HAL_ADC_ConvCpltCallback                          build/debug/Baby_MOBO_b_stm32l4xx_hal_adc.o
HAL_ADC_ConvHalfCpltCallback                      build/debug/Baby_MOBO_b_stm32l4xx_hal_adc.o
HAL_ADC_DeInit                                    build/debug/Baby_MOBO_b_stm32l4xx_hal_adc.o
HAL_ADC_ErrorCallback                             build/debug/Baby_MOBO_b_stm32l4xx_hal_adc.o
HAL_ADC_GetError                                  build/debug/Baby_MOBO_b_stm32l4xx_hal_adc.o
HAL_ADC_GetState                                  build/debug/Baby_MOBO_b_stm32l4xx_hal_adc.o
HAL_ADC_GetValue                                  build/debug/Baby_MOBO_b_stm32l4xx_hal_adc.o
                                                  build/debug/Baby_MOBO_b_io_manager.o
HAL_ADC_IRQHandler                                build/debug/Baby_MOBO_b_stm32l4xx_hal_adc.o
HAL_ADC_Init                                      build/debug/Baby_MOBO_b_stm32l4xx_hal_adc.o
                                                  build/debug/Baby_MOBO_b_main.o
HAL_ADC_LevelOutOfWindowCallback                  build/debug/Baby_MOBO_b_stm32l4xx_hal_adc.o
HAL_ADC_MspDeInit                                 build/debug/Baby_MOBO_b_stm32l4xx_hal_msp.o
HAL_ADC_MspInit                                   build/debug/Baby_MOBO_b_stm32l4xx_hal_msp.o
HAL_ADC_PollForConversion                         build/debug/Baby_MOBO_b_stm32l4xx_hal_adc.o
                                                  build/debug/Baby_MOBO_b_io_manager.o
HAL_ADC_PollForEvent                              build/debug/Baby_MOBO_b_stm32l4xx_hal_adc.o
HAL_ADC_Start                                     build/debug/Baby_MOBO_b_stm32l4xx_hal_adc.o
                                                  build/debug/Baby_MOBO_b_io_manager.o
HAL_ADC_Start_DMA                                 build/debug/Baby_MOBO_b_stm32l4xx_hal_adc.o
HAL_ADC_Start_IT                                  build/debug/Baby_MOBO_b_stm32l4xx_hal_adc.o
HAL_ADC_Stop                                      build/debug/Baby_MOBO_b_stm32l4xx_hal_adc.o
                                                  build/debug/Baby_MOBO_b_io_manager.o
HAL_ADC_Stop_DMA                                  build/debug/Baby_MOBO_b_stm32l4xx_hal_adc.o
HAL_ADC_Stop_IT                                   build/debug/Baby_MOBO_b_stm32l4xx_hal_adc.o
HAL_CAN_AbortTxRequest                            build/debug/Baby_MOBO_b_stm32l4xx_hal_can.o
HAL_CAN_ActivateNotification                      build/debug/Baby_MOBO_b_stm32l4xx_hal_can.o
                                                  build/debug/Baby_MOBO_b_main.o
HAL_CAN_AddTxMessage                              build/debug/Baby_MOBO_b_stm32l4xx_hal_can.o
                                                  build/debug/Baby_MOBO_b_can.o
HAL_CAN_ConfigFilter                              build/debug/Baby_MOBO_b_stm32l4xx_hal_can.o
                                                  build/debug/Baby_MOBO_b_main.o
HAL_CAN_DeInit                                    build/debug/Baby_MOBO_b_stm32l4xx_hal_can.o
HAL_CAN_DeactivateNotification                    build/debug/Baby_MOBO_b_stm32l4xx_hal_can.o
HAL_CAN_ErrorCallback                             build/debug/Baby_MOBO_b_stm32l4xx_hal_can.o
HAL_CAN_GetError                                  build/debug/Baby_MOBO_b_stm32l4xx_hal_can.o
HAL_CAN_GetRxFifoFillLevel                        build/debug/Baby_MOBO_b_stm32l4xx_hal_can.o
HAL_CAN_GetRxMessage                              build/debug/Baby_MOBO_b_stm32l4xx_hal_can.o
                                                  build/debug/Baby_MOBO_b_can.o
HAL_CAN_GetState                                  build/debug/Baby_MOBO_b_stm32l4xx_hal_can.o
HAL_CAN_GetTxMailboxesFreeLevel                   build/debug/Baby_MOBO_b_stm32l4xx_hal_can.o
HAL_CAN_GetTxTimestamp                            build/debug/Baby_MOBO_b_stm32l4xx_hal_can.o
HAL_CAN_IRQHandler                                build/debug/Baby_MOBO_b_stm32l4xx_hal_can.o
                                                  build/debug/Baby_MOBO_b_stm32l4xx_it.o
HAL_CAN_Init                                      build/debug/Baby_MOBO_b_stm32l4xx_hal_can.o
                                                  build/debug/Baby_MOBO_b_main.o
HAL_CAN_IsSleepActive                             build/debug/Baby_MOBO_b_stm32l4xx_hal_can.o
HAL_CAN_IsTxMessagePending                        build/debug/Baby_MOBO_b_stm32l4xx_hal_can.o
HAL_CAN_MspDeInit                                 build/debug/Baby_MOBO_b_stm32l4xx_hal_msp.o
HAL_CAN_MspInit                                   build/debug/Baby_MOBO_b_stm32l4xx_hal_msp.o
HAL_CAN_RequestSleep                              build/debug/Baby_MOBO_b_stm32l4xx_hal_can.o
HAL_CAN_ResetError                                build/debug/Baby_MOBO_b_stm32l4xx_hal_can.o