ARM GAS  C:\Users\adisa\AppData\Local\Temp\cc5eJKND.s 			page 1


   1              		.cpu cortex-m4
   2              		.arch armv7e-m
   3              		.fpu fpv4-sp-d16
   4              		.eabi_attribute 27, 1
   5              		.eabi_attribute 28, 1
   6              		.eabi_attribute 20, 1
   7              		.eabi_attribute 21, 1
   8              		.eabi_attribute 23, 3
   9              		.eabi_attribute 24, 1
  10              		.eabi_attribute 25, 1
  11              		.eabi_attribute 26, 1
  12              		.eabi_attribute 30, 1
  13              		.eabi_attribute 34, 1
  14              		.eabi_attribute 18, 4
  15              		.file	"stm32l4xx_hal_crc.c"
  16              		.text
  17              	.Ltext0:
  18              		.cfi_sections	.debug_frame
  19              		.file 1 "Drivers/STM32L4xx_HAL_Driver/Src/stm32l4xx_hal_crc.c"
  20              		.section	.text.CRC_Handle_8,"ax",%progbits
  21              		.align	1
  22              		.syntax unified
  23              		.thumb
  24              		.thumb_func
  26              	CRC_Handle_8:
  27              	.LVL0:
  28              	.LFB391:
   1:Drivers/STM32L4xx_HAL_Driver/Src/stm32l4xx_hal_crc.c **** /**
   2:Drivers/STM32L4xx_HAL_Driver/Src/stm32l4xx_hal_crc.c ****   ******************************************************************************
   3:Drivers/STM32L4xx_HAL_Driver/Src/stm32l4xx_hal_crc.c ****   * @file    stm32l4xx_hal_crc.c
   4:Drivers/STM32L4xx_HAL_Driver/Src/stm32l4xx_hal_crc.c ****   * @author  MCD Application Team
   5:Drivers/STM32L4xx_HAL_Driver/Src/stm32l4xx_hal_crc.c ****   * @brief   CRC HAL module driver.
   6:Drivers/STM32L4xx_HAL_Driver/Src/stm32l4xx_hal_crc.c ****   *          This file provides firmware functions to manage the following
   7:Drivers/STM32L4xx_HAL_Driver/Src/stm32l4xx_hal_crc.c ****   *          functionalities of the Cyclic Redundancy Check (CRC) peripheral:
   8:Drivers/STM32L4xx_HAL_Driver/Src/stm32l4xx_hal_crc.c ****   *           + Initialization and de-initialization functions
   9:Drivers/STM32L4xx_HAL_Driver/Src/stm32l4xx_hal_crc.c ****   *           + Peripheral Control functions
  10:Drivers/STM32L4xx_HAL_Driver/Src/stm32l4xx_hal_crc.c ****   *           + Peripheral State functions
  11:Drivers/STM32L4xx_HAL_Driver/Src/stm32l4xx_hal_crc.c ****   *
  12:Drivers/STM32L4xx_HAL_Driver/Src/stm32l4xx_hal_crc.c ****   ******************************************************************************
  13:Drivers/STM32L4xx_HAL_Driver/Src/stm32l4xx_hal_crc.c ****   * @attention
  14:Drivers/STM32L4xx_HAL_Driver/Src/stm32l4xx_hal_crc.c ****   *
  15:Drivers/STM32L4xx_HAL_Driver/Src/stm32l4xx_hal_crc.c ****   * Copyright (c) 2017 STMicroelectronics.
  16:Drivers/STM32L4xx_HAL_Driver/Src/stm32l4xx_hal_crc.c ****   * All rights reserved.
  17:Drivers/STM32L4xx_HAL_Driver/Src/stm32l4xx_hal_crc.c ****   *
  18:Drivers/STM32L4xx_HAL_Driver/Src/stm32l4xx_hal_crc.c ****   * This software is licensed under terms that can be found in the LICENSE file
  19:Drivers/STM32L4xx_HAL_Driver/Src/stm32l4xx_hal_crc.c ****   * in the root directory of this software component.
  20:Drivers/STM32L4xx_HAL_Driver/Src/stm32l4xx_hal_crc.c ****   * If no LICENSE file comes with this software, it is provided AS-IS.
  21:Drivers/STM32L4xx_HAL_Driver/Src/stm32l4xx_hal_crc.c ****   *
  22:Drivers/STM32L4xx_HAL_Driver/Src/stm32l4xx_hal_crc.c ****   ******************************************************************************
  23:Drivers/STM32L4xx_HAL_Driver/Src/stm32l4xx_hal_crc.c ****   @verbatim
  24:Drivers/STM32L4xx_HAL_Driver/Src/stm32l4xx_hal_crc.c ****  ===============================================================================
  25:Drivers/STM32L4xx_HAL_Driver/Src/stm32l4xx_hal_crc.c ****                      ##### How to use this driver #####
  26:Drivers/STM32L4xx_HAL_Driver/Src/stm32l4xx_hal_crc.c ****  ===============================================================================
  27:Drivers/STM32L4xx_HAL_Driver/Src/stm32l4xx_hal_crc.c ****     [..]
  28:Drivers/STM32L4xx_HAL_Driver/Src/stm32l4xx_hal_crc.c ****          (+) Enable CRC AHB clock using __HAL_RCC_CRC_CLK_ENABLE();
  29:Drivers/STM32L4xx_HAL_Driver/Src/stm32l4xx_hal_crc.c ****          (+) Initialize CRC calculator
  30:Drivers/STM32L4xx_HAL_Driver/Src/stm32l4xx_hal_crc.c ****              (++) specify generating polynomial (peripheral default or non-default one)
ARM GAS  C:\Users\adisa\AppData\Local\Temp\cc5eJKND.s 			page 2


  31:Drivers/STM32L4xx_HAL_Driver/Src/stm32l4xx_hal_crc.c ****              (++) specify initialization value (peripheral default or non-default one)
  32:Drivers/STM32L4xx_HAL_Driver/Src/stm32l4xx_hal_crc.c ****              (++) specify input data format
  33:Drivers/STM32L4xx_HAL_Driver/Src/stm32l4xx_hal_crc.c ****              (++) specify input or output data inversion mode if any
  34:Drivers/STM32L4xx_HAL_Driver/Src/stm32l4xx_hal_crc.c ****          (+) Use HAL_CRC_Accumulate() function to compute the CRC value of the
  35:Drivers/STM32L4xx_HAL_Driver/Src/stm32l4xx_hal_crc.c ****              input data buffer starting with the previously computed CRC as
  36:Drivers/STM32L4xx_HAL_Driver/Src/stm32l4xx_hal_crc.c ****              initialization value
  37:Drivers/STM32L4xx_HAL_Driver/Src/stm32l4xx_hal_crc.c ****          (+) Use HAL_CRC_Calculate() function to compute the CRC value of the
  38:Drivers/STM32L4xx_HAL_Driver/Src/stm32l4xx_hal_crc.c ****              input data buffer starting with the defined initialization value
  39:Drivers/STM32L4xx_HAL_Driver/Src/stm32l4xx_hal_crc.c ****              (default or non-default) to initiate CRC calculation
  40:Drivers/STM32L4xx_HAL_Driver/Src/stm32l4xx_hal_crc.c **** 
  41:Drivers/STM32L4xx_HAL_Driver/Src/stm32l4xx_hal_crc.c ****   @endverbatim
  42:Drivers/STM32L4xx_HAL_Driver/Src/stm32l4xx_hal_crc.c ****   ******************************************************************************
  43:Drivers/STM32L4xx_HAL_Driver/Src/stm32l4xx_hal_crc.c ****   */
  44:Drivers/STM32L4xx_HAL_Driver/Src/stm32l4xx_hal_crc.c **** 
  45:Drivers/STM32L4xx_HAL_Driver/Src/stm32l4xx_hal_crc.c **** /* Includes ------------------------------------------------------------------*/
  46:Drivers/STM32L4xx_HAL_Driver/Src/stm32l4xx_hal_crc.c **** #include "stm32l4xx_hal.h"
  47:Drivers/STM32L4xx_HAL_Driver/Src/stm32l4xx_hal_crc.c **** 
  48:Drivers/STM32L4xx_HAL_Driver/Src/stm32l4xx_hal_crc.c **** /** @addtogroup STM32L4xx_HAL_Driver
  49:Drivers/STM32L4xx_HAL_Driver/Src/stm32l4xx_hal_crc.c ****   * @{
  50:Drivers/STM32L4xx_HAL_Driver/Src/stm32l4xx_hal_crc.c ****   */
  51:Drivers/STM32L4xx_HAL_Driver/Src/stm32l4xx_hal_crc.c **** 
  52:Drivers/STM32L4xx_HAL_Driver/Src/stm32l4xx_hal_crc.c **** /** @defgroup CRC CRC
  53:Drivers/STM32L4xx_HAL_Driver/Src/stm32l4xx_hal_crc.c ****   * @brief CRC HAL module driver.
  54:Drivers/STM32L4xx_HAL_Driver/Src/stm32l4xx_hal_crc.c ****   * @{
  55:Drivers/STM32L4xx_HAL_Driver/Src/stm32l4xx_hal_crc.c ****   */
  56:Drivers/STM32L4xx_HAL_Driver/Src/stm32l4xx_hal_crc.c **** 
  57:Drivers/STM32L4xx_HAL_Driver/Src/stm32l4xx_hal_crc.c **** #ifdef HAL_CRC_MODULE_ENABLED
  58:Drivers/STM32L4xx_HAL_Driver/Src/stm32l4xx_hal_crc.c **** 
  59:Drivers/STM32L4xx_HAL_Driver/Src/stm32l4xx_hal_crc.c **** /* Private typedef -----------------------------------------------------------*/
  60:Drivers/STM32L4xx_HAL_Driver/Src/stm32l4xx_hal_crc.c **** /* Private define ------------------------------------------------------------*/
  61:Drivers/STM32L4xx_HAL_Driver/Src/stm32l4xx_hal_crc.c **** /* Private macro -------------------------------------------------------------*/
  62:Drivers/STM32L4xx_HAL_Driver/Src/stm32l4xx_hal_crc.c **** /* Private variables ---------------------------------------------------------*/
  63:Drivers/STM32L4xx_HAL_Driver/Src/stm32l4xx_hal_crc.c **** /* Private function prototypes -----------------------------------------------*/
  64:Drivers/STM32L4xx_HAL_Driver/Src/stm32l4xx_hal_crc.c **** /** @defgroup CRC_Private_Functions CRC Private Functions
  65:Drivers/STM32L4xx_HAL_Driver/Src/stm32l4xx_hal_crc.c ****   * @{
  66:Drivers/STM32L4xx_HAL_Driver/Src/stm32l4xx_hal_crc.c ****   */
  67:Drivers/STM32L4xx_HAL_Driver/Src/stm32l4xx_hal_crc.c **** static uint32_t CRC_Handle_8(CRC_HandleTypeDef *hcrc, uint8_t pBuffer[], uint32_t BufferLength);
  68:Drivers/STM32L4xx_HAL_Driver/Src/stm32l4xx_hal_crc.c **** static uint32_t CRC_Handle_16(CRC_HandleTypeDef *hcrc, uint16_t pBuffer[], uint32_t BufferLength);
  69:Drivers/STM32L4xx_HAL_Driver/Src/stm32l4xx_hal_crc.c **** /**
  70:Drivers/STM32L4xx_HAL_Driver/Src/stm32l4xx_hal_crc.c ****   * @}
  71:Drivers/STM32L4xx_HAL_Driver/Src/stm32l4xx_hal_crc.c ****   */
  72:Drivers/STM32L4xx_HAL_Driver/Src/stm32l4xx_hal_crc.c **** 
  73:Drivers/STM32L4xx_HAL_Driver/Src/stm32l4xx_hal_crc.c **** /* Exported functions --------------------------------------------------------*/
  74:Drivers/STM32L4xx_HAL_Driver/Src/stm32l4xx_hal_crc.c **** 
  75:Drivers/STM32L4xx_HAL_Driver/Src/stm32l4xx_hal_crc.c **** /** @defgroup CRC_Exported_Functions CRC Exported Functions
  76:Drivers/STM32L4xx_HAL_Driver/Src/stm32l4xx_hal_crc.c ****   * @{
  77:Drivers/STM32L4xx_HAL_Driver/Src/stm32l4xx_hal_crc.c ****   */
  78:Drivers/STM32L4xx_HAL_Driver/Src/stm32l4xx_hal_crc.c **** 
  79:Drivers/STM32L4xx_HAL_Driver/Src/stm32l4xx_hal_crc.c **** /** @defgroup CRC_Exported_Functions_Group1 Initialization and de-initialization functions
  80:Drivers/STM32L4xx_HAL_Driver/Src/stm32l4xx_hal_crc.c ****   *  @brief    Initialization and Configuration functions.
  81:Drivers/STM32L4xx_HAL_Driver/Src/stm32l4xx_hal_crc.c ****   *
  82:Drivers/STM32L4xx_HAL_Driver/Src/stm32l4xx_hal_crc.c **** @verbatim
  83:Drivers/STM32L4xx_HAL_Driver/Src/stm32l4xx_hal_crc.c ****  ===============================================================================
  84:Drivers/STM32L4xx_HAL_Driver/Src/stm32l4xx_hal_crc.c ****             ##### Initialization and de-initialization functions #####
  85:Drivers/STM32L4xx_HAL_Driver/Src/stm32l4xx_hal_crc.c ****  ===============================================================================
  86:Drivers/STM32L4xx_HAL_Driver/Src/stm32l4xx_hal_crc.c ****     [..]  This section provides functions allowing to:
  87:Drivers/STM32L4xx_HAL_Driver/Src/stm32l4xx_hal_crc.c ****       (+) Initialize the CRC according to the specified parameters
ARM GAS  C:\Users\adisa\AppData\Local\Temp\cc5eJKND.s 			page 3


  88:Drivers/STM32L4xx_HAL_Driver/Src/stm32l4xx_hal_crc.c ****           in the CRC_InitTypeDef and create the associated handle
  89:Drivers/STM32L4xx_HAL_Driver/Src/stm32l4xx_hal_crc.c ****       (+) DeInitialize the CRC peripheral
  90:Drivers/STM32L4xx_HAL_Driver/Src/stm32l4xx_hal_crc.c ****       (+) Initialize the CRC MSP (MCU Specific Package)
  91:Drivers/STM32L4xx_HAL_Driver/Src/stm32l4xx_hal_crc.c ****       (+) DeInitialize the CRC MSP
  92:Drivers/STM32L4xx_HAL_Driver/Src/stm32l4xx_hal_crc.c **** 
  93:Drivers/STM32L4xx_HAL_Driver/Src/stm32l4xx_hal_crc.c **** @endverbatim
  94:Drivers/STM32L4xx_HAL_Driver/Src/stm32l4xx_hal_crc.c ****   * @{
  95:Drivers/STM32L4xx_HAL_Driver/Src/stm32l4xx_hal_crc.c ****   */
  96:Drivers/STM32L4xx_HAL_Driver/Src/stm32l4xx_hal_crc.c **** 
  97:Drivers/STM32L4xx_HAL_Driver/Src/stm32l4xx_hal_crc.c **** /**
  98:Drivers/STM32L4xx_HAL_Driver/Src/stm32l4xx_hal_crc.c ****   * @brief  Initialize the CRC according to the specified
  99:Drivers/STM32L4xx_HAL_Driver/Src/stm32l4xx_hal_crc.c ****   *         parameters in the CRC_InitTypeDef and create the associated handle.
 100:Drivers/STM32L4xx_HAL_Driver/Src/stm32l4xx_hal_crc.c ****   * @param  hcrc CRC handle
 101:Drivers/STM32L4xx_HAL_Driver/Src/stm32l4xx_hal_crc.c ****   * @retval HAL status
 102:Drivers/STM32L4xx_HAL_Driver/Src/stm32l4xx_hal_crc.c ****   */
 103:Drivers/STM32L4xx_HAL_Driver/Src/stm32l4xx_hal_crc.c **** HAL_StatusTypeDef HAL_CRC_Init(CRC_HandleTypeDef *hcrc)
 104:Drivers/STM32L4xx_HAL_Driver/Src/stm32l4xx_hal_crc.c **** {
 105:Drivers/STM32L4xx_HAL_Driver/Src/stm32l4xx_hal_crc.c ****   /* Check the CRC handle allocation */
 106:Drivers/STM32L4xx_HAL_Driver/Src/stm32l4xx_hal_crc.c ****   if (hcrc == NULL)
 107:Drivers/STM32L4xx_HAL_Driver/Src/stm32l4xx_hal_crc.c ****   {
 108:Drivers/STM32L4xx_HAL_Driver/Src/stm32l4xx_hal_crc.c ****     return HAL_ERROR;
 109:Drivers/STM32L4xx_HAL_Driver/Src/stm32l4xx_hal_crc.c ****   }
 110:Drivers/STM32L4xx_HAL_Driver/Src/stm32l4xx_hal_crc.c **** 
 111:Drivers/STM32L4xx_HAL_Driver/Src/stm32l4xx_hal_crc.c ****   /* Check the parameters */
 112:Drivers/STM32L4xx_HAL_Driver/Src/stm32l4xx_hal_crc.c ****   assert_param(IS_CRC_ALL_INSTANCE(hcrc->Instance));
 113:Drivers/STM32L4xx_HAL_Driver/Src/stm32l4xx_hal_crc.c **** 
 114:Drivers/STM32L4xx_HAL_Driver/Src/stm32l4xx_hal_crc.c ****   if (hcrc->State == HAL_CRC_STATE_RESET)
 115:Drivers/STM32L4xx_HAL_Driver/Src/stm32l4xx_hal_crc.c ****   {
 116:Drivers/STM32L4xx_HAL_Driver/Src/stm32l4xx_hal_crc.c ****     /* Allocate lock resource and initialize it */
 117:Drivers/STM32L4xx_HAL_Driver/Src/stm32l4xx_hal_crc.c ****     hcrc->Lock = HAL_UNLOCKED;
 118:Drivers/STM32L4xx_HAL_Driver/Src/stm32l4xx_hal_crc.c ****     /* Init the low level hardware */
 119:Drivers/STM32L4xx_HAL_Driver/Src/stm32l4xx_hal_crc.c ****     HAL_CRC_MspInit(hcrc);
 120:Drivers/STM32L4xx_HAL_Driver/Src/stm32l4xx_hal_crc.c ****   }
 121:Drivers/STM32L4xx_HAL_Driver/Src/stm32l4xx_hal_crc.c **** 
 122:Drivers/STM32L4xx_HAL_Driver/Src/stm32l4xx_hal_crc.c ****   hcrc->State = HAL_CRC_STATE_BUSY;
 123:Drivers/STM32L4xx_HAL_Driver/Src/stm32l4xx_hal_crc.c **** 
 124:Drivers/STM32L4xx_HAL_Driver/Src/stm32l4xx_hal_crc.c ****   /* check whether or not non-default generating polynomial has been
 125:Drivers/STM32L4xx_HAL_Driver/Src/stm32l4xx_hal_crc.c ****    * picked up by user */
 126:Drivers/STM32L4xx_HAL_Driver/Src/stm32l4xx_hal_crc.c ****   assert_param(IS_DEFAULT_POLYNOMIAL(hcrc->Init.DefaultPolynomialUse));
 127:Drivers/STM32L4xx_HAL_Driver/Src/stm32l4xx_hal_crc.c ****   if (hcrc->Init.DefaultPolynomialUse == DEFAULT_POLYNOMIAL_ENABLE)
 128:Drivers/STM32L4xx_HAL_Driver/Src/stm32l4xx_hal_crc.c ****   {
 129:Drivers/STM32L4xx_HAL_Driver/Src/stm32l4xx_hal_crc.c ****     /* initialize peripheral with default generating polynomial */
 130:Drivers/STM32L4xx_HAL_Driver/Src/stm32l4xx_hal_crc.c ****     WRITE_REG(hcrc->Instance->POL, DEFAULT_CRC32_POLY);
 131:Drivers/STM32L4xx_HAL_Driver/Src/stm32l4xx_hal_crc.c ****     MODIFY_REG(hcrc->Instance->CR, CRC_CR_POLYSIZE, CRC_POLYLENGTH_32B);
 132:Drivers/STM32L4xx_HAL_Driver/Src/stm32l4xx_hal_crc.c ****   }
 133:Drivers/STM32L4xx_HAL_Driver/Src/stm32l4xx_hal_crc.c ****   else
 134:Drivers/STM32L4xx_HAL_Driver/Src/stm32l4xx_hal_crc.c ****   {
 135:Drivers/STM32L4xx_HAL_Driver/Src/stm32l4xx_hal_crc.c ****     /* initialize CRC peripheral with generating polynomial defined by user */
 136:Drivers/STM32L4xx_HAL_Driver/Src/stm32l4xx_hal_crc.c ****     if (HAL_CRCEx_Polynomial_Set(hcrc, hcrc->Init.GeneratingPolynomial, hcrc->Init.CRCLength) != HA
 137:Drivers/STM32L4xx_HAL_Driver/Src/stm32l4xx_hal_crc.c ****     {
 138:Drivers/STM32L4xx_HAL_Driver/Src/stm32l4xx_hal_crc.c ****       return HAL_ERROR;
 139:Drivers/STM32L4xx_HAL_Driver/Src/stm32l4xx_hal_crc.c ****     }
 140:Drivers/STM32L4xx_HAL_Driver/Src/stm32l4xx_hal_crc.c ****   }
 141:Drivers/STM32L4xx_HAL_Driver/Src/stm32l4xx_hal_crc.c **** 
 142:Drivers/STM32L4xx_HAL_Driver/Src/stm32l4xx_hal_crc.c ****   /* check whether or not non-default CRC initial value has been
 143:Drivers/STM32L4xx_HAL_Driver/Src/stm32l4xx_hal_crc.c ****    * picked up by user */
 144:Drivers/STM32L4xx_HAL_Driver/Src/stm32l4xx_hal_crc.c ****   assert_param(IS_DEFAULT_INIT_VALUE(hcrc->Init.DefaultInitValueUse));
ARM GAS  C:\Users\adisa\AppData\Local\Temp\cc5eJKND.s 			page 4


 145:Drivers/STM32L4xx_HAL_Driver/Src/stm32l4xx_hal_crc.c ****   if (hcrc->Init.DefaultInitValueUse == DEFAULT_INIT_VALUE_ENABLE)
 146:Drivers/STM32L4xx_HAL_Driver/Src/stm32l4xx_hal_crc.c ****   {
 147:Drivers/STM32L4xx_HAL_Driver/Src/stm32l4xx_hal_crc.c ****     WRITE_REG(hcrc->Instance->INIT, DEFAULT_CRC_INITVALUE);
 148:Drivers/STM32L4xx_HAL_Driver/Src/stm32l4xx_hal_crc.c ****   }
 149:Drivers/STM32L4xx_HAL_Driver/Src/stm32l4xx_hal_crc.c ****   else
 150:Drivers/STM32L4xx_HAL_Driver/Src/stm32l4xx_hal_crc.c ****   {
 151:Drivers/STM32L4xx_HAL_Driver/Src/stm32l4xx_hal_crc.c ****     WRITE_REG(hcrc->Instance->INIT, hcrc->Init.InitValue);
 152:Drivers/STM32L4xx_HAL_Driver/Src/stm32l4xx_hal_crc.c ****   }
 153:Drivers/STM32L4xx_HAL_Driver/Src/stm32l4xx_hal_crc.c **** 
 154:Drivers/STM32L4xx_HAL_Driver/Src/stm32l4xx_hal_crc.c **** 
 155:Drivers/STM32L4xx_HAL_Driver/Src/stm32l4xx_hal_crc.c ****   /* set input data inversion mode */
 156:Drivers/STM32L4xx_HAL_Driver/Src/stm32l4xx_hal_crc.c ****   assert_param(IS_CRC_INPUTDATA_INVERSION_MODE(hcrc->Init.InputDataInversionMode));
 157:Drivers/STM32L4xx_HAL_Driver/Src/stm32l4xx_hal_crc.c ****   MODIFY_REG(hcrc->Instance->CR, CRC_CR_REV_IN, hcrc->Init.InputDataInversionMode);
 158:Drivers/STM32L4xx_HAL_Driver/Src/stm32l4xx_hal_crc.c **** 
 159:Drivers/STM32L4xx_HAL_Driver/Src/stm32l4xx_hal_crc.c ****   /* set output data inversion mode */
 160:Drivers/STM32L4xx_HAL_Driver/Src/stm32l4xx_hal_crc.c ****   assert_param(IS_CRC_OUTPUTDATA_INVERSION_MODE(hcrc->Init.OutputDataInversionMode));
 161:Drivers/STM32L4xx_HAL_Driver/Src/stm32l4xx_hal_crc.c ****   MODIFY_REG(hcrc->Instance->CR, CRC_CR_REV_OUT, hcrc->Init.OutputDataInversionMode);
 162:Drivers/STM32L4xx_HAL_Driver/Src/stm32l4xx_hal_crc.c **** 
 163:Drivers/STM32L4xx_HAL_Driver/Src/stm32l4xx_hal_crc.c ****   /* makes sure the input data format (bytes, halfwords or words stream)
 164:Drivers/STM32L4xx_HAL_Driver/Src/stm32l4xx_hal_crc.c ****    * is properly specified by user */
 165:Drivers/STM32L4xx_HAL_Driver/Src/stm32l4xx_hal_crc.c ****   assert_param(IS_CRC_INPUTDATA_FORMAT(hcrc->InputDataFormat));
 166:Drivers/STM32L4xx_HAL_Driver/Src/stm32l4xx_hal_crc.c **** 
 167:Drivers/STM32L4xx_HAL_Driver/Src/stm32l4xx_hal_crc.c ****   /* Change CRC peripheral state */
 168:Drivers/STM32L4xx_HAL_Driver/Src/stm32l4xx_hal_crc.c ****   hcrc->State = HAL_CRC_STATE_READY;
 169:Drivers/STM32L4xx_HAL_Driver/Src/stm32l4xx_hal_crc.c **** 
 170:Drivers/STM32L4xx_HAL_Driver/Src/stm32l4xx_hal_crc.c ****   /* Return function status */
 171:Drivers/STM32L4xx_HAL_Driver/Src/stm32l4xx_hal_crc.c ****   return HAL_OK;
 172:Drivers/STM32L4xx_HAL_Driver/Src/stm32l4xx_hal_crc.c **** }
 173:Drivers/STM32L4xx_HAL_Driver/Src/stm32l4xx_hal_crc.c **** 
 174:Drivers/STM32L4xx_HAL_Driver/Src/stm32l4xx_hal_crc.c **** /**
 175:Drivers/STM32L4xx_HAL_Driver/Src/stm32l4xx_hal_crc.c ****   * @brief  DeInitialize the CRC peripheral.
 176:Drivers/STM32L4xx_HAL_Driver/Src/stm32l4xx_hal_crc.c ****   * @param  hcrc CRC handle
 177:Drivers/STM32L4xx_HAL_Driver/Src/stm32l4xx_hal_crc.c ****   * @retval HAL status
 178:Drivers/STM32L4xx_HAL_Driver/Src/stm32l4xx_hal_crc.c ****   */
 179:Drivers/STM32L4xx_HAL_Driver/Src/stm32l4xx_hal_crc.c **** HAL_StatusTypeDef HAL_CRC_DeInit(CRC_HandleTypeDef *hcrc)
 180:Drivers/STM32L4xx_HAL_Driver/Src/stm32l4xx_hal_crc.c **** {
 181:Drivers/STM32L4xx_HAL_Driver/Src/stm32l4xx_hal_crc.c ****   /* Check the CRC handle allocation */
 182:Drivers/STM32L4xx_HAL_Driver/Src/stm32l4xx_hal_crc.c ****   if (hcrc == NULL)
 183:Drivers/STM32L4xx_HAL_Driver/Src/stm32l4xx_hal_crc.c ****   {
 184:Drivers/STM32L4xx_HAL_Driver/Src/stm32l4xx_hal_crc.c ****     return HAL_ERROR;
 185:Drivers/STM32L4xx_HAL_Driver/Src/stm32l4xx_hal_crc.c ****   }
 186:Drivers/STM32L4xx_HAL_Driver/Src/stm32l4xx_hal_crc.c **** 
 187:Drivers/STM32L4xx_HAL_Driver/Src/stm32l4xx_hal_crc.c ****   /* Check the parameters */
 188:Drivers/STM32L4xx_HAL_Driver/Src/stm32l4xx_hal_crc.c ****   assert_param(IS_CRC_ALL_INSTANCE(hcrc->Instance));
 189:Drivers/STM32L4xx_HAL_Driver/Src/stm32l4xx_hal_crc.c **** 
 190:Drivers/STM32L4xx_HAL_Driver/Src/stm32l4xx_hal_crc.c ****   /* Check the CRC peripheral state */
 191:Drivers/STM32L4xx_HAL_Driver/Src/stm32l4xx_hal_crc.c ****   if (hcrc->State == HAL_CRC_STATE_BUSY)
 192:Drivers/STM32L4xx_HAL_Driver/Src/stm32l4xx_hal_crc.c ****   {
 193:Drivers/STM32L4xx_HAL_Driver/Src/stm32l4xx_hal_crc.c ****     return HAL_BUSY;
 194:Drivers/STM32L4xx_HAL_Driver/Src/stm32l4xx_hal_crc.c ****   }
 195:Drivers/STM32L4xx_HAL_Driver/Src/stm32l4xx_hal_crc.c **** 
 196:Drivers/STM32L4xx_HAL_Driver/Src/stm32l4xx_hal_crc.c ****   /* Change CRC peripheral state */
 197:Drivers/STM32L4xx_HAL_Driver/Src/stm32l4xx_hal_crc.c ****   hcrc->State = HAL_CRC_STATE_BUSY;
 198:Drivers/STM32L4xx_HAL_Driver/Src/stm32l4xx_hal_crc.c **** 
 199:Drivers/STM32L4xx_HAL_Driver/Src/stm32l4xx_hal_crc.c ****   /* Reset CRC calculation unit */
 200:Drivers/STM32L4xx_HAL_Driver/Src/stm32l4xx_hal_crc.c ****   __HAL_CRC_DR_RESET(hcrc);
 201:Drivers/STM32L4xx_HAL_Driver/Src/stm32l4xx_hal_crc.c **** 
ARM GAS  C:\Users\adisa\AppData\Local\Temp\cc5eJKND.s 			page 5


 202:Drivers/STM32L4xx_HAL_Driver/Src/stm32l4xx_hal_crc.c **** #if defined(CRC_IDR32BITSLENGTH_SUPPORT)
 203:Drivers/STM32L4xx_HAL_Driver/Src/stm32l4xx_hal_crc.c ****   /* Reset IDR register content */
 204:Drivers/STM32L4xx_HAL_Driver/Src/stm32l4xx_hal_crc.c ****   __HAL_CRC_SET_IDR(hcrc, 0);
 205:Drivers/STM32L4xx_HAL_Driver/Src/stm32l4xx_hal_crc.c **** 
 206:Drivers/STM32L4xx_HAL_Driver/Src/stm32l4xx_hal_crc.c **** #else
 207:Drivers/STM32L4xx_HAL_Driver/Src/stm32l4xx_hal_crc.c ****   /* Reset IDR register content */
 208:Drivers/STM32L4xx_HAL_Driver/Src/stm32l4xx_hal_crc.c ****   CLEAR_REG(hcrc->Instance->IDR);
 209:Drivers/STM32L4xx_HAL_Driver/Src/stm32l4xx_hal_crc.c **** 
 210:Drivers/STM32L4xx_HAL_Driver/Src/stm32l4xx_hal_crc.c **** #endif /* CRC_IDR32BITSLENGTH_SUPPORT */
 211:Drivers/STM32L4xx_HAL_Driver/Src/stm32l4xx_hal_crc.c ****   /* DeInit the low level hardware */
 212:Drivers/STM32L4xx_HAL_Driver/Src/stm32l4xx_hal_crc.c ****   HAL_CRC_MspDeInit(hcrc);
 213:Drivers/STM32L4xx_HAL_Driver/Src/stm32l4xx_hal_crc.c **** 
 214:Drivers/STM32L4xx_HAL_Driver/Src/stm32l4xx_hal_crc.c ****   /* Change CRC peripheral state */
 215:Drivers/STM32L4xx_HAL_Driver/Src/stm32l4xx_hal_crc.c ****   hcrc->State = HAL_CRC_STATE_RESET;
 216:Drivers/STM32L4xx_HAL_Driver/Src/stm32l4xx_hal_crc.c **** 
 217:Drivers/STM32L4xx_HAL_Driver/Src/stm32l4xx_hal_crc.c ****   /* Process unlocked */
 218:Drivers/STM32L4xx_HAL_Driver/Src/stm32l4xx_hal_crc.c ****   __HAL_UNLOCK(hcrc);
 219:Drivers/STM32L4xx_HAL_Driver/Src/stm32l4xx_hal_crc.c **** 
 220:Drivers/STM32L4xx_HAL_Driver/Src/stm32l4xx_hal_crc.c ****   /* Return function status */
 221:Drivers/STM32L4xx_HAL_Driver/Src/stm32l4xx_hal_crc.c ****   return HAL_OK;
 222:Drivers/STM32L4xx_HAL_Driver/Src/stm32l4xx_hal_crc.c **** }
 223:Drivers/STM32L4xx_HAL_Driver/Src/stm32l4xx_hal_crc.c **** 
 224:Drivers/STM32L4xx_HAL_Driver/Src/stm32l4xx_hal_crc.c **** /**
 225:Drivers/STM32L4xx_HAL_Driver/Src/stm32l4xx_hal_crc.c ****   * @brief  Initializes the CRC MSP.
 226:Drivers/STM32L4xx_HAL_Driver/Src/stm32l4xx_hal_crc.c ****   * @param  hcrc CRC handle
 227:Drivers/STM32L4xx_HAL_Driver/Src/stm32l4xx_hal_crc.c ****   * @retval None
 228:Drivers/STM32L4xx_HAL_Driver/Src/stm32l4xx_hal_crc.c ****   */
 229:Drivers/STM32L4xx_HAL_Driver/Src/stm32l4xx_hal_crc.c **** __weak void HAL_CRC_MspInit(CRC_HandleTypeDef *hcrc)
 230:Drivers/STM32L4xx_HAL_Driver/Src/stm32l4xx_hal_crc.c **** {
 231:Drivers/STM32L4xx_HAL_Driver/Src/stm32l4xx_hal_crc.c ****   /* Prevent unused argument(s) compilation warning */
 232:Drivers/STM32L4xx_HAL_Driver/Src/stm32l4xx_hal_crc.c ****   UNUSED(hcrc);
 233:Drivers/STM32L4xx_HAL_Driver/Src/stm32l4xx_hal_crc.c **** 
 234:Drivers/STM32L4xx_HAL_Driver/Src/stm32l4xx_hal_crc.c ****   /* NOTE : This function should not be modified, when the callback is needed,
 235:Drivers/STM32L4xx_HAL_Driver/Src/stm32l4xx_hal_crc.c ****             the HAL_CRC_MspInit can be implemented in the user file
 236:Drivers/STM32L4xx_HAL_Driver/Src/stm32l4xx_hal_crc.c ****    */
 237:Drivers/STM32L4xx_HAL_Driver/Src/stm32l4xx_hal_crc.c **** }
 238:Drivers/STM32L4xx_HAL_Driver/Src/stm32l4xx_hal_crc.c **** 
 239:Drivers/STM32L4xx_HAL_Driver/Src/stm32l4xx_hal_crc.c **** /**
 240:Drivers/STM32L4xx_HAL_Driver/Src/stm32l4xx_hal_crc.c ****   * @brief  DeInitialize the CRC MSP.
 241:Drivers/STM32L4xx_HAL_Driver/Src/stm32l4xx_hal_crc.c ****   * @param  hcrc CRC handle
 242:Drivers/STM32L4xx_HAL_Driver/Src/stm32l4xx_hal_crc.c ****   * @retval None
 243:Drivers/STM32L4xx_HAL_Driver/Src/stm32l4xx_hal_crc.c ****   */
 244:Drivers/STM32L4xx_HAL_Driver/Src/stm32l4xx_hal_crc.c **** __weak void HAL_CRC_MspDeInit(CRC_HandleTypeDef *hcrc)
 245:Drivers/STM32L4xx_HAL_Driver/Src/stm32l4xx_hal_crc.c **** {
 246:Drivers/STM32L4xx_HAL_Driver/Src/stm32l4xx_hal_crc.c ****   /* Prevent unused argument(s) compilation warning */
 247:Drivers/STM32L4xx_HAL_Driver/Src/stm32l4xx_hal_crc.c ****   UNUSED(hcrc);
 248:Drivers/STM32L4xx_HAL_Driver/Src/stm32l4xx_hal_crc.c **** 
 249:Drivers/STM32L4xx_HAL_Driver/Src/stm32l4xx_hal_crc.c ****   /* NOTE : This function should not be modified, when the callback is needed,
 250:Drivers/STM32L4xx_HAL_Driver/Src/stm32l4xx_hal_crc.c ****             the HAL_CRC_MspDeInit can be implemented in the user file
 251:Drivers/STM32L4xx_HAL_Driver/Src/stm32l4xx_hal_crc.c ****    */
 252:Drivers/STM32L4xx_HAL_Driver/Src/stm32l4xx_hal_crc.c **** }
 253:Drivers/STM32L4xx_HAL_Driver/Src/stm32l4xx_hal_crc.c **** 
 254:Drivers/STM32L4xx_HAL_Driver/Src/stm32l4xx_hal_crc.c **** /**
 255:Drivers/STM32L4xx_HAL_Driver/Src/stm32l4xx_hal_crc.c ****   * @}
 256:Drivers/STM32L4xx_HAL_Driver/Src/stm32l4xx_hal_crc.c ****   */
 257:Drivers/STM32L4xx_HAL_Driver/Src/stm32l4xx_hal_crc.c **** 
 258:Drivers/STM32L4xx_HAL_Driver/Src/stm32l4xx_hal_crc.c **** /** @defgroup CRC_Exported_Functions_Group2 Peripheral Control functions
ARM GAS  C:\Users\adisa\AppData\Local\Temp\cc5eJKND.s 			page 6


 259:Drivers/STM32L4xx_HAL_Driver/Src/stm32l4xx_hal_crc.c ****   *  @brief    management functions.
 260:Drivers/STM32L4xx_HAL_Driver/Src/stm32l4xx_hal_crc.c ****   *
 261:Drivers/STM32L4xx_HAL_Driver/Src/stm32l4xx_hal_crc.c **** @verbatim
 262:Drivers/STM32L4xx_HAL_Driver/Src/stm32l4xx_hal_crc.c ****  ===============================================================================
 263:Drivers/STM32L4xx_HAL_Driver/Src/stm32l4xx_hal_crc.c ****                       ##### Peripheral Control functions #####
 264:Drivers/STM32L4xx_HAL_Driver/Src/stm32l4xx_hal_crc.c ****  ===============================================================================
 265:Drivers/STM32L4xx_HAL_Driver/Src/stm32l4xx_hal_crc.c ****     [..]  This section provides functions allowing to:
 266:Drivers/STM32L4xx_HAL_Driver/Src/stm32l4xx_hal_crc.c ****       (+) compute the 7, 8, 16 or 32-bit CRC value of an 8, 16 or 32-bit data buffer
 267:Drivers/STM32L4xx_HAL_Driver/Src/stm32l4xx_hal_crc.c ****           using combination of the previous CRC value and the new one.
 268:Drivers/STM32L4xx_HAL_Driver/Src/stm32l4xx_hal_crc.c **** 
 269:Drivers/STM32L4xx_HAL_Driver/Src/stm32l4xx_hal_crc.c ****        [..]  or
 270:Drivers/STM32L4xx_HAL_Driver/Src/stm32l4xx_hal_crc.c **** 
 271:Drivers/STM32L4xx_HAL_Driver/Src/stm32l4xx_hal_crc.c ****       (+) compute the 7, 8, 16 or 32-bit CRC value of an 8, 16 or 32-bit data buffer
 272:Drivers/STM32L4xx_HAL_Driver/Src/stm32l4xx_hal_crc.c ****           independently of the previous CRC value.
 273:Drivers/STM32L4xx_HAL_Driver/Src/stm32l4xx_hal_crc.c **** 
 274:Drivers/STM32L4xx_HAL_Driver/Src/stm32l4xx_hal_crc.c **** @endverbatim
 275:Drivers/STM32L4xx_HAL_Driver/Src/stm32l4xx_hal_crc.c ****   * @{
 276:Drivers/STM32L4xx_HAL_Driver/Src/stm32l4xx_hal_crc.c ****   */
 277:Drivers/STM32L4xx_HAL_Driver/Src/stm32l4xx_hal_crc.c **** 
 278:Drivers/STM32L4xx_HAL_Driver/Src/stm32l4xx_hal_crc.c **** /**
 279:Drivers/STM32L4xx_HAL_Driver/Src/stm32l4xx_hal_crc.c ****   * @brief  Compute the 7, 8, 16 or 32-bit CRC value of an 8, 16 or 32-bit data buffer
 280:Drivers/STM32L4xx_HAL_Driver/Src/stm32l4xx_hal_crc.c ****   *         starting with the previously computed CRC as initialization value.
 281:Drivers/STM32L4xx_HAL_Driver/Src/stm32l4xx_hal_crc.c ****   * @param  hcrc CRC handle
 282:Drivers/STM32L4xx_HAL_Driver/Src/stm32l4xx_hal_crc.c ****   * @param  pBuffer pointer to the input data buffer, exact input data format is
 283:Drivers/STM32L4xx_HAL_Driver/Src/stm32l4xx_hal_crc.c ****   *         provided by hcrc->InputDataFormat.
 284:Drivers/STM32L4xx_HAL_Driver/Src/stm32l4xx_hal_crc.c ****   * @param  BufferLength input data buffer length (number of bytes if pBuffer
 285:Drivers/STM32L4xx_HAL_Driver/Src/stm32l4xx_hal_crc.c ****   *         type is * uint8_t, number of half-words if pBuffer type is * uint16_t,
 286:Drivers/STM32L4xx_HAL_Driver/Src/stm32l4xx_hal_crc.c ****   *         number of words if pBuffer type is * uint32_t).
 287:Drivers/STM32L4xx_HAL_Driver/Src/stm32l4xx_hal_crc.c ****   * @note  By default, the API expects a uint32_t pointer as input buffer parameter.
 288:Drivers/STM32L4xx_HAL_Driver/Src/stm32l4xx_hal_crc.c ****   *        Input buffer pointers with other types simply need to be cast in uint32_t
 289:Drivers/STM32L4xx_HAL_Driver/Src/stm32l4xx_hal_crc.c ****   *        and the API will internally adjust its input data processing based on the
 290:Drivers/STM32L4xx_HAL_Driver/Src/stm32l4xx_hal_crc.c ****   *        handle field hcrc->InputDataFormat.
 291:Drivers/STM32L4xx_HAL_Driver/Src/stm32l4xx_hal_crc.c ****   * @retval uint32_t CRC (returned value LSBs for CRC shorter than 32 bits)
 292:Drivers/STM32L4xx_HAL_Driver/Src/stm32l4xx_hal_crc.c ****   */
 293:Drivers/STM32L4xx_HAL_Driver/Src/stm32l4xx_hal_crc.c **** uint32_t HAL_CRC_Accumulate(CRC_HandleTypeDef *hcrc, uint32_t pBuffer[], uint32_t BufferLength)
 294:Drivers/STM32L4xx_HAL_Driver/Src/stm32l4xx_hal_crc.c **** {
 295:Drivers/STM32L4xx_HAL_Driver/Src/stm32l4xx_hal_crc.c ****   uint32_t index;      /* CRC input data buffer index */
 296:Drivers/STM32L4xx_HAL_Driver/Src/stm32l4xx_hal_crc.c ****   uint32_t temp = 0U;  /* CRC output (read from hcrc->Instance->DR register) */
 297:Drivers/STM32L4xx_HAL_Driver/Src/stm32l4xx_hal_crc.c **** 
 298:Drivers/STM32L4xx_HAL_Driver/Src/stm32l4xx_hal_crc.c ****   /* Change CRC peripheral state */
 299:Drivers/STM32L4xx_HAL_Driver/Src/stm32l4xx_hal_crc.c ****   hcrc->State = HAL_CRC_STATE_BUSY;
 300:Drivers/STM32L4xx_HAL_Driver/Src/stm32l4xx_hal_crc.c **** 
 301:Drivers/STM32L4xx_HAL_Driver/Src/stm32l4xx_hal_crc.c ****   switch (hcrc->InputDataFormat)
 302:Drivers/STM32L4xx_HAL_Driver/Src/stm32l4xx_hal_crc.c ****   {
 303:Drivers/STM32L4xx_HAL_Driver/Src/stm32l4xx_hal_crc.c ****     case CRC_INPUTDATA_FORMAT_WORDS:
 304:Drivers/STM32L4xx_HAL_Driver/Src/stm32l4xx_hal_crc.c ****       /* Enter Data to the CRC calculator */
 305:Drivers/STM32L4xx_HAL_Driver/Src/stm32l4xx_hal_crc.c ****       for (index = 0U; index < BufferLength; index++)
 306:Drivers/STM32L4xx_HAL_Driver/Src/stm32l4xx_hal_crc.c ****       {
 307:Drivers/STM32L4xx_HAL_Driver/Src/stm32l4xx_hal_crc.c ****         hcrc->Instance->DR = pBuffer[index];
 308:Drivers/STM32L4xx_HAL_Driver/Src/stm32l4xx_hal_crc.c ****       }
 309:Drivers/STM32L4xx_HAL_Driver/Src/stm32l4xx_hal_crc.c ****       temp = hcrc->Instance->DR;
 310:Drivers/STM32L4xx_HAL_Driver/Src/stm32l4xx_hal_crc.c ****       break;
 311:Drivers/STM32L4xx_HAL_Driver/Src/stm32l4xx_hal_crc.c **** 
 312:Drivers/STM32L4xx_HAL_Driver/Src/stm32l4xx_hal_crc.c ****     case CRC_INPUTDATA_FORMAT_BYTES:
 313:Drivers/STM32L4xx_HAL_Driver/Src/stm32l4xx_hal_crc.c ****       temp = CRC_Handle_8(hcrc, (uint8_t *)pBuffer, BufferLength);
 314:Drivers/STM32L4xx_HAL_Driver/Src/stm32l4xx_hal_crc.c ****       break;
 315:Drivers/STM32L4xx_HAL_Driver/Src/stm32l4xx_hal_crc.c **** 
ARM GAS  C:\Users\adisa\AppData\Local\Temp\cc5eJKND.s 			page 7


 316:Drivers/STM32L4xx_HAL_Driver/Src/stm32l4xx_hal_crc.c ****     case CRC_INPUTDATA_FORMAT_HALFWORDS:
 317:Drivers/STM32L4xx_HAL_Driver/Src/stm32l4xx_hal_crc.c ****       temp = CRC_Handle_16(hcrc, (uint16_t *)(void *)pBuffer, BufferLength);    /* Derogation Misra
 318:Drivers/STM32L4xx_HAL_Driver/Src/stm32l4xx_hal_crc.c ****       break;
 319:Drivers/STM32L4xx_HAL_Driver/Src/stm32l4xx_hal_crc.c ****     default:
 320:Drivers/STM32L4xx_HAL_Driver/Src/stm32l4xx_hal_crc.c ****       break;
 321:Drivers/STM32L4xx_HAL_Driver/Src/stm32l4xx_hal_crc.c ****   }
 322:Drivers/STM32L4xx_HAL_Driver/Src/stm32l4xx_hal_crc.c **** 
 323:Drivers/STM32L4xx_HAL_Driver/Src/stm32l4xx_hal_crc.c ****   /* Change CRC peripheral state */
 324:Drivers/STM32L4xx_HAL_Driver/Src/stm32l4xx_hal_crc.c ****   hcrc->State = HAL_CRC_STATE_READY;
 325:Drivers/STM32L4xx_HAL_Driver/Src/stm32l4xx_hal_crc.c **** 
 326:Drivers/STM32L4xx_HAL_Driver/Src/stm32l4xx_hal_crc.c ****   /* Return the CRC computed value */
 327:Drivers/STM32L4xx_HAL_Driver/Src/stm32l4xx_hal_crc.c ****   return temp;
 328:Drivers/STM32L4xx_HAL_Driver/Src/stm32l4xx_hal_crc.c **** }
 329:Drivers/STM32L4xx_HAL_Driver/Src/stm32l4xx_hal_crc.c **** 
 330:Drivers/STM32L4xx_HAL_Driver/Src/stm32l4xx_hal_crc.c **** /**
 331:Drivers/STM32L4xx_HAL_Driver/Src/stm32l4xx_hal_crc.c ****   * @brief  Compute the 7, 8, 16 or 32-bit CRC value of an 8, 16 or 32-bit data buffer
 332:Drivers/STM32L4xx_HAL_Driver/Src/stm32l4xx_hal_crc.c ****   *         starting with hcrc->Instance->INIT as initialization value.
 333:Drivers/STM32L4xx_HAL_Driver/Src/stm32l4xx_hal_crc.c ****   * @param  hcrc CRC handle
 334:Drivers/STM32L4xx_HAL_Driver/Src/stm32l4xx_hal_crc.c ****   * @param  pBuffer pointer to the input data buffer, exact input data format is
 335:Drivers/STM32L4xx_HAL_Driver/Src/stm32l4xx_hal_crc.c ****   *         provided by hcrc->InputDataFormat.
 336:Drivers/STM32L4xx_HAL_Driver/Src/stm32l4xx_hal_crc.c ****   * @param  BufferLength input data buffer length (number of bytes if pBuffer
 337:Drivers/STM32L4xx_HAL_Driver/Src/stm32l4xx_hal_crc.c ****   *         type is * uint8_t, number of half-words if pBuffer type is * uint16_t,
 338:Drivers/STM32L4xx_HAL_Driver/Src/stm32l4xx_hal_crc.c ****   *         number of words if pBuffer type is * uint32_t).
 339:Drivers/STM32L4xx_HAL_Driver/Src/stm32l4xx_hal_crc.c ****   * @note  By default, the API expects a uint32_t pointer as input buffer parameter.
 340:Drivers/STM32L4xx_HAL_Driver/Src/stm32l4xx_hal_crc.c ****   *        Input buffer pointers with other types simply need to be cast in uint32_t
 341:Drivers/STM32L4xx_HAL_Driver/Src/stm32l4xx_hal_crc.c ****   *        and the API will internally adjust its input data processing based on the
 342:Drivers/STM32L4xx_HAL_Driver/Src/stm32l4xx_hal_crc.c ****   *        handle field hcrc->InputDataFormat.
 343:Drivers/STM32L4xx_HAL_Driver/Src/stm32l4xx_hal_crc.c ****   * @retval uint32_t CRC (returned value LSBs for CRC shorter than 32 bits)
 344:Drivers/STM32L4xx_HAL_Driver/Src/stm32l4xx_hal_crc.c ****   */
 345:Drivers/STM32L4xx_HAL_Driver/Src/stm32l4xx_hal_crc.c **** uint32_t HAL_CRC_Calculate(CRC_HandleTypeDef *hcrc, uint32_t pBuffer[], uint32_t BufferLength)
 346:Drivers/STM32L4xx_HAL_Driver/Src/stm32l4xx_hal_crc.c **** {
 347:Drivers/STM32L4xx_HAL_Driver/Src/stm32l4xx_hal_crc.c ****   uint32_t index;      /* CRC input data buffer index */
 348:Drivers/STM32L4xx_HAL_Driver/Src/stm32l4xx_hal_crc.c ****   uint32_t temp = 0U;  /* CRC output (read from hcrc->Instance->DR register) */
 349:Drivers/STM32L4xx_HAL_Driver/Src/stm32l4xx_hal_crc.c **** 
 350:Drivers/STM32L4xx_HAL_Driver/Src/stm32l4xx_hal_crc.c ****   /* Change CRC peripheral state */
 351:Drivers/STM32L4xx_HAL_Driver/Src/stm32l4xx_hal_crc.c ****   hcrc->State = HAL_CRC_STATE_BUSY;
 352:Drivers/STM32L4xx_HAL_Driver/Src/stm32l4xx_hal_crc.c **** 
 353:Drivers/STM32L4xx_HAL_Driver/Src/stm32l4xx_hal_crc.c ****   /* Reset CRC Calculation Unit (hcrc->Instance->INIT is
 354:Drivers/STM32L4xx_HAL_Driver/Src/stm32l4xx_hal_crc.c ****   *  written in hcrc->Instance->DR) */
 355:Drivers/STM32L4xx_HAL_Driver/Src/stm32l4xx_hal_crc.c ****   __HAL_CRC_DR_RESET(hcrc);
 356:Drivers/STM32L4xx_HAL_Driver/Src/stm32l4xx_hal_crc.c **** 
 357:Drivers/STM32L4xx_HAL_Driver/Src/stm32l4xx_hal_crc.c ****   switch (hcrc->InputDataFormat)
 358:Drivers/STM32L4xx_HAL_Driver/Src/stm32l4xx_hal_crc.c ****   {
 359:Drivers/STM32L4xx_HAL_Driver/Src/stm32l4xx_hal_crc.c ****     case CRC_INPUTDATA_FORMAT_WORDS:
 360:Drivers/STM32L4xx_HAL_Driver/Src/stm32l4xx_hal_crc.c ****       /* Enter 32-bit input data to the CRC calculator */
 361:Drivers/STM32L4xx_HAL_Driver/Src/stm32l4xx_hal_crc.c ****       for (index = 0U; index < BufferLength; index++)
 362:Drivers/STM32L4xx_HAL_Driver/Src/stm32l4xx_hal_crc.c ****       {
 363:Drivers/STM32L4xx_HAL_Driver/Src/stm32l4xx_hal_crc.c ****         hcrc->Instance->DR = pBuffer[index];
 364:Drivers/STM32L4xx_HAL_Driver/Src/stm32l4xx_hal_crc.c ****       }
 365:Drivers/STM32L4xx_HAL_Driver/Src/stm32l4xx_hal_crc.c ****       temp = hcrc->Instance->DR;
 366:Drivers/STM32L4xx_HAL_Driver/Src/stm32l4xx_hal_crc.c ****       break;
 367:Drivers/STM32L4xx_HAL_Driver/Src/stm32l4xx_hal_crc.c **** 
 368:Drivers/STM32L4xx_HAL_Driver/Src/stm32l4xx_hal_crc.c ****     case CRC_INPUTDATA_FORMAT_BYTES:
 369:Drivers/STM32L4xx_HAL_Driver/Src/stm32l4xx_hal_crc.c ****       /* Specific 8-bit input data handling  */
 370:Drivers/STM32L4xx_HAL_Driver/Src/stm32l4xx_hal_crc.c ****       temp = CRC_Handle_8(hcrc, (uint8_t *)pBuffer, BufferLength);
 371:Drivers/STM32L4xx_HAL_Driver/Src/stm32l4xx_hal_crc.c ****       break;
 372:Drivers/STM32L4xx_HAL_Driver/Src/stm32l4xx_hal_crc.c **** 
ARM GAS  C:\Users\adisa\AppData\Local\Temp\cc5eJKND.s 			page 8


 373:Drivers/STM32L4xx_HAL_Driver/Src/stm32l4xx_hal_crc.c ****     case CRC_INPUTDATA_FORMAT_HALFWORDS:
 374:Drivers/STM32L4xx_HAL_Driver/Src/stm32l4xx_hal_crc.c ****       /* Specific 16-bit input data handling  */
 375:Drivers/STM32L4xx_HAL_Driver/Src/stm32l4xx_hal_crc.c ****       temp = CRC_Handle_16(hcrc, (uint16_t *)(void *)pBuffer, BufferLength);    /* Derogation Misra
 376:Drivers/STM32L4xx_HAL_Driver/Src/stm32l4xx_hal_crc.c ****       break;
 377:Drivers/STM32L4xx_HAL_Driver/Src/stm32l4xx_hal_crc.c **** 
 378:Drivers/STM32L4xx_HAL_Driver/Src/stm32l4xx_hal_crc.c ****     default:
 379:Drivers/STM32L4xx_HAL_Driver/Src/stm32l4xx_hal_crc.c ****       break;
 380:Drivers/STM32L4xx_HAL_Driver/Src/stm32l4xx_hal_crc.c ****   }
 381:Drivers/STM32L4xx_HAL_Driver/Src/stm32l4xx_hal_crc.c **** 
 382:Drivers/STM32L4xx_HAL_Driver/Src/stm32l4xx_hal_crc.c ****   /* Change CRC peripheral state */
 383:Drivers/STM32L4xx_HAL_Driver/Src/stm32l4xx_hal_crc.c ****   hcrc->State = HAL_CRC_STATE_READY;
 384:Drivers/STM32L4xx_HAL_Driver/Src/stm32l4xx_hal_crc.c **** 
 385:Drivers/STM32L4xx_HAL_Driver/Src/stm32l4xx_hal_crc.c ****   /* Return the CRC computed value */
 386:Drivers/STM32L4xx_HAL_Driver/Src/stm32l4xx_hal_crc.c ****   return temp;
 387:Drivers/STM32L4xx_HAL_Driver/Src/stm32l4xx_hal_crc.c **** }
 388:Drivers/STM32L4xx_HAL_Driver/Src/stm32l4xx_hal_crc.c **** 
 389:Drivers/STM32L4xx_HAL_Driver/Src/stm32l4xx_hal_crc.c **** /**
 390:Drivers/STM32L4xx_HAL_Driver/Src/stm32l4xx_hal_crc.c ****   * @}
 391:Drivers/STM32L4xx_HAL_Driver/Src/stm32l4xx_hal_crc.c ****   */
 392:Drivers/STM32L4xx_HAL_Driver/Src/stm32l4xx_hal_crc.c **** 
 393:Drivers/STM32L4xx_HAL_Driver/Src/stm32l4xx_hal_crc.c **** /** @defgroup CRC_Exported_Functions_Group3 Peripheral State functions
 394:Drivers/STM32L4xx_HAL_Driver/Src/stm32l4xx_hal_crc.c ****   *  @brief    Peripheral State functions.
 395:Drivers/STM32L4xx_HAL_Driver/Src/stm32l4xx_hal_crc.c ****   *
 396:Drivers/STM32L4xx_HAL_Driver/Src/stm32l4xx_hal_crc.c **** @verbatim
 397:Drivers/STM32L4xx_HAL_Driver/Src/stm32l4xx_hal_crc.c ****  ===============================================================================
 398:Drivers/STM32L4xx_HAL_Driver/Src/stm32l4xx_hal_crc.c ****                       ##### Peripheral State functions #####
 399:Drivers/STM32L4xx_HAL_Driver/Src/stm32l4xx_hal_crc.c ****  ===============================================================================
 400:Drivers/STM32L4xx_HAL_Driver/Src/stm32l4xx_hal_crc.c ****     [..]
 401:Drivers/STM32L4xx_HAL_Driver/Src/stm32l4xx_hal_crc.c ****     This subsection permits to get in run-time the status of the peripheral.
 402:Drivers/STM32L4xx_HAL_Driver/Src/stm32l4xx_hal_crc.c **** 
 403:Drivers/STM32L4xx_HAL_Driver/Src/stm32l4xx_hal_crc.c **** @endverbatim
 404:Drivers/STM32L4xx_HAL_Driver/Src/stm32l4xx_hal_crc.c ****   * @{
 405:Drivers/STM32L4xx_HAL_Driver/Src/stm32l4xx_hal_crc.c ****   */
 406:Drivers/STM32L4xx_HAL_Driver/Src/stm32l4xx_hal_crc.c **** 
 407:Drivers/STM32L4xx_HAL_Driver/Src/stm32l4xx_hal_crc.c **** /**
 408:Drivers/STM32L4xx_HAL_Driver/Src/stm32l4xx_hal_crc.c ****   * @brief  Return the CRC handle state.
 409:Drivers/STM32L4xx_HAL_Driver/Src/stm32l4xx_hal_crc.c ****   * @param  hcrc CRC handle
 410:Drivers/STM32L4xx_HAL_Driver/Src/stm32l4xx_hal_crc.c ****   * @retval HAL state
 411:Drivers/STM32L4xx_HAL_Driver/Src/stm32l4xx_hal_crc.c ****   */
 412:Drivers/STM32L4xx_HAL_Driver/Src/stm32l4xx_hal_crc.c **** HAL_CRC_StateTypeDef HAL_CRC_GetState(const CRC_HandleTypeDef *hcrc)
 413:Drivers/STM32L4xx_HAL_Driver/Src/stm32l4xx_hal_crc.c **** {
 414:Drivers/STM32L4xx_HAL_Driver/Src/stm32l4xx_hal_crc.c ****   /* Return CRC handle state */
 415:Drivers/STM32L4xx_HAL_Driver/Src/stm32l4xx_hal_crc.c ****   return hcrc->State;
 416:Drivers/STM32L4xx_HAL_Driver/Src/stm32l4xx_hal_crc.c **** }
 417:Drivers/STM32L4xx_HAL_Driver/Src/stm32l4xx_hal_crc.c **** 
 418:Drivers/STM32L4xx_HAL_Driver/Src/stm32l4xx_hal_crc.c **** /**
 419:Drivers/STM32L4xx_HAL_Driver/Src/stm32l4xx_hal_crc.c ****   * @}
 420:Drivers/STM32L4xx_HAL_Driver/Src/stm32l4xx_hal_crc.c ****   */
 421:Drivers/STM32L4xx_HAL_Driver/Src/stm32l4xx_hal_crc.c **** 
 422:Drivers/STM32L4xx_HAL_Driver/Src/stm32l4xx_hal_crc.c **** /**
 423:Drivers/STM32L4xx_HAL_Driver/Src/stm32l4xx_hal_crc.c ****   * @}
 424:Drivers/STM32L4xx_HAL_Driver/Src/stm32l4xx_hal_crc.c ****   */
 425:Drivers/STM32L4xx_HAL_Driver/Src/stm32l4xx_hal_crc.c **** 
 426:Drivers/STM32L4xx_HAL_Driver/Src/stm32l4xx_hal_crc.c **** /** @addtogroup CRC_Private_Functions
 427:Drivers/STM32L4xx_HAL_Driver/Src/stm32l4xx_hal_crc.c ****   * @{
 428:Drivers/STM32L4xx_HAL_Driver/Src/stm32l4xx_hal_crc.c ****   */
 429:Drivers/STM32L4xx_HAL_Driver/Src/stm32l4xx_hal_crc.c **** 
ARM GAS  C:\Users\adisa\AppData\Local\Temp\cc5eJKND.s 			page 9


 430:Drivers/STM32L4xx_HAL_Driver/Src/stm32l4xx_hal_crc.c **** /**
 431:Drivers/STM32L4xx_HAL_Driver/Src/stm32l4xx_hal_crc.c ****   * @brief  Enter 8-bit input data to the CRC calculator.
 432:Drivers/STM32L4xx_HAL_Driver/Src/stm32l4xx_hal_crc.c ****   *         Specific data handling to optimize processing time.
 433:Drivers/STM32L4xx_HAL_Driver/Src/stm32l4xx_hal_crc.c ****   * @param  hcrc CRC handle
 434:Drivers/STM32L4xx_HAL_Driver/Src/stm32l4xx_hal_crc.c ****   * @param  pBuffer pointer to the input data buffer
 435:Drivers/STM32L4xx_HAL_Driver/Src/stm32l4xx_hal_crc.c ****   * @param  BufferLength input data buffer length
 436:Drivers/STM32L4xx_HAL_Driver/Src/stm32l4xx_hal_crc.c ****   * @retval uint32_t CRC (returned value LSBs for CRC shorter than 32 bits)
 437:Drivers/STM32L4xx_HAL_Driver/Src/stm32l4xx_hal_crc.c ****   */
 438:Drivers/STM32L4xx_HAL_Driver/Src/stm32l4xx_hal_crc.c **** static uint32_t CRC_Handle_8(CRC_HandleTypeDef *hcrc, uint8_t pBuffer[], uint32_t BufferLength)
 439:Drivers/STM32L4xx_HAL_Driver/Src/stm32l4xx_hal_crc.c **** {
  29              		.loc 1 439 1 view -0
  30              		.cfi_startproc
  31              		@ args = 0, pretend = 0, frame = 0
  32              		@ frame_needed = 0, uses_anonymous_args = 0
  33              		.loc 1 439 1 is_stmt 0 view .LVU1
  34 0000 10B5     		push	{r4, lr}
  35              	.LCFI0:
  36              		.cfi_def_cfa_offset 8
  37              		.cfi_offset 4, -8
  38              		.cfi_offset 14, -4
 440:Drivers/STM32L4xx_HAL_Driver/Src/stm32l4xx_hal_crc.c ****   uint32_t i; /* input data buffer index */
  39              		.loc 1 440 3 is_stmt 1 view .LVU2
 441:Drivers/STM32L4xx_HAL_Driver/Src/stm32l4xx_hal_crc.c ****   uint16_t data;
  40              		.loc 1 441 3 view .LVU3
 442:Drivers/STM32L4xx_HAL_Driver/Src/stm32l4xx_hal_crc.c ****   __IO uint16_t *pReg;
  41              		.loc 1 442 3 view .LVU4
 443:Drivers/STM32L4xx_HAL_Driver/Src/stm32l4xx_hal_crc.c **** 
 444:Drivers/STM32L4xx_HAL_Driver/Src/stm32l4xx_hal_crc.c ****   /* Processing time optimization: 4 bytes are entered in a row with a single word write,
 445:Drivers/STM32L4xx_HAL_Driver/Src/stm32l4xx_hal_crc.c ****    * last bytes must be carefully fed to the CRC calculator to ensure a correct type
 446:Drivers/STM32L4xx_HAL_Driver/Src/stm32l4xx_hal_crc.c ****    * handling by the peripheral */
 447:Drivers/STM32L4xx_HAL_Driver/Src/stm32l4xx_hal_crc.c ****   for (i = 0U; i < (BufferLength / 4U); i++)
  42              		.loc 1 447 3 view .LVU5
  43              	.LVL1:
  44              		.loc 1 447 10 is_stmt 0 view .LVU6
  45 0002 4FF0000C 		mov	ip, #0
  46              		.loc 1 447 3 view .LVU7
  47 0006 14E0     		b	.L2
  48              	.LVL2:
  49              	.L3:
 448:Drivers/STM32L4xx_HAL_Driver/Src/stm32l4xx_hal_crc.c ****   {
 449:Drivers/STM32L4xx_HAL_Driver/Src/stm32l4xx_hal_crc.c ****     hcrc->Instance->DR = ((uint32_t)pBuffer[4U * i] << 24U) | \
  50              		.loc 1 449 5 is_stmt 1 view .LVU8
  51              		.loc 1 449 44 is_stmt 0 view .LVU9
  52 0008 11F82C40 		ldrb	r4, [r1, ip, lsl #2]	@ zero_extendqisi2
 450:Drivers/STM32L4xx_HAL_Driver/Src/stm32l4xx_hal_crc.c ****                          ((uint32_t)pBuffer[(4U * i) + 1U] << 16U) | \
  53              		.loc 1 450 44 view .LVU10
  54 000c 01EB8C0E 		add	lr, r1, ip, lsl #2
  55 0010 9EF80130 		ldrb	r3, [lr, #1]	@ zero_extendqisi2
  56              		.loc 1 450 60 view .LVU11
  57 0014 1B04     		lsls	r3, r3, #16
 449:Drivers/STM32L4xx_HAL_Driver/Src/stm32l4xx_hal_crc.c ****                          ((uint32_t)pBuffer[(4U * i) + 1U] << 16U) | \
  58              		.loc 1 449 61 view .LVU12
  59 0016 43EA0463 		orr	r3, r3, r4, lsl #24
 451:Drivers/STM32L4xx_HAL_Driver/Src/stm32l4xx_hal_crc.c ****                          ((uint32_t)pBuffer[(4U * i) + 2U] << 8U)  | \
  60              		.loc 1 451 44 view .LVU13
  61 001a 9EF80240 		ldrb	r4, [lr, #2]	@ zero_extendqisi2
 450:Drivers/STM32L4xx_HAL_Driver/Src/stm32l4xx_hal_crc.c ****                          ((uint32_t)pBuffer[(4U * i) + 1U] << 16U) | \
ARM GAS  C:\Users\adisa\AppData\Local\Temp\cc5eJKND.s 			page 10


  62              		.loc 1 450 68 view .LVU14
  63 001e 43EA0423 		orr	r3, r3, r4, lsl #8
 452:Drivers/STM32L4xx_HAL_Driver/Src/stm32l4xx_hal_crc.c ****                          (uint32_t)pBuffer[(4U * i) + 3U];
  64              		.loc 1 452 43 view .LVU15
  65 0022 9EF803E0 		ldrb	lr, [lr, #3]	@ zero_extendqisi2
 451:Drivers/STM32L4xx_HAL_Driver/Src/stm32l4xx_hal_crc.c ****                          ((uint32_t)pBuffer[(4U * i) + 2U] << 8U)  | \
  66              		.loc 1 451 68 view .LVU16
  67 0026 43EA0E03 		orr	r3, r3, lr
 449:Drivers/STM32L4xx_HAL_Driver/Src/stm32l4xx_hal_crc.c ****                          ((uint32_t)pBuffer[(4U * i) + 1U] << 16U) | \
  68              		.loc 1 449 24 view .LVU17
  69 002a 0468     		ldr	r4, [r0]
  70 002c 2360     		str	r3, [r4]
 447:Drivers/STM32L4xx_HAL_Driver/Src/stm32l4xx_hal_crc.c ****   {
  71              		.loc 1 447 42 is_stmt 1 discriminator 3 view .LVU18
  72 002e 0CF1010C 		add	ip, ip, #1
  73              	.LVL3:
  74              	.L2:
 447:Drivers/STM32L4xx_HAL_Driver/Src/stm32l4xx_hal_crc.c ****   {
  75              		.loc 1 447 18 discriminator 1 view .LVU19
  76 0032 BCEB920F 		cmp	ip, r2, lsr #2
  77 0036 E7D3     		bcc	.L3
 453:Drivers/STM32L4xx_HAL_Driver/Src/stm32l4xx_hal_crc.c ****   }
 454:Drivers/STM32L4xx_HAL_Driver/Src/stm32l4xx_hal_crc.c ****   /* last bytes specific handling */
 455:Drivers/STM32L4xx_HAL_Driver/Src/stm32l4xx_hal_crc.c ****   if ((BufferLength % 4U) != 0U)
  78              		.loc 1 455 3 view .LVU20
  79              		.loc 1 455 6 is_stmt 0 view .LVU21
  80 0038 12F00302 		ands	r2, r2, #3
  81              	.LVL4:
  82              		.loc 1 455 6 view .LVU22
  83 003c 16D0     		beq	.L4
 456:Drivers/STM32L4xx_HAL_Driver/Src/stm32l4xx_hal_crc.c ****   {
 457:Drivers/STM32L4xx_HAL_Driver/Src/stm32l4xx_hal_crc.c ****     if ((BufferLength % 4U) == 1U)
  84              		.loc 1 457 5 is_stmt 1 view .LVU23
  85              		.loc 1 457 8 is_stmt 0 view .LVU24
  86 003e 012A     		cmp	r2, #1
  87 0040 10D0     		beq	.L8
 458:Drivers/STM32L4xx_HAL_Driver/Src/stm32l4xx_hal_crc.c ****     {
 459:Drivers/STM32L4xx_HAL_Driver/Src/stm32l4xx_hal_crc.c ****       *(__IO uint8_t *)(__IO void *)(&hcrc->Instance->DR) = pBuffer[4U * i];         /* Derogation 
 460:Drivers/STM32L4xx_HAL_Driver/Src/stm32l4xx_hal_crc.c ****     }
 461:Drivers/STM32L4xx_HAL_Driver/Src/stm32l4xx_hal_crc.c ****     else if ((BufferLength % 4U) == 2U)
  88              		.loc 1 461 10 is_stmt 1 view .LVU25
  89              		.loc 1 461 13 is_stmt 0 view .LVU26
  90 0042 022A     		cmp	r2, #2
  91 0044 15D0     		beq	.L9
 462:Drivers/STM32L4xx_HAL_Driver/Src/stm32l4xx_hal_crc.c ****     {
 463:Drivers/STM32L4xx_HAL_Driver/Src/stm32l4xx_hal_crc.c ****       data = ((uint16_t)(pBuffer[4U * i]) << 8U) | (uint16_t)pBuffer[(4U * i) + 1U];
 464:Drivers/STM32L4xx_HAL_Driver/Src/stm32l4xx_hal_crc.c ****       pReg = (__IO uint16_t *)(__IO void *)(&hcrc->Instance->DR);                    /* Derogation 
 465:Drivers/STM32L4xx_HAL_Driver/Src/stm32l4xx_hal_crc.c ****       *pReg = data;
 466:Drivers/STM32L4xx_HAL_Driver/Src/stm32l4xx_hal_crc.c ****     }
 467:Drivers/STM32L4xx_HAL_Driver/Src/stm32l4xx_hal_crc.c ****     else if ((BufferLength % 4U) == 3U)
  92              		.loc 1 467 10 is_stmt 1 view .LVU27
  93              		.loc 1 467 13 is_stmt 0 view .LVU28
  94 0046 032A     		cmp	r2, #3
  95 0048 10D1     		bne	.L4
 468:Drivers/STM32L4xx_HAL_Driver/Src/stm32l4xx_hal_crc.c ****     {
 469:Drivers/STM32L4xx_HAL_Driver/Src/stm32l4xx_hal_crc.c ****       data = ((uint16_t)(pBuffer[4U * i]) << 8U) | (uint16_t)pBuffer[(4U * i) + 1U];
  96              		.loc 1 469 7 is_stmt 1 view .LVU29
ARM GAS  C:\Users\adisa\AppData\Local\Temp\cc5eJKND.s 			page 11


  97              		.loc 1 469 33 is_stmt 0 view .LVU30
  98 004a 11F82C20 		ldrb	r2, [r1, ip, lsl #2]	@ zero_extendqisi2
  99              		.loc 1 469 69 view .LVU31
 100 004e 01EB8C01 		add	r1, r1, ip, lsl #2
 101              	.LVL5:
 102              		.loc 1 469 69 view .LVU32
 103 0052 4B78     		ldrb	r3, [r1, #1]	@ zero_extendqisi2
 104              		.loc 1 469 12 view .LVU33
 105 0054 43EA0223 		orr	r3, r3, r2, lsl #8
 106              	.LVL6:
 470:Drivers/STM32L4xx_HAL_Driver/Src/stm32l4xx_hal_crc.c ****       pReg = (__IO uint16_t *)(__IO void *)(&hcrc->Instance->DR);                    /* Derogation 
 107              		.loc 1 470 7 is_stmt 1 view .LVU34
 108              		.loc 1 470 50 is_stmt 0 view .LVU35
 109 0058 0268     		ldr	r2, [r0]
 110              	.LVL7:
 471:Drivers/STM32L4xx_HAL_Driver/Src/stm32l4xx_hal_crc.c ****       *pReg = data;
 111              		.loc 1 471 7 is_stmt 1 view .LVU36
 112              		.loc 1 471 13 is_stmt 0 view .LVU37
 113 005a 1380     		strh	r3, [r2]	@ movhi
 472:Drivers/STM32L4xx_HAL_Driver/Src/stm32l4xx_hal_crc.c **** 
 473:Drivers/STM32L4xx_HAL_Driver/Src/stm32l4xx_hal_crc.c ****       *(__IO uint8_t *)(__IO void *)(&hcrc->Instance->DR) = pBuffer[(4U * i) + 2U];  /* Derogation 
 114              		.loc 1 473 7 is_stmt 1 view .LVU38
 115              		.loc 1 473 43 is_stmt 0 view .LVU39
 116 005c 0368     		ldr	r3, [r0]
 117              	.LVL8:
 118              		.loc 1 473 68 view .LVU40
 119 005e 8A78     		ldrb	r2, [r1, #2]	@ zero_extendqisi2
 120              	.LVL9:
 121              		.loc 1 473 59 view .LVU41
 122 0060 1A70     		strb	r2, [r3]
 123              		.loc 1 473 59 view .LVU42
 124 0062 03E0     		b	.L4
 125              	.LVL10:
 126              	.L8:
 459:Drivers/STM32L4xx_HAL_Driver/Src/stm32l4xx_hal_crc.c ****     }
 127              		.loc 1 459 7 is_stmt 1 view .LVU43
 459:Drivers/STM32L4xx_HAL_Driver/Src/stm32l4xx_hal_crc.c ****     }
 128              		.loc 1 459 43 is_stmt 0 view .LVU44
 129 0064 0368     		ldr	r3, [r0]
 459:Drivers/STM32L4xx_HAL_Driver/Src/stm32l4xx_hal_crc.c ****     }
 130              		.loc 1 459 68 view .LVU45
 131 0066 11F82C20 		ldrb	r2, [r1, ip, lsl #2]	@ zero_extendqisi2
 459:Drivers/STM32L4xx_HAL_Driver/Src/stm32l4xx_hal_crc.c ****     }
 132              		.loc 1 459 59 view .LVU46
 133 006a 1A70     		strb	r2, [r3]
 134              	.LVL11:
 135              	.L4:
 474:Drivers/STM32L4xx_HAL_Driver/Src/stm32l4xx_hal_crc.c ****     }
 475:Drivers/STM32L4xx_HAL_Driver/Src/stm32l4xx_hal_crc.c ****     else
 476:Drivers/STM32L4xx_HAL_Driver/Src/stm32l4xx_hal_crc.c ****     {
 477:Drivers/STM32L4xx_HAL_Driver/Src/stm32l4xx_hal_crc.c ****       /* Nothing to do */
 478:Drivers/STM32L4xx_HAL_Driver/Src/stm32l4xx_hal_crc.c ****     }
 136              		.loc 1 478 5 is_stmt 1 view .LVU47
 479:Drivers/STM32L4xx_HAL_Driver/Src/stm32l4xx_hal_crc.c ****   }
 480:Drivers/STM32L4xx_HAL_Driver/Src/stm32l4xx_hal_crc.c **** 
 481:Drivers/STM32L4xx_HAL_Driver/Src/stm32l4xx_hal_crc.c ****   /* Return the CRC computed value */
 482:Drivers/STM32L4xx_HAL_Driver/Src/stm32l4xx_hal_crc.c ****   return hcrc->Instance->DR;
ARM GAS  C:\Users\adisa\AppData\Local\Temp\cc5eJKND.s 			page 12


 137              		.loc 1 482 3 view .LVU48
 138              		.loc 1 482 14 is_stmt 0 view .LVU49
 139 006c 0368     		ldr	r3, [r0]
 140              		.loc 1 482 24 view .LVU50
 141 006e 1868     		ldr	r0, [r3]
 142              	.LVL12:
 483:Drivers/STM32L4xx_HAL_Driver/Src/stm32l4xx_hal_crc.c **** }
 143              		.loc 1 483 1 view .LVU51
 144 0070 10BD     		pop	{r4, pc}
 145              	.LVL13:
 146              	.L9:
 463:Drivers/STM32L4xx_HAL_Driver/Src/stm32l4xx_hal_crc.c ****       pReg = (__IO uint16_t *)(__IO void *)(&hcrc->Instance->DR);                    /* Derogation 
 147              		.loc 1 463 7 is_stmt 1 view .LVU52
 463:Drivers/STM32L4xx_HAL_Driver/Src/stm32l4xx_hal_crc.c ****       pReg = (__IO uint16_t *)(__IO void *)(&hcrc->Instance->DR);                    /* Derogation 
 148              		.loc 1 463 33 is_stmt 0 view .LVU53
 149 0072 11F82C20 		ldrb	r2, [r1, ip, lsl #2]	@ zero_extendqisi2
 463:Drivers/STM32L4xx_HAL_Driver/Src/stm32l4xx_hal_crc.c ****       pReg = (__IO uint16_t *)(__IO void *)(&hcrc->Instance->DR);                    /* Derogation 
 150              		.loc 1 463 69 view .LVU54
 151 0076 01EB8C0C 		add	ip, r1, ip, lsl #2
 152              	.LVL14:
 463:Drivers/STM32L4xx_HAL_Driver/Src/stm32l4xx_hal_crc.c ****       pReg = (__IO uint16_t *)(__IO void *)(&hcrc->Instance->DR);                    /* Derogation 
 153              		.loc 1 463 69 view .LVU55
 154 007a 9CF80130 		ldrb	r3, [ip, #1]	@ zero_extendqisi2
 463:Drivers/STM32L4xx_HAL_Driver/Src/stm32l4xx_hal_crc.c ****       pReg = (__IO uint16_t *)(__IO void *)(&hcrc->Instance->DR);                    /* Derogation 
 155              		.loc 1 463 12 view .LVU56
 156 007e 43EA0223 		orr	r3, r3, r2, lsl #8
 157              	.LVL15:
 464:Drivers/STM32L4xx_HAL_Driver/Src/stm32l4xx_hal_crc.c ****       *pReg = data;
 158              		.loc 1 464 7 is_stmt 1 view .LVU57
 464:Drivers/STM32L4xx_HAL_Driver/Src/stm32l4xx_hal_crc.c ****       *pReg = data;
 159              		.loc 1 464 50 is_stmt 0 view .LVU58
 160 0082 0268     		ldr	r2, [r0]
 161              	.LVL16:
 465:Drivers/STM32L4xx_HAL_Driver/Src/stm32l4xx_hal_crc.c ****     }
 162              		.loc 1 465 7 is_stmt 1 view .LVU59
 465:Drivers/STM32L4xx_HAL_Driver/Src/stm32l4xx_hal_crc.c ****     }
 163              		.loc 1 465 13 is_stmt 0 view .LVU60
 164 0084 1380     		strh	r3, [r2]	@ movhi
 165 0086 F1E7     		b	.L4
 166              		.cfi_endproc
 167              	.LFE391:
 169              		.section	.text.CRC_Handle_16,"ax",%progbits
 170              		.align	1
 171              		.syntax unified
 172              		.thumb
 173              		.thumb_func
 175              	CRC_Handle_16:
 176              	.LVL17:
 177              	.LFB392:
 484:Drivers/STM32L4xx_HAL_Driver/Src/stm32l4xx_hal_crc.c **** 
 485:Drivers/STM32L4xx_HAL_Driver/Src/stm32l4xx_hal_crc.c **** /**
 486:Drivers/STM32L4xx_HAL_Driver/Src/stm32l4xx_hal_crc.c ****   * @brief  Enter 16-bit input data to the CRC calculator.
 487:Drivers/STM32L4xx_HAL_Driver/Src/stm32l4xx_hal_crc.c ****   *         Specific data handling to optimize processing time.
 488:Drivers/STM32L4xx_HAL_Driver/Src/stm32l4xx_hal_crc.c ****   * @param  hcrc CRC handle
 489:Drivers/STM32L4xx_HAL_Driver/Src/stm32l4xx_hal_crc.c ****   * @param  pBuffer pointer to the input data buffer
 490:Drivers/STM32L4xx_HAL_Driver/Src/stm32l4xx_hal_crc.c ****   * @param  BufferLength input data buffer length
 491:Drivers/STM32L4xx_HAL_Driver/Src/stm32l4xx_hal_crc.c ****   * @retval uint32_t CRC (returned value LSBs for CRC shorter than 32 bits)
ARM GAS  C:\Users\adisa\AppData\Local\Temp\cc5eJKND.s 			page 13


 492:Drivers/STM32L4xx_HAL_Driver/Src/stm32l4xx_hal_crc.c ****   */
 493:Drivers/STM32L4xx_HAL_Driver/Src/stm32l4xx_hal_crc.c **** static uint32_t CRC_Handle_16(CRC_HandleTypeDef *hcrc, uint16_t pBuffer[], uint32_t BufferLength)
 494:Drivers/STM32L4xx_HAL_Driver/Src/stm32l4xx_hal_crc.c **** {
 178              		.loc 1 494 1 is_stmt 1 view -0
 179              		.cfi_startproc
 180              		@ args = 0, pretend = 0, frame = 0
 181              		@ frame_needed = 0, uses_anonymous_args = 0
 182              		@ link register save eliminated.
 495:Drivers/STM32L4xx_HAL_Driver/Src/stm32l4xx_hal_crc.c ****   uint32_t i;  /* input data buffer index */
 183              		.loc 1 495 3 view .LVU62
 496:Drivers/STM32L4xx_HAL_Driver/Src/stm32l4xx_hal_crc.c ****   __IO uint16_t *pReg;
 184              		.loc 1 496 3 view .LVU63
 497:Drivers/STM32L4xx_HAL_Driver/Src/stm32l4xx_hal_crc.c **** 
 498:Drivers/STM32L4xx_HAL_Driver/Src/stm32l4xx_hal_crc.c ****   /* Processing time optimization: 2 HalfWords are entered in a row with a single word write,
 499:Drivers/STM32L4xx_HAL_Driver/Src/stm32l4xx_hal_crc.c ****    * in case of odd length, last HalfWord must be carefully fed to the CRC calculator to ensure
 500:Drivers/STM32L4xx_HAL_Driver/Src/stm32l4xx_hal_crc.c ****    * a correct type handling by the peripheral */
 501:Drivers/STM32L4xx_HAL_Driver/Src/stm32l4xx_hal_crc.c ****   for (i = 0U; i < (BufferLength / 2U); i++)
 185              		.loc 1 501 3 view .LVU64
 186              		.loc 1 501 10 is_stmt 0 view .LVU65
 187 0000 0023     		movs	r3, #0
 188              	.LVL18:
 189              		.loc 1 501 18 is_stmt 1 discriminator 1 view .LVU66
 190 0002 B3EB520F 		cmp	r3, r2, lsr #1
 191 0006 18D2     		bcs	.L20
 494:Drivers/STM32L4xx_HAL_Driver/Src/stm32l4xx_hal_crc.c ****   uint32_t i;  /* input data buffer index */
 192              		.loc 1 494 1 is_stmt 0 view .LVU67
 193 0008 30B4     		push	{r4, r5}
 194              	.LCFI1:
 195              		.cfi_def_cfa_offset 8
 196              		.cfi_offset 4, -8
 197              		.cfi_offset 5, -4
 198              	.L12:
 502:Drivers/STM32L4xx_HAL_Driver/Src/stm32l4xx_hal_crc.c ****   {
 503:Drivers/STM32L4xx_HAL_Driver/Src/stm32l4xx_hal_crc.c ****     hcrc->Instance->DR = ((uint32_t)pBuffer[2U * i] << 16U) | (uint32_t)pBuffer[(2U * i) + 1U];
 199              		.loc 1 503 5 is_stmt 1 view .LVU68
 200              		.loc 1 503 44 is_stmt 0 view .LVU69
 201 000a 31F823C0 		ldrh	ip, [r1, r3, lsl #2]
 202              		.loc 1 503 80 view .LVU70
 203 000e 01EB8304 		add	r4, r1, r3, lsl #2
 204 0012 6488     		ldrh	r4, [r4, #2]
 205              		.loc 1 503 61 view .LVU71
 206 0014 44EA0C44 		orr	r4, r4, ip, lsl #16
 207              		.loc 1 503 24 view .LVU72
 208 0018 0568     		ldr	r5, [r0]
 209 001a 2C60     		str	r4, [r5]
 501:Drivers/STM32L4xx_HAL_Driver/Src/stm32l4xx_hal_crc.c ****   {
 210              		.loc 1 501 42 is_stmt 1 discriminator 3 view .LVU73
 211 001c 0133     		adds	r3, r3, #1
 212              	.LVL19:
 501:Drivers/STM32L4xx_HAL_Driver/Src/stm32l4xx_hal_crc.c ****   {
 213              		.loc 1 501 18 discriminator 1 view .LVU74
 214 001e B3EB520F 		cmp	r3, r2, lsr #1
 215 0022 F2D3     		bcc	.L12
 504:Drivers/STM32L4xx_HAL_Driver/Src/stm32l4xx_hal_crc.c ****   }
 505:Drivers/STM32L4xx_HAL_Driver/Src/stm32l4xx_hal_crc.c ****   if ((BufferLength % 2U) != 0U)
 216              		.loc 1 505 3 view .LVU75
 217              		.loc 1 505 6 is_stmt 0 view .LVU76
ARM GAS  C:\Users\adisa\AppData\Local\Temp\cc5eJKND.s 			page 14


 218 0024 12F0010F 		tst	r2, #1
 219 0028 03D0     		beq	.L13
 506:Drivers/STM32L4xx_HAL_Driver/Src/stm32l4xx_hal_crc.c ****   {
 507:Drivers/STM32L4xx_HAL_Driver/Src/stm32l4xx_hal_crc.c ****     pReg = (__IO uint16_t *)(__IO void *)(&hcrc->Instance->DR);                 /* Derogation Misra
 220              		.loc 1 507 5 is_stmt 1 view .LVU77
 221              		.loc 1 507 48 is_stmt 0 view .LVU78
 222 002a 0268     		ldr	r2, [r0]
 223              	.LVL20:
 508:Drivers/STM32L4xx_HAL_Driver/Src/stm32l4xx_hal_crc.c ****     *pReg = pBuffer[2U * i];
 224              		.loc 1 508 5 is_stmt 1 view .LVU79
 225              		.loc 1 508 20 is_stmt 0 view .LVU80
 226 002c 31F82330 		ldrh	r3, [r1, r3, lsl #2]
 227              	.LVL21:
 228              		.loc 1 508 11 view .LVU81
 229 0030 1380     		strh	r3, [r2]	@ movhi
 230              	.LVL22:
 231              	.L13:
 509:Drivers/STM32L4xx_HAL_Driver/Src/stm32l4xx_hal_crc.c ****   }
 510:Drivers/STM32L4xx_HAL_Driver/Src/stm32l4xx_hal_crc.c **** 
 511:Drivers/STM32L4xx_HAL_Driver/Src/stm32l4xx_hal_crc.c ****   /* Return the CRC computed value */
 512:Drivers/STM32L4xx_HAL_Driver/Src/stm32l4xx_hal_crc.c ****   return hcrc->Instance->DR;
 232              		.loc 1 512 3 is_stmt 1 view .LVU82
 233              		.loc 1 512 14 is_stmt 0 view .LVU83
 234 0032 0368     		ldr	r3, [r0]
 235              		.loc 1 512 24 view .LVU84
 236 0034 1868     		ldr	r0, [r3]
 237              	.LVL23:
 513:Drivers/STM32L4xx_HAL_Driver/Src/stm32l4xx_hal_crc.c **** }
 238              		.loc 1 513 1 view .LVU85
 239 0036 30BC     		pop	{r4, r5}
 240              	.LCFI2:
 241              		.cfi_restore 5
 242              		.cfi_restore 4
 243              		.cfi_def_cfa_offset 0
 244 0038 7047     		bx	lr
 245              	.LVL24:
 246              	.L20:
 505:Drivers/STM32L4xx_HAL_Driver/Src/stm32l4xx_hal_crc.c ****   {
 247              		.loc 1 505 3 is_stmt 1 view .LVU86
 505:Drivers/STM32L4xx_HAL_Driver/Src/stm32l4xx_hal_crc.c ****   {
 248              		.loc 1 505 6 is_stmt 0 view .LVU87
 249 003a 12F0010F 		tst	r2, #1
 250 003e 03D0     		beq	.L18
 507:Drivers/STM32L4xx_HAL_Driver/Src/stm32l4xx_hal_crc.c ****     *pReg = pBuffer[2U * i];
 251              		.loc 1 507 5 is_stmt 1 view .LVU88
 507:Drivers/STM32L4xx_HAL_Driver/Src/stm32l4xx_hal_crc.c ****     *pReg = pBuffer[2U * i];
 252              		.loc 1 507 48 is_stmt 0 view .LVU89
 253 0040 0268     		ldr	r2, [r0]
 254              	.LVL25:
 508:Drivers/STM32L4xx_HAL_Driver/Src/stm32l4xx_hal_crc.c ****   }
 255              		.loc 1 508 5 is_stmt 1 view .LVU90
 508:Drivers/STM32L4xx_HAL_Driver/Src/stm32l4xx_hal_crc.c ****   }
 256              		.loc 1 508 20 is_stmt 0 view .LVU91
 257 0042 31F82330 		ldrh	r3, [r1, r3, lsl #2]
 258              	.LVL26:
 508:Drivers/STM32L4xx_HAL_Driver/Src/stm32l4xx_hal_crc.c ****   }
 259              		.loc 1 508 11 view .LVU92
ARM GAS  C:\Users\adisa\AppData\Local\Temp\cc5eJKND.s 			page 15


 260 0046 1380     		strh	r3, [r2]	@ movhi
 261              	.LVL27:
 262              	.L18:
 512:Drivers/STM32L4xx_HAL_Driver/Src/stm32l4xx_hal_crc.c **** }
 263              		.loc 1 512 3 is_stmt 1 view .LVU93
 512:Drivers/STM32L4xx_HAL_Driver/Src/stm32l4xx_hal_crc.c **** }
 264              		.loc 1 512 14 is_stmt 0 view .LVU94
 265 0048 0368     		ldr	r3, [r0]
 512:Drivers/STM32L4xx_HAL_Driver/Src/stm32l4xx_hal_crc.c **** }
 266              		.loc 1 512 24 view .LVU95
 267 004a 1868     		ldr	r0, [r3]
 268              	.LVL28:
 269              		.loc 1 513 1 view .LVU96
 270 004c 7047     		bx	lr
 271              		.cfi_endproc
 272              	.LFE392:
 274              		.section	.text.HAL_CRC_MspInit,"ax",%progbits
 275              		.align	1
 276              		.weak	HAL_CRC_MspInit
 277              		.syntax unified
 278              		.thumb
 279              		.thumb_func
 281              	HAL_CRC_MspInit:
 282              	.LVL29:
 283              	.LFB386:
 230:Drivers/STM32L4xx_HAL_Driver/Src/stm32l4xx_hal_crc.c ****   /* Prevent unused argument(s) compilation warning */
 284              		.loc 1 230 1 is_stmt 1 view -0
 285              		.cfi_startproc
 286              		@ args = 0, pretend = 0, frame = 0
 287              		@ frame_needed = 0, uses_anonymous_args = 0
 288              		@ link register save eliminated.
 232:Drivers/STM32L4xx_HAL_Driver/Src/stm32l4xx_hal_crc.c **** 
 289              		.loc 1 232 3 view .LVU98
 237:Drivers/STM32L4xx_HAL_Driver/Src/stm32l4xx_hal_crc.c **** 
 290              		.loc 1 237 1 is_stmt 0 view .LVU99
 291 0000 7047     		bx	lr
 292              		.cfi_endproc
 293              	.LFE386:
 295              		.section	.text.HAL_CRC_Init,"ax",%progbits
 296              		.align	1
 297              		.global	HAL_CRC_Init
 298              		.syntax unified
 299              		.thumb
 300              		.thumb_func
 302              	HAL_CRC_Init:
 303              	.LVL30:
 304              	.LFB384:
 104:Drivers/STM32L4xx_HAL_Driver/Src/stm32l4xx_hal_crc.c ****   /* Check the CRC handle allocation */
 305              		.loc 1 104 1 is_stmt 1 view -0
 306              		.cfi_startproc
 307              		@ args = 0, pretend = 0, frame = 0
 308              		@ frame_needed = 0, uses_anonymous_args = 0
 106:Drivers/STM32L4xx_HAL_Driver/Src/stm32l4xx_hal_crc.c ****   {
 309              		.loc 1 106 3 view .LVU101
 106:Drivers/STM32L4xx_HAL_Driver/Src/stm32l4xx_hal_crc.c ****   {
 310              		.loc 1 106 6 is_stmt 0 view .LVU102
 311 0000 0028     		cmp	r0, #0
ARM GAS  C:\Users\adisa\AppData\Local\Temp\cc5eJKND.s 			page 16


 312 0002 38D0     		beq	.L29
 104:Drivers/STM32L4xx_HAL_Driver/Src/stm32l4xx_hal_crc.c ****   /* Check the CRC handle allocation */
 313              		.loc 1 104 1 view .LVU103
 314 0004 10B5     		push	{r4, lr}
 315              	.LCFI3:
 316              		.cfi_def_cfa_offset 8
 317              		.cfi_offset 4, -8
 318              		.cfi_offset 14, -4
 319 0006 0446     		mov	r4, r0
 112:Drivers/STM32L4xx_HAL_Driver/Src/stm32l4xx_hal_crc.c **** 
 320              		.loc 1 112 3 is_stmt 1 view .LVU104
 114:Drivers/STM32L4xx_HAL_Driver/Src/stm32l4xx_hal_crc.c ****   {
 321              		.loc 1 114 3 view .LVU105
 114:Drivers/STM32L4xx_HAL_Driver/Src/stm32l4xx_hal_crc.c ****   {
 322              		.loc 1 114 11 is_stmt 0 view .LVU106
 323 0008 437F     		ldrb	r3, [r0, #29]	@ zero_extendqisi2
 114:Drivers/STM32L4xx_HAL_Driver/Src/stm32l4xx_hal_crc.c ****   {
 324              		.loc 1 114 6 view .LVU107
 325 000a 1BB3     		cbz	r3, .L35
 326              	.LVL31:
 327              	.L24:
 122:Drivers/STM32L4xx_HAL_Driver/Src/stm32l4xx_hal_crc.c **** 
 328              		.loc 1 122 3 is_stmt 1 view .LVU108
 122:Drivers/STM32L4xx_HAL_Driver/Src/stm32l4xx_hal_crc.c **** 
 329              		.loc 1 122 15 is_stmt 0 view .LVU109
 330 000c 0223     		movs	r3, #2
 331 000e 6377     		strb	r3, [r4, #29]
 126:Drivers/STM32L4xx_HAL_Driver/Src/stm32l4xx_hal_crc.c ****   if (hcrc->Init.DefaultPolynomialUse == DEFAULT_POLYNOMIAL_ENABLE)
 332              		.loc 1 126 3 is_stmt 1 view .LVU110
 127:Drivers/STM32L4xx_HAL_Driver/Src/stm32l4xx_hal_crc.c ****   {
 333              		.loc 1 127 3 view .LVU111
 127:Drivers/STM32L4xx_HAL_Driver/Src/stm32l4xx_hal_crc.c ****   {
 334              		.loc 1 127 17 is_stmt 0 view .LVU112
 335 0010 2379     		ldrb	r3, [r4, #4]	@ zero_extendqisi2
 127:Drivers/STM32L4xx_HAL_Driver/Src/stm32l4xx_hal_crc.c ****   {
 336              		.loc 1 127 6 view .LVU113
 337 0012 1BBB     		cbnz	r3, .L25
 130:Drivers/STM32L4xx_HAL_Driver/Src/stm32l4xx_hal_crc.c ****     MODIFY_REG(hcrc->Instance->CR, CRC_CR_POLYSIZE, CRC_POLYLENGTH_32B);
 338              		.loc 1 130 5 is_stmt 1 view .LVU114
 339 0014 2368     		ldr	r3, [r4]
 340 0016 194A     		ldr	r2, .L36
 341 0018 5A61     		str	r2, [r3, #20]
 131:Drivers/STM32L4xx_HAL_Driver/Src/stm32l4xx_hal_crc.c ****   }
 342              		.loc 1 131 5 view .LVU115
 343 001a 2268     		ldr	r2, [r4]
 344 001c 9368     		ldr	r3, [r2, #8]
 345 001e 23F01803 		bic	r3, r3, #24
 346 0022 9360     		str	r3, [r2, #8]
 347              	.L26:
 144:Drivers/STM32L4xx_HAL_Driver/Src/stm32l4xx_hal_crc.c ****   if (hcrc->Init.DefaultInitValueUse == DEFAULT_INIT_VALUE_ENABLE)
 348              		.loc 1 144 3 view .LVU116
 145:Drivers/STM32L4xx_HAL_Driver/Src/stm32l4xx_hal_crc.c ****   {
 349              		.loc 1 145 3 view .LVU117
 145:Drivers/STM32L4xx_HAL_Driver/Src/stm32l4xx_hal_crc.c ****   {
 350              		.loc 1 145 17 is_stmt 0 view .LVU118
 351 0024 6379     		ldrb	r3, [r4, #5]	@ zero_extendqisi2
 145:Drivers/STM32L4xx_HAL_Driver/Src/stm32l4xx_hal_crc.c ****   {
ARM GAS  C:\Users\adisa\AppData\Local\Temp\cc5eJKND.s 			page 17


 352              		.loc 1 145 6 view .LVU119
 353 0026 13BB     		cbnz	r3, .L27
 147:Drivers/STM32L4xx_HAL_Driver/Src/stm32l4xx_hal_crc.c ****   }
 354              		.loc 1 147 5 is_stmt 1 view .LVU120
 355 0028 2368     		ldr	r3, [r4]
 356 002a 4FF0FF32 		mov	r2, #-1
 357 002e 1A61     		str	r2, [r3, #16]
 358              	.L28:
 156:Drivers/STM32L4xx_HAL_Driver/Src/stm32l4xx_hal_crc.c ****   MODIFY_REG(hcrc->Instance->CR, CRC_CR_REV_IN, hcrc->Init.InputDataInversionMode);
 359              		.loc 1 156 3 view .LVU121
 157:Drivers/STM32L4xx_HAL_Driver/Src/stm32l4xx_hal_crc.c **** 
 360              		.loc 1 157 3 view .LVU122
 361 0030 2268     		ldr	r2, [r4]
 362 0032 9368     		ldr	r3, [r2, #8]
 363 0034 23F06003 		bic	r3, r3, #96
 364 0038 6169     		ldr	r1, [r4, #20]
 365 003a 0B43     		orrs	r3, r3, r1
 366 003c 9360     		str	r3, [r2, #8]
 160:Drivers/STM32L4xx_HAL_Driver/Src/stm32l4xx_hal_crc.c ****   MODIFY_REG(hcrc->Instance->CR, CRC_CR_REV_OUT, hcrc->Init.OutputDataInversionMode);
 367              		.loc 1 160 3 view .LVU123
 161:Drivers/STM32L4xx_HAL_Driver/Src/stm32l4xx_hal_crc.c **** 
 368              		.loc 1 161 3 view .LVU124
 369 003e 2268     		ldr	r2, [r4]
 370 0040 9368     		ldr	r3, [r2, #8]
 371 0042 23F08003 		bic	r3, r3, #128
 372 0046 A169     		ldr	r1, [r4, #24]
 373 0048 0B43     		orrs	r3, r3, r1
 374 004a 9360     		str	r3, [r2, #8]
 165:Drivers/STM32L4xx_HAL_Driver/Src/stm32l4xx_hal_crc.c **** 
 375              		.loc 1 165 3 view .LVU125
 168:Drivers/STM32L4xx_HAL_Driver/Src/stm32l4xx_hal_crc.c **** 
 376              		.loc 1 168 3 view .LVU126
 168:Drivers/STM32L4xx_HAL_Driver/Src/stm32l4xx_hal_crc.c **** 
 377              		.loc 1 168 15 is_stmt 0 view .LVU127
 378 004c 0123     		movs	r3, #1
 379 004e 6377     		strb	r3, [r4, #29]
 171:Drivers/STM32L4xx_HAL_Driver/Src/stm32l4xx_hal_crc.c **** }
 380              		.loc 1 171 3 is_stmt 1 view .LVU128
 171:Drivers/STM32L4xx_HAL_Driver/Src/stm32l4xx_hal_crc.c **** }
 381              		.loc 1 171 10 is_stmt 0 view .LVU129
 382 0050 0020     		movs	r0, #0
 383              	.L23:
 172:Drivers/STM32L4xx_HAL_Driver/Src/stm32l4xx_hal_crc.c **** 
 384              		.loc 1 172 1 view .LVU130
 385 0052 10BD     		pop	{r4, pc}
 386              	.LVL32:
 387              	.L35:
 117:Drivers/STM32L4xx_HAL_Driver/Src/stm32l4xx_hal_crc.c ****     /* Init the low level hardware */
 388              		.loc 1 117 5 is_stmt 1 view .LVU131
 117:Drivers/STM32L4xx_HAL_Driver/Src/stm32l4xx_hal_crc.c ****     /* Init the low level hardware */
 389              		.loc 1 117 16 is_stmt 0 view .LVU132
 390 0054 0377     		strb	r3, [r0, #28]
 119:Drivers/STM32L4xx_HAL_Driver/Src/stm32l4xx_hal_crc.c ****   }
 391              		.loc 1 119 5 is_stmt 1 view .LVU133
 392 0056 FFF7FEFF 		bl	HAL_CRC_MspInit
 393              	.LVL33:
 119:Drivers/STM32L4xx_HAL_Driver/Src/stm32l4xx_hal_crc.c ****   }
ARM GAS  C:\Users\adisa\AppData\Local\Temp\cc5eJKND.s 			page 18


 394              		.loc 1 119 5 is_stmt 0 view .LVU134
 395 005a D7E7     		b	.L24
 396              	.L25:
 136:Drivers/STM32L4xx_HAL_Driver/Src/stm32l4xx_hal_crc.c ****     {
 397              		.loc 1 136 5 is_stmt 1 view .LVU135
 136:Drivers/STM32L4xx_HAL_Driver/Src/stm32l4xx_hal_crc.c ****     {
 398              		.loc 1 136 9 is_stmt 0 view .LVU136
 399 005c E268     		ldr	r2, [r4, #12]
 400 005e A168     		ldr	r1, [r4, #8]
 401 0060 2046     		mov	r0, r4
 402 0062 FFF7FEFF 		bl	HAL_CRCEx_Polynomial_Set
 403              	.LVL34:
 136:Drivers/STM32L4xx_HAL_Driver/Src/stm32l4xx_hal_crc.c ****     {
 404              		.loc 1 136 8 discriminator 1 view .LVU137
 405 0066 0028     		cmp	r0, #0
 406 0068 DCD0     		beq	.L26
 138:Drivers/STM32L4xx_HAL_Driver/Src/stm32l4xx_hal_crc.c ****     }
 407              		.loc 1 138 14 view .LVU138
 408 006a 0120     		movs	r0, #1
 409 006c F1E7     		b	.L23
 410              	.L27:
 151:Drivers/STM32L4xx_HAL_Driver/Src/stm32l4xx_hal_crc.c ****   }
 411              		.loc 1 151 5 is_stmt 1 view .LVU139
 412 006e 2368     		ldr	r3, [r4]
 413 0070 2269     		ldr	r2, [r4, #16]
 414 0072 1A61     		str	r2, [r3, #16]
 415 0074 DCE7     		b	.L28
 416              	.LVL35:
 417              	.L29:
 418              	.LCFI4:
 419              		.cfi_def_cfa_offset 0
 420              		.cfi_restore 4
 421              		.cfi_restore 14
 108:Drivers/STM32L4xx_HAL_Driver/Src/stm32l4xx_hal_crc.c ****   }
 422              		.loc 1 108 12 is_stmt 0 view .LVU140
 423 0076 0120     		movs	r0, #1
 424              	.LVL36:
 172:Drivers/STM32L4xx_HAL_Driver/Src/stm32l4xx_hal_crc.c **** 
 425              		.loc 1 172 1 view .LVU141
 426 0078 7047     		bx	lr
 427              	.L37:
 428 007a 00BF     		.align	2
 429              	.L36:
 430 007c B71DC104 		.word	79764919
 431              		.cfi_endproc
 432              	.LFE384:
 434              		.section	.text.HAL_CRC_MspDeInit,"ax",%progbits
 435              		.align	1
 436              		.weak	HAL_CRC_MspDeInit
 437              		.syntax unified
 438              		.thumb
 439              		.thumb_func
 441              	HAL_CRC_MspDeInit:
 442              	.LVL37:
 443              	.LFB387:
 245:Drivers/STM32L4xx_HAL_Driver/Src/stm32l4xx_hal_crc.c ****   /* Prevent unused argument(s) compilation warning */
 444              		.loc 1 245 1 is_stmt 1 view -0
ARM GAS  C:\Users\adisa\AppData\Local\Temp\cc5eJKND.s 			page 19


 445              		.cfi_startproc
 446              		@ args = 0, pretend = 0, frame = 0
 447              		@ frame_needed = 0, uses_anonymous_args = 0
 448              		@ link register save eliminated.
 247:Drivers/STM32L4xx_HAL_Driver/Src/stm32l4xx_hal_crc.c **** 
 449              		.loc 1 247 3 view .LVU143
 252:Drivers/STM32L4xx_HAL_Driver/Src/stm32l4xx_hal_crc.c **** 
 450              		.loc 1 252 1 is_stmt 0 view .LVU144
 451 0000 7047     		bx	lr
 452              		.cfi_endproc
 453              	.LFE387:
 455              		.section	.text.HAL_CRC_DeInit,"ax",%progbits
 456              		.align	1
 457              		.global	HAL_CRC_DeInit
 458              		.syntax unified
 459              		.thumb
 460              		.thumb_func
 462              	HAL_CRC_DeInit:
 463              	.LVL38:
 464              	.LFB385:
 180:Drivers/STM32L4xx_HAL_Driver/Src/stm32l4xx_hal_crc.c ****   /* Check the CRC handle allocation */
 465              		.loc 1 180 1 is_stmt 1 view -0
 466              		.cfi_startproc
 467              		@ args = 0, pretend = 0, frame = 0
 468              		@ frame_needed = 0, uses_anonymous_args = 0
 182:Drivers/STM32L4xx_HAL_Driver/Src/stm32l4xx_hal_crc.c ****   {
 469              		.loc 1 182 3 view .LVU146
 182:Drivers/STM32L4xx_HAL_Driver/Src/stm32l4xx_hal_crc.c ****   {
 470              		.loc 1 182 6 is_stmt 0 view .LVU147
 471 0000 B0B1     		cbz	r0, .L41
 180:Drivers/STM32L4xx_HAL_Driver/Src/stm32l4xx_hal_crc.c ****   /* Check the CRC handle allocation */
 472              		.loc 1 180 1 view .LVU148
 473 0002 38B5     		push	{r3, r4, r5, lr}
 474              	.LCFI5:
 475              		.cfi_def_cfa_offset 16
 476              		.cfi_offset 3, -16
 477              		.cfi_offset 4, -12
 478              		.cfi_offset 5, -8
 479              		.cfi_offset 14, -4
 480 0004 0546     		mov	r5, r0
 188:Drivers/STM32L4xx_HAL_Driver/Src/stm32l4xx_hal_crc.c **** 
 481              		.loc 1 188 3 is_stmt 1 view .LVU149
 191:Drivers/STM32L4xx_HAL_Driver/Src/stm32l4xx_hal_crc.c ****   {
 482              		.loc 1 191 3 view .LVU150
 191:Drivers/STM32L4xx_HAL_Driver/Src/stm32l4xx_hal_crc.c ****   {
 483              		.loc 1 191 11 is_stmt 0 view .LVU151
 484 0006 437F     		ldrb	r3, [r0, #29]	@ zero_extendqisi2
 485 0008 D8B2     		uxtb	r0, r3
 486              	.LVL39:
 191:Drivers/STM32L4xx_HAL_Driver/Src/stm32l4xx_hal_crc.c ****   {
 487              		.loc 1 191 6 view .LVU152
 488 000a 022B     		cmp	r3, #2
 489 000c 0FD0     		beq	.L40
 197:Drivers/STM32L4xx_HAL_Driver/Src/stm32l4xx_hal_crc.c **** 
 490              		.loc 1 197 3 is_stmt 1 view .LVU153
 197:Drivers/STM32L4xx_HAL_Driver/Src/stm32l4xx_hal_crc.c **** 
 491              		.loc 1 197 15 is_stmt 0 view .LVU154
ARM GAS  C:\Users\adisa\AppData\Local\Temp\cc5eJKND.s 			page 20


 492 000e 0223     		movs	r3, #2
 493 0010 6B77     		strb	r3, [r5, #29]
 200:Drivers/STM32L4xx_HAL_Driver/Src/stm32l4xx_hal_crc.c **** 
 494              		.loc 1 200 3 is_stmt 1 view .LVU155
 495 0012 2A68     		ldr	r2, [r5]
 496 0014 9368     		ldr	r3, [r2, #8]
 497 0016 43F00103 		orr	r3, r3, #1
 498 001a 9360     		str	r3, [r2, #8]
 208:Drivers/STM32L4xx_HAL_Driver/Src/stm32l4xx_hal_crc.c **** 
 499              		.loc 1 208 3 view .LVU156
 500 001c 2B68     		ldr	r3, [r5]
 501 001e 0024     		movs	r4, #0
 502 0020 1C71     		strb	r4, [r3, #4]
 212:Drivers/STM32L4xx_HAL_Driver/Src/stm32l4xx_hal_crc.c **** 
 503              		.loc 1 212 3 view .LVU157
 504 0022 2846     		mov	r0, r5
 505 0024 FFF7FEFF 		bl	HAL_CRC_MspDeInit
 506              	.LVL40:
 215:Drivers/STM32L4xx_HAL_Driver/Src/stm32l4xx_hal_crc.c **** 
 507              		.loc 1 215 3 view .LVU158
 215:Drivers/STM32L4xx_HAL_Driver/Src/stm32l4xx_hal_crc.c **** 
 508              		.loc 1 215 15 is_stmt 0 view .LVU159
 509 0028 6C77     		strb	r4, [r5, #29]
 218:Drivers/STM32L4xx_HAL_Driver/Src/stm32l4xx_hal_crc.c **** 
 510              		.loc 1 218 3 is_stmt 1 view .LVU160
 218:Drivers/STM32L4xx_HAL_Driver/Src/stm32l4xx_hal_crc.c **** 
 511              		.loc 1 218 3 view .LVU161
 512 002a 2C77     		strb	r4, [r5, #28]
 218:Drivers/STM32L4xx_HAL_Driver/Src/stm32l4xx_hal_crc.c **** 
 513              		.loc 1 218 3 view .LVU162
 221:Drivers/STM32L4xx_HAL_Driver/Src/stm32l4xx_hal_crc.c **** }
 514              		.loc 1 221 3 view .LVU163
 221:Drivers/STM32L4xx_HAL_Driver/Src/stm32l4xx_hal_crc.c **** }
 515              		.loc 1 221 10 is_stmt 0 view .LVU164
 516 002c 2046     		mov	r0, r4
 517              	.L40:
 222:Drivers/STM32L4xx_HAL_Driver/Src/stm32l4xx_hal_crc.c **** 
 518              		.loc 1 222 1 view .LVU165
 519 002e 38BD     		pop	{r3, r4, r5, pc}
 520              	.LVL41:
 521              	.L41:
 522              	.LCFI6:
 523              		.cfi_def_cfa_offset 0
 524              		.cfi_restore 3
 525              		.cfi_restore 4
 526              		.cfi_restore 5
 527              		.cfi_restore 14
 184:Drivers/STM32L4xx_HAL_Driver/Src/stm32l4xx_hal_crc.c ****   }
 528              		.loc 1 184 12 view .LVU166
 529 0030 0120     		movs	r0, #1
 530              	.LVL42:
 222:Drivers/STM32L4xx_HAL_Driver/Src/stm32l4xx_hal_crc.c **** 
 531              		.loc 1 222 1 view .LVU167
 532 0032 7047     		bx	lr
 533              		.cfi_endproc
 534              	.LFE385:
 536              		.section	.text.HAL_CRC_Accumulate,"ax",%progbits
ARM GAS  C:\Users\adisa\AppData\Local\Temp\cc5eJKND.s 			page 21


 537              		.align	1
 538              		.global	HAL_CRC_Accumulate
 539              		.syntax unified
 540              		.thumb
 541              		.thumb_func
 543              	HAL_CRC_Accumulate:
 544              	.LVL43:
 545              	.LFB388:
 294:Drivers/STM32L4xx_HAL_Driver/Src/stm32l4xx_hal_crc.c ****   uint32_t index;      /* CRC input data buffer index */
 546              		.loc 1 294 1 is_stmt 1 view -0
 547              		.cfi_startproc
 548              		@ args = 0, pretend = 0, frame = 0
 549              		@ frame_needed = 0, uses_anonymous_args = 0
 294:Drivers/STM32L4xx_HAL_Driver/Src/stm32l4xx_hal_crc.c ****   uint32_t index;      /* CRC input data buffer index */
 550              		.loc 1 294 1 is_stmt 0 view .LVU169
 551 0000 38B5     		push	{r3, r4, r5, lr}
 552              	.LCFI7:
 553              		.cfi_def_cfa_offset 16
 554              		.cfi_offset 3, -16
 555              		.cfi_offset 4, -12
 556              		.cfi_offset 5, -8
 557              		.cfi_offset 14, -4
 558 0002 0446     		mov	r4, r0
 295:Drivers/STM32L4xx_HAL_Driver/Src/stm32l4xx_hal_crc.c ****   uint32_t temp = 0U;  /* CRC output (read from hcrc->Instance->DR register) */
 559              		.loc 1 295 3 is_stmt 1 view .LVU170
 296:Drivers/STM32L4xx_HAL_Driver/Src/stm32l4xx_hal_crc.c **** 
 560              		.loc 1 296 3 view .LVU171
 561              	.LVL44:
 299:Drivers/STM32L4xx_HAL_Driver/Src/stm32l4xx_hal_crc.c **** 
 562              		.loc 1 299 3 view .LVU172
 299:Drivers/STM32L4xx_HAL_Driver/Src/stm32l4xx_hal_crc.c **** 
 563              		.loc 1 299 15 is_stmt 0 view .LVU173
 564 0004 0223     		movs	r3, #2
 565 0006 4377     		strb	r3, [r0, #29]
 301:Drivers/STM32L4xx_HAL_Driver/Src/stm32l4xx_hal_crc.c ****   {
 566              		.loc 1 301 3 is_stmt 1 view .LVU174
 301:Drivers/STM32L4xx_HAL_Driver/Src/stm32l4xx_hal_crc.c ****   {
 567              		.loc 1 301 15 is_stmt 0 view .LVU175
 568 0008 036A     		ldr	r3, [r0, #32]
 301:Drivers/STM32L4xx_HAL_Driver/Src/stm32l4xx_hal_crc.c ****   {
 569              		.loc 1 301 3 view .LVU176
 570 000a 022B     		cmp	r3, #2
 571 000c 16D0     		beq	.L47
 572 000e 032B     		cmp	r3, #3
 573 0010 0FD0     		beq	.L52
 574 0012 012B     		cmp	r3, #1
 575 0014 0FD0     		beq	.L49
 576 0016 0020     		movs	r0, #0
 577              	.LVL45:
 578              	.L50:
 324:Drivers/STM32L4xx_HAL_Driver/Src/stm32l4xx_hal_crc.c **** 
 579              		.loc 1 324 3 is_stmt 1 view .LVU177
 324:Drivers/STM32L4xx_HAL_Driver/Src/stm32l4xx_hal_crc.c **** 
 580              		.loc 1 324 15 is_stmt 0 view .LVU178
 581 0018 0123     		movs	r3, #1
 582 001a 6377     		strb	r3, [r4, #29]
 327:Drivers/STM32L4xx_HAL_Driver/Src/stm32l4xx_hal_crc.c **** }
ARM GAS  C:\Users\adisa\AppData\Local\Temp\cc5eJKND.s 			page 22


 583              		.loc 1 327 3 is_stmt 1 view .LVU179
 328:Drivers/STM32L4xx_HAL_Driver/Src/stm32l4xx_hal_crc.c **** 
 584              		.loc 1 328 1 is_stmt 0 view .LVU180
 585 001c 38BD     		pop	{r3, r4, r5, pc}
 586              	.LVL46:
 587              	.L51:
 307:Drivers/STM32L4xx_HAL_Driver/Src/stm32l4xx_hal_crc.c ****       }
 588              		.loc 1 307 9 is_stmt 1 view .LVU181
 307:Drivers/STM32L4xx_HAL_Driver/Src/stm32l4xx_hal_crc.c ****       }
 589              		.loc 1 307 13 is_stmt 0 view .LVU182
 590 001e 2068     		ldr	r0, [r4]
 307:Drivers/STM32L4xx_HAL_Driver/Src/stm32l4xx_hal_crc.c ****       }
 591              		.loc 1 307 28 view .LVU183
 592 0020 51F82350 		ldr	r5, [r1, r3, lsl #2]
 593 0024 0560     		str	r5, [r0]
 305:Drivers/STM32L4xx_HAL_Driver/Src/stm32l4xx_hal_crc.c ****       {
 594              		.loc 1 305 51 is_stmt 1 discriminator 3 view .LVU184
 595 0026 0133     		adds	r3, r3, #1
 596              	.LVL47:
 597              	.L48:
 305:Drivers/STM32L4xx_HAL_Driver/Src/stm32l4xx_hal_crc.c ****       {
 598              		.loc 1 305 30 discriminator 1 view .LVU185
 599 0028 9342     		cmp	r3, r2
 600 002a F8D3     		bcc	.L51
 309:Drivers/STM32L4xx_HAL_Driver/Src/stm32l4xx_hal_crc.c ****       break;
 601              		.loc 1 309 7 view .LVU186
 309:Drivers/STM32L4xx_HAL_Driver/Src/stm32l4xx_hal_crc.c ****       break;
 602              		.loc 1 309 18 is_stmt 0 view .LVU187
 603 002c 2368     		ldr	r3, [r4]
 604              	.LVL48:
 309:Drivers/STM32L4xx_HAL_Driver/Src/stm32l4xx_hal_crc.c ****       break;
 605              		.loc 1 309 12 view .LVU188
 606 002e 1868     		ldr	r0, [r3]
 607              	.LVL49:
 310:Drivers/STM32L4xx_HAL_Driver/Src/stm32l4xx_hal_crc.c **** 
 608              		.loc 1 310 7 is_stmt 1 view .LVU189
 609 0030 F2E7     		b	.L50
 610              	.LVL50:
 611              	.L52:
 301:Drivers/STM32L4xx_HAL_Driver/Src/stm32l4xx_hal_crc.c ****   {
 612              		.loc 1 301 3 is_stmt 0 view .LVU190
 613 0032 0023     		movs	r3, #0
 614 0034 F8E7     		b	.L48
 615              	.L49:
 313:Drivers/STM32L4xx_HAL_Driver/Src/stm32l4xx_hal_crc.c ****       break;
 616              		.loc 1 313 7 is_stmt 1 view .LVU191
 313:Drivers/STM32L4xx_HAL_Driver/Src/stm32l4xx_hal_crc.c ****       break;
 617              		.loc 1 313 14 is_stmt 0 view .LVU192
 618 0036 FFF7FEFF 		bl	CRC_Handle_8
 619              	.LVL51:
 314:Drivers/STM32L4xx_HAL_Driver/Src/stm32l4xx_hal_crc.c **** 
 620              		.loc 1 314 7 is_stmt 1 view .LVU193
 621 003a EDE7     		b	.L50
 622              	.LVL52:
 623              	.L47:
 317:Drivers/STM32L4xx_HAL_Driver/Src/stm32l4xx_hal_crc.c ****       break;
 624              		.loc 1 317 7 view .LVU194
ARM GAS  C:\Users\adisa\AppData\Local\Temp\cc5eJKND.s 			page 23


 317:Drivers/STM32L4xx_HAL_Driver/Src/stm32l4xx_hal_crc.c ****       break;
 625              		.loc 1 317 14 is_stmt 0 view .LVU195
 626 003c FFF7FEFF 		bl	CRC_Handle_16
 627              	.LVL53:
 318:Drivers/STM32L4xx_HAL_Driver/Src/stm32l4xx_hal_crc.c ****     default:
 628              		.loc 1 318 7 is_stmt 1 view .LVU196
 629 0040 EAE7     		b	.L50
 630              		.cfi_endproc
 631              	.LFE388:
 633              		.section	.text.HAL_CRC_Calculate,"ax",%progbits
 634              		.align	1
 635              		.global	HAL_CRC_Calculate
 636              		.syntax unified
 637              		.thumb
 638              		.thumb_func
 640              	HAL_CRC_Calculate:
 641              	.LVL54:
 642              	.LFB389:
 346:Drivers/STM32L4xx_HAL_Driver/Src/stm32l4xx_hal_crc.c ****   uint32_t index;      /* CRC input data buffer index */
 643              		.loc 1 346 1 view -0
 644              		.cfi_startproc
 645              		@ args = 0, pretend = 0, frame = 0
 646              		@ frame_needed = 0, uses_anonymous_args = 0
 346:Drivers/STM32L4xx_HAL_Driver/Src/stm32l4xx_hal_crc.c ****   uint32_t index;      /* CRC input data buffer index */
 647              		.loc 1 346 1 is_stmt 0 view .LVU198
 648 0000 38B5     		push	{r3, r4, r5, lr}
 649              	.LCFI8:
 650              		.cfi_def_cfa_offset 16
 651              		.cfi_offset 3, -16
 652              		.cfi_offset 4, -12
 653              		.cfi_offset 5, -8
 654              		.cfi_offset 14, -4
 655 0002 0446     		mov	r4, r0
 347:Drivers/STM32L4xx_HAL_Driver/Src/stm32l4xx_hal_crc.c ****   uint32_t temp = 0U;  /* CRC output (read from hcrc->Instance->DR register) */
 656              		.loc 1 347 3 is_stmt 1 view .LVU199
 348:Drivers/STM32L4xx_HAL_Driver/Src/stm32l4xx_hal_crc.c **** 
 657              		.loc 1 348 3 view .LVU200
 658              	.LVL55:
 351:Drivers/STM32L4xx_HAL_Driver/Src/stm32l4xx_hal_crc.c **** 
 659              		.loc 1 351 3 view .LVU201
 351:Drivers/STM32L4xx_HAL_Driver/Src/stm32l4xx_hal_crc.c **** 
 660              		.loc 1 351 15 is_stmt 0 view .LVU202
 661 0004 0223     		movs	r3, #2
 662 0006 4377     		strb	r3, [r0, #29]
 355:Drivers/STM32L4xx_HAL_Driver/Src/stm32l4xx_hal_crc.c **** 
 663              		.loc 1 355 3 is_stmt 1 view .LVU203
 664 0008 0068     		ldr	r0, [r0]
 665              	.LVL56:
 355:Drivers/STM32L4xx_HAL_Driver/Src/stm32l4xx_hal_crc.c **** 
 666              		.loc 1 355 3 is_stmt 0 view .LVU204
 667 000a 8368     		ldr	r3, [r0, #8]
 668 000c 43F00103 		orr	r3, r3, #1
 669 0010 8360     		str	r3, [r0, #8]
 357:Drivers/STM32L4xx_HAL_Driver/Src/stm32l4xx_hal_crc.c ****   {
 670              		.loc 1 357 3 is_stmt 1 view .LVU205
 357:Drivers/STM32L4xx_HAL_Driver/Src/stm32l4xx_hal_crc.c ****   {
 671              		.loc 1 357 15 is_stmt 0 view .LVU206
ARM GAS  C:\Users\adisa\AppData\Local\Temp\cc5eJKND.s 			page 24


 672 0012 236A     		ldr	r3, [r4, #32]
 357:Drivers/STM32L4xx_HAL_Driver/Src/stm32l4xx_hal_crc.c ****   {
 673              		.loc 1 357 3 view .LVU207
 674 0014 022B     		cmp	r3, #2
 675 0016 17D0     		beq	.L55
 676 0018 032B     		cmp	r3, #3
 677 001a 0FD0     		beq	.L60
 678 001c 012B     		cmp	r3, #1
 679 001e 0FD0     		beq	.L57
 680 0020 0020     		movs	r0, #0
 681              	.LVL57:
 682              	.L58:
 383:Drivers/STM32L4xx_HAL_Driver/Src/stm32l4xx_hal_crc.c **** 
 683              		.loc 1 383 3 is_stmt 1 view .LVU208
 383:Drivers/STM32L4xx_HAL_Driver/Src/stm32l4xx_hal_crc.c **** 
 684              		.loc 1 383 15 is_stmt 0 view .LVU209
 685 0022 0123     		movs	r3, #1
 686 0024 6377     		strb	r3, [r4, #29]
 386:Drivers/STM32L4xx_HAL_Driver/Src/stm32l4xx_hal_crc.c **** }
 687              		.loc 1 386 3 is_stmt 1 view .LVU210
 387:Drivers/STM32L4xx_HAL_Driver/Src/stm32l4xx_hal_crc.c **** 
 688              		.loc 1 387 1 is_stmt 0 view .LVU211
 689 0026 38BD     		pop	{r3, r4, r5, pc}
 690              	.LVL58:
 691              	.L59:
 363:Drivers/STM32L4xx_HAL_Driver/Src/stm32l4xx_hal_crc.c ****       }
 692              		.loc 1 363 9 is_stmt 1 view .LVU212
 363:Drivers/STM32L4xx_HAL_Driver/Src/stm32l4xx_hal_crc.c ****       }
 693              		.loc 1 363 13 is_stmt 0 view .LVU213
 694 0028 2068     		ldr	r0, [r4]
 363:Drivers/STM32L4xx_HAL_Driver/Src/stm32l4xx_hal_crc.c ****       }
 695              		.loc 1 363 28 view .LVU214
 696 002a 51F82350 		ldr	r5, [r1, r3, lsl #2]
 697 002e 0560     		str	r5, [r0]
 361:Drivers/STM32L4xx_HAL_Driver/Src/stm32l4xx_hal_crc.c ****       {
 698              		.loc 1 361 51 is_stmt 1 discriminator 3 view .LVU215
 699 0030 0133     		adds	r3, r3, #1
 700              	.LVL59:
 701              	.L56:
 361:Drivers/STM32L4xx_HAL_Driver/Src/stm32l4xx_hal_crc.c ****       {
 702              		.loc 1 361 30 discriminator 1 view .LVU216
 703 0032 9342     		cmp	r3, r2
 704 0034 F8D3     		bcc	.L59
 365:Drivers/STM32L4xx_HAL_Driver/Src/stm32l4xx_hal_crc.c ****       break;
 705              		.loc 1 365 7 view .LVU217
 365:Drivers/STM32L4xx_HAL_Driver/Src/stm32l4xx_hal_crc.c ****       break;
 706              		.loc 1 365 18 is_stmt 0 view .LVU218
 707 0036 2368     		ldr	r3, [r4]
 708              	.LVL60:
 365:Drivers/STM32L4xx_HAL_Driver/Src/stm32l4xx_hal_crc.c ****       break;
 709              		.loc 1 365 12 view .LVU219
 710 0038 1868     		ldr	r0, [r3]
 711              	.LVL61:
 366:Drivers/STM32L4xx_HAL_Driver/Src/stm32l4xx_hal_crc.c **** 
 712              		.loc 1 366 7 is_stmt 1 view .LVU220
 713 003a F2E7     		b	.L58
 714              	.LVL62:
ARM GAS  C:\Users\adisa\AppData\Local\Temp\cc5eJKND.s 			page 25


 715              	.L60:
 357:Drivers/STM32L4xx_HAL_Driver/Src/stm32l4xx_hal_crc.c ****   {
 716              		.loc 1 357 3 is_stmt 0 view .LVU221
 717 003c 0023     		movs	r3, #0
 718 003e F8E7     		b	.L56
 719              	.L57:
 370:Drivers/STM32L4xx_HAL_Driver/Src/stm32l4xx_hal_crc.c ****       break;
 720              		.loc 1 370 7 is_stmt 1 view .LVU222
 370:Drivers/STM32L4xx_HAL_Driver/Src/stm32l4xx_hal_crc.c ****       break;
 721              		.loc 1 370 14 is_stmt 0 view .LVU223
 722 0040 2046     		mov	r0, r4
 723 0042 FFF7FEFF 		bl	CRC_Handle_8
 724              	.LVL63:
 371:Drivers/STM32L4xx_HAL_Driver/Src/stm32l4xx_hal_crc.c **** 
 725              		.loc 1 371 7 is_stmt 1 view .LVU224
 726 0046 ECE7     		b	.L58
 727              	.LVL64:
 728              	.L55:
 375:Drivers/STM32L4xx_HAL_Driver/Src/stm32l4xx_hal_crc.c ****       break;
 729              		.loc 1 375 7 view .LVU225
 375:Drivers/STM32L4xx_HAL_Driver/Src/stm32l4xx_hal_crc.c ****       break;
 730              		.loc 1 375 14 is_stmt 0 view .LVU226
 731 0048 2046     		mov	r0, r4
 732 004a FFF7FEFF 		bl	CRC_Handle_16
 733              	.LVL65:
 376:Drivers/STM32L4xx_HAL_Driver/Src/stm32l4xx_hal_crc.c **** 
 734              		.loc 1 376 7 is_stmt 1 view .LVU227
 735 004e E8E7     		b	.L58
 736              		.cfi_endproc
 737              	.LFE389:
 739              		.section	.text.HAL_CRC_GetState,"ax",%progbits
 740              		.align	1
 741              		.global	HAL_CRC_GetState
 742              		.syntax unified
 743              		.thumb
 744              		.thumb_func
 746              	HAL_CRC_GetState:
 747              	.LVL66:
 748              	.LFB390:
 413:Drivers/STM32L4xx_HAL_Driver/Src/stm32l4xx_hal_crc.c ****   /* Return CRC handle state */
 749              		.loc 1 413 1 view -0
 750              		.cfi_startproc
 751              		@ args = 0, pretend = 0, frame = 0
 752              		@ frame_needed = 0, uses_anonymous_args = 0
 753              		@ link register save eliminated.
 415:Drivers/STM32L4xx_HAL_Driver/Src/stm32l4xx_hal_crc.c **** }
 754              		.loc 1 415 3 view .LVU229
 415:Drivers/STM32L4xx_HAL_Driver/Src/stm32l4xx_hal_crc.c **** }
 755              		.loc 1 415 14 is_stmt 0 view .LVU230
 756 0000 407F     		ldrb	r0, [r0, #29]	@ zero_extendqisi2
 757              	.LVL67:
 416:Drivers/STM32L4xx_HAL_Driver/Src/stm32l4xx_hal_crc.c **** 
 758              		.loc 1 416 1 view .LVU231
 759 0002 7047     		bx	lr
 760              		.cfi_endproc
 761              	.LFE390:
 763              		.text
ARM GAS  C:\Users\adisa\AppData\Local\Temp\cc5eJKND.s 			page 26


 764              	.Letext0:
 765              		.file 2 "C:/Users/adisa/AppData/Roaming/Code/User/globalStorage/bmd.stm32-for-vscode/@xpack-dev-to
 766              		.file 3 "C:/Users/adisa/AppData/Roaming/Code/User/globalStorage/bmd.stm32-for-vscode/@xpack-dev-to
 767              		.file 4 "Drivers/CMSIS/Device/ST/STM32L4xx/Include/stm32l432xx.h"
 768              		.file 5 "Drivers/STM32L4xx_HAL_Driver/Inc/stm32l4xx_hal_def.h"
 769              		.file 6 "Drivers/STM32L4xx_HAL_Driver/Inc/stm32l4xx_hal_crc.h"
 770              		.file 7 "Drivers/STM32L4xx_HAL_Driver/Inc/stm32l4xx_ll_dma.h"
 771              		.file 8 "Drivers/STM32L4xx_HAL_Driver/Inc/stm32l4xx_hal_crc_ex.h"
ARM GAS  C:\Users\adisa\AppData\Local\Temp\cc5eJKND.s 			page 27


DEFINED SYMBOLS
                            *ABS*:00000000 stm32l4xx_hal_crc.c
C:\Users\adisa\AppData\Local\Temp\cc5eJKND.s:21     .text.CRC_Handle_8:00000000 $t
C:\Users\adisa\AppData\Local\Temp\cc5eJKND.s:26     .text.CRC_Handle_8:00000000 CRC_Handle_8
C:\Users\adisa\AppData\Local\Temp\cc5eJKND.s:170    .text.CRC_Handle_16:00000000 $t
C:\Users\adisa\AppData\Local\Temp\cc5eJKND.s:175    .text.CRC_Handle_16:00000000 CRC_Handle_16
C:\Users\adisa\AppData\Local\Temp\cc5eJKND.s:275    .text.HAL_CRC_MspInit:00000000 $t
C:\Users\adisa\AppData\Local\Temp\cc5eJKND.s:281    .text.HAL_CRC_MspInit:00000000 HAL_CRC_MspInit
C:\Users\adisa\AppData\Local\Temp\cc5eJKND.s:296    .text.HAL_CRC_Init:00000000 $t
C:\Users\adisa\AppData\Local\Temp\cc5eJKND.s:302    .text.HAL_CRC_Init:00000000 HAL_CRC_Init
C:\Users\adisa\AppData\Local\Temp\cc5eJKND.s:430    .text.HAL_CRC_Init:0000007c $d
C:\Users\adisa\AppData\Local\Temp\cc5eJKND.s:435    .text.HAL_CRC_MspDeInit:00000000 $t
C:\Users\adisa\AppData\Local\Temp\cc5eJKND.s:441    .text.HAL_CRC_MspDeInit:00000000 HAL_CRC_MspDeInit
C:\Users\adisa\AppData\Local\Temp\cc5eJKND.s:456    .text.HAL_CRC_DeInit:00000000 $t
C:\Users\adisa\AppData\Local\Temp\cc5eJKND.s:462    .text.HAL_CRC_DeInit:00000000 HAL_CRC_DeInit
C:\Users\adisa\AppData\Local\Temp\cc5eJKND.s:537    .text.HAL_CRC_Accumulate:00000000 $t
C:\Users\adisa\AppData\Local\Temp\cc5eJKND.s:543    .text.HAL_CRC_Accumulate:00000000 HAL_CRC_Accumulate
C:\Users\adisa\AppData\Local\Temp\cc5eJKND.s:634    .text.HAL_CRC_Calculate:00000000 $t
C:\Users\adisa\AppData\Local\Temp\cc5eJKND.s:640    .text.HAL_CRC_Calculate:00000000 HAL_CRC_Calculate
C:\Users\adisa\AppData\Local\Temp\cc5eJKND.s:740    .text.HAL_CRC_GetState:00000000 $t
C:\Users\adisa\AppData\Local\Temp\cc5eJKND.s:746    .text.HAL_CRC_GetState:00000000 HAL_CRC_GetState

UNDEFINED SYMBOLS
HAL_CRCEx_Polynomial_Set
