ARM GAS  C:\Users\kerry\AppData\Local\Temp\ccA8n1rT.s 			page 1


   1              		.cpu cortex-m4
   2              		.arch armv7e-m
   3              		.fpu fpv4-sp-d16
   4              		.eabi_attribute 27, 1
   5              		.eabi_attribute 28, 1
   6              		.eabi_attribute 20, 1
   7              		.eabi_attribute 21, 1
   8              		.eabi_attribute 23, 3
   9              		.eabi_attribute 24, 1
  10              		.eabi_attribute 25, 1
  11              		.eabi_attribute 26, 1
  12              		.eabi_attribute 30, 1
  13              		.eabi_attribute 34, 1
  14              		.eabi_attribute 18, 4
  15              		.file	"stm32l4xx_hal_crc_ex.c"
  16              		.text
  17              	.Ltext0:
  18              		.cfi_sections	.debug_frame
  19              		.file 1 "Drivers/STM32L4xx_HAL_Driver/Src/stm32l4xx_hal_crc_ex.c"
  20              		.section	.text.HAL_CRCEx_Polynomial_Set,"ax",%progbits
  21              		.align	1
  22              		.global	HAL_CRCEx_Polynomial_Set
  23              		.syntax unified
  24              		.thumb
  25              		.thumb_func
  27              	HAL_CRCEx_Polynomial_Set:
  28              	.LVL0:
  29              	.LFB384:
   1:Drivers/STM32L4xx_HAL_Driver/Src/stm32l4xx_hal_crc_ex.c **** /**
   2:Drivers/STM32L4xx_HAL_Driver/Src/stm32l4xx_hal_crc_ex.c ****   ******************************************************************************
   3:Drivers/STM32L4xx_HAL_Driver/Src/stm32l4xx_hal_crc_ex.c ****   * @file    stm32l4xx_hal_crc_ex.c
   4:Drivers/STM32L4xx_HAL_Driver/Src/stm32l4xx_hal_crc_ex.c ****   * @author  MCD Application Team
   5:Drivers/STM32L4xx_HAL_Driver/Src/stm32l4xx_hal_crc_ex.c ****   * @brief   Extended CRC HAL module driver.
   6:Drivers/STM32L4xx_HAL_Driver/Src/stm32l4xx_hal_crc_ex.c ****   *          This file provides firmware functions to manage the extended
   7:Drivers/STM32L4xx_HAL_Driver/Src/stm32l4xx_hal_crc_ex.c ****   *          functionalities of the CRC peripheral.
   8:Drivers/STM32L4xx_HAL_Driver/Src/stm32l4xx_hal_crc_ex.c ****   *
   9:Drivers/STM32L4xx_HAL_Driver/Src/stm32l4xx_hal_crc_ex.c ****   ******************************************************************************
  10:Drivers/STM32L4xx_HAL_Driver/Src/stm32l4xx_hal_crc_ex.c ****   * @attention
  11:Drivers/STM32L4xx_HAL_Driver/Src/stm32l4xx_hal_crc_ex.c ****   *
  12:Drivers/STM32L4xx_HAL_Driver/Src/stm32l4xx_hal_crc_ex.c ****   * Copyright (c) 2017 STMicroelectronics.
  13:Drivers/STM32L4xx_HAL_Driver/Src/stm32l4xx_hal_crc_ex.c ****   * All rights reserved.
  14:Drivers/STM32L4xx_HAL_Driver/Src/stm32l4xx_hal_crc_ex.c ****   *
  15:Drivers/STM32L4xx_HAL_Driver/Src/stm32l4xx_hal_crc_ex.c ****   * This software is licensed under terms that can be found in the LICENSE file
  16:Drivers/STM32L4xx_HAL_Driver/Src/stm32l4xx_hal_crc_ex.c ****   * in the root directory of this software component.
  17:Drivers/STM32L4xx_HAL_Driver/Src/stm32l4xx_hal_crc_ex.c ****   * If no LICENSE file comes with this software, it is provided AS-IS.
  18:Drivers/STM32L4xx_HAL_Driver/Src/stm32l4xx_hal_crc_ex.c ****   *
  19:Drivers/STM32L4xx_HAL_Driver/Src/stm32l4xx_hal_crc_ex.c ****   ******************************************************************************
  20:Drivers/STM32L4xx_HAL_Driver/Src/stm32l4xx_hal_crc_ex.c ****   @verbatim
  21:Drivers/STM32L4xx_HAL_Driver/Src/stm32l4xx_hal_crc_ex.c **** ================================================================================
  22:Drivers/STM32L4xx_HAL_Driver/Src/stm32l4xx_hal_crc_ex.c ****             ##### How to use this driver #####
  23:Drivers/STM32L4xx_HAL_Driver/Src/stm32l4xx_hal_crc_ex.c **** ================================================================================
  24:Drivers/STM32L4xx_HAL_Driver/Src/stm32l4xx_hal_crc_ex.c ****     [..]
  25:Drivers/STM32L4xx_HAL_Driver/Src/stm32l4xx_hal_crc_ex.c ****          (+) Set user-defined generating polynomial through HAL_CRCEx_Polynomial_Set()
  26:Drivers/STM32L4xx_HAL_Driver/Src/stm32l4xx_hal_crc_ex.c ****          (+) Configure Input or Output data inversion
  27:Drivers/STM32L4xx_HAL_Driver/Src/stm32l4xx_hal_crc_ex.c **** 
  28:Drivers/STM32L4xx_HAL_Driver/Src/stm32l4xx_hal_crc_ex.c ****   @endverbatim
  29:Drivers/STM32L4xx_HAL_Driver/Src/stm32l4xx_hal_crc_ex.c ****   ******************************************************************************
ARM GAS  C:\Users\kerry\AppData\Local\Temp\ccA8n1rT.s 			page 2


  30:Drivers/STM32L4xx_HAL_Driver/Src/stm32l4xx_hal_crc_ex.c ****   */
  31:Drivers/STM32L4xx_HAL_Driver/Src/stm32l4xx_hal_crc_ex.c **** 
  32:Drivers/STM32L4xx_HAL_Driver/Src/stm32l4xx_hal_crc_ex.c **** /* Includes ------------------------------------------------------------------*/
  33:Drivers/STM32L4xx_HAL_Driver/Src/stm32l4xx_hal_crc_ex.c **** #include "stm32l4xx_hal.h"
  34:Drivers/STM32L4xx_HAL_Driver/Src/stm32l4xx_hal_crc_ex.c **** 
  35:Drivers/STM32L4xx_HAL_Driver/Src/stm32l4xx_hal_crc_ex.c **** /** @addtogroup STM32L4xx_HAL_Driver
  36:Drivers/STM32L4xx_HAL_Driver/Src/stm32l4xx_hal_crc_ex.c ****   * @{
  37:Drivers/STM32L4xx_HAL_Driver/Src/stm32l4xx_hal_crc_ex.c ****   */
  38:Drivers/STM32L4xx_HAL_Driver/Src/stm32l4xx_hal_crc_ex.c **** 
  39:Drivers/STM32L4xx_HAL_Driver/Src/stm32l4xx_hal_crc_ex.c **** /** @defgroup CRCEx CRCEx
  40:Drivers/STM32L4xx_HAL_Driver/Src/stm32l4xx_hal_crc_ex.c ****   * @brief CRC Extended HAL module driver
  41:Drivers/STM32L4xx_HAL_Driver/Src/stm32l4xx_hal_crc_ex.c ****   * @{
  42:Drivers/STM32L4xx_HAL_Driver/Src/stm32l4xx_hal_crc_ex.c ****   */
  43:Drivers/STM32L4xx_HAL_Driver/Src/stm32l4xx_hal_crc_ex.c **** 
  44:Drivers/STM32L4xx_HAL_Driver/Src/stm32l4xx_hal_crc_ex.c **** #ifdef HAL_CRC_MODULE_ENABLED
  45:Drivers/STM32L4xx_HAL_Driver/Src/stm32l4xx_hal_crc_ex.c **** 
  46:Drivers/STM32L4xx_HAL_Driver/Src/stm32l4xx_hal_crc_ex.c **** /* Private typedef -----------------------------------------------------------*/
  47:Drivers/STM32L4xx_HAL_Driver/Src/stm32l4xx_hal_crc_ex.c **** /* Private define ------------------------------------------------------------*/
  48:Drivers/STM32L4xx_HAL_Driver/Src/stm32l4xx_hal_crc_ex.c **** /* Private macro -------------------------------------------------------------*/
  49:Drivers/STM32L4xx_HAL_Driver/Src/stm32l4xx_hal_crc_ex.c **** /* Private variables ---------------------------------------------------------*/
  50:Drivers/STM32L4xx_HAL_Driver/Src/stm32l4xx_hal_crc_ex.c **** /* Private function prototypes -----------------------------------------------*/
  51:Drivers/STM32L4xx_HAL_Driver/Src/stm32l4xx_hal_crc_ex.c **** /* Exported functions --------------------------------------------------------*/
  52:Drivers/STM32L4xx_HAL_Driver/Src/stm32l4xx_hal_crc_ex.c **** 
  53:Drivers/STM32L4xx_HAL_Driver/Src/stm32l4xx_hal_crc_ex.c **** /** @defgroup CRCEx_Exported_Functions CRC Extended Exported Functions
  54:Drivers/STM32L4xx_HAL_Driver/Src/stm32l4xx_hal_crc_ex.c ****   * @{
  55:Drivers/STM32L4xx_HAL_Driver/Src/stm32l4xx_hal_crc_ex.c ****   */
  56:Drivers/STM32L4xx_HAL_Driver/Src/stm32l4xx_hal_crc_ex.c **** 
  57:Drivers/STM32L4xx_HAL_Driver/Src/stm32l4xx_hal_crc_ex.c **** /** @defgroup CRCEx_Exported_Functions_Group1 Extended Initialization/de-initialization functions
  58:Drivers/STM32L4xx_HAL_Driver/Src/stm32l4xx_hal_crc_ex.c ****   * @brief    Extended Initialization and Configuration functions.
  59:Drivers/STM32L4xx_HAL_Driver/Src/stm32l4xx_hal_crc_ex.c ****   *
  60:Drivers/STM32L4xx_HAL_Driver/Src/stm32l4xx_hal_crc_ex.c **** @verbatim
  61:Drivers/STM32L4xx_HAL_Driver/Src/stm32l4xx_hal_crc_ex.c ****  ===============================================================================
  62:Drivers/STM32L4xx_HAL_Driver/Src/stm32l4xx_hal_crc_ex.c ****             ##### Extended configuration functions #####
  63:Drivers/STM32L4xx_HAL_Driver/Src/stm32l4xx_hal_crc_ex.c ****  ===============================================================================
  64:Drivers/STM32L4xx_HAL_Driver/Src/stm32l4xx_hal_crc_ex.c ****     [..]  This section provides functions allowing to:
  65:Drivers/STM32L4xx_HAL_Driver/Src/stm32l4xx_hal_crc_ex.c ****       (+) Configure the generating polynomial
  66:Drivers/STM32L4xx_HAL_Driver/Src/stm32l4xx_hal_crc_ex.c ****       (+) Configure the input data inversion
  67:Drivers/STM32L4xx_HAL_Driver/Src/stm32l4xx_hal_crc_ex.c ****       (+) Configure the output data inversion
  68:Drivers/STM32L4xx_HAL_Driver/Src/stm32l4xx_hal_crc_ex.c **** 
  69:Drivers/STM32L4xx_HAL_Driver/Src/stm32l4xx_hal_crc_ex.c **** @endverbatim
  70:Drivers/STM32L4xx_HAL_Driver/Src/stm32l4xx_hal_crc_ex.c ****   * @{
  71:Drivers/STM32L4xx_HAL_Driver/Src/stm32l4xx_hal_crc_ex.c ****   */
  72:Drivers/STM32L4xx_HAL_Driver/Src/stm32l4xx_hal_crc_ex.c **** 
  73:Drivers/STM32L4xx_HAL_Driver/Src/stm32l4xx_hal_crc_ex.c **** 
  74:Drivers/STM32L4xx_HAL_Driver/Src/stm32l4xx_hal_crc_ex.c **** /**
  75:Drivers/STM32L4xx_HAL_Driver/Src/stm32l4xx_hal_crc_ex.c ****   * @brief  Initialize the CRC polynomial if different from default one.
  76:Drivers/STM32L4xx_HAL_Driver/Src/stm32l4xx_hal_crc_ex.c ****   * @param  hcrc CRC handle
  77:Drivers/STM32L4xx_HAL_Driver/Src/stm32l4xx_hal_crc_ex.c ****   * @param  Pol CRC generating polynomial (7, 8, 16 or 32-bit long).
  78:Drivers/STM32L4xx_HAL_Driver/Src/stm32l4xx_hal_crc_ex.c ****   *         This parameter is written in normal representation, e.g.
  79:Drivers/STM32L4xx_HAL_Driver/Src/stm32l4xx_hal_crc_ex.c ****   *         @arg for a polynomial of degree 7, X^7 + X^6 + X^5 + X^2 + 1 is written 0x65
  80:Drivers/STM32L4xx_HAL_Driver/Src/stm32l4xx_hal_crc_ex.c ****   *         @arg for a polynomial of degree 16, X^16 + X^12 + X^5 + 1 is written 0x1021
  81:Drivers/STM32L4xx_HAL_Driver/Src/stm32l4xx_hal_crc_ex.c ****   * @param  PolyLength CRC polynomial length.
  82:Drivers/STM32L4xx_HAL_Driver/Src/stm32l4xx_hal_crc_ex.c ****   *         This parameter can be one of the following values:
  83:Drivers/STM32L4xx_HAL_Driver/Src/stm32l4xx_hal_crc_ex.c ****   *          @arg @ref CRC_POLYLENGTH_7B  7-bit long CRC (generating polynomial of degree 7)
  84:Drivers/STM32L4xx_HAL_Driver/Src/stm32l4xx_hal_crc_ex.c ****   *          @arg @ref CRC_POLYLENGTH_8B  8-bit long CRC (generating polynomial of degree 8)
  85:Drivers/STM32L4xx_HAL_Driver/Src/stm32l4xx_hal_crc_ex.c ****   *          @arg @ref CRC_POLYLENGTH_16B 16-bit long CRC (generating polynomial of degree 16)
  86:Drivers/STM32L4xx_HAL_Driver/Src/stm32l4xx_hal_crc_ex.c ****   *          @arg @ref CRC_POLYLENGTH_32B 32-bit long CRC (generating polynomial of degree 32)
ARM GAS  C:\Users\kerry\AppData\Local\Temp\ccA8n1rT.s 			page 3


  87:Drivers/STM32L4xx_HAL_Driver/Src/stm32l4xx_hal_crc_ex.c ****   * @retval HAL status
  88:Drivers/STM32L4xx_HAL_Driver/Src/stm32l4xx_hal_crc_ex.c ****   */
  89:Drivers/STM32L4xx_HAL_Driver/Src/stm32l4xx_hal_crc_ex.c **** HAL_StatusTypeDef HAL_CRCEx_Polynomial_Set(CRC_HandleTypeDef *hcrc, uint32_t Pol, uint32_t PolyLeng
  90:Drivers/STM32L4xx_HAL_Driver/Src/stm32l4xx_hal_crc_ex.c **** {
  30              		.loc 1 90 1 view -0
  31              		.cfi_startproc
  32              		@ args = 0, pretend = 0, frame = 0
  33              		@ frame_needed = 0, uses_anonymous_args = 0
  34              		@ link register save eliminated.
  91:Drivers/STM32L4xx_HAL_Driver/Src/stm32l4xx_hal_crc_ex.c ****   HAL_StatusTypeDef status = HAL_OK;
  35              		.loc 1 91 3 view .LVU1
  92:Drivers/STM32L4xx_HAL_Driver/Src/stm32l4xx_hal_crc_ex.c ****   uint32_t msb = 31U; /* polynomial degree is 32 at most, so msb is initialized to max value */
  36              		.loc 1 92 3 view .LVU2
  93:Drivers/STM32L4xx_HAL_Driver/Src/stm32l4xx_hal_crc_ex.c **** 
  94:Drivers/STM32L4xx_HAL_Driver/Src/stm32l4xx_hal_crc_ex.c ****   /* Check the parameters */
  95:Drivers/STM32L4xx_HAL_Driver/Src/stm32l4xx_hal_crc_ex.c ****   assert_param(IS_CRC_POL_LENGTH(PolyLength));
  37              		.loc 1 95 3 view .LVU3
  96:Drivers/STM32L4xx_HAL_Driver/Src/stm32l4xx_hal_crc_ex.c **** 
  97:Drivers/STM32L4xx_HAL_Driver/Src/stm32l4xx_hal_crc_ex.c ****   /* Ensure that the generating polynomial is odd */
  98:Drivers/STM32L4xx_HAL_Driver/Src/stm32l4xx_hal_crc_ex.c ****   if ((Pol & (uint32_t)(0x1U)) ==  0U)
  38              		.loc 1 98 3 view .LVU4
  39              		.loc 1 98 6 is_stmt 0 view .LVU5
  40 0000 11F0010F 		tst	r1, #1
  41 0004 30D0     		beq	.L10
  90:Drivers/STM32L4xx_HAL_Driver/Src/stm32l4xx_hal_crc_ex.c ****   HAL_StatusTypeDef status = HAL_OK;
  42              		.loc 1 90 1 view .LVU6
  43 0006 10B4     		push	{r4}
  44              	.LCFI0:
  45              		.cfi_def_cfa_offset 4
  46              		.cfi_offset 4, -4
  92:Drivers/STM32L4xx_HAL_Driver/Src/stm32l4xx_hal_crc_ex.c **** 
  47              		.loc 1 92 12 view .LVU7
  48 0008 1F23     		movs	r3, #31
  49              	.LVL1:
  50              	.L4:
  99:Drivers/STM32L4xx_HAL_Driver/Src/stm32l4xx_hal_crc_ex.c ****   {
 100:Drivers/STM32L4xx_HAL_Driver/Src/stm32l4xx_hal_crc_ex.c ****     status =  HAL_ERROR;
 101:Drivers/STM32L4xx_HAL_Driver/Src/stm32l4xx_hal_crc_ex.c ****   }
 102:Drivers/STM32L4xx_HAL_Driver/Src/stm32l4xx_hal_crc_ex.c ****   else
 103:Drivers/STM32L4xx_HAL_Driver/Src/stm32l4xx_hal_crc_ex.c ****   {
 104:Drivers/STM32L4xx_HAL_Driver/Src/stm32l4xx_hal_crc_ex.c ****     /* check polynomial definition vs polynomial size:
 105:Drivers/STM32L4xx_HAL_Driver/Src/stm32l4xx_hal_crc_ex.c ****      * polynomial length must be aligned with polynomial
 106:Drivers/STM32L4xx_HAL_Driver/Src/stm32l4xx_hal_crc_ex.c ****      * definition. HAL_ERROR is reported if Pol degree is
 107:Drivers/STM32L4xx_HAL_Driver/Src/stm32l4xx_hal_crc_ex.c ****      * larger than that indicated by PolyLength.
 108:Drivers/STM32L4xx_HAL_Driver/Src/stm32l4xx_hal_crc_ex.c ****      * Look for MSB position: msb will contain the degree of
 109:Drivers/STM32L4xx_HAL_Driver/Src/stm32l4xx_hal_crc_ex.c ****      *  the second to the largest polynomial member. E.g., for
 110:Drivers/STM32L4xx_HAL_Driver/Src/stm32l4xx_hal_crc_ex.c ****      *  X^7 + X^6 + X^5 + X^2 + 1, msb = 6. */
 111:Drivers/STM32L4xx_HAL_Driver/Src/stm32l4xx_hal_crc_ex.c ****     while ((msb-- > 0U) && ((Pol & ((uint32_t)(0x1U) << (msb & 0x1FU))) == 0U))
 112:Drivers/STM32L4xx_HAL_Driver/Src/stm32l4xx_hal_crc_ex.c ****     {
 113:Drivers/STM32L4xx_HAL_Driver/Src/stm32l4xx_hal_crc_ex.c ****     }
  51              		.loc 1 113 5 is_stmt 1 view .LVU8
 111:Drivers/STM32L4xx_HAL_Driver/Src/stm32l4xx_hal_crc_ex.c ****     {
  52              		.loc 1 111 25 discriminator 2 view .LVU9
  53 000a 1C46     		mov	r4, r3
 111:Drivers/STM32L4xx_HAL_Driver/Src/stm32l4xx_hal_crc_ex.c ****     {
  54              		.loc 1 111 16 is_stmt 0 discriminator 2 view .LVU10
  55 000c 013B     		subs	r3, r3, #1
ARM GAS  C:\Users\kerry\AppData\Local\Temp\ccA8n1rT.s 			page 4


  56              	.LVL2:
 111:Drivers/STM32L4xx_HAL_Driver/Src/stm32l4xx_hal_crc_ex.c ****     {
  57              		.loc 1 111 25 discriminator 2 view .LVU11
  58 000e 34B1     		cbz	r4, .L3
 111:Drivers/STM32L4xx_HAL_Driver/Src/stm32l4xx_hal_crc_ex.c ****     {
  59              		.loc 1 111 62 discriminator 1 view .LVU12
  60 0010 03F01F0C 		and	ip, r3, #31
 111:Drivers/STM32L4xx_HAL_Driver/Src/stm32l4xx_hal_crc_ex.c ****     {
  61              		.loc 1 111 73 discriminator 1 view .LVU13
  62 0014 21FA0CFC 		lsr	ip, r1, ip
 111:Drivers/STM32L4xx_HAL_Driver/Src/stm32l4xx_hal_crc_ex.c ****     {
  63              		.loc 1 111 25 discriminator 1 view .LVU14
  64 0018 1CF0010F 		tst	ip, #1
  65 001c F5D0     		beq	.L4
  66              	.L3:
 114:Drivers/STM32L4xx_HAL_Driver/Src/stm32l4xx_hal_crc_ex.c **** 
 115:Drivers/STM32L4xx_HAL_Driver/Src/stm32l4xx_hal_crc_ex.c ****     switch (PolyLength)
  67              		.loc 1 115 5 is_stmt 1 view .LVU15
  68 001e 182A     		cmp	r2, #24
  69 0020 24D8     		bhi	.L11
  70 0022 DFE802F0 		tbb	[pc, r2]
  71              	.L6:
  72 0026 0F       		.byte	(.L9-.L6)/2
  73 0027 23       		.byte	(.L11-.L6)/2
  74 0028 23       		.byte	(.L11-.L6)/2
  75 0029 23       		.byte	(.L11-.L6)/2
  76 002a 23       		.byte	(.L11-.L6)/2
  77 002b 23       		.byte	(.L11-.L6)/2
  78 002c 23       		.byte	(.L11-.L6)/2
  79 002d 23       		.byte	(.L11-.L6)/2
  80 002e 1D       		.byte	(.L8-.L6)/2
  81 002f 23       		.byte	(.L11-.L6)/2
  82 0030 23       		.byte	(.L11-.L6)/2
  83 0031 23       		.byte	(.L11-.L6)/2
  84 0032 23       		.byte	(.L11-.L6)/2
  85 0033 23       		.byte	(.L11-.L6)/2
  86 0034 23       		.byte	(.L11-.L6)/2
  87 0035 23       		.byte	(.L11-.L6)/2
  88 0036 19       		.byte	(.L7-.L6)/2
  89 0037 23       		.byte	(.L11-.L6)/2
  90 0038 23       		.byte	(.L11-.L6)/2
  91 0039 23       		.byte	(.L11-.L6)/2
  92 003a 23       		.byte	(.L11-.L6)/2
  93 003b 23       		.byte	(.L11-.L6)/2
  94 003c 23       		.byte	(.L11-.L6)/2
  95 003d 23       		.byte	(.L11-.L6)/2
  96 003e 0D       		.byte	(.L5-.L6)/2
  97 003f 00       		.p2align 1
  98              	.L5:
 116:Drivers/STM32L4xx_HAL_Driver/Src/stm32l4xx_hal_crc_ex.c ****     {
 117:Drivers/STM32L4xx_HAL_Driver/Src/stm32l4xx_hal_crc_ex.c **** 
 118:Drivers/STM32L4xx_HAL_Driver/Src/stm32l4xx_hal_crc_ex.c ****       case CRC_POLYLENGTH_7B:
 119:Drivers/STM32L4xx_HAL_Driver/Src/stm32l4xx_hal_crc_ex.c ****         if (msb >= HAL_CRC_LENGTH_7B)
  99              		.loc 1 119 9 view .LVU16
 100              		.loc 1 119 12 is_stmt 0 view .LVU17
 101 0040 062B     		cmp	r3, #6
 102 0042 17D8     		bhi	.L12
ARM GAS  C:\Users\kerry\AppData\Local\Temp\ccA8n1rT.s 			page 5


 103              	.L9:
 104              	.LVL3:
 120:Drivers/STM32L4xx_HAL_Driver/Src/stm32l4xx_hal_crc_ex.c ****         {
 121:Drivers/STM32L4xx_HAL_Driver/Src/stm32l4xx_hal_crc_ex.c ****           status =   HAL_ERROR;
 122:Drivers/STM32L4xx_HAL_Driver/Src/stm32l4xx_hal_crc_ex.c ****         }
 123:Drivers/STM32L4xx_HAL_Driver/Src/stm32l4xx_hal_crc_ex.c ****         break;
 124:Drivers/STM32L4xx_HAL_Driver/Src/stm32l4xx_hal_crc_ex.c ****       case CRC_POLYLENGTH_8B:
 125:Drivers/STM32L4xx_HAL_Driver/Src/stm32l4xx_hal_crc_ex.c ****         if (msb >= HAL_CRC_LENGTH_8B)
 126:Drivers/STM32L4xx_HAL_Driver/Src/stm32l4xx_hal_crc_ex.c ****         {
 127:Drivers/STM32L4xx_HAL_Driver/Src/stm32l4xx_hal_crc_ex.c ****           status =   HAL_ERROR;
 128:Drivers/STM32L4xx_HAL_Driver/Src/stm32l4xx_hal_crc_ex.c ****         }
 129:Drivers/STM32L4xx_HAL_Driver/Src/stm32l4xx_hal_crc_ex.c ****         break;
 130:Drivers/STM32L4xx_HAL_Driver/Src/stm32l4xx_hal_crc_ex.c ****       case CRC_POLYLENGTH_16B:
 131:Drivers/STM32L4xx_HAL_Driver/Src/stm32l4xx_hal_crc_ex.c ****         if (msb >= HAL_CRC_LENGTH_16B)
 132:Drivers/STM32L4xx_HAL_Driver/Src/stm32l4xx_hal_crc_ex.c ****         {
 133:Drivers/STM32L4xx_HAL_Driver/Src/stm32l4xx_hal_crc_ex.c ****           status =   HAL_ERROR;
 134:Drivers/STM32L4xx_HAL_Driver/Src/stm32l4xx_hal_crc_ex.c ****         }
 135:Drivers/STM32L4xx_HAL_Driver/Src/stm32l4xx_hal_crc_ex.c ****         break;
 136:Drivers/STM32L4xx_HAL_Driver/Src/stm32l4xx_hal_crc_ex.c **** 
 137:Drivers/STM32L4xx_HAL_Driver/Src/stm32l4xx_hal_crc_ex.c ****       case CRC_POLYLENGTH_32B:
 138:Drivers/STM32L4xx_HAL_Driver/Src/stm32l4xx_hal_crc_ex.c ****         /* no polynomial definition vs. polynomial length issue possible */
 139:Drivers/STM32L4xx_HAL_Driver/Src/stm32l4xx_hal_crc_ex.c ****         break;
 140:Drivers/STM32L4xx_HAL_Driver/Src/stm32l4xx_hal_crc_ex.c ****       default:
 141:Drivers/STM32L4xx_HAL_Driver/Src/stm32l4xx_hal_crc_ex.c ****         status =  HAL_ERROR;
 142:Drivers/STM32L4xx_HAL_Driver/Src/stm32l4xx_hal_crc_ex.c ****         break;
 143:Drivers/STM32L4xx_HAL_Driver/Src/stm32l4xx_hal_crc_ex.c ****     }
 144:Drivers/STM32L4xx_HAL_Driver/Src/stm32l4xx_hal_crc_ex.c ****   }
 145:Drivers/STM32L4xx_HAL_Driver/Src/stm32l4xx_hal_crc_ex.c ****   if (status == HAL_OK)
 146:Drivers/STM32L4xx_HAL_Driver/Src/stm32l4xx_hal_crc_ex.c ****   {
 147:Drivers/STM32L4xx_HAL_Driver/Src/stm32l4xx_hal_crc_ex.c ****     /* set generating polynomial */
 148:Drivers/STM32L4xx_HAL_Driver/Src/stm32l4xx_hal_crc_ex.c ****     WRITE_REG(hcrc->Instance->POL, Pol);
 105              		.loc 1 148 5 is_stmt 1 view .LVU18
 106 0044 0368     		ldr	r3, [r0]
 107              	.LVL4:
 108              		.loc 1 148 5 is_stmt 0 view .LVU19
 109 0046 5961     		str	r1, [r3, #20]
 149:Drivers/STM32L4xx_HAL_Driver/Src/stm32l4xx_hal_crc_ex.c **** 
 150:Drivers/STM32L4xx_HAL_Driver/Src/stm32l4xx_hal_crc_ex.c ****     /* set generating polynomial size */
 151:Drivers/STM32L4xx_HAL_Driver/Src/stm32l4xx_hal_crc_ex.c ****     MODIFY_REG(hcrc->Instance->CR, CRC_CR_POLYSIZE, PolyLength);
 110              		.loc 1 151 5 is_stmt 1 view .LVU20
 111 0048 0168     		ldr	r1, [r0]
 112              	.LVL5:
 113              		.loc 1 151 5 is_stmt 0 view .LVU21
 114 004a 8B68     		ldr	r3, [r1, #8]
 115              	.LVL6:
 116              		.loc 1 151 5 view .LVU22
 117 004c 23F01803 		bic	r3, r3, #24
 118 0050 1343     		orrs	r3, r3, r2
 119 0052 8B60     		str	r3, [r1, #8]
 120 0054 0020     		movs	r0, #0
 121              	.LVL7:
 122              		.loc 1 151 5 view .LVU23
 123 0056 0AE0     		b	.L2
 124              	.LVL8:
 125              	.L7:
 125:Drivers/STM32L4xx_HAL_Driver/Src/stm32l4xx_hal_crc_ex.c ****         {
 126              		.loc 1 125 9 is_stmt 1 view .LVU24
ARM GAS  C:\Users\kerry\AppData\Local\Temp\ccA8n1rT.s 			page 6


 125:Drivers/STM32L4xx_HAL_Driver/Src/stm32l4xx_hal_crc_ex.c ****         {
 127              		.loc 1 125 12 is_stmt 0 view .LVU25
 128 0058 072B     		cmp	r3, #7
 129 005a F3D9     		bls	.L9
 127:Drivers/STM32L4xx_HAL_Driver/Src/stm32l4xx_hal_crc_ex.c ****         }
 130              		.loc 1 127 18 view .LVU26
 131 005c 0120     		movs	r0, #1
 132              	.LVL9:
 127:Drivers/STM32L4xx_HAL_Driver/Src/stm32l4xx_hal_crc_ex.c ****         }
 133              		.loc 1 127 18 view .LVU27
 134 005e 06E0     		b	.L2
 135              	.LVL10:
 136              	.L8:
 131:Drivers/STM32L4xx_HAL_Driver/Src/stm32l4xx_hal_crc_ex.c ****         {
 137              		.loc 1 131 9 is_stmt 1 view .LVU28
 131:Drivers/STM32L4xx_HAL_Driver/Src/stm32l4xx_hal_crc_ex.c ****         {
 138              		.loc 1 131 12 is_stmt 0 view .LVU29
 139 0060 0F2B     		cmp	r3, #15
 140 0062 EFD9     		bls	.L9
 133:Drivers/STM32L4xx_HAL_Driver/Src/stm32l4xx_hal_crc_ex.c ****         }
 141              		.loc 1 133 18 view .LVU30
 142 0064 0120     		movs	r0, #1
 143              	.LVL11:
 133:Drivers/STM32L4xx_HAL_Driver/Src/stm32l4xx_hal_crc_ex.c ****         }
 144              		.loc 1 133 18 view .LVU31
 145 0066 02E0     		b	.L2
 146              	.LVL12:
 147              	.L10:
 148              	.LCFI1:
 149              		.cfi_def_cfa_offset 0
 150              		.cfi_restore 4
 100:Drivers/STM32L4xx_HAL_Driver/Src/stm32l4xx_hal_crc_ex.c ****   }
 151              		.loc 1 100 12 view .LVU32
 152 0068 0120     		movs	r0, #1
 153              	.LVL13:
 152:Drivers/STM32L4xx_HAL_Driver/Src/stm32l4xx_hal_crc_ex.c ****   }
 153:Drivers/STM32L4xx_HAL_Driver/Src/stm32l4xx_hal_crc_ex.c ****   /* Return function status */
 154:Drivers/STM32L4xx_HAL_Driver/Src/stm32l4xx_hal_crc_ex.c ****   return status;
 154              		.loc 1 154 3 is_stmt 1 view .LVU33
 155:Drivers/STM32L4xx_HAL_Driver/Src/stm32l4xx_hal_crc_ex.c **** }
 155              		.loc 1 155 1 is_stmt 0 view .LVU34
 156 006a 7047     		bx	lr
 157              	.LVL14:
 158              	.L11:
 159              	.LCFI2:
 160              		.cfi_def_cfa_offset 4
 161              		.cfi_offset 4, -4
 115:Drivers/STM32L4xx_HAL_Driver/Src/stm32l4xx_hal_crc_ex.c ****     {
 162              		.loc 1 115 5 view .LVU35
 163 006c 0120     		movs	r0, #1
 164              	.LVL15:
 165              	.L2:
 154:Drivers/STM32L4xx_HAL_Driver/Src/stm32l4xx_hal_crc_ex.c **** }
 166              		.loc 1 154 3 is_stmt 1 view .LVU36
 167              		.loc 1 155 1 is_stmt 0 view .LVU37
 168 006e 5DF8044B 		ldr	r4, [sp], #4
 169              	.LCFI3:
ARM GAS  C:\Users\kerry\AppData\Local\Temp\ccA8n1rT.s 			page 7


 170              		.cfi_remember_state
 171              		.cfi_restore 4
 172              		.cfi_def_cfa_offset 0
 173 0072 7047     		bx	lr
 174              	.LVL16:
 175              	.L12:
 176              	.LCFI4:
 177              		.cfi_restore_state
 121:Drivers/STM32L4xx_HAL_Driver/Src/stm32l4xx_hal_crc_ex.c ****         }
 178              		.loc 1 121 18 view .LVU38
 179 0074 0120     		movs	r0, #1
 180              	.LVL17:
 121:Drivers/STM32L4xx_HAL_Driver/Src/stm32l4xx_hal_crc_ex.c ****         }
 181              		.loc 1 121 18 view .LVU39
 182 0076 FAE7     		b	.L2
 183              		.cfi_endproc
 184              	.LFE384:
 186              		.section	.text.HAL_CRCEx_Input_Data_Reverse,"ax",%progbits
 187              		.align	1
 188              		.global	HAL_CRCEx_Input_Data_Reverse
 189              		.syntax unified
 190              		.thumb
 191              		.thumb_func
 193              	HAL_CRCEx_Input_Data_Reverse:
 194              	.LVL18:
 195              	.LFB385:
 156:Drivers/STM32L4xx_HAL_Driver/Src/stm32l4xx_hal_crc_ex.c **** 
 157:Drivers/STM32L4xx_HAL_Driver/Src/stm32l4xx_hal_crc_ex.c **** /**
 158:Drivers/STM32L4xx_HAL_Driver/Src/stm32l4xx_hal_crc_ex.c ****   * @brief  Set the Reverse Input data mode.
 159:Drivers/STM32L4xx_HAL_Driver/Src/stm32l4xx_hal_crc_ex.c ****   * @param  hcrc CRC handle
 160:Drivers/STM32L4xx_HAL_Driver/Src/stm32l4xx_hal_crc_ex.c ****   * @param  InputReverseMode Input Data inversion mode.
 161:Drivers/STM32L4xx_HAL_Driver/Src/stm32l4xx_hal_crc_ex.c ****   *         This parameter can be one of the following values:
 162:Drivers/STM32L4xx_HAL_Driver/Src/stm32l4xx_hal_crc_ex.c ****   *          @arg @ref CRC_INPUTDATA_INVERSION_NONE     no change in bit order (default value)
 163:Drivers/STM32L4xx_HAL_Driver/Src/stm32l4xx_hal_crc_ex.c ****   *          @arg @ref CRC_INPUTDATA_INVERSION_BYTE     Byte-wise bit reversal
 164:Drivers/STM32L4xx_HAL_Driver/Src/stm32l4xx_hal_crc_ex.c ****   *          @arg @ref CRC_INPUTDATA_INVERSION_HALFWORD HalfWord-wise bit reversal
 165:Drivers/STM32L4xx_HAL_Driver/Src/stm32l4xx_hal_crc_ex.c ****   *          @arg @ref CRC_INPUTDATA_INVERSION_WORD     Word-wise bit reversal
 166:Drivers/STM32L4xx_HAL_Driver/Src/stm32l4xx_hal_crc_ex.c ****   * @retval HAL status
 167:Drivers/STM32L4xx_HAL_Driver/Src/stm32l4xx_hal_crc_ex.c ****   */
 168:Drivers/STM32L4xx_HAL_Driver/Src/stm32l4xx_hal_crc_ex.c **** HAL_StatusTypeDef HAL_CRCEx_Input_Data_Reverse(CRC_HandleTypeDef *hcrc, uint32_t InputReverseMode)
 169:Drivers/STM32L4xx_HAL_Driver/Src/stm32l4xx_hal_crc_ex.c **** {
 196              		.loc 1 169 1 is_stmt 1 view -0
 197              		.cfi_startproc
 198              		@ args = 0, pretend = 0, frame = 0
 199              		@ frame_needed = 0, uses_anonymous_args = 0
 200              		@ link register save eliminated.
 170:Drivers/STM32L4xx_HAL_Driver/Src/stm32l4xx_hal_crc_ex.c ****   /* Check the parameters */
 171:Drivers/STM32L4xx_HAL_Driver/Src/stm32l4xx_hal_crc_ex.c ****   assert_param(IS_CRC_INPUTDATA_INVERSION_MODE(InputReverseMode));
 201              		.loc 1 171 3 view .LVU41
 172:Drivers/STM32L4xx_HAL_Driver/Src/stm32l4xx_hal_crc_ex.c **** 
 173:Drivers/STM32L4xx_HAL_Driver/Src/stm32l4xx_hal_crc_ex.c ****   /* Change CRC peripheral state */
 174:Drivers/STM32L4xx_HAL_Driver/Src/stm32l4xx_hal_crc_ex.c ****   hcrc->State = HAL_CRC_STATE_BUSY;
 202              		.loc 1 174 3 view .LVU42
 203              		.loc 1 174 15 is_stmt 0 view .LVU43
 204 0000 0223     		movs	r3, #2
 205 0002 4377     		strb	r3, [r0, #29]
 175:Drivers/STM32L4xx_HAL_Driver/Src/stm32l4xx_hal_crc_ex.c **** 
 176:Drivers/STM32L4xx_HAL_Driver/Src/stm32l4xx_hal_crc_ex.c ****   /* set input data inversion mode */
ARM GAS  C:\Users\kerry\AppData\Local\Temp\ccA8n1rT.s 			page 8


 177:Drivers/STM32L4xx_HAL_Driver/Src/stm32l4xx_hal_crc_ex.c ****   MODIFY_REG(hcrc->Instance->CR, CRC_CR_REV_IN, InputReverseMode);
 206              		.loc 1 177 3 is_stmt 1 view .LVU44
 207 0004 0268     		ldr	r2, [r0]
 208 0006 9368     		ldr	r3, [r2, #8]
 209 0008 23F06003 		bic	r3, r3, #96
 210 000c 0B43     		orrs	r3, r3, r1
 211 000e 9360     		str	r3, [r2, #8]
 178:Drivers/STM32L4xx_HAL_Driver/Src/stm32l4xx_hal_crc_ex.c ****   /* Change CRC peripheral state */
 179:Drivers/STM32L4xx_HAL_Driver/Src/stm32l4xx_hal_crc_ex.c ****   hcrc->State = HAL_CRC_STATE_READY;
 212              		.loc 1 179 3 view .LVU45
 213              		.loc 1 179 15 is_stmt 0 view .LVU46
 214 0010 0123     		movs	r3, #1
 215 0012 4377     		strb	r3, [r0, #29]
 180:Drivers/STM32L4xx_HAL_Driver/Src/stm32l4xx_hal_crc_ex.c **** 
 181:Drivers/STM32L4xx_HAL_Driver/Src/stm32l4xx_hal_crc_ex.c ****   /* Return function status */
 182:Drivers/STM32L4xx_HAL_Driver/Src/stm32l4xx_hal_crc_ex.c ****   return HAL_OK;
 216              		.loc 1 182 3 is_stmt 1 view .LVU47
 183:Drivers/STM32L4xx_HAL_Driver/Src/stm32l4xx_hal_crc_ex.c **** }
 217              		.loc 1 183 1 is_stmt 0 view .LVU48
 218 0014 0020     		movs	r0, #0
 219              	.LVL19:
 220              		.loc 1 183 1 view .LVU49
 221 0016 7047     		bx	lr
 222              		.cfi_endproc
 223              	.LFE385:
 225              		.section	.text.HAL_CRCEx_Output_Data_Reverse,"ax",%progbits
 226              		.align	1
 227              		.global	HAL_CRCEx_Output_Data_Reverse
 228              		.syntax unified
 229              		.thumb
 230              		.thumb_func
 232              	HAL_CRCEx_Output_Data_Reverse:
 233              	.LVL20:
 234              	.LFB386:
 184:Drivers/STM32L4xx_HAL_Driver/Src/stm32l4xx_hal_crc_ex.c **** 
 185:Drivers/STM32L4xx_HAL_Driver/Src/stm32l4xx_hal_crc_ex.c **** /**
 186:Drivers/STM32L4xx_HAL_Driver/Src/stm32l4xx_hal_crc_ex.c ****   * @brief  Set the Reverse Output data mode.
 187:Drivers/STM32L4xx_HAL_Driver/Src/stm32l4xx_hal_crc_ex.c ****   * @param  hcrc CRC handle
 188:Drivers/STM32L4xx_HAL_Driver/Src/stm32l4xx_hal_crc_ex.c ****   * @param  OutputReverseMode Output Data inversion mode.
 189:Drivers/STM32L4xx_HAL_Driver/Src/stm32l4xx_hal_crc_ex.c ****   *         This parameter can be one of the following values:
 190:Drivers/STM32L4xx_HAL_Driver/Src/stm32l4xx_hal_crc_ex.c ****   *          @arg @ref CRC_OUTPUTDATA_INVERSION_DISABLE no CRC inversion (default value)
 191:Drivers/STM32L4xx_HAL_Driver/Src/stm32l4xx_hal_crc_ex.c ****   *          @arg @ref CRC_OUTPUTDATA_INVERSION_ENABLE  bit-level inversion (e.g. for a 8-bit CRC: 
 192:Drivers/STM32L4xx_HAL_Driver/Src/stm32l4xx_hal_crc_ex.c ****   * @retval HAL status
 193:Drivers/STM32L4xx_HAL_Driver/Src/stm32l4xx_hal_crc_ex.c ****   */
 194:Drivers/STM32L4xx_HAL_Driver/Src/stm32l4xx_hal_crc_ex.c **** HAL_StatusTypeDef HAL_CRCEx_Output_Data_Reverse(CRC_HandleTypeDef *hcrc, uint32_t OutputReverseMode
 195:Drivers/STM32L4xx_HAL_Driver/Src/stm32l4xx_hal_crc_ex.c **** {
 235              		.loc 1 195 1 is_stmt 1 view -0
 236              		.cfi_startproc
 237              		@ args = 0, pretend = 0, frame = 0
 238              		@ frame_needed = 0, uses_anonymous_args = 0
 239              		@ link register save eliminated.
 196:Drivers/STM32L4xx_HAL_Driver/Src/stm32l4xx_hal_crc_ex.c ****   /* Check the parameters */
 197:Drivers/STM32L4xx_HAL_Driver/Src/stm32l4xx_hal_crc_ex.c ****   assert_param(IS_CRC_OUTPUTDATA_INVERSION_MODE(OutputReverseMode));
 240              		.loc 1 197 3 view .LVU51
 198:Drivers/STM32L4xx_HAL_Driver/Src/stm32l4xx_hal_crc_ex.c **** 
 199:Drivers/STM32L4xx_HAL_Driver/Src/stm32l4xx_hal_crc_ex.c ****   /* Change CRC peripheral state */
 200:Drivers/STM32L4xx_HAL_Driver/Src/stm32l4xx_hal_crc_ex.c ****   hcrc->State = HAL_CRC_STATE_BUSY;
ARM GAS  C:\Users\kerry\AppData\Local\Temp\ccA8n1rT.s 			page 9


 241              		.loc 1 200 3 view .LVU52
 242              		.loc 1 200 15 is_stmt 0 view .LVU53
 243 0000 0223     		movs	r3, #2
 244 0002 4377     		strb	r3, [r0, #29]
 201:Drivers/STM32L4xx_HAL_Driver/Src/stm32l4xx_hal_crc_ex.c **** 
 202:Drivers/STM32L4xx_HAL_Driver/Src/stm32l4xx_hal_crc_ex.c ****   /* set output data inversion mode */
 203:Drivers/STM32L4xx_HAL_Driver/Src/stm32l4xx_hal_crc_ex.c ****   MODIFY_REG(hcrc->Instance->CR, CRC_CR_REV_OUT, OutputReverseMode);
 245              		.loc 1 203 3 is_stmt 1 view .LVU54
 246 0004 0268     		ldr	r2, [r0]
 247 0006 9368     		ldr	r3, [r2, #8]
 248 0008 23F08003 		bic	r3, r3, #128
 249 000c 0B43     		orrs	r3, r3, r1
 250 000e 9360     		str	r3, [r2, #8]
 204:Drivers/STM32L4xx_HAL_Driver/Src/stm32l4xx_hal_crc_ex.c **** 
 205:Drivers/STM32L4xx_HAL_Driver/Src/stm32l4xx_hal_crc_ex.c ****   /* Change CRC peripheral state */
 206:Drivers/STM32L4xx_HAL_Driver/Src/stm32l4xx_hal_crc_ex.c ****   hcrc->State = HAL_CRC_STATE_READY;
 251              		.loc 1 206 3 view .LVU55
 252              		.loc 1 206 15 is_stmt 0 view .LVU56
 253 0010 0123     		movs	r3, #1
 254 0012 4377     		strb	r3, [r0, #29]
 207:Drivers/STM32L4xx_HAL_Driver/Src/stm32l4xx_hal_crc_ex.c **** 
 208:Drivers/STM32L4xx_HAL_Driver/Src/stm32l4xx_hal_crc_ex.c ****   /* Return function status */
 209:Drivers/STM32L4xx_HAL_Driver/Src/stm32l4xx_hal_crc_ex.c ****   return HAL_OK;
 255              		.loc 1 209 3 is_stmt 1 view .LVU57
 210:Drivers/STM32L4xx_HAL_Driver/Src/stm32l4xx_hal_crc_ex.c **** }
 256              		.loc 1 210 1 is_stmt 0 view .LVU58
 257 0014 0020     		movs	r0, #0
 258              	.LVL21:
 259              		.loc 1 210 1 view .LVU59
 260 0016 7047     		bx	lr
 261              		.cfi_endproc
 262              	.LFE386:
 264              		.text
 265              	.Letext0:
 266              		.file 2 "C:/Users/kerry/AppData/Roaming/Code/User/globalStorage/bmd.stm32-for-vscode/@xpack-dev-to
 267              		.file 3 "C:/Users/kerry/AppData/Roaming/Code/User/globalStorage/bmd.stm32-for-vscode/@xpack-dev-to
 268              		.file 4 "Drivers/CMSIS/Device/ST/STM32L4xx/Include/stm32l432xx.h"
 269              		.file 5 "Drivers/STM32L4xx_HAL_Driver/Inc/stm32l4xx_hal_def.h"
 270              		.file 6 "Drivers/STM32L4xx_HAL_Driver/Inc/stm32l4xx_hal_crc.h"
 271              		.file 7 "Drivers/STM32L4xx_HAL_Driver/Inc/stm32l4xx_ll_dma.h"
ARM GAS  C:\Users\kerry\AppData\Local\Temp\ccA8n1rT.s 			page 10


DEFINED SYMBOLS
                            *ABS*:00000000 stm32l4xx_hal_crc_ex.c
C:\Users\kerry\AppData\Local\Temp\ccA8n1rT.s:21     .text.HAL_CRCEx_Polynomial_Set:00000000 $t
C:\Users\kerry\AppData\Local\Temp\ccA8n1rT.s:27     .text.HAL_CRCEx_Polynomial_Set:00000000 HAL_CRCEx_Polynomial_Set
C:\Users\kerry\AppData\Local\Temp\ccA8n1rT.s:72     .text.HAL_CRCEx_Polynomial_Set:00000026 $d
C:\Users\kerry\AppData\Local\Temp\ccA8n1rT.s:187    .text.HAL_CRCEx_Input_Data_Reverse:00000000 $t
C:\Users\kerry\AppData\Local\Temp\ccA8n1rT.s:193    .text.HAL_CRCEx_Input_Data_Reverse:00000000 HAL_CRCEx_Input_Data_Reverse
C:\Users\kerry\AppData\Local\Temp\ccA8n1rT.s:226    .text.HAL_CRCEx_Output_Data_Reverse:00000000 $t
C:\Users\kerry\AppData\Local\Temp\ccA8n1rT.s:232    .text.HAL_CRCEx_Output_Data_Reverse:00000000 HAL_CRCEx_Output_Data_Reverse
C:\Users\kerry\AppData\Local\Temp\ccA8n1rT.s:97     .text.HAL_CRCEx_Polynomial_Set:0000003f $d
C:\Users\kerry\AppData\Local\Temp\ccA8n1rT.s:97     .text.HAL_CRCEx_Polynomial_Set:00000040 $t

NO UNDEFINED SYMBOLS
