ARM GAS  C:\Users\adisa\AppData\Local\Temp\cct2MDZf.s 			page 1


   1              		.cpu cortex-m4
   2              		.arch armv7e-m
   3              		.fpu fpv4-sp-d16
   4              		.eabi_attribute 27, 1
   5              		.eabi_attribute 28, 1
   6              		.eabi_attribute 20, 1
   7              		.eabi_attribute 21, 1
   8              		.eabi_attribute 23, 3
   9              		.eabi_attribute 24, 1
  10              		.eabi_attribute 25, 1
  11              		.eabi_attribute 26, 1
  12              		.eabi_attribute 30, 1
  13              		.eabi_attribute 34, 1
  14              		.eabi_attribute 18, 4
  15              		.file	"stm32l4xx_hal_msp.c"
  16              		.text
  17              	.Ltext0:
  18              		.cfi_sections	.debug_frame
  19              		.file 1 "Core/Src/stm32l4xx_hal_msp.c"
  20              		.section	.text.HAL_MspInit,"ax",%progbits
  21              		.align	1
  22              		.global	HAL_MspInit
  23              		.syntax unified
  24              		.thumb
  25              		.thumb_func
  27              	HAL_MspInit:
  28              	.LFB384:
   1:Core/Src/stm32l4xx_hal_msp.c **** /* USER CODE BEGIN Header */
   2:Core/Src/stm32l4xx_hal_msp.c **** /**
   3:Core/Src/stm32l4xx_hal_msp.c ****   ******************************************************************************
   4:Core/Src/stm32l4xx_hal_msp.c ****   * @file         stm32l4xx_hal_msp.c
   5:Core/Src/stm32l4xx_hal_msp.c ****   * @brief        This file provides code for the MSP Initialization
   6:Core/Src/stm32l4xx_hal_msp.c ****   *               and de-Initialization codes.
   7:Core/Src/stm32l4xx_hal_msp.c ****   ******************************************************************************
   8:Core/Src/stm32l4xx_hal_msp.c ****   * @attention
   9:Core/Src/stm32l4xx_hal_msp.c ****   *
  10:Core/Src/stm32l4xx_hal_msp.c ****   * Copyright (c) 2026 STMicroelectronics.
  11:Core/Src/stm32l4xx_hal_msp.c ****   * All rights reserved.
  12:Core/Src/stm32l4xx_hal_msp.c ****   *
  13:Core/Src/stm32l4xx_hal_msp.c ****   * This software is licensed under terms that can be found in the LICENSE file
  14:Core/Src/stm32l4xx_hal_msp.c ****   * in the root directory of this software component.
  15:Core/Src/stm32l4xx_hal_msp.c ****   * If no LICENSE file comes with this software, it is provided AS-IS.
  16:Core/Src/stm32l4xx_hal_msp.c ****   *
  17:Core/Src/stm32l4xx_hal_msp.c ****   ******************************************************************************
  18:Core/Src/stm32l4xx_hal_msp.c ****   */
  19:Core/Src/stm32l4xx_hal_msp.c **** /* USER CODE END Header */
  20:Core/Src/stm32l4xx_hal_msp.c **** 
  21:Core/Src/stm32l4xx_hal_msp.c **** /* Includes ------------------------------------------------------------------*/
  22:Core/Src/stm32l4xx_hal_msp.c **** #include "main.h"
  23:Core/Src/stm32l4xx_hal_msp.c **** /* USER CODE BEGIN Includes */
  24:Core/Src/stm32l4xx_hal_msp.c **** 
  25:Core/Src/stm32l4xx_hal_msp.c **** /* USER CODE END Includes */
  26:Core/Src/stm32l4xx_hal_msp.c **** 
  27:Core/Src/stm32l4xx_hal_msp.c **** /* Private typedef -----------------------------------------------------------*/
  28:Core/Src/stm32l4xx_hal_msp.c **** /* USER CODE BEGIN TD */
  29:Core/Src/stm32l4xx_hal_msp.c **** 
  30:Core/Src/stm32l4xx_hal_msp.c **** /* USER CODE END TD */
ARM GAS  C:\Users\adisa\AppData\Local\Temp\cct2MDZf.s 			page 2


  31:Core/Src/stm32l4xx_hal_msp.c **** 
  32:Core/Src/stm32l4xx_hal_msp.c **** /* Private define ------------------------------------------------------------*/
  33:Core/Src/stm32l4xx_hal_msp.c **** /* USER CODE BEGIN Define */
  34:Core/Src/stm32l4xx_hal_msp.c **** 
  35:Core/Src/stm32l4xx_hal_msp.c **** /* USER CODE END Define */
  36:Core/Src/stm32l4xx_hal_msp.c **** 
  37:Core/Src/stm32l4xx_hal_msp.c **** /* Private macro -------------------------------------------------------------*/
  38:Core/Src/stm32l4xx_hal_msp.c **** /* USER CODE BEGIN Macro */
  39:Core/Src/stm32l4xx_hal_msp.c **** 
  40:Core/Src/stm32l4xx_hal_msp.c **** /* USER CODE END Macro */
  41:Core/Src/stm32l4xx_hal_msp.c **** 
  42:Core/Src/stm32l4xx_hal_msp.c **** /* Private variables ---------------------------------------------------------*/
  43:Core/Src/stm32l4xx_hal_msp.c **** /* USER CODE BEGIN PV */
  44:Core/Src/stm32l4xx_hal_msp.c **** 
  45:Core/Src/stm32l4xx_hal_msp.c **** /* USER CODE END PV */
  46:Core/Src/stm32l4xx_hal_msp.c **** 
  47:Core/Src/stm32l4xx_hal_msp.c **** /* Private function prototypes -----------------------------------------------*/
  48:Core/Src/stm32l4xx_hal_msp.c **** /* USER CODE BEGIN PFP */
  49:Core/Src/stm32l4xx_hal_msp.c **** 
  50:Core/Src/stm32l4xx_hal_msp.c **** /* USER CODE END PFP */
  51:Core/Src/stm32l4xx_hal_msp.c **** 
  52:Core/Src/stm32l4xx_hal_msp.c **** /* External functions --------------------------------------------------------*/
  53:Core/Src/stm32l4xx_hal_msp.c **** /* USER CODE BEGIN ExternalFunctions */
  54:Core/Src/stm32l4xx_hal_msp.c **** 
  55:Core/Src/stm32l4xx_hal_msp.c **** /* USER CODE END ExternalFunctions */
  56:Core/Src/stm32l4xx_hal_msp.c **** 
  57:Core/Src/stm32l4xx_hal_msp.c **** /* USER CODE BEGIN 0 */
  58:Core/Src/stm32l4xx_hal_msp.c **** 
  59:Core/Src/stm32l4xx_hal_msp.c **** /* USER CODE END 0 */
  60:Core/Src/stm32l4xx_hal_msp.c **** /**
  61:Core/Src/stm32l4xx_hal_msp.c ****   * Initializes the Global MSP.
  62:Core/Src/stm32l4xx_hal_msp.c ****   */
  63:Core/Src/stm32l4xx_hal_msp.c **** void HAL_MspInit(void)
  64:Core/Src/stm32l4xx_hal_msp.c **** {
  29              		.loc 1 64 1 view -0
  30              		.cfi_startproc
  31              		@ args = 0, pretend = 0, frame = 8
  32              		@ frame_needed = 0, uses_anonymous_args = 0
  33 0000 00B5     		push	{lr}
  34              	.LCFI0:
  35              		.cfi_def_cfa_offset 4
  36              		.cfi_offset 14, -4
  37 0002 83B0     		sub	sp, sp, #12
  38              	.LCFI1:
  39              		.cfi_def_cfa_offset 16
  65:Core/Src/stm32l4xx_hal_msp.c **** 
  66:Core/Src/stm32l4xx_hal_msp.c ****   /* USER CODE BEGIN MspInit 0 */
  67:Core/Src/stm32l4xx_hal_msp.c **** 
  68:Core/Src/stm32l4xx_hal_msp.c ****   /* USER CODE END MspInit 0 */
  69:Core/Src/stm32l4xx_hal_msp.c **** 
  70:Core/Src/stm32l4xx_hal_msp.c ****   __HAL_RCC_SYSCFG_CLK_ENABLE();
  40              		.loc 1 70 3 view .LVU1
  41              	.LBB2:
  42              		.loc 1 70 3 view .LVU2
  43              		.loc 1 70 3 view .LVU3
  44 0004 0D4B     		ldr	r3, .L3
  45 0006 1A6E     		ldr	r2, [r3, #96]
ARM GAS  C:\Users\adisa\AppData\Local\Temp\cct2MDZf.s 			page 3


  46 0008 42F00102 		orr	r2, r2, #1
  47 000c 1A66     		str	r2, [r3, #96]
  48              		.loc 1 70 3 view .LVU4
  49 000e 1A6E     		ldr	r2, [r3, #96]
  50 0010 02F00102 		and	r2, r2, #1
  51 0014 0092     		str	r2, [sp]
  52              		.loc 1 70 3 view .LVU5
  53 0016 009A     		ldr	r2, [sp]
  54              	.LBE2:
  55              		.loc 1 70 3 view .LVU6
  71:Core/Src/stm32l4xx_hal_msp.c ****   __HAL_RCC_PWR_CLK_ENABLE();
  56              		.loc 1 71 3 view .LVU7
  57              	.LBB3:
  58              		.loc 1 71 3 view .LVU8
  59              		.loc 1 71 3 view .LVU9
  60 0018 9A6D     		ldr	r2, [r3, #88]
  61 001a 42F08052 		orr	r2, r2, #268435456
  62 001e 9A65     		str	r2, [r3, #88]
  63              		.loc 1 71 3 view .LVU10
  64 0020 9B6D     		ldr	r3, [r3, #88]
  65 0022 03F08053 		and	r3, r3, #268435456
  66 0026 0193     		str	r3, [sp, #4]
  67              		.loc 1 71 3 view .LVU11
  68 0028 019B     		ldr	r3, [sp, #4]
  69              	.LBE3:
  70              		.loc 1 71 3 view .LVU12
  72:Core/Src/stm32l4xx_hal_msp.c **** 
  73:Core/Src/stm32l4xx_hal_msp.c ****   /* System interrupt init*/
  74:Core/Src/stm32l4xx_hal_msp.c ****   /* PendSV_IRQn interrupt configuration */
  75:Core/Src/stm32l4xx_hal_msp.c ****   HAL_NVIC_SetPriority(PendSV_IRQn, 15, 0);
  71              		.loc 1 75 3 view .LVU13
  72 002a 0022     		movs	r2, #0
  73 002c 0F21     		movs	r1, #15
  74 002e 6FF00100 		mvn	r0, #1
  75 0032 FFF7FEFF 		bl	HAL_NVIC_SetPriority
  76              	.LVL0:
  76:Core/Src/stm32l4xx_hal_msp.c **** 
  77:Core/Src/stm32l4xx_hal_msp.c ****   /* USER CODE BEGIN MspInit 1 */
  78:Core/Src/stm32l4xx_hal_msp.c **** 
  79:Core/Src/stm32l4xx_hal_msp.c ****   /* USER CODE END MspInit 1 */
  80:Core/Src/stm32l4xx_hal_msp.c **** }
  77              		.loc 1 80 1 is_stmt 0 view .LVU14
  78 0036 03B0     		add	sp, sp, #12
  79              	.LCFI2:
  80              		.cfi_def_cfa_offset 4
  81              		@ sp needed
  82 0038 5DF804FB 		ldr	pc, [sp], #4
  83              	.L4:
  84              		.align	2
  85              	.L3:
  86 003c 00100240 		.word	1073876992
  87              		.cfi_endproc
  88              	.LFE384:
  90              		.section	.text.HAL_ADC_MspInit,"ax",%progbits
  91              		.align	1
  92              		.global	HAL_ADC_MspInit
  93              		.syntax unified
ARM GAS  C:\Users\adisa\AppData\Local\Temp\cct2MDZf.s 			page 4


  94              		.thumb
  95              		.thumb_func
  97              	HAL_ADC_MspInit:
  98              	.LVL1:
  99              	.LFB385:
  81:Core/Src/stm32l4xx_hal_msp.c **** 
  82:Core/Src/stm32l4xx_hal_msp.c **** /**
  83:Core/Src/stm32l4xx_hal_msp.c ****   * @brief ADC MSP Initialization
  84:Core/Src/stm32l4xx_hal_msp.c ****   * This function configures the hardware resources used in this example
  85:Core/Src/stm32l4xx_hal_msp.c ****   * @param hadc: ADC handle pointer
  86:Core/Src/stm32l4xx_hal_msp.c ****   * @retval None
  87:Core/Src/stm32l4xx_hal_msp.c ****   */
  88:Core/Src/stm32l4xx_hal_msp.c **** void HAL_ADC_MspInit(ADC_HandleTypeDef* hadc)
  89:Core/Src/stm32l4xx_hal_msp.c **** {
 100              		.loc 1 89 1 is_stmt 1 view -0
 101              		.cfi_startproc
 102              		@ args = 0, pretend = 0, frame = 112
 103              		@ frame_needed = 0, uses_anonymous_args = 0
 104              		.loc 1 89 1 is_stmt 0 view .LVU16
 105 0000 10B5     		push	{r4, lr}
 106              	.LCFI3:
 107              		.cfi_def_cfa_offset 8
 108              		.cfi_offset 4, -8
 109              		.cfi_offset 14, -4
 110 0002 9CB0     		sub	sp, sp, #112
 111              	.LCFI4:
 112              		.cfi_def_cfa_offset 120
 113 0004 0446     		mov	r4, r0
  90:Core/Src/stm32l4xx_hal_msp.c ****   GPIO_InitTypeDef GPIO_InitStruct = {0};
 114              		.loc 1 90 3 is_stmt 1 view .LVU17
 115              		.loc 1 90 20 is_stmt 0 view .LVU18
 116 0006 0021     		movs	r1, #0
 117 0008 1791     		str	r1, [sp, #92]
 118 000a 1891     		str	r1, [sp, #96]
 119 000c 1991     		str	r1, [sp, #100]
 120 000e 1A91     		str	r1, [sp, #104]
 121 0010 1B91     		str	r1, [sp, #108]
  91:Core/Src/stm32l4xx_hal_msp.c ****   RCC_PeriphCLKInitTypeDef PeriphClkInit = {0};
 122              		.loc 1 91 3 is_stmt 1 view .LVU19
 123              		.loc 1 91 28 is_stmt 0 view .LVU20
 124 0012 5422     		movs	r2, #84
 125 0014 02A8     		add	r0, sp, #8
 126              	.LVL2:
 127              		.loc 1 91 28 view .LVU21
 128 0016 FFF7FEFF 		bl	memset
 129              	.LVL3:
  92:Core/Src/stm32l4xx_hal_msp.c ****   if(hadc->Instance==ADC1)
 130              		.loc 1 92 3 is_stmt 1 view .LVU22
 131              		.loc 1 92 10 is_stmt 0 view .LVU23
 132 001a 2268     		ldr	r2, [r4]
 133              		.loc 1 92 5 view .LVU24
 134 001c 1E4B     		ldr	r3, .L11
 135 001e 9A42     		cmp	r2, r3
 136 0020 01D0     		beq	.L9
 137              	.L5:
  93:Core/Src/stm32l4xx_hal_msp.c ****   {
  94:Core/Src/stm32l4xx_hal_msp.c ****     /* USER CODE BEGIN ADC1_MspInit 0 */
ARM GAS  C:\Users\adisa\AppData\Local\Temp\cct2MDZf.s 			page 5


  95:Core/Src/stm32l4xx_hal_msp.c **** 
  96:Core/Src/stm32l4xx_hal_msp.c ****     /* USER CODE END ADC1_MspInit 0 */
  97:Core/Src/stm32l4xx_hal_msp.c **** 
  98:Core/Src/stm32l4xx_hal_msp.c ****   /** Initializes the peripherals clock
  99:Core/Src/stm32l4xx_hal_msp.c ****   */
 100:Core/Src/stm32l4xx_hal_msp.c ****     PeriphClkInit.PeriphClockSelection = RCC_PERIPHCLK_ADC;
 101:Core/Src/stm32l4xx_hal_msp.c ****     PeriphClkInit.AdcClockSelection = RCC_ADCCLKSOURCE_PLLSAI1;
 102:Core/Src/stm32l4xx_hal_msp.c ****     PeriphClkInit.PLLSAI1.PLLSAI1Source = RCC_PLLSOURCE_HSI;
 103:Core/Src/stm32l4xx_hal_msp.c ****     PeriphClkInit.PLLSAI1.PLLSAI1M = 2;
 104:Core/Src/stm32l4xx_hal_msp.c ****     PeriphClkInit.PLLSAI1.PLLSAI1N = 8;
 105:Core/Src/stm32l4xx_hal_msp.c ****     PeriphClkInit.PLLSAI1.PLLSAI1P = RCC_PLLP_DIV7;
 106:Core/Src/stm32l4xx_hal_msp.c ****     PeriphClkInit.PLLSAI1.PLLSAI1Q = RCC_PLLQ_DIV2;
 107:Core/Src/stm32l4xx_hal_msp.c ****     PeriphClkInit.PLLSAI1.PLLSAI1R = RCC_PLLR_DIV2;
 108:Core/Src/stm32l4xx_hal_msp.c ****     PeriphClkInit.PLLSAI1.PLLSAI1ClockOut = RCC_PLLSAI1_ADC1CLK;
 109:Core/Src/stm32l4xx_hal_msp.c ****     if (HAL_RCCEx_PeriphCLKConfig(&PeriphClkInit) != HAL_OK)
 110:Core/Src/stm32l4xx_hal_msp.c ****     {
 111:Core/Src/stm32l4xx_hal_msp.c ****       Error_Handler();
 112:Core/Src/stm32l4xx_hal_msp.c ****     }
 113:Core/Src/stm32l4xx_hal_msp.c **** 
 114:Core/Src/stm32l4xx_hal_msp.c ****     /* Peripheral clock enable */
 115:Core/Src/stm32l4xx_hal_msp.c ****     __HAL_RCC_ADC_CLK_ENABLE();
 116:Core/Src/stm32l4xx_hal_msp.c **** 
 117:Core/Src/stm32l4xx_hal_msp.c ****     __HAL_RCC_GPIOA_CLK_ENABLE();
 118:Core/Src/stm32l4xx_hal_msp.c ****     /**ADC1 GPIO Configuration
 119:Core/Src/stm32l4xx_hal_msp.c ****     PA0     ------> ADC1_IN5
 120:Core/Src/stm32l4xx_hal_msp.c ****     PA1     ------> ADC1_IN6
 121:Core/Src/stm32l4xx_hal_msp.c ****     PA2     ------> ADC1_IN7
 122:Core/Src/stm32l4xx_hal_msp.c ****     PA3     ------> ADC1_IN8
 123:Core/Src/stm32l4xx_hal_msp.c ****     PA6     ------> ADC1_IN11
 124:Core/Src/stm32l4xx_hal_msp.c ****     */
 125:Core/Src/stm32l4xx_hal_msp.c ****     GPIO_InitStruct.Pin = Batt_Sense_Pin|Brake_In_Pin|Five_Sense_Pin|LV_Curr_Pin
 126:Core/Src/stm32l4xx_hal_msp.c ****                           |HC_Curr_Pin;
 127:Core/Src/stm32l4xx_hal_msp.c ****     GPIO_InitStruct.Mode = GPIO_MODE_ANALOG_ADC_CONTROL;
 128:Core/Src/stm32l4xx_hal_msp.c ****     GPIO_InitStruct.Pull = GPIO_NOPULL;
 129:Core/Src/stm32l4xx_hal_msp.c ****     HAL_GPIO_Init(GPIOA, &GPIO_InitStruct);
 130:Core/Src/stm32l4xx_hal_msp.c **** 
 131:Core/Src/stm32l4xx_hal_msp.c ****     /* USER CODE BEGIN ADC1_MspInit 1 */
 132:Core/Src/stm32l4xx_hal_msp.c **** 
 133:Core/Src/stm32l4xx_hal_msp.c ****     /* USER CODE END ADC1_MspInit 1 */
 134:Core/Src/stm32l4xx_hal_msp.c **** 
 135:Core/Src/stm32l4xx_hal_msp.c ****   }
 136:Core/Src/stm32l4xx_hal_msp.c **** 
 137:Core/Src/stm32l4xx_hal_msp.c **** }
 138              		.loc 1 137 1 view .LVU25
 139 0022 1CB0     		add	sp, sp, #112
 140              	.LCFI5:
 141              		.cfi_remember_state
 142              		.cfi_def_cfa_offset 8
 143              		@ sp needed
 144 0024 10BD     		pop	{r4, pc}
 145              	.LVL4:
 146              	.L9:
 147              	.LCFI6:
 148              		.cfi_restore_state
 100:Core/Src/stm32l4xx_hal_msp.c ****     PeriphClkInit.AdcClockSelection = RCC_ADCCLKSOURCE_PLLSAI1;
 149              		.loc 1 100 5 is_stmt 1 view .LVU26
 100:Core/Src/stm32l4xx_hal_msp.c ****     PeriphClkInit.AdcClockSelection = RCC_ADCCLKSOURCE_PLLSAI1;
ARM GAS  C:\Users\adisa\AppData\Local\Temp\cct2MDZf.s 			page 6


 150              		.loc 1 100 40 is_stmt 0 view .LVU27
 151 0026 4FF48043 		mov	r3, #16384
 152 002a 0293     		str	r3, [sp, #8]
 101:Core/Src/stm32l4xx_hal_msp.c ****     PeriphClkInit.PLLSAI1.PLLSAI1Source = RCC_PLLSOURCE_HSI;
 153              		.loc 1 101 5 is_stmt 1 view .LVU28
 101:Core/Src/stm32l4xx_hal_msp.c ****     PeriphClkInit.PLLSAI1.PLLSAI1Source = RCC_PLLSOURCE_HSI;
 154              		.loc 1 101 37 is_stmt 0 view .LVU29
 155 002c 4FF08053 		mov	r3, #268435456
 156 0030 1493     		str	r3, [sp, #80]
 102:Core/Src/stm32l4xx_hal_msp.c ****     PeriphClkInit.PLLSAI1.PLLSAI1M = 2;
 157              		.loc 1 102 5 is_stmt 1 view .LVU30
 102:Core/Src/stm32l4xx_hal_msp.c ****     PeriphClkInit.PLLSAI1.PLLSAI1M = 2;
 158              		.loc 1 102 41 is_stmt 0 view .LVU31
 159 0032 0223     		movs	r3, #2
 160 0034 0393     		str	r3, [sp, #12]
 103:Core/Src/stm32l4xx_hal_msp.c ****     PeriphClkInit.PLLSAI1.PLLSAI1N = 8;
 161              		.loc 1 103 5 is_stmt 1 view .LVU32
 103:Core/Src/stm32l4xx_hal_msp.c ****     PeriphClkInit.PLLSAI1.PLLSAI1N = 8;
 162              		.loc 1 103 36 is_stmt 0 view .LVU33
 163 0036 0493     		str	r3, [sp, #16]
 104:Core/Src/stm32l4xx_hal_msp.c ****     PeriphClkInit.PLLSAI1.PLLSAI1P = RCC_PLLP_DIV7;
 164              		.loc 1 104 5 is_stmt 1 view .LVU34
 104:Core/Src/stm32l4xx_hal_msp.c ****     PeriphClkInit.PLLSAI1.PLLSAI1P = RCC_PLLP_DIV7;
 165              		.loc 1 104 36 is_stmt 0 view .LVU35
 166 0038 0822     		movs	r2, #8
 167 003a 0592     		str	r2, [sp, #20]
 105:Core/Src/stm32l4xx_hal_msp.c ****     PeriphClkInit.PLLSAI1.PLLSAI1Q = RCC_PLLQ_DIV2;
 168              		.loc 1 105 5 is_stmt 1 view .LVU36
 105:Core/Src/stm32l4xx_hal_msp.c ****     PeriphClkInit.PLLSAI1.PLLSAI1Q = RCC_PLLQ_DIV2;
 169              		.loc 1 105 36 is_stmt 0 view .LVU37
 170 003c 0722     		movs	r2, #7
 171 003e 0692     		str	r2, [sp, #24]
 106:Core/Src/stm32l4xx_hal_msp.c ****     PeriphClkInit.PLLSAI1.PLLSAI1R = RCC_PLLR_DIV2;
 172              		.loc 1 106 5 is_stmt 1 view .LVU38
 106:Core/Src/stm32l4xx_hal_msp.c ****     PeriphClkInit.PLLSAI1.PLLSAI1R = RCC_PLLR_DIV2;
 173              		.loc 1 106 36 is_stmt 0 view .LVU39
 174 0040 0793     		str	r3, [sp, #28]
 107:Core/Src/stm32l4xx_hal_msp.c ****     PeriphClkInit.PLLSAI1.PLLSAI1ClockOut = RCC_PLLSAI1_ADC1CLK;
 175              		.loc 1 107 5 is_stmt 1 view .LVU40
 107:Core/Src/stm32l4xx_hal_msp.c ****     PeriphClkInit.PLLSAI1.PLLSAI1ClockOut = RCC_PLLSAI1_ADC1CLK;
 176              		.loc 1 107 36 is_stmt 0 view .LVU41
 177 0042 0893     		str	r3, [sp, #32]
 108:Core/Src/stm32l4xx_hal_msp.c ****     if (HAL_RCCEx_PeriphCLKConfig(&PeriphClkInit) != HAL_OK)
 178              		.loc 1 108 5 is_stmt 1 view .LVU42
 108:Core/Src/stm32l4xx_hal_msp.c ****     if (HAL_RCCEx_PeriphCLKConfig(&PeriphClkInit) != HAL_OK)
 179              		.loc 1 108 43 is_stmt 0 view .LVU43
 180 0044 4FF08073 		mov	r3, #16777216
 181 0048 0993     		str	r3, [sp, #36]
 109:Core/Src/stm32l4xx_hal_msp.c ****     {
 182              		.loc 1 109 5 is_stmt 1 view .LVU44
 109:Core/Src/stm32l4xx_hal_msp.c ****     {
 183              		.loc 1 109 9 is_stmt 0 view .LVU45
 184 004a 02A8     		add	r0, sp, #8
 185 004c FFF7FEFF 		bl	HAL_RCCEx_PeriphCLKConfig
 186              	.LVL5:
 109:Core/Src/stm32l4xx_hal_msp.c ****     {
 187              		.loc 1 109 8 discriminator 1 view .LVU46
ARM GAS  C:\Users\adisa\AppData\Local\Temp\cct2MDZf.s 			page 7


 188 0050 F0B9     		cbnz	r0, .L10
 189              	.L7:
 115:Core/Src/stm32l4xx_hal_msp.c **** 
 190              		.loc 1 115 5 is_stmt 1 view .LVU47
 191              	.LBB4:
 115:Core/Src/stm32l4xx_hal_msp.c **** 
 192              		.loc 1 115 5 view .LVU48
 115:Core/Src/stm32l4xx_hal_msp.c **** 
 193              		.loc 1 115 5 view .LVU49
 194 0052 124B     		ldr	r3, .L11+4
 195 0054 DA6C     		ldr	r2, [r3, #76]
 196 0056 42F40052 		orr	r2, r2, #8192
 197 005a DA64     		str	r2, [r3, #76]
 115:Core/Src/stm32l4xx_hal_msp.c **** 
 198              		.loc 1 115 5 view .LVU50
 199 005c DA6C     		ldr	r2, [r3, #76]
 200 005e 02F40052 		and	r2, r2, #8192
 201 0062 0092     		str	r2, [sp]
 115:Core/Src/stm32l4xx_hal_msp.c **** 
 202              		.loc 1 115 5 view .LVU51
 203 0064 009A     		ldr	r2, [sp]
 204              	.LBE4:
 115:Core/Src/stm32l4xx_hal_msp.c **** 
 205              		.loc 1 115 5 view .LVU52
 117:Core/Src/stm32l4xx_hal_msp.c ****     /**ADC1 GPIO Configuration
 206              		.loc 1 117 5 view .LVU53
 207              	.LBB5:
 117:Core/Src/stm32l4xx_hal_msp.c ****     /**ADC1 GPIO Configuration
 208              		.loc 1 117 5 view .LVU54
 117:Core/Src/stm32l4xx_hal_msp.c ****     /**ADC1 GPIO Configuration
 209              		.loc 1 117 5 view .LVU55
 210 0066 DA6C     		ldr	r2, [r3, #76]
 211 0068 42F00102 		orr	r2, r2, #1
 212 006c DA64     		str	r2, [r3, #76]
 117:Core/Src/stm32l4xx_hal_msp.c ****     /**ADC1 GPIO Configuration
 213              		.loc 1 117 5 view .LVU56
 214 006e DB6C     		ldr	r3, [r3, #76]
 215 0070 03F00103 		and	r3, r3, #1
 216 0074 0193     		str	r3, [sp, #4]
 117:Core/Src/stm32l4xx_hal_msp.c ****     /**ADC1 GPIO Configuration
 217              		.loc 1 117 5 view .LVU57
 218 0076 019B     		ldr	r3, [sp, #4]
 219              	.LBE5:
 117:Core/Src/stm32l4xx_hal_msp.c ****     /**ADC1 GPIO Configuration
 220              		.loc 1 117 5 view .LVU58
 125:Core/Src/stm32l4xx_hal_msp.c ****                           |HC_Curr_Pin;
 221              		.loc 1 125 5 view .LVU59
 125:Core/Src/stm32l4xx_hal_msp.c ****                           |HC_Curr_Pin;
 222              		.loc 1 125 25 is_stmt 0 view .LVU60
 223 0078 4F23     		movs	r3, #79
 224 007a 1793     		str	r3, [sp, #92]
 127:Core/Src/stm32l4xx_hal_msp.c ****     GPIO_InitStruct.Pull = GPIO_NOPULL;
 225              		.loc 1 127 5 is_stmt 1 view .LVU61
 127:Core/Src/stm32l4xx_hal_msp.c ****     GPIO_InitStruct.Pull = GPIO_NOPULL;
 226              		.loc 1 127 26 is_stmt 0 view .LVU62
 227 007c 0B23     		movs	r3, #11
 228 007e 1893     		str	r3, [sp, #96]
ARM GAS  C:\Users\adisa\AppData\Local\Temp\cct2MDZf.s 			page 8


 128:Core/Src/stm32l4xx_hal_msp.c ****     HAL_GPIO_Init(GPIOA, &GPIO_InitStruct);
 229              		.loc 1 128 5 is_stmt 1 view .LVU63
 128:Core/Src/stm32l4xx_hal_msp.c ****     HAL_GPIO_Init(GPIOA, &GPIO_InitStruct);
 230              		.loc 1 128 26 is_stmt 0 view .LVU64
 231 0080 0023     		movs	r3, #0
 232 0082 1993     		str	r3, [sp, #100]
 129:Core/Src/stm32l4xx_hal_msp.c **** 
 233              		.loc 1 129 5 is_stmt 1 view .LVU65
 234 0084 17A9     		add	r1, sp, #92
 235 0086 4FF09040 		mov	r0, #1207959552
 236 008a FFF7FEFF 		bl	HAL_GPIO_Init
 237              	.LVL6:
 238              		.loc 1 137 1 is_stmt 0 view .LVU66
 239 008e C8E7     		b	.L5
 240              	.L10:
 111:Core/Src/stm32l4xx_hal_msp.c ****     }
 241              		.loc 1 111 7 is_stmt 1 view .LVU67
 242 0090 FFF7FEFF 		bl	Error_Handler
 243              	.LVL7:
 244 0094 DDE7     		b	.L7
 245              	.L12:
 246 0096 00BF     		.align	2
 247              	.L11:
 248 0098 00000450 		.word	1342439424
 249 009c 00100240 		.word	1073876992
 250              		.cfi_endproc
 251              	.LFE385:
 253              		.section	.text.HAL_ADC_MspDeInit,"ax",%progbits
 254              		.align	1
 255              		.global	HAL_ADC_MspDeInit
 256              		.syntax unified
 257              		.thumb
 258              		.thumb_func
 260              	HAL_ADC_MspDeInit:
 261              	.LVL8:
 262              	.LFB386:
 138:Core/Src/stm32l4xx_hal_msp.c **** 
 139:Core/Src/stm32l4xx_hal_msp.c **** /**
 140:Core/Src/stm32l4xx_hal_msp.c ****   * @brief ADC MSP De-Initialization
 141:Core/Src/stm32l4xx_hal_msp.c ****   * This function freeze the hardware resources used in this example
 142:Core/Src/stm32l4xx_hal_msp.c ****   * @param hadc: ADC handle pointer
 143:Core/Src/stm32l4xx_hal_msp.c ****   * @retval None
 144:Core/Src/stm32l4xx_hal_msp.c ****   */
 145:Core/Src/stm32l4xx_hal_msp.c **** void HAL_ADC_MspDeInit(ADC_HandleTypeDef* hadc)
 146:Core/Src/stm32l4xx_hal_msp.c **** {
 263              		.loc 1 146 1 view -0
 264              		.cfi_startproc
 265              		@ args = 0, pretend = 0, frame = 0
 266              		@ frame_needed = 0, uses_anonymous_args = 0
 267              		.loc 1 146 1 is_stmt 0 view .LVU69
 268 0000 08B5     		push	{r3, lr}
 269              	.LCFI7:
 270              		.cfi_def_cfa_offset 8
 271              		.cfi_offset 3, -8
 272              		.cfi_offset 14, -4
 147:Core/Src/stm32l4xx_hal_msp.c ****   if(hadc->Instance==ADC1)
 273              		.loc 1 147 3 is_stmt 1 view .LVU70
ARM GAS  C:\Users\adisa\AppData\Local\Temp\cct2MDZf.s 			page 9


 274              		.loc 1 147 10 is_stmt 0 view .LVU71
 275 0002 0268     		ldr	r2, [r0]
 276              		.loc 1 147 5 view .LVU72
 277 0004 074B     		ldr	r3, .L17
 278 0006 9A42     		cmp	r2, r3
 279 0008 00D0     		beq	.L16
 280              	.LVL9:
 281              	.L13:
 148:Core/Src/stm32l4xx_hal_msp.c ****   {
 149:Core/Src/stm32l4xx_hal_msp.c ****     /* USER CODE BEGIN ADC1_MspDeInit 0 */
 150:Core/Src/stm32l4xx_hal_msp.c **** 
 151:Core/Src/stm32l4xx_hal_msp.c ****     /* USER CODE END ADC1_MspDeInit 0 */
 152:Core/Src/stm32l4xx_hal_msp.c ****     /* Peripheral clock disable */
 153:Core/Src/stm32l4xx_hal_msp.c ****     __HAL_RCC_ADC_CLK_DISABLE();
 154:Core/Src/stm32l4xx_hal_msp.c **** 
 155:Core/Src/stm32l4xx_hal_msp.c ****     /**ADC1 GPIO Configuration
 156:Core/Src/stm32l4xx_hal_msp.c ****     PA0     ------> ADC1_IN5
 157:Core/Src/stm32l4xx_hal_msp.c ****     PA1     ------> ADC1_IN6
 158:Core/Src/stm32l4xx_hal_msp.c ****     PA2     ------> ADC1_IN7
 159:Core/Src/stm32l4xx_hal_msp.c ****     PA3     ------> ADC1_IN8
 160:Core/Src/stm32l4xx_hal_msp.c ****     PA6     ------> ADC1_IN11
 161:Core/Src/stm32l4xx_hal_msp.c ****     */
 162:Core/Src/stm32l4xx_hal_msp.c ****     HAL_GPIO_DeInit(GPIOA, Batt_Sense_Pin|Brake_In_Pin|Five_Sense_Pin|LV_Curr_Pin
 163:Core/Src/stm32l4xx_hal_msp.c ****                           |HC_Curr_Pin);
 164:Core/Src/stm32l4xx_hal_msp.c **** 
 165:Core/Src/stm32l4xx_hal_msp.c ****     /* USER CODE BEGIN ADC1_MspDeInit 1 */
 166:Core/Src/stm32l4xx_hal_msp.c **** 
 167:Core/Src/stm32l4xx_hal_msp.c ****     /* USER CODE END ADC1_MspDeInit 1 */
 168:Core/Src/stm32l4xx_hal_msp.c ****   }
 169:Core/Src/stm32l4xx_hal_msp.c **** 
 170:Core/Src/stm32l4xx_hal_msp.c **** }
 282              		.loc 1 170 1 view .LVU73
 283 000a 08BD     		pop	{r3, pc}
 284              	.LVL10:
 285              	.L16:
 153:Core/Src/stm32l4xx_hal_msp.c **** 
 286              		.loc 1 153 5 is_stmt 1 view .LVU74
 287 000c 064A     		ldr	r2, .L17+4
 288 000e D36C     		ldr	r3, [r2, #76]
 289 0010 23F40053 		bic	r3, r3, #8192
 290 0014 D364     		str	r3, [r2, #76]
 162:Core/Src/stm32l4xx_hal_msp.c ****                           |HC_Curr_Pin);
 291              		.loc 1 162 5 view .LVU75
 292 0016 4F21     		movs	r1, #79
 293 0018 4FF09040 		mov	r0, #1207959552
 294              	.LVL11:
 162:Core/Src/stm32l4xx_hal_msp.c ****                           |HC_Curr_Pin);
 295              		.loc 1 162 5 is_stmt 0 view .LVU76
 296 001c FFF7FEFF 		bl	HAL_GPIO_DeInit
 297              	.LVL12:
 298              		.loc 1 170 1 view .LVU77
 299 0020 F3E7     		b	.L13
 300              	.L18:
 301 0022 00BF     		.align	2
 302              	.L17:
 303 0024 00000450 		.word	1342439424
 304 0028 00100240 		.word	1073876992
ARM GAS  C:\Users\adisa\AppData\Local\Temp\cct2MDZf.s 			page 10


 305              		.cfi_endproc
 306              	.LFE386:
 308              		.section	.text.HAL_CAN_MspInit,"ax",%progbits
 309              		.align	1
 310              		.global	HAL_CAN_MspInit
 311              		.syntax unified
 312              		.thumb
 313              		.thumb_func
 315              	HAL_CAN_MspInit:
 316              	.LVL13:
 317              	.LFB387:
 171:Core/Src/stm32l4xx_hal_msp.c **** 
 172:Core/Src/stm32l4xx_hal_msp.c **** /**
 173:Core/Src/stm32l4xx_hal_msp.c ****   * @brief CAN MSP Initialization
 174:Core/Src/stm32l4xx_hal_msp.c ****   * This function configures the hardware resources used in this example
 175:Core/Src/stm32l4xx_hal_msp.c ****   * @param hcan: CAN handle pointer
 176:Core/Src/stm32l4xx_hal_msp.c ****   * @retval None
 177:Core/Src/stm32l4xx_hal_msp.c ****   */
 178:Core/Src/stm32l4xx_hal_msp.c **** void HAL_CAN_MspInit(CAN_HandleTypeDef* hcan)
 179:Core/Src/stm32l4xx_hal_msp.c **** {
 318              		.loc 1 179 1 is_stmt 1 view -0
 319              		.cfi_startproc
 320              		@ args = 0, pretend = 0, frame = 32
 321              		@ frame_needed = 0, uses_anonymous_args = 0
 322              		.loc 1 179 1 is_stmt 0 view .LVU79
 323 0000 00B5     		push	{lr}
 324              	.LCFI8:
 325              		.cfi_def_cfa_offset 4
 326              		.cfi_offset 14, -4
 327 0002 89B0     		sub	sp, sp, #36
 328              	.LCFI9:
 329              		.cfi_def_cfa_offset 40
 180:Core/Src/stm32l4xx_hal_msp.c ****   GPIO_InitTypeDef GPIO_InitStruct = {0};
 330              		.loc 1 180 3 is_stmt 1 view .LVU80
 331              		.loc 1 180 20 is_stmt 0 view .LVU81
 332 0004 0023     		movs	r3, #0
 333 0006 0393     		str	r3, [sp, #12]
 334 0008 0493     		str	r3, [sp, #16]
 335 000a 0593     		str	r3, [sp, #20]
 336 000c 0693     		str	r3, [sp, #24]
 337 000e 0793     		str	r3, [sp, #28]
 181:Core/Src/stm32l4xx_hal_msp.c ****   if(hcan->Instance==CAN1)
 338              		.loc 1 181 3 is_stmt 1 view .LVU82
 339              		.loc 1 181 10 is_stmt 0 view .LVU83
 340 0010 0268     		ldr	r2, [r0]
 341              		.loc 1 181 5 view .LVU84
 342 0012 184B     		ldr	r3, .L23
 343 0014 9A42     		cmp	r2, r3
 344 0016 02D0     		beq	.L22
 345              	.LVL14:
 346              	.L19:
 182:Core/Src/stm32l4xx_hal_msp.c ****   {
 183:Core/Src/stm32l4xx_hal_msp.c ****     /* USER CODE BEGIN CAN1_MspInit 0 */
 184:Core/Src/stm32l4xx_hal_msp.c **** 
 185:Core/Src/stm32l4xx_hal_msp.c ****     /* USER CODE END CAN1_MspInit 0 */
 186:Core/Src/stm32l4xx_hal_msp.c ****     /* Peripheral clock enable */
 187:Core/Src/stm32l4xx_hal_msp.c ****     __HAL_RCC_CAN1_CLK_ENABLE();
ARM GAS  C:\Users\adisa\AppData\Local\Temp\cct2MDZf.s 			page 11


 188:Core/Src/stm32l4xx_hal_msp.c **** 
 189:Core/Src/stm32l4xx_hal_msp.c ****     __HAL_RCC_GPIOA_CLK_ENABLE();
 190:Core/Src/stm32l4xx_hal_msp.c ****     /**CAN1 GPIO Configuration
 191:Core/Src/stm32l4xx_hal_msp.c ****     PA11     ------> CAN1_RX
 192:Core/Src/stm32l4xx_hal_msp.c ****     PA12     ------> CAN1_TX
 193:Core/Src/stm32l4xx_hal_msp.c ****     */
 194:Core/Src/stm32l4xx_hal_msp.c ****     GPIO_InitStruct.Pin = GPIO_PIN_11|GPIO_PIN_12;
 195:Core/Src/stm32l4xx_hal_msp.c ****     GPIO_InitStruct.Mode = GPIO_MODE_AF_PP;
 196:Core/Src/stm32l4xx_hal_msp.c ****     GPIO_InitStruct.Pull = GPIO_NOPULL;
 197:Core/Src/stm32l4xx_hal_msp.c ****     GPIO_InitStruct.Speed = GPIO_SPEED_FREQ_VERY_HIGH;
 198:Core/Src/stm32l4xx_hal_msp.c ****     GPIO_InitStruct.Alternate = GPIO_AF9_CAN1;
 199:Core/Src/stm32l4xx_hal_msp.c ****     HAL_GPIO_Init(GPIOA, &GPIO_InitStruct);
 200:Core/Src/stm32l4xx_hal_msp.c **** 
 201:Core/Src/stm32l4xx_hal_msp.c ****     /* USER CODE BEGIN CAN1_MspInit 1 */
 202:Core/Src/stm32l4xx_hal_msp.c ****     HAL_NVIC_SetPriority(CAN1_RX0_IRQn, 5, 0);
 203:Core/Src/stm32l4xx_hal_msp.c ****     HAL_NVIC_EnableIRQ(CAN1_RX0_IRQn);
 204:Core/Src/stm32l4xx_hal_msp.c **** 
 205:Core/Src/stm32l4xx_hal_msp.c ****     /* USER CODE END CAN1_MspInit 1 */
 206:Core/Src/stm32l4xx_hal_msp.c **** 
 207:Core/Src/stm32l4xx_hal_msp.c ****   }
 208:Core/Src/stm32l4xx_hal_msp.c **** 
 209:Core/Src/stm32l4xx_hal_msp.c **** }
 347              		.loc 1 209 1 view .LVU85
 348 0018 09B0     		add	sp, sp, #36
 349              	.LCFI10:
 350              		.cfi_remember_state
 351              		.cfi_def_cfa_offset 4
 352              		@ sp needed
 353 001a 5DF804FB 		ldr	pc, [sp], #4
 354              	.LVL15:
 355              	.L22:
 356              	.LCFI11:
 357              		.cfi_restore_state
 187:Core/Src/stm32l4xx_hal_msp.c **** 
 358              		.loc 1 187 5 is_stmt 1 view .LVU86
 359              	.LBB6:
 187:Core/Src/stm32l4xx_hal_msp.c **** 
 360              		.loc 1 187 5 view .LVU87
 187:Core/Src/stm32l4xx_hal_msp.c **** 
 361              		.loc 1 187 5 view .LVU88
 362 001e 03F5D633 		add	r3, r3, #109568
 363 0022 9A6D     		ldr	r2, [r3, #88]
 364 0024 42F00072 		orr	r2, r2, #33554432
 365 0028 9A65     		str	r2, [r3, #88]
 187:Core/Src/stm32l4xx_hal_msp.c **** 
 366              		.loc 1 187 5 view .LVU89
 367 002a 9A6D     		ldr	r2, [r3, #88]
 368 002c 02F00072 		and	r2, r2, #33554432
 369 0030 0192     		str	r2, [sp, #4]
 187:Core/Src/stm32l4xx_hal_msp.c **** 
 370              		.loc 1 187 5 view .LVU90
 371 0032 019A     		ldr	r2, [sp, #4]
 372              	.LBE6:
 187:Core/Src/stm32l4xx_hal_msp.c **** 
 373              		.loc 1 187 5 view .LVU91
 189:Core/Src/stm32l4xx_hal_msp.c ****     /**CAN1 GPIO Configuration
 374              		.loc 1 189 5 view .LVU92
ARM GAS  C:\Users\adisa\AppData\Local\Temp\cct2MDZf.s 			page 12


 375              	.LBB7:
 189:Core/Src/stm32l4xx_hal_msp.c ****     /**CAN1 GPIO Configuration
 376              		.loc 1 189 5 view .LVU93
 189:Core/Src/stm32l4xx_hal_msp.c ****     /**CAN1 GPIO Configuration
 377              		.loc 1 189 5 view .LVU94
 378 0034 DA6C     		ldr	r2, [r3, #76]
 379 0036 42F00102 		orr	r2, r2, #1
 380 003a DA64     		str	r2, [r3, #76]
 189:Core/Src/stm32l4xx_hal_msp.c ****     /**CAN1 GPIO Configuration
 381              		.loc 1 189 5 view .LVU95
 382 003c DB6C     		ldr	r3, [r3, #76]
 383 003e 03F00103 		and	r3, r3, #1
 384 0042 0293     		str	r3, [sp, #8]
 189:Core/Src/stm32l4xx_hal_msp.c ****     /**CAN1 GPIO Configuration
 385              		.loc 1 189 5 view .LVU96
 386 0044 029B     		ldr	r3, [sp, #8]
 387              	.LBE7:
 189:Core/Src/stm32l4xx_hal_msp.c ****     /**CAN1 GPIO Configuration
 388              		.loc 1 189 5 view .LVU97
 194:Core/Src/stm32l4xx_hal_msp.c ****     GPIO_InitStruct.Mode = GPIO_MODE_AF_PP;
 389              		.loc 1 194 5 view .LVU98
 194:Core/Src/stm32l4xx_hal_msp.c ****     GPIO_InitStruct.Mode = GPIO_MODE_AF_PP;
 390              		.loc 1 194 25 is_stmt 0 view .LVU99
 391 0046 4FF4C053 		mov	r3, #6144
 392 004a 0393     		str	r3, [sp, #12]
 195:Core/Src/stm32l4xx_hal_msp.c ****     GPIO_InitStruct.Pull = GPIO_NOPULL;
 393              		.loc 1 195 5 is_stmt 1 view .LVU100
 195:Core/Src/stm32l4xx_hal_msp.c ****     GPIO_InitStruct.Pull = GPIO_NOPULL;
 394              		.loc 1 195 26 is_stmt 0 view .LVU101
 395 004c 0223     		movs	r3, #2
 396 004e 0493     		str	r3, [sp, #16]
 196:Core/Src/stm32l4xx_hal_msp.c ****     GPIO_InitStruct.Speed = GPIO_SPEED_FREQ_VERY_HIGH;
 397              		.loc 1 196 5 is_stmt 1 view .LVU102
 197:Core/Src/stm32l4xx_hal_msp.c ****     GPIO_InitStruct.Alternate = GPIO_AF9_CAN1;
 398              		.loc 1 197 5 view .LVU103
 197:Core/Src/stm32l4xx_hal_msp.c ****     GPIO_InitStruct.Alternate = GPIO_AF9_CAN1;
 399              		.loc 1 197 27 is_stmt 0 view .LVU104
 400 0050 0323     		movs	r3, #3
 401 0052 0693     		str	r3, [sp, #24]
 198:Core/Src/stm32l4xx_hal_msp.c ****     HAL_GPIO_Init(GPIOA, &GPIO_InitStruct);
 402              		.loc 1 198 5 is_stmt 1 view .LVU105
 198:Core/Src/stm32l4xx_hal_msp.c ****     HAL_GPIO_Init(GPIOA, &GPIO_InitStruct);
 403              		.loc 1 198 31 is_stmt 0 view .LVU106
 404 0054 0923     		movs	r3, #9
 405 0056 0793     		str	r3, [sp, #28]
 199:Core/Src/stm32l4xx_hal_msp.c **** 
 406              		.loc 1 199 5 is_stmt 1 view .LVU107
 407 0058 03A9     		add	r1, sp, #12
 408 005a 4FF09040 		mov	r0, #1207959552
 409              	.LVL16:
 199:Core/Src/stm32l4xx_hal_msp.c **** 
 410              		.loc 1 199 5 is_stmt 0 view .LVU108
 411 005e FFF7FEFF 		bl	HAL_GPIO_Init
 412              	.LVL17:
 202:Core/Src/stm32l4xx_hal_msp.c ****     HAL_NVIC_EnableIRQ(CAN1_RX0_IRQn);
 413              		.loc 1 202 5 is_stmt 1 view .LVU109
 414 0062 0022     		movs	r2, #0
ARM GAS  C:\Users\adisa\AppData\Local\Temp\cct2MDZf.s 			page 13


 415 0064 0521     		movs	r1, #5
 416 0066 1420     		movs	r0, #20
 417 0068 FFF7FEFF 		bl	HAL_NVIC_SetPriority
 418              	.LVL18:
 203:Core/Src/stm32l4xx_hal_msp.c **** 
 419              		.loc 1 203 5 view .LVU110
 420 006c 1420     		movs	r0, #20
 421 006e FFF7FEFF 		bl	HAL_NVIC_EnableIRQ
 422              	.LVL19:
 423              		.loc 1 209 1 is_stmt 0 view .LVU111
 424 0072 D1E7     		b	.L19
 425              	.L24:
 426              		.align	2
 427              	.L23:
 428 0074 00640040 		.word	1073767424
 429              		.cfi_endproc
 430              	.LFE387:
 432              		.section	.text.HAL_CAN_MspDeInit,"ax",%progbits
 433              		.align	1
 434              		.global	HAL_CAN_MspDeInit
 435              		.syntax unified
 436              		.thumb
 437              		.thumb_func
 439              	HAL_CAN_MspDeInit:
 440              	.LVL20:
 441              	.LFB388:
 210:Core/Src/stm32l4xx_hal_msp.c **** 
 211:Core/Src/stm32l4xx_hal_msp.c **** /**
 212:Core/Src/stm32l4xx_hal_msp.c ****   * @brief CAN MSP De-Initialization
 213:Core/Src/stm32l4xx_hal_msp.c ****   * This function freeze the hardware resources used in this example
 214:Core/Src/stm32l4xx_hal_msp.c ****   * @param hcan: CAN handle pointer
 215:Core/Src/stm32l4xx_hal_msp.c ****   * @retval None
 216:Core/Src/stm32l4xx_hal_msp.c ****   */
 217:Core/Src/stm32l4xx_hal_msp.c **** void HAL_CAN_MspDeInit(CAN_HandleTypeDef* hcan)
 218:Core/Src/stm32l4xx_hal_msp.c **** {
 442              		.loc 1 218 1 is_stmt 1 view -0
 443              		.cfi_startproc
 444              		@ args = 0, pretend = 0, frame = 0
 445              		@ frame_needed = 0, uses_anonymous_args = 0
 446              		.loc 1 218 1 is_stmt 0 view .LVU113
 447 0000 08B5     		push	{r3, lr}
 448              	.LCFI12:
 449              		.cfi_def_cfa_offset 8
 450              		.cfi_offset 3, -8
 451              		.cfi_offset 14, -4
 219:Core/Src/stm32l4xx_hal_msp.c ****   if(hcan->Instance==CAN1)
 452              		.loc 1 219 3 is_stmt 1 view .LVU114
 453              		.loc 1 219 10 is_stmt 0 view .LVU115
 454 0002 0268     		ldr	r2, [r0]
 455              		.loc 1 219 5 view .LVU116
 456 0004 094B     		ldr	r3, .L29
 457 0006 9A42     		cmp	r2, r3
 458 0008 00D0     		beq	.L28
 459              	.LVL21:
 460              	.L25:
 220:Core/Src/stm32l4xx_hal_msp.c ****   {
 221:Core/Src/stm32l4xx_hal_msp.c ****     /* USER CODE BEGIN CAN1_MspDeInit 0 */
ARM GAS  C:\Users\adisa\AppData\Local\Temp\cct2MDZf.s 			page 14


 222:Core/Src/stm32l4xx_hal_msp.c **** 
 223:Core/Src/stm32l4xx_hal_msp.c ****     /* USER CODE END CAN1_MspDeInit 0 */
 224:Core/Src/stm32l4xx_hal_msp.c ****     /* Peripheral clock disable */
 225:Core/Src/stm32l4xx_hal_msp.c ****     __HAL_RCC_CAN1_CLK_DISABLE();
 226:Core/Src/stm32l4xx_hal_msp.c **** 
 227:Core/Src/stm32l4xx_hal_msp.c ****     /**CAN1 GPIO Configuration
 228:Core/Src/stm32l4xx_hal_msp.c ****     PA11     ------> CAN1_RX
 229:Core/Src/stm32l4xx_hal_msp.c ****     PA12     ------> CAN1_TX
 230:Core/Src/stm32l4xx_hal_msp.c ****     */
 231:Core/Src/stm32l4xx_hal_msp.c ****     HAL_GPIO_DeInit(GPIOA, GPIO_PIN_11|GPIO_PIN_12);
 232:Core/Src/stm32l4xx_hal_msp.c **** 
 233:Core/Src/stm32l4xx_hal_msp.c ****     /* USER CODE BEGIN CAN1_MspDeInit 1 */
 234:Core/Src/stm32l4xx_hal_msp.c ****     HAL_NVIC_DisableIRQ(CAN1_RX0_IRQn);
 235:Core/Src/stm32l4xx_hal_msp.c **** 
 236:Core/Src/stm32l4xx_hal_msp.c ****     /* USER CODE END CAN1_MspDeInit 1 */
 237:Core/Src/stm32l4xx_hal_msp.c ****   }
 238:Core/Src/stm32l4xx_hal_msp.c **** 
 239:Core/Src/stm32l4xx_hal_msp.c **** }
 461              		.loc 1 239 1 view .LVU117
 462 000a 08BD     		pop	{r3, pc}
 463              	.LVL22:
 464              	.L28:
 225:Core/Src/stm32l4xx_hal_msp.c **** 
 465              		.loc 1 225 5 is_stmt 1 view .LVU118
 466 000c 084A     		ldr	r2, .L29+4
 467 000e 936D     		ldr	r3, [r2, #88]
 468 0010 23F00073 		bic	r3, r3, #33554432
 469 0014 9365     		str	r3, [r2, #88]
 231:Core/Src/stm32l4xx_hal_msp.c **** 
 470              		.loc 1 231 5 view .LVU119
 471 0016 4FF4C051 		mov	r1, #6144
 472 001a 4FF09040 		mov	r0, #1207959552
 473              	.LVL23:
 231:Core/Src/stm32l4xx_hal_msp.c **** 
 474              		.loc 1 231 5 is_stmt 0 view .LVU120
 475 001e FFF7FEFF 		bl	HAL_GPIO_DeInit
 476              	.LVL24:
 234:Core/Src/stm32l4xx_hal_msp.c **** 
 477              		.loc 1 234 5 is_stmt 1 view .LVU121
 478 0022 1420     		movs	r0, #20
 479 0024 FFF7FEFF 		bl	HAL_NVIC_DisableIRQ
 480              	.LVL25:
 481              		.loc 1 239 1 is_stmt 0 view .LVU122
 482 0028 EFE7     		b	.L25
 483              	.L30:
 484 002a 00BF     		.align	2
 485              	.L29:
 486 002c 00640040 		.word	1073767424
 487 0030 00100240 		.word	1073876992
 488              		.cfi_endproc
 489              	.LFE388:
 491              		.section	.text.HAL_CRC_MspInit,"ax",%progbits
 492              		.align	1
 493              		.global	HAL_CRC_MspInit
 494              		.syntax unified
 495              		.thumb
 496              		.thumb_func
ARM GAS  C:\Users\adisa\AppData\Local\Temp\cct2MDZf.s 			page 15


 498              	HAL_CRC_MspInit:
 499              	.LVL26:
 500              	.LFB389:
 240:Core/Src/stm32l4xx_hal_msp.c **** 
 241:Core/Src/stm32l4xx_hal_msp.c **** /**
 242:Core/Src/stm32l4xx_hal_msp.c ****   * @brief CRC MSP Initialization
 243:Core/Src/stm32l4xx_hal_msp.c ****   * This function configures the hardware resources used in this example
 244:Core/Src/stm32l4xx_hal_msp.c ****   * @param hcrc: CRC handle pointer
 245:Core/Src/stm32l4xx_hal_msp.c ****   * @retval None
 246:Core/Src/stm32l4xx_hal_msp.c ****   */
 247:Core/Src/stm32l4xx_hal_msp.c **** void HAL_CRC_MspInit(CRC_HandleTypeDef* hcrc)
 248:Core/Src/stm32l4xx_hal_msp.c **** {
 501              		.loc 1 248 1 is_stmt 1 view -0
 502              		.cfi_startproc
 503              		@ args = 0, pretend = 0, frame = 8
 504              		@ frame_needed = 0, uses_anonymous_args = 0
 505              		@ link register save eliminated.
 249:Core/Src/stm32l4xx_hal_msp.c ****   if(hcrc->Instance==CRC)
 506              		.loc 1 249 3 view .LVU124
 507              		.loc 1 249 10 is_stmt 0 view .LVU125
 508 0000 0268     		ldr	r2, [r0]
 509              		.loc 1 249 5 view .LVU126
 510 0002 094B     		ldr	r3, .L38
 511 0004 9A42     		cmp	r2, r3
 512 0006 00D0     		beq	.L37
 513 0008 7047     		bx	lr
 514              	.L37:
 248:Core/Src/stm32l4xx_hal_msp.c ****   if(hcrc->Instance==CRC)
 515              		.loc 1 248 1 view .LVU127
 516 000a 82B0     		sub	sp, sp, #8
 517              	.LCFI13:
 518              		.cfi_def_cfa_offset 8
 250:Core/Src/stm32l4xx_hal_msp.c ****   {
 251:Core/Src/stm32l4xx_hal_msp.c ****     /* USER CODE BEGIN CRC_MspInit 0 */
 252:Core/Src/stm32l4xx_hal_msp.c **** 
 253:Core/Src/stm32l4xx_hal_msp.c ****     /* USER CODE END CRC_MspInit 0 */
 254:Core/Src/stm32l4xx_hal_msp.c ****     /* Peripheral clock enable */
 255:Core/Src/stm32l4xx_hal_msp.c ****     __HAL_RCC_CRC_CLK_ENABLE();
 519              		.loc 1 255 5 is_stmt 1 view .LVU128
 520              	.LBB8:
 521              		.loc 1 255 5 view .LVU129
 522              		.loc 1 255 5 view .LVU130
 523 000c A3F50053 		sub	r3, r3, #8192
 524 0010 9A6C     		ldr	r2, [r3, #72]
 525 0012 42F48052 		orr	r2, r2, #4096
 526 0016 9A64     		str	r2, [r3, #72]
 527              		.loc 1 255 5 view .LVU131
 528 0018 9B6C     		ldr	r3, [r3, #72]
 529 001a 03F48053 		and	r3, r3, #4096
 530 001e 0193     		str	r3, [sp, #4]
 531              		.loc 1 255 5 view .LVU132
 532 0020 019B     		ldr	r3, [sp, #4]
 533              	.LBE8:
 534              		.loc 1 255 5 discriminator 1 view .LVU133
 256:Core/Src/stm32l4xx_hal_msp.c ****     /* USER CODE BEGIN CRC_MspInit 1 */
 257:Core/Src/stm32l4xx_hal_msp.c **** 
 258:Core/Src/stm32l4xx_hal_msp.c ****     /* USER CODE END CRC_MspInit 1 */
ARM GAS  C:\Users\adisa\AppData\Local\Temp\cct2MDZf.s 			page 16


 259:Core/Src/stm32l4xx_hal_msp.c **** 
 260:Core/Src/stm32l4xx_hal_msp.c ****   }
 261:Core/Src/stm32l4xx_hal_msp.c **** 
 262:Core/Src/stm32l4xx_hal_msp.c **** }
 535              		.loc 1 262 1 is_stmt 0 view .LVU134
 536 0022 02B0     		add	sp, sp, #8
 537              	.LCFI14:
 538              		.cfi_def_cfa_offset 0
 539              		@ sp needed
 540 0024 7047     		bx	lr
 541              	.L39:
 542 0026 00BF     		.align	2
 543              	.L38:
 544 0028 00300240 		.word	1073885184
 545              		.cfi_endproc
 546              	.LFE389:
 548              		.section	.text.HAL_CRC_MspDeInit,"ax",%progbits
 549              		.align	1
 550              		.global	HAL_CRC_MspDeInit
 551              		.syntax unified
 552              		.thumb
 553              		.thumb_func
 555              	HAL_CRC_MspDeInit:
 556              	.LVL27:
 557              	.LFB390:
 263:Core/Src/stm32l4xx_hal_msp.c **** 
 264:Core/Src/stm32l4xx_hal_msp.c **** /**
 265:Core/Src/stm32l4xx_hal_msp.c ****   * @brief CRC MSP De-Initialization
 266:Core/Src/stm32l4xx_hal_msp.c ****   * This function freeze the hardware resources used in this example
 267:Core/Src/stm32l4xx_hal_msp.c ****   * @param hcrc: CRC handle pointer
 268:Core/Src/stm32l4xx_hal_msp.c ****   * @retval None
 269:Core/Src/stm32l4xx_hal_msp.c ****   */
 270:Core/Src/stm32l4xx_hal_msp.c **** void HAL_CRC_MspDeInit(CRC_HandleTypeDef* hcrc)
 271:Core/Src/stm32l4xx_hal_msp.c **** {
 558              		.loc 1 271 1 is_stmt 1 view -0
 559              		.cfi_startproc
 560              		@ args = 0, pretend = 0, frame = 0
 561              		@ frame_needed = 0, uses_anonymous_args = 0
 562              		@ link register save eliminated.
 272:Core/Src/stm32l4xx_hal_msp.c ****   if(hcrc->Instance==CRC)
 563              		.loc 1 272 3 view .LVU136
 564              		.loc 1 272 10 is_stmt 0 view .LVU137
 565 0000 0268     		ldr	r2, [r0]
 566              		.loc 1 272 5 view .LVU138
 567 0002 054B     		ldr	r3, .L43
 568 0004 9A42     		cmp	r2, r3
 569 0006 00D0     		beq	.L42
 570              	.L40:
 273:Core/Src/stm32l4xx_hal_msp.c ****   {
 274:Core/Src/stm32l4xx_hal_msp.c ****     /* USER CODE BEGIN CRC_MspDeInit 0 */
 275:Core/Src/stm32l4xx_hal_msp.c **** 
 276:Core/Src/stm32l4xx_hal_msp.c ****     /* USER CODE END CRC_MspDeInit 0 */
 277:Core/Src/stm32l4xx_hal_msp.c ****     /* Peripheral clock disable */
 278:Core/Src/stm32l4xx_hal_msp.c ****     __HAL_RCC_CRC_CLK_DISABLE();
 279:Core/Src/stm32l4xx_hal_msp.c ****     /* USER CODE BEGIN CRC_MspDeInit 1 */
 280:Core/Src/stm32l4xx_hal_msp.c **** 
 281:Core/Src/stm32l4xx_hal_msp.c ****     /* USER CODE END CRC_MspDeInit 1 */
ARM GAS  C:\Users\adisa\AppData\Local\Temp\cct2MDZf.s 			page 17


 282:Core/Src/stm32l4xx_hal_msp.c ****   }
 283:Core/Src/stm32l4xx_hal_msp.c **** 
 284:Core/Src/stm32l4xx_hal_msp.c **** }
 571              		.loc 1 284 1 view .LVU139
 572 0008 7047     		bx	lr
 573              	.L42:
 278:Core/Src/stm32l4xx_hal_msp.c ****     /* USER CODE BEGIN CRC_MspDeInit 1 */
 574              		.loc 1 278 5 is_stmt 1 view .LVU140
 575 000a 044A     		ldr	r2, .L43+4
 576 000c 936C     		ldr	r3, [r2, #72]
 577 000e 23F48053 		bic	r3, r3, #4096
 578 0012 9364     		str	r3, [r2, #72]
 579              		.loc 1 284 1 is_stmt 0 view .LVU141
 580 0014 F8E7     		b	.L40
 581              	.L44:
 582 0016 00BF     		.align	2
 583              	.L43:
 584 0018 00300240 		.word	1073885184
 585 001c 00100240 		.word	1073876992
 586              		.cfi_endproc
 587              	.LFE390:
 589              		.text
 590              	.Letext0:
 591              		.file 2 "Drivers/CMSIS/Device/ST/STM32L4xx/Include/stm32l432xx.h"
 592              		.file 3 "C:/Users/adisa/AppData/Roaming/Code/User/globalStorage/bmd.stm32-for-vscode/@xpack-dev-to
 593              		.file 4 "C:/Users/adisa/AppData/Roaming/Code/User/globalStorage/bmd.stm32-for-vscode/@xpack-dev-to
 594              		.file 5 "Drivers/CMSIS/Device/ST/STM32L4xx/Include/stm32l4xx.h"
 595              		.file 6 "Drivers/STM32L4xx_HAL_Driver/Inc/stm32l4xx_hal_def.h"
 596              		.file 7 "Drivers/STM32L4xx_HAL_Driver/Inc/stm32l4xx_hal_rcc_ex.h"
 597              		.file 8 "Drivers/STM32L4xx_HAL_Driver/Inc/stm32l4xx_hal_gpio.h"
 598              		.file 9 "Drivers/STM32L4xx_HAL_Driver/Inc/stm32l4xx_hal_dma.h"
 599              		.file 10 "Drivers/STM32L4xx_HAL_Driver/Inc/stm32l4xx_hal_adc.h"
 600              		.file 11 "Drivers/STM32L4xx_HAL_Driver/Inc/stm32l4xx_hal_can.h"
 601              		.file 12 "Drivers/STM32L4xx_HAL_Driver/Inc/stm32l4xx_hal_crc.h"
 602              		.file 13 "Drivers/STM32L4xx_HAL_Driver/Inc/stm32l4xx_hal_cortex.h"
 603              		.file 14 "Drivers/STM32L4xx_HAL_Driver/Inc/stm32l4xx_ll_dma.h"
 604              		.file 15 "Core/Inc/main.h"
 605              		.file 16 "<built-in>"
ARM GAS  C:\Users\adisa\AppData\Local\Temp\cct2MDZf.s 			page 18


DEFINED SYMBOLS
                            *ABS*:00000000 stm32l4xx_hal_msp.c
C:\Users\adisa\AppData\Local\Temp\cct2MDZf.s:21     .text.HAL_MspInit:00000000 $t
C:\Users\adisa\AppData\Local\Temp\cct2MDZf.s:27     .text.HAL_MspInit:00000000 HAL_MspInit
C:\Users\adisa\AppData\Local\Temp\cct2MDZf.s:86     .text.HAL_MspInit:0000003c $d
C:\Users\adisa\AppData\Local\Temp\cct2MDZf.s:91     .text.HAL_ADC_MspInit:00000000 $t
C:\Users\adisa\AppData\Local\Temp\cct2MDZf.s:97     .text.HAL_ADC_MspInit:00000000 HAL_ADC_MspInit
C:\Users\adisa\AppData\Local\Temp\cct2MDZf.s:248    .text.HAL_ADC_MspInit:00000098 $d
C:\Users\adisa\AppData\Local\Temp\cct2MDZf.s:254    .text.HAL_ADC_MspDeInit:00000000 $t
C:\Users\adisa\AppData\Local\Temp\cct2MDZf.s:260    .text.HAL_ADC_MspDeInit:00000000 HAL_ADC_MspDeInit
C:\Users\adisa\AppData\Local\Temp\cct2MDZf.s:303    .text.HAL_ADC_MspDeInit:00000024 $d
C:\Users\adisa\AppData\Local\Temp\cct2MDZf.s:309    .text.HAL_CAN_MspInit:00000000 $t
C:\Users\adisa\AppData\Local\Temp\cct2MDZf.s:315    .text.HAL_CAN_MspInit:00000000 HAL_CAN_MspInit
C:\Users\adisa\AppData\Local\Temp\cct2MDZf.s:428    .text.HAL_CAN_MspInit:00000074 $d
C:\Users\adisa\AppData\Local\Temp\cct2MDZf.s:433    .text.HAL_CAN_MspDeInit:00000000 $t
C:\Users\adisa\AppData\Local\Temp\cct2MDZf.s:439    .text.HAL_CAN_MspDeInit:00000000 HAL_CAN_MspDeInit
C:\Users\adisa\AppData\Local\Temp\cct2MDZf.s:486    .text.HAL_CAN_MspDeInit:0000002c $d
C:\Users\adisa\AppData\Local\Temp\cct2MDZf.s:492    .text.HAL_CRC_MspInit:00000000 $t
C:\Users\adisa\AppData\Local\Temp\cct2MDZf.s:498    .text.HAL_CRC_MspInit:00000000 HAL_CRC_MspInit
C:\Users\adisa\AppData\Local\Temp\cct2MDZf.s:544    .text.HAL_CRC_MspInit:00000028 $d
C:\Users\adisa\AppData\Local\Temp\cct2MDZf.s:549    .text.HAL_CRC_MspDeInit:00000000 $t
C:\Users\adisa\AppData\Local\Temp\cct2MDZf.s:555    .text.HAL_CRC_MspDeInit:00000000 HAL_CRC_MspDeInit
C:\Users\adisa\AppData\Local\Temp\cct2MDZf.s:584    .text.HAL_CRC_MspDeInit:00000018 $d

UNDEFINED SYMBOLS
HAL_NVIC_SetPriority
memset
HAL_RCCEx_PeriphCLKConfig
HAL_GPIO_Init
Error_Handler
HAL_GPIO_DeInit
HAL_NVIC_EnableIRQ
HAL_NVIC_DisableIRQ
