ARM GAS  C:\Users\adisa\AppData\Local\Temp\ccNVVTH2.s 			page 1


   1              		.cpu cortex-m4
   2              		.arch armv7e-m
   3              		.fpu fpv4-sp-d16
   4              		.eabi_attribute 27, 1
   5              		.eabi_attribute 28, 1
   6              		.eabi_attribute 20, 1
   7              		.eabi_attribute 21, 1
   8              		.eabi_attribute 23, 3
   9              		.eabi_attribute 24, 1
  10              		.eabi_attribute 25, 1
  11              		.eabi_attribute 26, 1
  12              		.eabi_attribute 30, 1
  13              		.eabi_attribute 34, 1
  14              		.eabi_attribute 18, 4
  15              		.file	"stm32l4xx_hal_timebase_tim.c"
  16              		.text
  17              	.Ltext0:
  18              		.cfi_sections	.debug_frame
  19              		.file 1 "Core/Src/stm32l4xx_hal_timebase_tim.c"
  20              		.section	.text.HAL_InitTick,"ax",%progbits
  21              		.align	1
  22              		.global	HAL_InitTick
  23              		.syntax unified
  24              		.thumb
  25              		.thumb_func
  27              	HAL_InitTick:
  28              	.LVL0:
  29              	.LFB384:
   1:Core/Src/stm32l4xx_hal_timebase_tim.c **** /* USER CODE BEGIN Header */
   2:Core/Src/stm32l4xx_hal_timebase_tim.c **** /**
   3:Core/Src/stm32l4xx_hal_timebase_tim.c ****   ******************************************************************************
   4:Core/Src/stm32l4xx_hal_timebase_tim.c ****   * @file    stm32l4xx_hal_timebase_tim.c
   5:Core/Src/stm32l4xx_hal_timebase_tim.c ****   * @brief   HAL time base based on the hardware TIM.
   6:Core/Src/stm32l4xx_hal_timebase_tim.c ****   ******************************************************************************
   7:Core/Src/stm32l4xx_hal_timebase_tim.c ****   * @attention
   8:Core/Src/stm32l4xx_hal_timebase_tim.c ****   *
   9:Core/Src/stm32l4xx_hal_timebase_tim.c ****   * Copyright (c) 2026 STMicroelectronics.
  10:Core/Src/stm32l4xx_hal_timebase_tim.c ****   * All rights reserved.
  11:Core/Src/stm32l4xx_hal_timebase_tim.c ****   *
  12:Core/Src/stm32l4xx_hal_timebase_tim.c ****   * This software is licensed under terms that can be found in the LICENSE file
  13:Core/Src/stm32l4xx_hal_timebase_tim.c ****   * in the root directory of this software component.
  14:Core/Src/stm32l4xx_hal_timebase_tim.c ****   * If no LICENSE file comes with this software, it is provided AS-IS.
  15:Core/Src/stm32l4xx_hal_timebase_tim.c ****   *
  16:Core/Src/stm32l4xx_hal_timebase_tim.c ****   ******************************************************************************
  17:Core/Src/stm32l4xx_hal_timebase_tim.c ****   */
  18:Core/Src/stm32l4xx_hal_timebase_tim.c **** /* USER CODE END Header */
  19:Core/Src/stm32l4xx_hal_timebase_tim.c **** 
  20:Core/Src/stm32l4xx_hal_timebase_tim.c **** /* Includes ------------------------------------------------------------------*/
  21:Core/Src/stm32l4xx_hal_timebase_tim.c **** #include "stm32l4xx_hal.h"
  22:Core/Src/stm32l4xx_hal_timebase_tim.c **** #include "stm32l4xx_hal_tim.h"
  23:Core/Src/stm32l4xx_hal_timebase_tim.c **** 
  24:Core/Src/stm32l4xx_hal_timebase_tim.c **** /* Private typedef -----------------------------------------------------------*/
  25:Core/Src/stm32l4xx_hal_timebase_tim.c **** /* Private define ------------------------------------------------------------*/
  26:Core/Src/stm32l4xx_hal_timebase_tim.c **** /* Private macro -------------------------------------------------------------*/
  27:Core/Src/stm32l4xx_hal_timebase_tim.c **** /* Private variables ---------------------------------------------------------*/
  28:Core/Src/stm32l4xx_hal_timebase_tim.c **** TIM_HandleTypeDef        htim6;
  29:Core/Src/stm32l4xx_hal_timebase_tim.c **** /* Private function prototypes -----------------------------------------------*/
ARM GAS  C:\Users\adisa\AppData\Local\Temp\ccNVVTH2.s 			page 2


  30:Core/Src/stm32l4xx_hal_timebase_tim.c **** /* Private functions ---------------------------------------------------------*/
  31:Core/Src/stm32l4xx_hal_timebase_tim.c **** 
  32:Core/Src/stm32l4xx_hal_timebase_tim.c **** /**
  33:Core/Src/stm32l4xx_hal_timebase_tim.c ****   * @brief  This function configures the TIM6 as a time base source.
  34:Core/Src/stm32l4xx_hal_timebase_tim.c ****   *         The time source is configured  to have 1ms time base with a dedicated
  35:Core/Src/stm32l4xx_hal_timebase_tim.c ****   *         Tick interrupt priority.
  36:Core/Src/stm32l4xx_hal_timebase_tim.c ****   * @note   This function is called  automatically at the beginning of program after
  37:Core/Src/stm32l4xx_hal_timebase_tim.c ****   *         reset by HAL_Init() or at any time when clock is configured, by HAL_RCC_ClockConfig().
  38:Core/Src/stm32l4xx_hal_timebase_tim.c ****   * @param  TickPriority: Tick interrupt priority.
  39:Core/Src/stm32l4xx_hal_timebase_tim.c ****   * @retval HAL status
  40:Core/Src/stm32l4xx_hal_timebase_tim.c ****   */
  41:Core/Src/stm32l4xx_hal_timebase_tim.c **** HAL_StatusTypeDef HAL_InitTick(uint32_t TickPriority)
  42:Core/Src/stm32l4xx_hal_timebase_tim.c **** {
  30              		.loc 1 42 1 view -0
  31              		.cfi_startproc
  32              		@ args = 0, pretend = 0, frame = 32
  33              		@ frame_needed = 0, uses_anonymous_args = 0
  34              		.loc 1 42 1 is_stmt 0 view .LVU1
  35 0000 30B5     		push	{r4, r5, lr}
  36              	.LCFI0:
  37              		.cfi_def_cfa_offset 12
  38              		.cfi_offset 4, -12
  39              		.cfi_offset 5, -8
  40              		.cfi_offset 14, -4
  41 0002 89B0     		sub	sp, sp, #36
  42              	.LCFI1:
  43              		.cfi_def_cfa_offset 48
  44 0004 0446     		mov	r4, r0
  43:Core/Src/stm32l4xx_hal_timebase_tim.c ****   RCC_ClkInitTypeDef    clkconfig;
  45              		.loc 1 43 3 is_stmt 1 view .LVU2
  44:Core/Src/stm32l4xx_hal_timebase_tim.c ****   uint32_t              uwTimclock, uwAPB1Prescaler;
  46              		.loc 1 44 3 view .LVU3
  45:Core/Src/stm32l4xx_hal_timebase_tim.c ****   uint32_t              uwPrescalerValue;
  47              		.loc 1 45 3 view .LVU4
  46:Core/Src/stm32l4xx_hal_timebase_tim.c ****   uint32_t              pFLatency;
  48              		.loc 1 46 3 view .LVU5
  47:Core/Src/stm32l4xx_hal_timebase_tim.c **** 
  48:Core/Src/stm32l4xx_hal_timebase_tim.c ****   HAL_StatusTypeDef     status = HAL_OK;
  49              		.loc 1 48 3 view .LVU6
  50              	.LVL1:
  49:Core/Src/stm32l4xx_hal_timebase_tim.c **** 
  50:Core/Src/stm32l4xx_hal_timebase_tim.c ****   /* Enable TIM6 clock */
  51:Core/Src/stm32l4xx_hal_timebase_tim.c ****   __HAL_RCC_TIM6_CLK_ENABLE();
  51              		.loc 1 51 3 view .LVU7
  52              	.LBB2:
  53              		.loc 1 51 3 view .LVU8
  54              		.loc 1 51 3 view .LVU9
  55 0006 214B     		ldr	r3, .L9
  56 0008 9A6D     		ldr	r2, [r3, #88]
  57 000a 42F01002 		orr	r2, r2, #16
  58 000e 9A65     		str	r2, [r3, #88]
  59              		.loc 1 51 3 view .LVU10
  60 0010 9B6D     		ldr	r3, [r3, #88]
  61 0012 03F01003 		and	r3, r3, #16
  62 0016 0193     		str	r3, [sp, #4]
  63              		.loc 1 51 3 view .LVU11
  64 0018 019B     		ldr	r3, [sp, #4]
ARM GAS  C:\Users\adisa\AppData\Local\Temp\ccNVVTH2.s 			page 3


  65              	.LBE2:
  66              		.loc 1 51 3 view .LVU12
  52:Core/Src/stm32l4xx_hal_timebase_tim.c **** 
  53:Core/Src/stm32l4xx_hal_timebase_tim.c ****   /* Get clock configuration */
  54:Core/Src/stm32l4xx_hal_timebase_tim.c ****   HAL_RCC_GetClockConfig(&clkconfig, &pFLatency);
  67              		.loc 1 54 3 view .LVU13
  68 001a 02A9     		add	r1, sp, #8
  69 001c 03A8     		add	r0, sp, #12
  70              	.LVL2:
  71              		.loc 1 54 3 is_stmt 0 view .LVU14
  72 001e FFF7FEFF 		bl	HAL_RCC_GetClockConfig
  73              	.LVL3:
  55:Core/Src/stm32l4xx_hal_timebase_tim.c **** 
  56:Core/Src/stm32l4xx_hal_timebase_tim.c ****   /* Get APB1 prescaler */
  57:Core/Src/stm32l4xx_hal_timebase_tim.c ****   uwAPB1Prescaler = clkconfig.APB1CLKDivider;
  74              		.loc 1 57 3 is_stmt 1 view .LVU15
  75              		.loc 1 57 19 is_stmt 0 view .LVU16
  76 0022 069B     		ldr	r3, [sp, #24]
  77              	.LVL4:
  58:Core/Src/stm32l4xx_hal_timebase_tim.c ****   /* Compute TIM6 clock */
  59:Core/Src/stm32l4xx_hal_timebase_tim.c ****   if (uwAPB1Prescaler == RCC_HCLK_DIV1)
  78              		.loc 1 59 3 is_stmt 1 view .LVU17
  79              		.loc 1 59 6 is_stmt 0 view .LVU18
  80 0024 CBB9     		cbnz	r3, .L2
  60:Core/Src/stm32l4xx_hal_timebase_tim.c ****   {
  61:Core/Src/stm32l4xx_hal_timebase_tim.c ****     uwTimclock = HAL_RCC_GetPCLK1Freq();
  81              		.loc 1 61 5 is_stmt 1 view .LVU19
  82              		.loc 1 61 18 is_stmt 0 view .LVU20
  83 0026 FFF7FEFF 		bl	HAL_RCC_GetPCLK1Freq
  84              	.LVL5:
  85              		.loc 1 61 18 view .LVU21
  86 002a 0346     		mov	r3, r0
  87              	.LVL6:
  88              	.L3:
  62:Core/Src/stm32l4xx_hal_timebase_tim.c ****   }
  63:Core/Src/stm32l4xx_hal_timebase_tim.c ****   else
  64:Core/Src/stm32l4xx_hal_timebase_tim.c ****   {
  65:Core/Src/stm32l4xx_hal_timebase_tim.c ****     uwTimclock = 2UL * HAL_RCC_GetPCLK1Freq();
  66:Core/Src/stm32l4xx_hal_timebase_tim.c ****   }
  67:Core/Src/stm32l4xx_hal_timebase_tim.c **** 
  68:Core/Src/stm32l4xx_hal_timebase_tim.c ****   /* Compute the prescaler value to have TIM6 counter clock equal to 1MHz */
  69:Core/Src/stm32l4xx_hal_timebase_tim.c ****   uwPrescalerValue = (uint32_t) ((uwTimclock / 1000000U) - 1U);
  89              		.loc 1 69 3 is_stmt 1 view .LVU22
  90              		.loc 1 69 46 is_stmt 0 view .LVU23
  91 002c 184A     		ldr	r2, .L9+4
  92 002e A2FB0323 		umull	r2, r3, r2, r3
  93              	.LVL7:
  94              		.loc 1 69 46 view .LVU24
  95 0032 9B0C     		lsrs	r3, r3, #18
  96              		.loc 1 69 20 view .LVU25
  97 0034 013B     		subs	r3, r3, #1
  98              	.LVL8:
  70:Core/Src/stm32l4xx_hal_timebase_tim.c **** 
  71:Core/Src/stm32l4xx_hal_timebase_tim.c ****   /* Initialize TIM6 */
  72:Core/Src/stm32l4xx_hal_timebase_tim.c ****   htim6.Instance = TIM6;
  99              		.loc 1 72 3 is_stmt 1 view .LVU26
 100              		.loc 1 72 18 is_stmt 0 view .LVU27
ARM GAS  C:\Users\adisa\AppData\Local\Temp\ccNVVTH2.s 			page 4


 101 0036 1748     		ldr	r0, .L9+8
 102 0038 174A     		ldr	r2, .L9+12
 103 003a 0260     		str	r2, [r0]
  73:Core/Src/stm32l4xx_hal_timebase_tim.c **** 
  74:Core/Src/stm32l4xx_hal_timebase_tim.c ****   /* Initialize TIMx peripheral as follow:
  75:Core/Src/stm32l4xx_hal_timebase_tim.c ****    * Period = [(TIM6CLK/1000) - 1]. to have a (1/1000) s time base.
  76:Core/Src/stm32l4xx_hal_timebase_tim.c ****    * Prescaler = (uwTimclock/1000000 - 1) to have a 1MHz counter clock.
  77:Core/Src/stm32l4xx_hal_timebase_tim.c ****    * ClockDivision = 0
  78:Core/Src/stm32l4xx_hal_timebase_tim.c ****    * Counter direction = Up
  79:Core/Src/stm32l4xx_hal_timebase_tim.c ****    */
  80:Core/Src/stm32l4xx_hal_timebase_tim.c ****   htim6.Init.Period = (1000000U / 1000U) - 1U;
 104              		.loc 1 80 3 is_stmt 1 view .LVU28
 105              		.loc 1 80 21 is_stmt 0 view .LVU29
 106 003c 40F2E732 		movw	r2, #999
 107 0040 C260     		str	r2, [r0, #12]
  81:Core/Src/stm32l4xx_hal_timebase_tim.c ****   htim6.Init.Prescaler = uwPrescalerValue;
 108              		.loc 1 81 3 is_stmt 1 view .LVU30
 109              		.loc 1 81 24 is_stmt 0 view .LVU31
 110 0042 4360     		str	r3, [r0, #4]
  82:Core/Src/stm32l4xx_hal_timebase_tim.c ****   htim6.Init.ClockDivision = 0;
 111              		.loc 1 82 3 is_stmt 1 view .LVU32
 112              		.loc 1 82 28 is_stmt 0 view .LVU33
 113 0044 0023     		movs	r3, #0
 114              	.LVL9:
 115              		.loc 1 82 28 view .LVU34
 116 0046 0361     		str	r3, [r0, #16]
  83:Core/Src/stm32l4xx_hal_timebase_tim.c ****   htim6.Init.CounterMode = TIM_COUNTERMODE_UP;
 117              		.loc 1 83 3 is_stmt 1 view .LVU35
 118              		.loc 1 83 26 is_stmt 0 view .LVU36
 119 0048 8360     		str	r3, [r0, #8]
  84:Core/Src/stm32l4xx_hal_timebase_tim.c ****   htim6.Init.AutoReloadPreload = TIM_AUTORELOAD_PRELOAD_DISABLE;
 120              		.loc 1 84 3 is_stmt 1 view .LVU37
 121              		.loc 1 84 32 is_stmt 0 view .LVU38
 122 004a 8361     		str	r3, [r0, #24]
  85:Core/Src/stm32l4xx_hal_timebase_tim.c **** 
  86:Core/Src/stm32l4xx_hal_timebase_tim.c ****   status = HAL_TIM_Base_Init(&htim6);
 123              		.loc 1 86 3 is_stmt 1 view .LVU39
 124              		.loc 1 86 12 is_stmt 0 view .LVU40
 125 004c FFF7FEFF 		bl	HAL_TIM_Base_Init
 126              	.LVL10:
  87:Core/Src/stm32l4xx_hal_timebase_tim.c ****   if (status == HAL_OK)
 127              		.loc 1 87 3 is_stmt 1 view .LVU41
 128              		.loc 1 87 6 is_stmt 0 view .LVU42
 129 0050 0546     		mov	r5, r0
 130 0052 30B1     		cbz	r0, .L7
 131              	.LVL11:
 132              	.L4:
  88:Core/Src/stm32l4xx_hal_timebase_tim.c ****   {
  89:Core/Src/stm32l4xx_hal_timebase_tim.c ****     /* Start the TIM time Base generation in interrupt mode */
  90:Core/Src/stm32l4xx_hal_timebase_tim.c ****     status = HAL_TIM_Base_Start_IT(&htim6);
  91:Core/Src/stm32l4xx_hal_timebase_tim.c ****     if (status == HAL_OK)
  92:Core/Src/stm32l4xx_hal_timebase_tim.c ****     {
  93:Core/Src/stm32l4xx_hal_timebase_tim.c ****     /* Enable the TIM6 global Interrupt */
  94:Core/Src/stm32l4xx_hal_timebase_tim.c ****         HAL_NVIC_EnableIRQ(TIM6_DAC_IRQn);
  95:Core/Src/stm32l4xx_hal_timebase_tim.c ****       /* Configure the SysTick IRQ priority */
  96:Core/Src/stm32l4xx_hal_timebase_tim.c ****       if (TickPriority < (1UL << __NVIC_PRIO_BITS))
  97:Core/Src/stm32l4xx_hal_timebase_tim.c ****       {
ARM GAS  C:\Users\adisa\AppData\Local\Temp\ccNVVTH2.s 			page 5


  98:Core/Src/stm32l4xx_hal_timebase_tim.c ****         /* Configure the TIM IRQ priority */
  99:Core/Src/stm32l4xx_hal_timebase_tim.c ****         HAL_NVIC_SetPriority(TIM6_DAC_IRQn, TickPriority, 0U);
 100:Core/Src/stm32l4xx_hal_timebase_tim.c ****         uwTickPrio = TickPriority;
 101:Core/Src/stm32l4xx_hal_timebase_tim.c ****       }
 102:Core/Src/stm32l4xx_hal_timebase_tim.c ****       else
 103:Core/Src/stm32l4xx_hal_timebase_tim.c ****       {
 104:Core/Src/stm32l4xx_hal_timebase_tim.c ****         status = HAL_ERROR;
 105:Core/Src/stm32l4xx_hal_timebase_tim.c ****       }
 106:Core/Src/stm32l4xx_hal_timebase_tim.c ****     }
 107:Core/Src/stm32l4xx_hal_timebase_tim.c ****   }
 108:Core/Src/stm32l4xx_hal_timebase_tim.c **** 
 109:Core/Src/stm32l4xx_hal_timebase_tim.c ****  /* Return function status */
 110:Core/Src/stm32l4xx_hal_timebase_tim.c ****   return status;
 133              		.loc 1 110 3 is_stmt 1 view .LVU43
 111:Core/Src/stm32l4xx_hal_timebase_tim.c **** }
 134              		.loc 1 111 1 is_stmt 0 view .LVU44
 135 0054 2846     		mov	r0, r5
 136 0056 09B0     		add	sp, sp, #36
 137              	.LCFI2:
 138              		.cfi_remember_state
 139              		.cfi_def_cfa_offset 12
 140              		@ sp needed
 141 0058 30BD     		pop	{r4, r5, pc}
 142              	.LVL12:
 143              	.L2:
 144              	.LCFI3:
 145              		.cfi_restore_state
  65:Core/Src/stm32l4xx_hal_timebase_tim.c ****   }
 146              		.loc 1 65 5 is_stmt 1 view .LVU45
  65:Core/Src/stm32l4xx_hal_timebase_tim.c ****   }
 147              		.loc 1 65 24 is_stmt 0 view .LVU46
 148 005a FFF7FEFF 		bl	HAL_RCC_GetPCLK1Freq
 149              	.LVL13:
  65:Core/Src/stm32l4xx_hal_timebase_tim.c ****   }
 150              		.loc 1 65 16 discriminator 1 view .LVU47
 151 005e 4300     		lsls	r3, r0, #1
 152 0060 E4E7     		b	.L3
 153              	.LVL14:
 154              	.L7:
  90:Core/Src/stm32l4xx_hal_timebase_tim.c ****     if (status == HAL_OK)
 155              		.loc 1 90 5 is_stmt 1 view .LVU48
  90:Core/Src/stm32l4xx_hal_timebase_tim.c ****     if (status == HAL_OK)
 156              		.loc 1 90 14 is_stmt 0 view .LVU49
 157 0062 0C48     		ldr	r0, .L9+8
 158              	.LVL15:
  90:Core/Src/stm32l4xx_hal_timebase_tim.c ****     if (status == HAL_OK)
 159              		.loc 1 90 14 view .LVU50
 160 0064 FFF7FEFF 		bl	HAL_TIM_Base_Start_IT
 161              	.LVL16:
  91:Core/Src/stm32l4xx_hal_timebase_tim.c ****     {
 162              		.loc 1 91 5 is_stmt 1 view .LVU51
  91:Core/Src/stm32l4xx_hal_timebase_tim.c ****     {
 163              		.loc 1 91 8 is_stmt 0 view .LVU52
 164 0068 0546     		mov	r5, r0
 165 006a 0028     		cmp	r0, #0
 166 006c F2D1     		bne	.L4
  94:Core/Src/stm32l4xx_hal_timebase_tim.c ****       /* Configure the SysTick IRQ priority */
ARM GAS  C:\Users\adisa\AppData\Local\Temp\ccNVVTH2.s 			page 6


 167              		.loc 1 94 9 is_stmt 1 view .LVU53
 168 006e 3620     		movs	r0, #54
 169              	.LVL17:
  94:Core/Src/stm32l4xx_hal_timebase_tim.c ****       /* Configure the SysTick IRQ priority */
 170              		.loc 1 94 9 is_stmt 0 view .LVU54
 171 0070 FFF7FEFF 		bl	HAL_NVIC_EnableIRQ
 172              	.LVL18:
  96:Core/Src/stm32l4xx_hal_timebase_tim.c ****       {
 173              		.loc 1 96 7 is_stmt 1 view .LVU55
  96:Core/Src/stm32l4xx_hal_timebase_tim.c ****       {
 174              		.loc 1 96 10 is_stmt 0 view .LVU56
 175 0074 0F2C     		cmp	r4, #15
 176 0076 01D9     		bls	.L8
 104:Core/Src/stm32l4xx_hal_timebase_tim.c ****       }
 177              		.loc 1 104 16 view .LVU57
 178 0078 0125     		movs	r5, #1
 179              	.LVL19:
 104:Core/Src/stm32l4xx_hal_timebase_tim.c ****       }
 180              		.loc 1 104 16 view .LVU58
 181 007a EBE7     		b	.L4
 182              	.LVL20:
 183              	.L8:
  99:Core/Src/stm32l4xx_hal_timebase_tim.c ****         uwTickPrio = TickPriority;
 184              		.loc 1 99 9 is_stmt 1 view .LVU59
 185 007c 0022     		movs	r2, #0
 186 007e 2146     		mov	r1, r4
 187 0080 3620     		movs	r0, #54
 188 0082 FFF7FEFF 		bl	HAL_NVIC_SetPriority
 189              	.LVL21:
 100:Core/Src/stm32l4xx_hal_timebase_tim.c ****       }
 190              		.loc 1 100 9 view .LVU60
 100:Core/Src/stm32l4xx_hal_timebase_tim.c ****       }
 191              		.loc 1 100 20 is_stmt 0 view .LVU61
 192 0086 054B     		ldr	r3, .L9+16
 193 0088 1C60     		str	r4, [r3]
 194 008a E3E7     		b	.L4
 195              	.L10:
 196              		.align	2
 197              	.L9:
 198 008c 00100240 		.word	1073876992
 199 0090 83DE1B43 		.word	1125899907
 200 0094 00000000 		.word	htim6
 201 0098 00100040 		.word	1073745920
 202 009c 00000000 		.word	uwTickPrio
 203              		.cfi_endproc
 204              	.LFE384:
 206              		.section	.text.HAL_SuspendTick,"ax",%progbits
 207              		.align	1
 208              		.global	HAL_SuspendTick
 209              		.syntax unified
 210              		.thumb
 211              		.thumb_func
 213              	HAL_SuspendTick:
 214              	.LFB385:
 112:Core/Src/stm32l4xx_hal_timebase_tim.c **** 
 113:Core/Src/stm32l4xx_hal_timebase_tim.c **** /**
 114:Core/Src/stm32l4xx_hal_timebase_tim.c ****   * @brief  Suspend Tick increment.
ARM GAS  C:\Users\adisa\AppData\Local\Temp\ccNVVTH2.s 			page 7


 115:Core/Src/stm32l4xx_hal_timebase_tim.c ****   * @note   Disable the tick increment by disabling TIM6 update interrupt.
 116:Core/Src/stm32l4xx_hal_timebase_tim.c ****   * @param  None
 117:Core/Src/stm32l4xx_hal_timebase_tim.c ****   * @retval None
 118:Core/Src/stm32l4xx_hal_timebase_tim.c ****   */
 119:Core/Src/stm32l4xx_hal_timebase_tim.c **** void HAL_SuspendTick(void)
 120:Core/Src/stm32l4xx_hal_timebase_tim.c **** {
 215              		.loc 1 120 1 is_stmt 1 view -0
 216              		.cfi_startproc
 217              		@ args = 0, pretend = 0, frame = 0
 218              		@ frame_needed = 0, uses_anonymous_args = 0
 219              		@ link register save eliminated.
 121:Core/Src/stm32l4xx_hal_timebase_tim.c ****   /* Disable TIM6 update Interrupt */
 122:Core/Src/stm32l4xx_hal_timebase_tim.c ****   __HAL_TIM_DISABLE_IT(&htim6, TIM_IT_UPDATE);
 220              		.loc 1 122 3 view .LVU63
 221 0000 034B     		ldr	r3, .L12
 222 0002 1A68     		ldr	r2, [r3]
 223 0004 D368     		ldr	r3, [r2, #12]
 224 0006 23F00103 		bic	r3, r3, #1
 225 000a D360     		str	r3, [r2, #12]
 123:Core/Src/stm32l4xx_hal_timebase_tim.c **** }
 226              		.loc 1 123 1 is_stmt 0 view .LVU64
 227 000c 7047     		bx	lr
 228              	.L13:
 229 000e 00BF     		.align	2
 230              	.L12:
 231 0010 00000000 		.word	htim6
 232              		.cfi_endproc
 233              	.LFE385:
 235              		.section	.text.HAL_ResumeTick,"ax",%progbits
 236              		.align	1
 237              		.global	HAL_ResumeTick
 238              		.syntax unified
 239              		.thumb
 240              		.thumb_func
 242              	HAL_ResumeTick:
 243              	.LFB386:
 124:Core/Src/stm32l4xx_hal_timebase_tim.c **** 
 125:Core/Src/stm32l4xx_hal_timebase_tim.c **** /**
 126:Core/Src/stm32l4xx_hal_timebase_tim.c ****   * @brief  Resume Tick increment.
 127:Core/Src/stm32l4xx_hal_timebase_tim.c ****   * @note   Enable the tick increment by Enabling TIM6 update interrupt.
 128:Core/Src/stm32l4xx_hal_timebase_tim.c ****   * @param  None
 129:Core/Src/stm32l4xx_hal_timebase_tim.c ****   * @retval None
 130:Core/Src/stm32l4xx_hal_timebase_tim.c ****   */
 131:Core/Src/stm32l4xx_hal_timebase_tim.c **** void HAL_ResumeTick(void)
 132:Core/Src/stm32l4xx_hal_timebase_tim.c **** {
 244              		.loc 1 132 1 is_stmt 1 view -0
 245              		.cfi_startproc
 246              		@ args = 0, pretend = 0, frame = 0
 247              		@ frame_needed = 0, uses_anonymous_args = 0
 248              		@ link register save eliminated.
 133:Core/Src/stm32l4xx_hal_timebase_tim.c ****   /* Enable TIM6 Update interrupt */
 134:Core/Src/stm32l4xx_hal_timebase_tim.c ****   __HAL_TIM_ENABLE_IT(&htim6, TIM_IT_UPDATE);
 249              		.loc 1 134 3 view .LVU66
 250 0000 034B     		ldr	r3, .L15
 251 0002 1A68     		ldr	r2, [r3]
 252 0004 D368     		ldr	r3, [r2, #12]
 253 0006 43F00103 		orr	r3, r3, #1
ARM GAS  C:\Users\adisa\AppData\Local\Temp\ccNVVTH2.s 			page 8


 254 000a D360     		str	r3, [r2, #12]
 135:Core/Src/stm32l4xx_hal_timebase_tim.c **** }
 255              		.loc 1 135 1 is_stmt 0 view .LVU67
 256 000c 7047     		bx	lr
 257              	.L16:
 258 000e 00BF     		.align	2
 259              	.L15:
 260 0010 00000000 		.word	htim6
 261              		.cfi_endproc
 262              	.LFE386:
 264              		.global	htim6
 265              		.section	.bss.htim6,"aw",%nobits
 266              		.align	2
 269              	htim6:
 270 0000 00000000 		.space	76
 270      00000000 
 270      00000000 
 270      00000000 
 270      00000000 
 271              		.text
 272              	.Letext0:
 273              		.file 2 "Drivers/CMSIS/Device/ST/STM32L4xx/Include/stm32l432xx.h"
 274              		.file 3 "C:/Users/adisa/AppData/Roaming/Code/User/globalStorage/bmd.stm32-for-vscode/@xpack-dev-to
 275              		.file 4 "C:/Users/adisa/AppData/Roaming/Code/User/globalStorage/bmd.stm32-for-vscode/@xpack-dev-to
 276              		.file 5 "Drivers/STM32L4xx_HAL_Driver/Inc/stm32l4xx_hal_def.h"
 277              		.file 6 "Drivers/STM32L4xx_HAL_Driver/Inc/stm32l4xx_hal_rcc.h"
 278              		.file 7 "Drivers/STM32L4xx_HAL_Driver/Inc/stm32l4xx_hal_dma.h"
 279              		.file 8 "Drivers/STM32L4xx_HAL_Driver/Inc/stm32l4xx_hal_tim.h"
 280              		.file 9 "Drivers/STM32L4xx_HAL_Driver/Inc/stm32l4xx_hal.h"
 281              		.file 10 "Drivers/STM32L4xx_HAL_Driver/Inc/stm32l4xx_hal_cortex.h"
 282              		.file 11 "Drivers/STM32L4xx_HAL_Driver/Inc/stm32l4xx_ll_dma.h"
ARM GAS  C:\Users\adisa\AppData\Local\Temp\ccNVVTH2.s 			page 9


DEFINED SYMBOLS
                            *ABS*:00000000 stm32l4xx_hal_timebase_tim.c
C:\Users\adisa\AppData\Local\Temp\ccNVVTH2.s:21     .text.HAL_InitTick:00000000 $t
C:\Users\adisa\AppData\Local\Temp\ccNVVTH2.s:27     .text.HAL_InitTick:00000000 HAL_InitTick
C:\Users\adisa\AppData\Local\Temp\ccNVVTH2.s:198    .text.HAL_InitTick:0000008c $d
C:\Users\adisa\AppData\Local\Temp\ccNVVTH2.s:269    .bss.htim6:00000000 htim6
C:\Users\adisa\AppData\Local\Temp\ccNVVTH2.s:207    .text.HAL_SuspendTick:00000000 $t
C:\Users\adisa\AppData\Local\Temp\ccNVVTH2.s:213    .text.HAL_SuspendTick:00000000 HAL_SuspendTick
C:\Users\adisa\AppData\Local\Temp\ccNVVTH2.s:231    .text.HAL_SuspendTick:00000010 $d
C:\Users\adisa\AppData\Local\Temp\ccNVVTH2.s:236    .text.HAL_ResumeTick:00000000 $t
C:\Users\adisa\AppData\Local\Temp\ccNVVTH2.s:242    .text.HAL_ResumeTick:00000000 HAL_ResumeTick
C:\Users\adisa\AppData\Local\Temp\ccNVVTH2.s:260    .text.HAL_ResumeTick:00000010 $d
C:\Users\adisa\AppData\Local\Temp\ccNVVTH2.s:266    .bss.htim6:00000000 $d

UNDEFINED SYMBOLS
HAL_RCC_GetClockConfig
HAL_RCC_GetPCLK1Freq
HAL_TIM_Base_Init
HAL_TIM_Base_Start_IT
HAL_NVIC_EnableIRQ
HAL_NVIC_SetPriority
uwTickPrio
