Archive member included to satisfy reference by file (symbol)

c:/Users/kerry/AppData/Roaming/Code/User/globalStorage/bmd.stm32-for-vscode/@xpack-dev-tools/arm-none-eabi-gcc/14.2.1-1.1.1/.content/bin/../lib/gcc/arm-none-eabi/14.2.1/../../../../arm-none-eabi/lib/thumb/v7e-m+fp/hard\libc_nano.a(libc_a-atexit.o)
                              c:/Users/kerry/AppData/Roaming/Code/User/globalStorage/bmd.stm32-for-vscode/@xpack-dev-tools/arm-none-eabi-gcc/14.2.1-1.1.1/.content/bin/../lib/gcc/arm-none-eabi/14.2.1/../../../../arm-none-eabi/lib/thumb/v7e-m+fp/hard/crt0.o (atexit)
c:/Users/kerry/AppData/Roaming/Code/User/globalStorage/bmd.stm32-for-vscode/@xpack-dev-tools/arm-none-eabi-gcc/14.2.1-1.1.1/.content/bin/../lib/gcc/arm-none-eabi/14.2.1/../../../../arm-none-eabi/lib/thumb/v7e-m+fp/hard\libc_nano.a(libc_a-exit.o)
                              c:/Users/kerry/AppData/Roaming/Code/User/globalStorage/bmd.stm32-for-vscode/@xpack-dev-tools/arm-none-eabi-gcc/14.2.1-1.1.1/.content/bin/../lib/gcc/arm-none-eabi/14.2.1/../../../../arm-none-eabi/lib/thumb/v7e-m+fp/hard/crt0.o (exit)
c:/Users/kerry/AppData/Roaming/Code/User/globalStorage/bmd.stm32-for-vscode/@xpack-dev-tools/arm-none-eabi-gcc/14.2.1-1.1.1/.content/bin/../lib/gcc/arm-none-eabi/14.2.1/../../../../arm-none-eabi/lib/thumb/v7e-m+fp/hard\libc_nano.a(libc_a-findfp.o)
                              c:/Users/kerry/AppData/Roaming/Code/User/globalStorage/bmd.stm32-for-vscode/@xpack-dev-tools/arm-none-eabi-gcc/14.2.1-1.1.1/.content/bin/../lib/gcc/arm-none-eabi/14.2.1/../../../../arm-none-eabi/lib/thumb/v7e-m+fp/hard\libc_nano.a(libc_a-exit.o) (__stdio_exit_handler)
c:/Users/kerry/AppData/Roaming/Code/User/globalStorage/bmd.stm32-for-vscode/@xpack-dev-tools/arm-none-eabi-gcc/14.2.1-1.1.1/.content/bin/../lib/gcc/arm-none-eabi/14.2.1/../../../../arm-none-eabi/lib/thumb/v7e-m+fp/hard\libc_nano.a(libc_a-fwalk.o)
                              c:/Users/kerry/AppData/Roaming/Code/User/globalStorage/bmd.stm32-for-vscode/@xpack-dev-tools/arm-none-eabi-gcc/14.2.1-1.1.1/.content/bin/../lib/gcc/arm-none-eabi/14.2.1/../../../../arm-none-eabi/lib/thumb/v7e-m+fp/hard\libc_nano.a(libc_a-findfp.o) (_fwalk_sglue)
c:/Users/kerry/AppData/Roaming/Code/User/globalStorage/bmd.stm32-for-vscode/@xpack-dev-tools/arm-none-eabi-gcc/14.2.1-1.1.1/.content/bin/../lib/gcc/arm-none-eabi/14.2.1/../../../../arm-none-eabi/lib/thumb/v7e-m+fp/hard\libc_nano.a(libc_a-stdio.o)
                              c:/Users/kerry/AppData/Roaming/Code/User/globalStorage/bmd.stm32-for-vscode/@xpack-dev-tools/arm-none-eabi-gcc/14.2.1-1.1.1/.content/bin/../lib/gcc/arm-none-eabi/14.2.1/../../../../arm-none-eabi/lib/thumb/v7e-m+fp/hard\libc_nano.a(libc_a-findfp.o) (__sread)
c:/Users/kerry/AppData/Roaming/Code/User/globalStorage/bmd.stm32-for-vscode/@xpack-dev-tools/arm-none-eabi-gcc/14.2.1-1.1.1/.content/bin/../lib/gcc/arm-none-eabi/14.2.1/../../../../arm-none-eabi/lib/thumb/v7e-m+fp/hard\libc_nano.a(libc_a-memset.o)
                              c:/Users/kerry/AppData/Roaming/Code/User/globalStorage/bmd.stm32-for-vscode/@xpack-dev-tools/arm-none-eabi-gcc/14.2.1-1.1.1/.content/bin/../lib/gcc/arm-none-eabi/14.2.1/../../../../arm-none-eabi/lib/thumb/v7e-m+fp/hard/crt0.o (memset)
c:/Users/kerry/AppData/Roaming/Code/User/globalStorage/bmd.stm32-for-vscode/@xpack-dev-tools/arm-none-eabi-gcc/14.2.1-1.1.1/.content/bin/../lib/gcc/arm-none-eabi/14.2.1/../../../../arm-none-eabi/lib/thumb/v7e-m+fp/hard\libc_nano.a(libc_a-closer.o)
                              c:/Users/kerry/AppData/Roaming/Code/User/globalStorage/bmd.stm32-for-vscode/@xpack-dev-tools/arm-none-eabi-gcc/14.2.1-1.1.1/.content/bin/../lib/gcc/arm-none-eabi/14.2.1/../../../../arm-none-eabi/lib/thumb/v7e-m+fp/hard\libc_nano.a(libc_a-stdio.o) (_close_r)
c:/Users/kerry/AppData/Roaming/Code/User/globalStorage/bmd.stm32-for-vscode/@xpack-dev-tools/arm-none-eabi-gcc/14.2.1-1.1.1/.content/bin/../lib/gcc/arm-none-eabi/14.2.1/../../../../arm-none-eabi/lib/thumb/v7e-m+fp/hard\libc_nano.a(libc_a-reent.o)
                              c:/Users/kerry/AppData/Roaming/Code/User/globalStorage/bmd.stm32-for-vscode/@xpack-dev-tools/arm-none-eabi-gcc/14.2.1-1.1.1/.content/bin/../lib/gcc/arm-none-eabi/14.2.1/../../../../arm-none-eabi/lib/thumb/v7e-m+fp/hard\libc_nano.a(libc_a-closer.o) (errno)
c:/Users/kerry/AppData/Roaming/Code/User/globalStorage/bmd.stm32-for-vscode/@xpack-dev-tools/arm-none-eabi-gcc/14.2.1-1.1.1/.content/bin/../lib/gcc/arm-none-eabi/14.2.1/../../../../arm-none-eabi/lib/thumb/v7e-m+fp/hard\libc_nano.a(libc_a-impure.o)
                              c:/Users/kerry/AppData/Roaming/Code/User/globalStorage/bmd.stm32-for-vscode/@xpack-dev-tools/arm-none-eabi-gcc/14.2.1-1.1.1/.content/bin/../lib/gcc/arm-none-eabi/14.2.1/../../../../arm-none-eabi/lib/thumb/v7e-m+fp/hard\libc_nano.a(libc_a-reent.o) (_impure_ptr)
[...]
Memory Configuration

Name             Origin             Length             Attributes
RAM              0x20000000         0x0000c000         xrw
RAM2             0x10000000         0x00004000         xrw
FLASH            0x08022000         0x0001a000         xr
*default*        0x00000000         0xffffffff

Linker script and memory map

LOAD c:/Users/kerry/AppData/Roaming/Code/User/globalStorage/bmd.stm32-for-vscode/@xpack-dev-tools/arm-none-eabi-gcc/14.2.1-1.1.1/.content/bin/../lib/gcc/arm-none-eabi/14.2.1/thumb/v7e-m+fp/hard/crti.o
LOAD c:/Users/kerry/AppData/Roaming/Code/User/globalStorage/bmd.stm32-for-vscode/@xpack-dev-tools/arm-none-eabi-gcc/14.2.1-1.1.1/.content/bin/../lib/gcc/arm-none-eabi/14.2.1/thumb/v7e-m+fp/hard/crtbegin.o
LOAD c:/Users/kerry/AppData/Roaming/Code/User/globalStorage/bmd.stm32-for-vscode/@xpack-dev-tools/arm-none-eabi-gcc/14.2.1-1.1.1/.content/bin/../lib/gcc/arm-none-eabi/14.2.1/../../../../arm-none-eabi/lib/thumb/v7e-m+fp/hard/crt0.o
LOAD build/main.o
LOAD build/freertos.o
LOAD build/stm32l4xx_it.o
LOAD build/stm32l4xx_hal_msp.o
LOAD build/stm32l4xx_hal_timebase_tim.o
LOAD build/stm32l4xx_hal_tim.o
LOAD build/stm32l4xx_hal_tim_ex.o
LOAD build/stm32l4xx_hal_can.o
LOAD build/stm32l4xx_hal.o
LOAD build/stm32l4xx_hal_rcc.o
LOAD build/stm32l4xx_hal_rcc_ex.o
LOAD build/stm32l4xx_hal_flash.o
LOAD build/stm32l4xx_hal_flash_ex.o
LOAD build/stm32l4xx_hal_flash_ramfunc.o
LOAD build/stm32l4xx_hal_gpio.o
LOAD build/stm32l4xx_hal_i2c.o
LOAD build/stm32l4xx_hal_i2c_ex.o
LOAD build/stm32l4xx_hal_dma.o
LOAD build/stm32l4xx_hal_dma_ex.o
LOAD build/stm32l4xx_hal_pwr.o
LOAD build/stm32l4xx_hal_pwr_ex.o
LOAD build/stm32l4xx_hal_cortex.o
LOAD build/stm32l4xx_hal_exti.o
LOAD build/stm32l4xx_hal_crc.o
LOAD build/stm32l4xx_hal_crc_ex.o
LOAD build/system_stm32l4xx.o
LOAD build/croutine.o
LOAD build/event_groups.o
LOAD build/list.o
LOAD build/queue.o
LOAD build/stream_buffer.o
LOAD build/tasks.o
LOAD build/timers.o
LOAD build/cmsis_os2.o
LOAD build/heap_4.o
LOAD build/port.o
LOAD build/sysmem.o
LOAD build/syscalls.o
LOAD build/startup_stm32l432xx.o
LOAD c:/Users/kerry/AppData/Roaming/Code/User/globalStorage/bmd.stm32-for-vscode/@xpack-dev-tools/arm-none-eabi-gcc/14.2.1-1.1.1/.content/bin/../lib/gcc/arm-none-eabi/14.2.1/../../../../arm-none-eabi/lib/thumb/v7e-m+fp/hard\libc_nano.a
LOAD c:/Users/kerry/AppData/Roaming/Code/User/globalStorage/bmd.stm32-for-vscode/@xpack-dev-tools/arm-none-eabi-gcc/14.2.1-1.1.1/.content/bin/../lib/gcc/arm-none-eabi/14.2.1/../../../../arm-none-eabi/lib/thumb/v7e-m+fp/hard\libm.a
LOAD c:/Users/kerry/AppData/Roaming/Code/User/globalStorage/bmd.stm32-for-vscode/@xpack-dev-tools/arm-none-eabi-gcc/14.2.1-1.1.1/.content/bin/../lib/gcc/arm-none-eabi/14.2.1/../../../../arm-none-eabi/lib/thumb/v7e-m+fp/hard\libnosys.a
START GROUP
LOAD c:/Users/kerry/AppData/Roaming/Code/User/globalStorage/bmd.stm32-for-vscode/@xpack-dev-tools/arm-none-eabi-gcc/14.2.1-1.1.1/.content/bin/../lib/gcc/arm-none-eabi/14.2.1/thumb/v7e-m+fp/hard\libgcc.a
LOAD c:/Users/kerry/AppData/Roaming/Code/User/globalStorage/bmd.stm32-for-vscode/@xpack-dev-tools/arm-none-eabi-gcc/14.2.1-1.1.1/.content/bin/../lib/gcc/arm-none-eabi/14.2.1/../../../../arm-none-eabi/lib/thumb/v7e-m+fp/hard\libc_nano.a
END GROUP
START GROUP
LOAD c:/Users/kerry/AppData/Roaming/Code/User/globalStorage/bmd.stm32-for-vscode/@xpack-dev-tools/arm-none-eabi-gcc/14.2.1-1.1.1/.content/bin/../lib/gcc/arm-none-eabi/14.2.1/thumb/v7e-m+fp/hard\libgcc.a
LOAD c:/Users/kerry/AppData/Roaming/Code/User/globalStorage/bmd.stm32-for-vscode/@xpack-dev-tools/arm-none-eabi-gcc/14.2.1-1.1.1/.content/bin/../lib/gcc/arm-none-eabi/14.2.1/../../../../arm-none-eabi/lib/thumb/v7e-m+fp/hard\libc_nano.a
END GROUP
LOAD c:/Users/kerry/AppData/Roaming/Code/User/globalStorage/bmd.stm32-for-vscode/@xpack-dev-tools/arm-none-eabi-gcc/14.2.1-1.1.1/.content/bin/../lib/gcc/arm-none-eabi/14.2.1/thumb/v7e-m+fp/hard/crtend.o
LOAD c:/Users/kerry/AppData/Roaming/Code/User/globalStorage/bmd.stm32-for-vscode/@xpack-dev-tools/arm-none-eabi-gcc/14.2.1-1.1.1/.content/bin/../lib/gcc/arm-none-eabi/14.2.1/thumb/v7e-m+fp/hard/crtn.o
                0x2000c000                        _estack = (ORIGIN (RAM) + LENGTH (RAM))
                0x00000200                        _Min_Heap_Size = 0x200
                0x00000400                        _Min_Stack_Size = 0x400

.isr_vector     0x08022000      0x190
                0x08022000                        . = ALIGN (0x8)
 *(.isr_vector)
 .isr_vector    0x08022000      0x18c build/startup_stm32l432xx.o
                0x08022000                g_pfnVectors
                0x08022190                        . = ALIGN (0x8)
 *fill*         0x0802218c        0x4 

.text           0x08022190     0x3380
                0x08022190                        . = ALIGN (0x8)
 *(.text)
 *(.text*)
 .text.__do_global_dtors_aux
                0x08022190       0x24 c:/Users/kerry/AppData/Roaming/Code/User/globalStorage/bmd.stm32-for-vscode/@xpack-dev-tools/arm-none-eabi-gcc/14.2.1-1.1.1/.content/bin/../lib/gcc/arm-none-eabi/14.2.1/thumb/v7e-m+fp/hard/crtbegin.o
 .text.frame_dummy
                0x080221b4       0x1c c:/Users/kerry/AppData/Roaming/Code/User/globalStorage/bmd.stm32-for-vscode/@xpack-dev-tools/arm-none-eabi-gcc/14.2.1-1.1.1/.content/bin/../lib/gcc/arm-none-eabi/14.2.1/thumb/v7e-m+fp/hard/crtbegin.o
 .text.MX_GPIO_Init
                0x080221d0       0x88 build/main.o
 .text.StartDefaultTask
                0x08022258        0xa build/main.o
                0x08022258                StartDefaultTask
 .text.LED_BlinkTask
                0x08022262        0xa build/main.o
                0x08022262                LED_BlinkTask
 .text.HAL_TIM_PeriodElapsedCallback
                0x0802226c       0x18 build/main.o
                0x0802226c                HAL_TIM_PeriodElapsedCallback
 .text.Error_Handler
                0x08022284        0x4 build/main.o
                0x08022284                Error_Handler
 .text.MX_CAN1_Init
                0x08022288       0x40 build/main.o
 .text.MX_CRC_Init
                0x080222c8       0x2c build/main.o
 .text.SystemClock_Config
                0x080222f4       0x78 build/main.o
                0x080222f4                SystemClock_Config
 .text.main     0x0802236c       0x54 build/main.o
                0x0802236c                main
 .text.NMI_Handler
                0x080223c0        0x2 build/stm32l4xx_it.o
                0x080223c0                NMI_Handler
 .text.HardFault_Handler
                0x080223c2        0x2 build/stm32l4xx_it.o
                0x080223c2                HardFault_Handler
 .text.MemManage_Handler
                0x080223c4        0x2 build/stm32l4xx_it.o
                0x080223c4                MemManage_Handler
 .text.BusFault_Handler
                0x080223c6        0x2 build/stm32l4xx_it.o
                0x080223c6                BusFault_Handler
 .text.UsageFault_Handler
                0x080223c8        0x2 build/stm32l4xx_it.o
                0x080223c8                UsageFault_Handler
 .text.DebugMon_Handler
                0x080223ca        0x2 build/stm32l4xx_it.o
                0x080223ca                DebugMon_Handler
 .text.TIM6_DAC_IRQHandler
                0x080223cc       0x10 build/stm32l4xx_it.o
                0x080223cc                TIM6_DAC_IRQHandler
 .text.HAL_MspInit
                0x080223dc       0x40 build/stm32l4xx_hal_msp.o
                0x080223dc                HAL_MspInit
 .text.HAL_CAN_MspInit
                0x0802241c       0x68 build/stm32l4xx_hal_msp.o
                0x0802241c                HAL_CAN_MspInit
 .text.HAL_CRC_MspInit
                0x08022484       0x2c build/stm32l4xx_hal_msp.o
                0x08022484                HAL_CRC_MspInit
 .text.HAL_InitTick
                0x080224b0       0xa0 build/stm32l4xx_hal_timebase_tim.o
                0x080224b0                HAL_InitTick
 .text.HAL_TIM_Base_MspInit
                0x08022550        0x2 build/stm32l4xx_hal_tim.o
                0x08022550                HAL_TIM_Base_MspInit
 *fill*         0x08022552        0x2 
 .text.HAL_TIM_Base_Start_IT
                0x08022554       0x6c build/stm32l4xx_hal_tim.o
                0x08022554                HAL_TIM_Base_Start_IT
 .text.HAL_TIM_OC_DelayElapsedCallback
                0x080225c0        0x2 build/stm32l4xx_hal_tim.o
                0x080225c0                HAL_TIM_OC_DelayElapsedCallback
 .text.HAL_TIM_IC_CaptureCallback
                0x080225c2        0x2 build/stm32l4xx_hal_tim.o
                0x080225c2                HAL_TIM_IC_CaptureCallback
 .text.HAL_TIM_PWM_PulseFinishedCallback
                0x080225c4        0x2 build/stm32l4xx_hal_tim.o
                0x080225c4                HAL_TIM_PWM_PulseFinishedCallback
 .text.HAL_TIM_TriggerCallback
                0x080225c6        0x2 build/stm32l4xx_hal_tim.o
                0x080225c6                HAL_TIM_TriggerCallback
 .text.HAL_TIM_IRQHandler
                0x080225c8      0x17a build/stm32l4xx_hal_tim.o
                0x080225c8                HAL_TIM_IRQHandler
 *fill*         0x08022742        0x2 
 .text.TIM_Base_SetConfig
                0x08022744       0x78 build/stm32l4xx_hal_tim.o
                0x08022744                TIM_Base_SetConfig
 .text.HAL_TIM_Base_Init
                0x080227bc       0x60 build/stm32l4xx_hal_tim.o
                0x080227bc                HAL_TIM_Base_Init
 .text.HAL_TIMEx_CommutCallback
                0x0802281c        0x2 build/stm32l4xx_hal_tim_ex.o
                0x0802281c                HAL_TIMEx_CommutCallback
 .text.HAL_TIMEx_BreakCallback
                0x0802281e        0x2 build/stm32l4xx_hal_tim_ex.o
                0x0802281e                HAL_TIMEx_BreakCallback
 .text.HAL_TIMEx_Break2Callback
                0x08022820        0x2 build/stm32l4xx_hal_tim_ex.o
                0x08022820                HAL_TIMEx_Break2Callback
 .text.HAL_CAN_Init
                0x08022822      0x14c build/stm32l4xx_hal_can.o
                0x08022822                HAL_CAN_Init
 .text.HAL_Init
                0x0802296e       0x1e build/stm32l4xx_hal.o
                0x0802296e                HAL_Init
 .text.HAL_IncTick
                0x0802298c       0x18 build/stm32l4xx_hal.o
                0x0802298c                HAL_IncTick
 .text.HAL_GetTick
                0x080229a4        0xc build/stm32l4xx_hal.o
                0x080229a4                HAL_GetTick
 .text.RCC_SetFlashLatencyFromMSIRange
                0x080229b0       0x90 build/stm32l4xx_hal_rcc.o
 .text.HAL_RCC_GetSysClockFreq
                0x08022a40       0xa8 build/stm32l4xx_hal_rcc.o
                0x08022a40                HAL_RCC_GetSysClockFreq
 .text.HAL_RCC_OscConfig
                0x08022ae8      0x66c build/stm32l4xx_hal_rcc.o
                0x08022ae8                HAL_RCC_OscConfig
 .text.HAL_RCC_ClockConfig
                0x08023154      0x188 build/stm32l4xx_hal_rcc.o
                0x08023154                HAL_RCC_ClockConfig
 .text.HAL_RCC_GetHCLKFreq
                0x080232dc        0xc build/stm32l4xx_hal_rcc.o
                0x080232dc                HAL_RCC_GetHCLKFreq
 .text.HAL_RCC_GetPCLK1Freq
                0x080232e8       0x24 build/stm32l4xx_hal_rcc.o
                0x080232e8                HAL_RCC_GetPCLK1Freq
 .text.HAL_RCC_GetClockConfig
                0x0802330c       0x3c build/stm32l4xx_hal_rcc.o
                0x0802330c                HAL_RCC_GetClockConfig
 .text.HAL_GPIO_Init
                0x08023348      0x1b0 build/stm32l4xx_hal_gpio.o
                0x08023348                HAL_GPIO_Init
 .text.HAL_GPIO_WritePin
                0x080234f8        0xa build/stm32l4xx_hal_gpio.o
                0x080234f8                HAL_GPIO_WritePin
 *fill*         0x08023502        0x2 
 .text.HAL_PWREx_GetVoltageRange
                0x08023504       0x10 build/stm32l4xx_hal_pwr_ex.o
                0x08023504                HAL_PWREx_GetVoltageRange
 .text.HAL_PWREx_ControlVoltageScaling
                0x08023514       0x90 build/stm32l4xx_hal_pwr_ex.o
                0x08023514                HAL_PWREx_ControlVoltageScaling
 .text.__NVIC_EnableIRQ
                0x080235a4       0x1c build/stm32l4xx_hal_cortex.o
 .text.__NVIC_SetPriority
                0x080235c0       0x28 build/stm32l4xx_hal_cortex.o
 .text.NVIC_EncodePriority
                0x080235e8       0x3e build/stm32l4xx_hal_cortex.o
 *fill*         0x08023626        0x2 
 .text.HAL_NVIC_SetPriorityGrouping
                0x08023628       0x24 build/stm32l4xx_hal_cortex.o
                0x08023628                HAL_NVIC_SetPriorityGrouping
 .text.HAL_NVIC_SetPriority
                0x0802364c       0x20 build/stm32l4xx_hal_cortex.o
                0x0802364c                HAL_NVIC_SetPriority
 .text.HAL_NVIC_EnableIRQ
                0x0802366c        0x8 build/stm32l4xx_hal_cortex.o
                0x0802366c                HAL_NVIC_EnableIRQ
 .text.HAL_CRC_Init
                0x08023674       0x80 build/stm32l4xx_hal_crc.o
                0x08023674                HAL_CRC_Init
 .text.HAL_CRCEx_Polynomial_Set
                0x080236f4       0x78 build/stm32l4xx_hal_crc_ex.o
                0x080236f4                HAL_CRCEx_Polynomial_Set
 .text.SystemInit
                0x0802376c       0x1c build/system_stm32l4xx.o
                0x0802376c                SystemInit
 .text.vListInitialise
                0x08023788       0x16 build/list.o
                0x08023788                vListInitialise
 .text.vListInitialiseItem
                0x0802379e        0x6 build/list.o
                0x0802379e                vListInitialiseItem
 .text.vListInsertEnd
                0x080237a4       0x16 build/list.o
                0x080237a4                vListInsertEnd
 .text.vListInsert
                0x080237ba       0x32 build/list.o
                0x080237ba                vListInsert
 .text.uxListRemove
                0x080237ec       0x26 build/list.o
                0x080237ec                uxListRemove
 .text.prvIsQueueFull
                0x08023812       0x1e build/queue.o
 .text.prvIsQueueEmpty
                0x08023830       0x1a build/queue.o
 .text.prvCopyDataToQueue
                0x0802384a       0x76 build/queue.o
 .text.prvCopyDataFromQueue
                0x080238c0       0x24 build/queue.o
 .text.prvUnlockQueue
                0x080238e4       0x6e build/queue.o
 .text.xQueueGenericReset
                0x08023952       0x84 build/queue.o
                0x08023952                xQueueGenericReset
 .text.prvInitialiseNewQueue
                0x080239d6       0x22 build/queue.o
 .text.xQueueGenericCreateStatic
                0x080239f8       0x94 build/queue.o
                0x080239f8                xQueueGenericCreateStatic
 .text.xQueueGenericSend
                0x08023a8c      0x188 build/queue.o
                0x08023a8c                xQueueGenericSend
 .text.xQueueGenericSendFromISR
                0x08023c14       0xce build/queue.o
                0x08023c14                xQueueGenericSendFromISR
 .text.xQueueReceive
                0x08023ce2      0x15e build/queue.o
                0x08023ce2                xQueueReceive
 .text.vQueueAddToRegistry
                0x08023e40       0x28 build/queue.o
                0x08023e40                vQueueAddToRegistry
 .text.vQueueWaitForMessageRestricted
                0x08023e68       0x52 build/queue.o
                0x08023e68                vQueueWaitForMessageRestricted
 *fill*         0x08023eba        0x2 
 .text.prvResetNextTaskUnblockTime
                0x08023ebc       0x2c build/tasks.o
 .text.prvInitialiseNewTask
                0x08023ee8       0xa2 build/tasks.o
 *fill*         0x08023f8a        0x2 
 .text.prvInitialiseTaskLists
                0x08023f8c       0x68 build/tasks.o
 .text.prvAddNewTaskToReadyList
                0x08023ff4       0xac build/tasks.o
 .text.prvDeleteTCB
                0x080240a0       0x38 build/tasks.o
 .text.prvCheckTasksWaitingTermination
                0x080240d8       0x4c build/tasks.o
 .text.prvIdleTask
                0x08024124       0x28 build/tasks.o
 .text.prvAddCurrentTaskToDelayedList
                0x0802414c       0x7c build/tasks.o
 .text.xTaskCreateStatic
                0x080241c8       0x76 build/tasks.o
                0x080241c8                xTaskCreateStatic
 .text.xTaskCreate
                0x0802423e       0x64 build/tasks.o
                0x0802423e                xTaskCreate
 *fill*         0x080242a2        0x2 
 .text.vTaskStartScheduler
                0x080242a4       0x98 build/tasks.o
                0x080242a4                vTaskStartScheduler
 .text.vTaskSuspendAll
                0x0802433c       0x10 build/tasks.o
                0x0802433c                vTaskSuspendAll
 .text.xTaskGetTickCount
                0x0802434c        0xc build/tasks.o
                0x0802434c                xTaskGetTickCount
 .text.xTaskIncrementTick
                0x08024358      0x118 build/tasks.o
                0x08024358                xTaskIncrementTick
 .text.xTaskResumeAll
                0x08024470       0xf8 build/tasks.o
                0x08024470                xTaskResumeAll
 .text.vTaskDelay
                0x08024568       0x4c build/tasks.o
                0x08024568                vTaskDelay
 .text.vTaskSwitchContext
                0x080245b4       0x98 build/tasks.o
                0x080245b4                vTaskSwitchContext
 .text.vTaskPlaceOnEventList
                0x0802464c       0x30 build/tasks.o
                0x0802464c                vTaskPlaceOnEventList
 .text.vTaskPlaceOnEventListRestricted
                0x0802467c       0x38 build/tasks.o
                0x0802467c                vTaskPlaceOnEventListRestricted
 .text.xTaskRemoveFromEventList
                0x080246b4       0x8c build/tasks.o
                0x080246b4                xTaskRemoveFromEventList
 .text.vTaskInternalSetTimeOutState
                0x08024740       0x18 build/tasks.o
                0x08024740                vTaskInternalSetTimeOutState
 .text.xTaskCheckForTimeOut
                0x08024758       0x88 build/tasks.o
                0x08024758                xTaskCheckForTimeOut
 .text.vTaskMissedYield
                0x080247e0        0xc build/tasks.o
                0x080247e0                vTaskMissedYield
 .text.xTaskGetSchedulerState
                0x080247ec       0x20 build/tasks.o
                0x080247ec                xTaskGetSchedulerState
 .text.xTaskPriorityDisinherit
                0x0802480c       0x90 build/tasks.o
                0x0802480c                xTaskPriorityDisinherit
 .text.prvGetNextExpireTime
                0x0802489c       0x20 build/timers.o
 .text.prvInsertTimerInActiveList
                0x080248bc       0x48 build/timers.o
 .text.prvCheckForValidListAndQueue
                0x08024904       0x70 build/timers.o
 .text.xTimerCreateTimerTask
                0x08024974       0x64 build/timers.o
                0x08024974                xTimerCreateTimerTask
 .text.xTimerGenericCommand
                0x080249d8       0x6c build/timers.o
                0x080249d8                xTimerGenericCommand
 .text.prvSwitchTimerLists
                0x08024a44       0x7c build/timers.o
 .text.prvSampleTimeNow
                0x08024ac0       0x2c build/timers.o
 .text.prvProcessExpiredTimer
                0x08024aec       0x6c build/timers.o
 .text.prvProcessTimerOrBlockTask
                0x08024b58       0x74 build/timers.o
 .text.prvProcessReceivedCommands
                0x08024bcc      0x10c build/timers.o
 .text.prvTimerTask
                0x08024cd8       0x16 build/timers.o
 .text.SysTick_Handler
                0x08024cee       0x18 build/cmsis_os2.o
                0x08024cee                SysTick_Handler
 *fill*         0x08024d06        0x2 
 .text.osKernelInitialize
                0x08024d08       0x24 build/cmsis_os2.o
                0x08024d08                osKernelInitialize
 .text.osKernelStart
                0x08024d2c       0x38 build/cmsis_os2.o
                0x08024d2c                osKernelStart
 .text.osThreadNew
                0x08024d64       0xb4 build/cmsis_os2.o
                0x08024d64                osThreadNew
 .text.osDelay  0x08024e18       0x1c build/cmsis_os2.o
                0x08024e18                osDelay
 .text.vApplicationGetIdleTaskMemory
                0x08024e34       0x18 build/cmsis_os2.o
                0x08024e34                vApplicationGetIdleTaskMemory
 .text.vApplicationGetTimerTaskMemory
                0x08024e4c       0x18 build/cmsis_os2.o
                0x08024e4c                vApplicationGetTimerTaskMemory
 .text.prvHeapInit
                0x08024e64       0x68 build/heap_4.o
 .text.prvInsertBlockIntoFreeList
                0x08024ecc       0x64 build/heap_4.o
 .text.pvPortMalloc
                0x08024f30      0x104 build/heap_4.o
                0x08024f30                pvPortMalloc
 .text.vPortFree
                0x08025034       0x7c build/heap_4.o
                0x08025034                vPortFree
 .text.prvTaskExitError
                0x080250b0       0x40 build/port.o
 .text.prvPortStartFirstTask
                0x080250f0       0x28 build/port.o
 .text.vPortEnableVFP
                0x08025118       0x14 build/port.o
 .text.pxPortInitialiseStack
                0x0802512c       0x2c build/port.o
                0x0802512c                pxPortInitialiseStack
 *fill*         0x08025158        0x8 
 .text.SVC_Handler
                0x08025160       0x24 build/port.o
                0x08025160                SVC_Handler
 .text.vPortEnterCritical
                0x08025184       0x44 build/port.o
                0x08025184                vPortEnterCritical
 .text.vPortExitCritical
                0x080251c8       0x2c build/port.o
                0x080251c8                vPortExitCritical
 *fill*         0x080251f4        0xc 
 .text.PendSV_Handler
                0x08025200       0x64 build/port.o
                0x08025200                PendSV_Handler
 .text.xPortSysTickHandler
                0x08025264       0x2c build/port.o
                0x08025264                xPortSysTickHandler
 .text.vPortSetupTimerInterrupt
                0x08025290       0x28 build/port.o
                0x08025290                vPortSetupTimerInterrupt
 .text.xPortStartScheduler
                0x080252b8      0x118 build/port.o
                0x080252b8                xPortStartScheduler
 .text.vPortValidateInterruptPriority
                0x080253d0       0x5c build/port.o
                0x080253d0                vPortValidateInterruptPriority
 .text.Reset_Handler
                0x0802542c       0x50 build/startup_stm32l432xx.o
                0x0802542c                Reset_Handler
 .text.Default_Handler
                0x0802547c        0x2 build/startup_stm32l432xx.o
                0x0802547c                RTC_Alarm_IRQHandler
                0x0802547c                EXTI2_IRQHandler
                0x0802547c                TIM1_CC_IRQHandler
                0x0802547c                TSC_IRQHandler
                0x0802547c                TAMP_STAMP_IRQHandler
                0x0802547c                EXTI3_IRQHandler
                0x0802547c                LPTIM2_IRQHandler
                0x0802547c                I2C3_ER_IRQHandler
                0x0802547c                EXTI0_IRQHandler
                0x0802547c                CAN1_RX0_IRQHandler
                0x0802547c                FPU_IRQHandler
                0x0802547c                TIM1_UP_TIM16_IRQHandler
                0x0802547c                SPI1_IRQHandler
                0x0802547c                DMA2_Channel2_IRQHandler
                0x0802547c                DMA1_Channel4_IRQHandler
                0x0802547c                ADC1_IRQHandler
                0x0802547c                DMA1_Channel7_IRQHandler
                0x0802547c                CAN1_RX1_IRQHandler
                0x0802547c                DMA2_Channel1_IRQHandler
                0x0802547c                QUADSPI_IRQHandler
                0x0802547c                I2C1_EV_IRQHandler
                0x0802547c                DMA1_Channel6_IRQHandler
                0x0802547c                DMA2_Channel4_IRQHandler
                0x0802547c                RCC_IRQHandler
                0x0802547c                TIM1_TRG_COM_IRQHandler
                0x0802547c                DMA1_Channel1_IRQHandler
                0x0802547c                Default_Handler
                0x0802547c                DMA2_Channel7_IRQHandler
                0x0802547c                EXTI15_10_IRQHandler
                0x0802547c                TIM7_IRQHandler
                0x0802547c                I2C3_EV_IRQHandler
                0x0802547c                USB_IRQHandler
                0x0802547c                EXTI9_5_IRQHandler
                0x0802547c                RTC_WKUP_IRQHandler
                0x0802547c                PVD_PVM_IRQHandler
                0x0802547c                CAN1_TX_IRQHandler
                0x0802547c                DMA2_Channel5_IRQHandler
                0x0802547c                CRS_IRQHandler
                0x0802547c                DMA1_Channel5_IRQHandler
                0x0802547c                EXTI4_IRQHandler
                0x0802547c                RNG_IRQHandler
                0x0802547c                DMA1_Channel3_IRQHandler
                0x0802547c                COMP_IRQHandler
                0x0802547c                WWDG_IRQHandler
                0x0802547c                LPUART1_IRQHandler
                0x0802547c                DMA2_Channel6_IRQHandler
                0x0802547c                TIM2_IRQHandler
                0x0802547c                EXTI1_IRQHandler
                0x0802547c                USART2_IRQHandler
                0x0802547c                DMA1_Channel2_IRQHandler
                0x0802547c                CAN1_SCE_IRQHandler
                0x0802547c                FLASH_IRQHandler
                0x0802547c                USART1_IRQHandler
                0x0802547c                SPI3_IRQHandler
                0x0802547c                I2C1_ER_IRQHandler
                0x0802547c                SWPMI1_IRQHandler
                0x0802547c                LPTIM1_IRQHandler
                0x0802547c                SAI1_IRQHandler
                0x0802547c                DMA2_Channel3_IRQHandler
                0x0802547c                TIM1_BRK_TIM15_IRQHandler
 .text.memset   0x0802547e       0x10 c:/Users/kerry/AppData/Roaming/Code/User/globalStorage/bmd.stm32-for-vscode/@xpack-dev-tools/arm-none-eabi-gcc/14.2.1-1.1.1/.content/bin/../lib/gcc/arm-none-eabi/14.2.1/../../../../arm-none-eabi/lib/thumb/v7e-m+fp/hard\libc_nano.a(libc_a-memset.o)
                0x0802547e                memset
 *fill*         0x0802548e        0x2 
 .text.__libc_init_array
                0x08025490       0x48 c:/Users/kerry/AppData/Roaming/Code/User/globalStorage/bmd.stm32-for-vscode/@xpack-dev-tools/arm-none-eabi-gcc/14.2.1-1.1.1/.content/bin/../lib/gcc/arm-none-eabi/14.2.1/../../../../arm-none-eabi/lib/thumb/v7e-m+fp/hard\libc_nano.a(libc_a-init.o)
                0x08025490                __libc_init_array
 .text.memcpy   0x080254d8       0x1c c:/Users/kerry/AppData/Roaming/Code/User/globalStorage/bmd.stm32-for-vscode/@xpack-dev-tools/arm-none-eabi-gcc/14.2.1-1.1.1/.content/bin/../lib/gcc/arm-none-eabi/14.2.1/../../../../arm-none-eabi/lib/thumb/v7e-m+fp/hard\libc_nano.a(libc_a-memcpy-stub.o)
                0x080254d8                memcpy
 *(.glue_7)
 .glue_7        0x080254f4        0x0 linker stubs
 *(.glue_7t)
 .glue_7t       0x080254f4        0x0 linker stubs
 *(.eh_frame)
 .eh_frame      0x080254f4        0x0 c:/Users/kerry/AppData/Roaming/Code/User/globalStorage/bmd.stm32-for-vscode/@xpack-dev-tools/arm-none-eabi-gcc/14.2.1-1.1.1/.content/bin/../lib/gcc/arm-none-eabi/14.2.1/thumb/v7e-m+fp/hard/crtbegin.o
 *(.init)
 .init          0x080254f4        0x4 c:/Users/kerry/AppData/Roaming/Code/User/globalStorage/bmd.stm32-for-vscode/@xpack-dev-tools/arm-none-eabi-gcc/14.2.1-1.1.1/.content/bin/../lib/gcc/arm-none-eabi/14.2.1/thumb/v7e-m+fp/hard/crti.o
                0x080254f4                _init
 .init          0x080254f8        0x8 c:/Users/kerry/AppData/Roaming/Code/User/globalStorage/bmd.stm32-for-vscode/@xpack-dev-tools/arm-none-eabi-gcc/14.2.1-1.1.1/.content/bin/../lib/gcc/arm-none-eabi/14.2.1/thumb/v7e-m+fp/hard/crtn.o
 *(.fini)
 .fini          0x08025500        0x4 c:/Users/kerry/AppData/Roaming/Code/User/globalStorage/bmd.stm32-for-vscode/@xpack-dev-tools/arm-none-eabi-gcc/14.2.1-1.1.1/.content/bin/../lib/gcc/arm-none-eabi/14.2.1/thumb/v7e-m+fp/hard/crti.o
                0x08025500                _fini
 .fini          0x08025504        0x8 c:/Users/kerry/AppData/Roaming/Code/User/globalStorage/bmd.stm32-for-vscode/@xpack-dev-tools/arm-none-eabi-gcc/14.2.1-1.1.1/.content/bin/../lib/gcc/arm-none-eabi/14.2.1/thumb/v7e-m+fp/hard/crtn.o
                0x08025510                        . = ALIGN (0x8)
 *fill*         0x0802550c        0x4 
                0x08025510                        _etext = .

.vfp11_veneer   0x08025510        0x0
 .vfp11_veneer  0x08025510        0x0 linker stubs

.v4_bx          0x08025510        0x0
 .v4_bx         0x08025510        0x0 linker stubs

.iplt           0x08025510        0x0
 .iplt          0x08025510        0x0 c:/Users/kerry/AppData/Roaming/Code/User/globalStorage/bmd.stm32-for-vscode/@xpack-dev-tools/arm-none-eabi-gcc/14.2.1-1.1.1/.content/bin/../lib/gcc/arm-none-eabi/14.2.1/thumb/v7e-m+fp/hard/crtbegin.o

.rodata         0x08025510       0xc0
                0x08025510                        . = ALIGN (0x8)
 *(.rodata)
 *(.rodata*)
 .rodata.str1.4
                0x08025510       0x30 build/main.o
                                 0x18 (size before relaxing)
 .rodata.LED_Blink_attributes
                0x08025540       0x24 build/main.o
                0x08025540                LED_Blink_attributes
 .rodata.defaultTask_attributes
                0x08025564       0x24 build/main.o
                0x08025564                defaultTask_attributes
 .rodata.MSIRangeTable
                0x08025588       0x30 build/system_stm32l4xx.o
                0x08025588                MSIRangeTable
 .rodata.APBPrescTable
                0x080255b8        0x8 build/system_stm32l4xx.o
                0x080255b8                APBPrescTable
 .rodata.AHBPrescTable
                0x080255c0       0x10 build/system_stm32l4xx.o
                0x080255c0                AHBPrescTable
 .rodata.vTaskStartScheduler.str1.4
                0x080255d0        0x5 build/tasks.o
 .rodata.prvCheckForValidListAndQueue.str1.4
                0x080255d0        0x5 build/timers.o
 .rodata.xTimerCreateTimerTask.str1.4
                0x080255d0        0x8 build/timers.o
                0x080255d8                        . = ALIGN (0x8)

.ARM.extab      0x080255d0        0x0
                0x080255d0                        . = ALIGN (0x8)
 *(.ARM.extab* .gnu.linkonce.armextab.*)
                0x080255d0                        . = ALIGN (0x8)

.ARM            0x080255d0        0x0
                0x080255d0                        . = ALIGN (0x8)
                0x080255d0                        __exidx_start = .
 *(.ARM.exidx*)
                0x080255d0                        __exidx_end = .
                0x080255d0                        . = ALIGN (0x8)

.preinit_array  0x080255d0        0x0
                0x080255d0                        . = ALIGN (0x8)
                0x080255d0                        PROVIDE (__preinit_array_start = .)
 *(.preinit_array*)
                0x080255d0                        PROVIDE (__preinit_array_end = .)
                0x080255d0                        . = ALIGN (0x8)

.init_array     0x080255d0        0x8
                0x080255d0                        . = ALIGN (0x8)
                0x080255d0                        PROVIDE (__init_array_start = .)
 *(SORT_BY_NAME(.init_array.*))
 *(.init_array*)
 .init_array    0x080255d0        0x4 c:/Users/kerry/AppData/Roaming/Code/User/globalStorage/bmd.stm32-for-vscode/@xpack-dev-tools/arm-none-eabi-gcc/14.2.1-1.1.1/.content/bin/../lib/gcc/arm-none-eabi/14.2.1/thumb/v7e-m+fp/hard/crtbegin.o
                0x080255d4                        PROVIDE (__init_array_end = .)
                0x080255d8                        . = ALIGN (0x8)
 *fill*         0x080255d4        0x4 

.fini_array     0x080255d8        0x8
                0x080255d8                        . = ALIGN (0x8)
                0x080255d8                        PROVIDE (__fini_array_start = .)
 *(SORT_BY_NAME(.fini_array.*))
 *(.fini_array*)
 .fini_array    0x080255d8        0x4 c:/Users/kerry/AppData/Roaming/Code/User/globalStorage/bmd.stm32-for-vscode/@xpack-dev-tools/arm-none-eabi-gcc/14.2.1-1.1.1/.content/bin/../lib/gcc/arm-none-eabi/14.2.1/thumb/v7e-m+fp/hard/crtbegin.o
                0x080255dc                        PROVIDE (__fini_array_end = .)
                0x080255e0                        . = ALIGN (0x8)
 *fill*         0x080255dc        0x4 
                0x080255e0                        _sidata = LOADADDR (.data)

.rel.dyn        0x080255e0        0x0
 .rel.iplt      0x080255e0        0x0 c:/Users/kerry/AppData/Roaming/Code/User/globalStorage/bmd.stm32-for-vscode/@xpack-dev-tools/arm-none-eabi-gcc/14.2.1-1.1.1/.content/bin/../lib/gcc/arm-none-eabi/14.2.1/thumb/v7e-m+fp/hard/crtbegin.o

.data           0x20000000       0x10 load address 0x080255e0
                0x20000000                        . = ALIGN (0x8)
                0x20000000                        _sdata = .
 *(.data)
 *(.data*)
 .data.uwTickFreq
                0x20000000        0x1 build/stm32l4xx_hal.o
                0x20000000                uwTickFreq
 *fill*         0x20000001        0x3 
 .data.uwTickPrio
                0x20000004        0x4 build/stm32l4xx_hal.o
                0x20000004                uwTickPrio
 .data.SystemCoreClock
                0x20000008        0x4 build/system_stm32l4xx.o
                0x20000008                SystemCoreClock
 .data.uxCriticalNesting
                0x2000000c        0x4 build/port.o
 *(.RamFunc)
 *(.RamFunc*)
                0x20000010                        . = ALIGN (0x8)
                0x20000010                        _edata = .

.igot.plt       0x20000010        0x0 load address 0x080255f0
 .igot.plt      0x20000010        0x0 c:/Users/kerry/AppData/Roaming/Code/User/globalStorage/bmd.stm32-for-vscode/@xpack-dev-tools/arm-none-eabi-gcc/14.2.1-1.1.1/.content/bin/../lib/gcc/arm-none-eabi/14.2.1/thumb/v7e-m+fp/hard/crtbegin.o
                0x20000010                        . = ALIGN (0x4)

.bss            0x20000010     0x1c24 load address 0x080255f0
                0x20000010                        _sbss = .
                0x20000010                        __bss_start__ = _sbss
 *(.bss)
 *(.bss*)
 .bss.completed.1
                0x20000010        0x1 c:/Users/kerry/AppData/Roaming/Code/User/globalStorage/bmd.stm32-for-vscode/@xpack-dev-tools/arm-none-eabi-gcc/14.2.1-1.1.1/.content/bin/../lib/gcc/arm-none-eabi/14.2.1/thumb/v7e-m+fp/hard/crtbegin.o
 *fill*         0x20000011        0x3 
 .bss.object.0  0x20000014       0x18 c:/Users/kerry/AppData/Roaming/Code/User/globalStorage/bmd.stm32-for-vscode/@xpack-dev-tools/arm-none-eabi-gcc/14.2.1-1.1.1/.content/bin/../lib/gcc/arm-none-eabi/14.2.1/thumb/v7e-m+fp/hard/crtbegin.o
 .bss.LED_BlinkControlBlock
                0x2000002c       0x5c build/main.o
                0x2000002c                LED_BlinkControlBlock
 .bss.LED_BlinkBuffer
                0x20000088      0x200 build/main.o
                0x20000088                LED_BlinkBuffer
 .bss.LED_BlinkHandle
                0x20000288        0x4 build/main.o
                0x20000288                LED_BlinkHandle
 .bss.defaultTaskHandle
                0x2000028c        0x4 build/main.o
                0x2000028c                defaultTaskHandle
 .bss.hcrc      0x20000290       0x24 build/main.o
                0x20000290                hcrc
 .bss.hcan1     0x200002b4       0x28 build/main.o
                0x200002b4                hcan1
 .bss.htim6     0x200002dc       0x4c build/stm32l4xx_hal_timebase_tim.o
                0x200002dc                htim6
 .bss.uwTick    0x20000328        0x4 build/stm32l4xx_hal.o
                0x20000328                uwTick
 .bss.xQueueRegistry
                0x2000032c       0x40 build/queue.o
                0x2000032c                xQueueRegistry
 .bss.uxSchedulerSuspended
                0x2000036c        0x4 build/tasks.o
 .bss.xIdleTaskHandle
                0x20000370        0x4 build/tasks.o
 .bss.xNextTaskUnblockTime
                0x20000374        0x4 build/tasks.o
 .bss.uxTaskNumber
                0x20000378        0x4 build/tasks.o
 .bss.xNumOfOverflows
                0x2000037c        0x4 build/tasks.o
 .bss.xYieldPending
                0x20000380        0x4 build/tasks.o
 .bss.xPendedTicks
                0x20000384        0x4 build/tasks.o
 .bss.xSchedulerRunning
                0x20000388        0x4 build/tasks.o
 .bss.uxTopReadyPriority
                0x2000038c        0x4 build/tasks.o
 .bss.xTickCount
                0x20000390        0x4 build/tasks.o
 .bss.uxCurrentNumberOfTasks
                0x20000394        0x4 build/tasks.o
 .bss.xSuspendedTaskList
                0x20000398       0x14 build/tasks.o
 .bss.uxDeletedTasksWaitingCleanUp
                0x200003ac        0x4 build/tasks.o
 .bss.xTasksWaitingTermination
                0x200003b0       0x14 build/tasks.o
 .bss.xPendingReadyList
                0x200003c4       0x14 build/tasks.o
 .bss.pxOverflowDelayedTaskList
                0x200003d8        0x4 build/tasks.o
 .bss.pxDelayedTaskList
                0x200003dc        0x4 build/tasks.o
 .bss.xDelayedTaskList2
                0x200003e0       0x14 build/tasks.o
 .bss.xDelayedTaskList1
                0x200003f4       0x14 build/tasks.o
 .bss.pxReadyTasksLists
                0x20000408      0x460 build/tasks.o
 .bss.pxCurrentTCB
                0x20000868        0x4 build/tasks.o
                0x20000868                pxCurrentTCB
 .bss.xStaticTimerQueue.0
                0x2000086c       0x50 build/timers.o
 .bss.ucStaticTimerQueueStorage.1
                0x200008bc       0xa0 build/timers.o
 .bss.xLastTime.2
                0x2000095c        0x4 build/timers.o
 .bss.xTimerTaskHandle
                0x20000960        0x4 build/timers.o
 .bss.xTimerQueue
                0x20000964        0x4 build/timers.o
 .bss.pxOverflowTimerList
                0x20000968        0x4 build/timers.o
 .bss.pxCurrentTimerList
                0x2000096c        0x4 build/timers.o
 .bss.xActiveTimerList2
                0x20000970       0x14 build/timers.o
 .bss.xActiveTimerList1
                0x20000984       0x14 build/timers.o
 .bss.Timer_Stack.0
                0x20000998      0x400 build/cmsis_os2.o
 .bss.Timer_TCB.1
                0x20000d98       0x5c build/cmsis_os2.o
 .bss.Idle_Stack.2
                0x20000df4      0x200 build/cmsis_os2.o
 .bss.Idle_TCB.3
                0x20000ff4       0x5c build/cmsis_os2.o
 .bss.KernelState
                0x20001050        0x4 build/cmsis_os2.o
 .bss.xBlockAllocatedBit
                0x20001054        0x4 build/heap_4.o
 .bss.xNumberOfSuccessfulFrees
                0x20001058        0x4 build/heap_4.o
 .bss.xNumberOfSuccessfulAllocations
                0x2000105c        0x4 build/heap_4.o
 .bss.xMinimumEverFreeBytesRemaining
                0x20001060        0x4 build/heap_4.o
 .bss.xFreeBytesRemaining
                0x20001064        0x4 build/heap_4.o
 .bss.pxEnd     0x20001068        0x4 build/heap_4.o
 .bss.xStart    0x2000106c        0x8 build/heap_4.o
 .bss.ucHeap    0x20001074      0xbb8 build/heap_4.o
 .bss.ulMaxPRIGROUPValue
                0x20001c2c        0x4 build/port.o
 .bss.ucMaxSysCallPriority
                0x20001c30        0x1 build/port.o
 *(COMMON)
                0x20001c34                        . = ALIGN (0x4)
 *fill*         0x20001c31        0x3 
                0x20001c34                        _ebss = .
                0x20001c34                        __bss_end__ = _ebss

._user_heap_stack
                0x20001c34      0x604 load address 0x080255f0
                0x20001c38                        . = ALIGN (0x8)
 *fill*         0x20001c34        0x4 
                [!provide]                        PROVIDE (end = .)
                0x20001c38                        PROVIDE (_end = .)
                0x20001e38                        . = (. + _Min_Heap_Size)
 *fill*         0x20001c38      0x200 
                0x20002238                        . = (. + _Min_Stack_Size)
 *fill*         0x20001e38      0x400 
                0x20002238                        . = ALIGN (0x8)

/DISCARD/
 libc.a(*)
 libm.a(*)
 libgcc.a(*)
OUTPUT(build/Baby_MOBO_b.elf elf32-littlearm)
LOAD linker stubs
LOAD c:/Users/kerry/AppData/Roaming/Code/User/globalStorage/bmd.stm32-for-vscode/@xpack-dev-tools/arm-none-eabi-gcc/14.2.1-1.1.1/.content/bin/../lib/gcc/arm-none-eabi/14.2.1/../../../../arm-none-eabi/lib/thumb/v7e-m+fp/hard\libc.a
LOAD c:/Users/kerry/AppData/Roaming/Code/User/globalStorage/bmd.stm32-for-vscode/@xpack-dev-tools/arm-none-eabi-gcc/14.2.1-1.1.1/.content/bin/../lib/gcc/arm-none-eabi/14.2.1/../../../../arm-none-eabi/lib/thumb/v7e-m+fp/hard\libm.a
LOAD c:/Users/kerry/AppData/Roaming/Code/User/globalStorage/bmd.stm32-for-vscode/@xpack-dev-tools/arm-none-eabi-gcc/14.2.1-1.1.1/.content/bin/../lib/gcc/arm-none-eabi/14.2.1/thumb/v7e-m+fp/hard\libgcc.a

.ARM.attributes
                0x00000000       0x30
 .ARM.attributes
                0x00000000       0x22 c:/Users/kerry/AppData/Roaming/Code/User/globalStorage/bmd.stm32-for-vscode/@xpack-dev-tools/arm-none-eabi-gcc/14.2.1-1.1.1/.content/bin/../lib/gcc/arm-none-eabi/14.2.1/thumb/v7e-m+fp/hard/crti.o
 .ARM.attributes
                0x00000022       0x34 c:/Users/kerry/AppData/Roaming/Code/User/globalStorage/bmd.stm32-for-vscode/@xpack-dev-tools/arm-none-eabi-gcc/14.2.1-1.1.1/.content/bin/../lib/gcc/arm-none-eabi/14.2.1/thumb/v7e-m+fp/hard/crtbegin.o
 .ARM.attributes
                0x00000056       0x34 build/main.o
 .ARM.attributes
                0x0000008a       0x34 build/stm32l4xx_it.o
 .ARM.attributes
                0x000000be       0x34 build/stm32l4xx_hal_msp.o
 .ARM.attributes
                0x000000f2       0x34 build/stm32l4xx_hal_timebase_tim.o
 .ARM.attributes
                0x00000126       0x34 build/stm32l4xx_hal_tim.o
 .ARM.attributes
                0x0000015a       0x34 build/stm32l4xx_hal_tim_ex.o
 .ARM.attributes
                0x0000018e       0x34 build/stm32l4xx_hal_can.o
 .ARM.attributes
                0x000001c2       0x34 build/stm32l4xx_hal.o
 .ARM.attributes
                0x000001f6       0x34 build/stm32l4xx_hal_rcc.o
 .ARM.attributes
                0x0000022a       0x34 build/stm32l4xx_hal_gpio.o
 .ARM.attributes
                0x0000025e       0x34 build/stm32l4xx_hal_pwr_ex.o
 .ARM.attributes
                0x00000292       0x34 build/stm32l4xx_hal_cortex.o
 .ARM.attributes
                0x000002c6       0x34 build/stm32l4xx_hal_crc.o
 .ARM.attributes
                0x000002fa       0x34 build/stm32l4xx_hal_crc_ex.o
 .ARM.attributes
                0x0000032e       0x34 build/system_stm32l4xx.o
 .ARM.attributes
                0x00000362       0x34 build/list.o
 .ARM.attributes
                0x00000396       0x34 build/queue.o
 .ARM.attributes
                0x000003ca       0x34 build/tasks.o
 .ARM.attributes
                0x000003fe       0x34 build/timers.o
 .ARM.attributes
                0x00000432       0x34 build/cmsis_os2.o
 .ARM.attributes
                0x00000466       0x34 build/heap_4.o
 .ARM.attributes
                0x0000049a       0x34 build/port.o
 .ARM.attributes
                0x000004ce       0x21 build/startup_stm32l432xx.o
 .ARM.attributes
                0x000004ef       0x34 c:/Users/kerry/AppData/Roaming/Code/User/globalStorage/bmd.stm32-for-vscode/@xpack-dev-tools/arm-none-eabi-gcc/14.2.1-1.1.1/.content/bin/../lib/gcc/arm-none-eabi/14.2.1/../../../../arm-none-eabi/lib/thumb/v7e-m+fp/hard\libc_nano.a(libc_a-memset.o)
 .ARM.attributes
                0x00000523       0x34 c:/Users/kerry/AppData/Roaming/Code/User/globalStorage/bmd.stm32-for-vscode/@xpack-dev-tools/arm-none-eabi-gcc/14.2.1-1.1.1/.content/bin/../lib/gcc/arm-none-eabi/14.2.1/../../../../arm-none-eabi/lib/thumb/v7e-m+fp/hard\libc_nano.a(libc_a-init.o)
 .ARM.attributes
                0x00000557       0x34 c:/Users/kerry/AppData/Roaming/Code/User/globalStorage/bmd.stm32-for-vscode/@xpack-dev-tools/arm-none-eabi-gcc/14.2.1-1.1.1/.content/bin/../lib/gcc/arm-none-eabi/14.2.1/../../../../arm-none-eabi/lib/thumb/v7e-m+fp/hard\libc_nano.a(libc_a-memcpy-stub.o)
 .ARM.attributes
                0x0000058b       0x22 c:/Users/kerry/AppData/Roaming/Code/User/globalStorage/bmd.stm32-for-vscode/@xpack-dev-tools/arm-none-eabi-gcc/14.2.1-1.1.1/.content/bin/../lib/gcc/arm-none-eabi/14.2.1/thumb/v7e-m+fp/hard/crtn.o

.comment        0x00000000       0x39
 .comment       0x00000000       0x39 c:/Users/kerry/AppData/Roaming/Code/User/globalStorage/bmd.stm32-for-vscode/@xpack-dev-tools/arm-none-eabi-gcc/14.2.1-1.1.1/.content/bin/../lib/gcc/arm-none-eabi/14.2.1/thumb/v7e-m+fp/hard/crtbegin.o
                                 0x3a (size before relaxing)
 .comment       0x00000039       0x3a build/main.o
 .comment       0x00000039       0x3a build/stm32l4xx_it.o
 .comment       0x00000039       0x3a build/stm32l4xx_hal_msp.o
 .comment       0x00000039       0x3a build/stm32l4xx_hal_timebase_tim.o
 .comment       0x00000039       0x3a build/stm32l4xx_hal_tim.o
 .comment       0x00000039       0x3a build/stm32l4xx_hal_tim_ex.o
 .comment       0x00000039       0x3a build/stm32l4xx_hal_can.o
 .comment       0x00000039       0x3a build/stm32l4xx_hal.o
 .comment       0x00000039       0x3a build/stm32l4xx_hal_rcc.o
 .comment       0x00000039       0x3a build/stm32l4xx_hal_gpio.o
 .comment       0x00000039       0x3a build/stm32l4xx_hal_pwr_ex.o
 .comment       0x00000039       0x3a build/stm32l4xx_hal_cortex.o
 .comment       0x00000039       0x3a build/stm32l4xx_hal_crc.o
 .comment       0x00000039       0x3a build/stm32l4xx_hal_crc_ex.o
 .comment       0x00000039       0x3a build/system_stm32l4xx.o
 .comment       0x00000039       0x3a build/list.o
 .comment       0x00000039       0x3a build/queue.o
 .comment       0x00000039       0x3a build/tasks.o
 .comment       0x00000039       0x3a build/timers.o
 .comment       0x00000039       0x3a build/cmsis_os2.o
 .comment       0x00000039       0x3a build/heap_4.o
 .comment       0x00000039       0x3a build/port.o
 .comment       0x00000039       0x3a c:/Users/kerry/AppData/Roaming/Code/User/globalStorage/bmd.stm32-for-vscode/@xpack-dev-tools/arm-none-eabi-gcc/14.2.1-1.1.1/.content/bin/../lib/gcc/arm-none-eabi/14.2.1/../../../../arm-none-eabi/lib/thumb/v7e-m+fp/hard\libc_nano.a(libc_a-memset.o)
 .comment       0x00000039       0x3a c:/Users/kerry/AppData/Roaming/Code/User/globalStorage/bmd.stm32-for-vscode/@xpack-dev-tools/arm-none-eabi-gcc/14.2.1-1.1.1/.content/bin/../lib/gcc/arm-none-eabi/14.2.1/../../../../arm-none-eabi/lib/thumb/v7e-m+fp/hard\libc_nano.a(libc_a-init.o)
 .comment       0x00000039       0x3a c:/Users/kerry/AppData/Roaming/Code/User/globalStorage/bmd.stm32-for-vscode/@xpack-dev-tools/arm-none-eabi-gcc/14.2.1-1.1.1/.content/bin/../lib/gcc/arm-none-eabi/14.2.1/../../../../arm-none-eabi/lib/thumb/v7e-m+fp/hard\libc_nano.a(libc_a-memcpy-stub.o)

.debug_info     0x00000000    0x1ea93
 .debug_info    0x00000000     0x1cc4 build/main.o
 .debug_info    0x00001cc4      0x822 build/stm32l4xx_it.o
 .debug_info    0x000024e6      0xe9d build/stm32l4xx_hal_msp.o
 .debug_info    0x00003383      0xe63 build/stm32l4xx_hal_timebase_tim.o
 .debug_info    0x000041e6     0x42cd build/stm32l4xx_hal_tim.o
 .debug_info    0x000084b3     0x2014 build/stm32l4xx_hal_tim_ex.o
 .debug_info    0x0000a4c7     0x13fc build/stm32l4xx_hal_can.o
 .debug_info    0x0000b8c3      0xbcc build/stm32l4xx_hal.o
 .debug_info    0x0000c48f     0x10a6 build/stm32l4xx_hal_rcc.o
 .debug_info    0x0000d535      0x962 build/stm32l4xx_hal_gpio.o
 .debug_info    0x0000de97      0xb4d build/stm32l4xx_hal_pwr_ex.o
 .debug_info    0x0000e9e4     0x117f build/stm32l4xx_hal_cortex.o
 .debug_info    0x0000fb63      0x6e2 build/stm32l4xx_hal_crc.o
 .debug_info    0x00010245      0x40d build/stm32l4xx_hal_crc_ex.o
 .debug_info    0x00010652      0x6ab build/system_stm32l4xx.o
 .debug_info    0x00010cfd      0x30f build/list.o
 .debug_info    0x0001100c     0x2a48 build/queue.o
 .debug_info    0x00013a54     0x33ae build/tasks.o
 .debug_info    0x00016e02     0x1d2b build/timers.o
 .debug_info    0x00018b2d     0x5368 build/cmsis_os2.o
 .debug_info    0x0001de95      0x60c build/heap_4.o
 .debug_info    0x0001e4a1      0x5c2 build/port.o
 .debug_info    0x0001ea63       0x30 build/startup_stm32l432xx.o

.debug_abbrev   0x00000000     0x3c30
 .debug_abbrev  0x00000000      0x325 build/main.o
 .debug_abbrev  0x00000325      0x195 build/stm32l4xx_it.o
 .debug_abbrev  0x000004ba      0x1e9 build/stm32l4xx_hal_msp.o
 .debug_abbrev  0x000006a3      0x245 build/stm32l4xx_hal_timebase_tim.o
 .debug_abbrev  0x000008e8      0x2ce build/stm32l4xx_hal_tim.o
 .debug_abbrev  0x00000bb6      0x2c8 build/stm32l4xx_hal_tim_ex.o
 .debug_abbrev  0x00000e7e      0x2a2 build/stm32l4xx_hal_can.o
 .debug_abbrev  0x00001120      0x268 build/stm32l4xx_hal.o
 .debug_abbrev  0x00001388      0x2ef build/stm32l4xx_hal_rcc.o
 .debug_abbrev  0x00001677      0x23a build/stm32l4xx_hal_gpio.o
 .debug_abbrev  0x000018b1      0x244 build/stm32l4xx_hal_pwr_ex.o
 .debug_abbrev  0x00001af5      0x3db build/stm32l4xx_hal_cortex.o
 .debug_abbrev  0x00001ed0      0x25e build/stm32l4xx_hal_crc.o
 .debug_abbrev  0x0000212e      0x18c build/stm32l4xx_hal_crc_ex.o
 .debug_abbrev  0x000022ba      0x12c build/system_stm32l4xx.o
 .debug_abbrev  0x000023e6      0x124 build/list.o
 .debug_abbrev  0x0000250a      0x431 build/queue.o
 .debug_abbrev  0x0000293b      0x400 build/tasks.o
 .debug_abbrev  0x00002d3b      0x3d4 build/timers.o
 .debug_abbrev  0x0000310f      0x5db build/cmsis_os2.o
 .debug_abbrev  0x000036ea      0x27a build/heap_4.o
 .debug_abbrev  0x00003964      0x2af build/port.o
 .debug_abbrev  0x00003c13       0x1d build/startup_stm32l432xx.o

.debug_loc      0x00000000    0x1a596
 .debug_loc     0x00000000      0x1e2 build/main.o
 .debug_loc     0x000001e2       0x20 build/stm32l4xx_it.o
 .debug_loc     0x00000202      0x164 build/stm32l4xx_hal_msp.o
 .debug_loc     0x00000366      0x142 build/stm32l4xx_hal_timebase_tim.o
 .debug_loc     0x000004a8     0x6781 build/stm32l4xx_hal_tim.o
 .debug_loc     0x00006c29     0x29fb build/stm32l4xx_hal_tim_ex.o
 .debug_loc     0x00009624     0x1110 build/stm32l4xx_hal_can.o
 .debug_loc     0x0000a734      0x28b build/stm32l4xx_hal.o
 .debug_loc     0x0000a9bf      0x9e2 build/stm32l4xx_hal_rcc.o
 .debug_loc     0x0000b3a1      0x439 build/stm32l4xx_hal_gpio.o
 .debug_loc     0x0000b7da      0x7c9 build/stm32l4xx_hal_pwr_ex.o
 .debug_loc     0x0000bfa3      0x8ff build/stm32l4xx_hal_cortex.o
 .debug_loc     0x0000c8a2      0x73d build/stm32l4xx_hal_crc.o
 .debug_loc     0x0000cfdf      0x281 build/stm32l4xx_hal_crc_ex.o
 .debug_loc     0x0000d260      0x11a build/system_stm32l4xx.o
 .debug_loc     0x0000d37a       0xeb build/list.o
 .debug_loc     0x0000d465     0x212d build/queue.o
 .debug_loc     0x0000f592     0x2c36 build/tasks.o
 .debug_loc     0x000121c8     0x170b build/timers.o
 .debug_loc     0x000138d3     0x65e1 build/cmsis_os2.o
 .debug_loc     0x00019eb4      0x51c build/heap_4.o
 .debug_loc     0x0001a3d0      0x1c6 build/port.o

.debug_aranges  0x00000000     0x14a8
 .debug_aranges
                0x00000000       0x60 build/main.o
 .debug_aranges
                0x00000060       0x50 build/stm32l4xx_it.o
 .debug_aranges
                0x000000b0       0x40 build/stm32l4xx_hal_msp.o
 .debug_aranges
                0x000000f0       0x30 build/stm32l4xx_hal_timebase_tim.o
 .debug_aranges
                0x00000120      0x3e0 build/stm32l4xx_hal_tim.o
 .debug_aranges
                0x00000500      0x180 build/stm32l4xx_hal_tim_ex.o
 .debug_aranges
                0x00000680      0x138 build/stm32l4xx_hal_can.o
 .debug_aranges
                0x000007b8      0x108 build/stm32l4xx_hal.o
 .debug_aranges
                0x000008c0       0x90 build/stm32l4xx_hal_rcc.o
 .debug_aranges
                0x00000950       0x58 build/stm32l4xx_hal_gpio.o
 .debug_aranges
                0x000009a8      0x128 build/stm32l4xx_hal_pwr_ex.o
 .debug_aranges
                0x00000ad0       0xf0 build/stm32l4xx_hal_cortex.o
 .debug_aranges
                0x00000bc0       0x60 build/stm32l4xx_hal_crc.o
 .debug_aranges
                0x00000c20       0x30 build/stm32l4xx_hal_crc_ex.o
 .debug_aranges
                0x00000c50       0x28 build/system_stm32l4xx.o
 .debug_aranges
                0x00000c78       0x40 build/list.o
 .debug_aranges
                0x00000cb8      0x158 build/queue.o
 .debug_aranges
                0x00000e10      0x208 build/tasks.o
 .debug_aranges
                0x00001018       0xf0 build/timers.o
 .debug_aranges
                0x00001108      0x2a0 build/cmsis_os2.o
 .debug_aranges
                0x000013a8       0x58 build/heap_4.o
 .debug_aranges
                0x00001400       0x80 build/port.o
 .debug_aranges
                0x00001480       0x28 build/startup_stm32l432xx.o

.debug_ranges   0x00000000     0x1598
 .debug_ranges  0x00000000       0x50 build/main.o
 .debug_ranges  0x00000050       0x40 build/stm32l4xx_it.o
 .debug_ranges  0x00000090       0x30 build/stm32l4xx_hal_msp.o
 .debug_ranges  0x000000c0       0x20 build/stm32l4xx_hal_timebase_tim.o
 .debug_ranges  0x000000e0      0x3d0 build/stm32l4xx_hal_tim.o
 .debug_ranges  0x000004b0      0x170 build/stm32l4xx_hal_tim_ex.o
 .debug_ranges  0x00000620      0x140 build/stm32l4xx_hal_can.o
 .debug_ranges  0x00000760       0xf8 build/stm32l4xx_hal.o
 .debug_ranges  0x00000858       0x98 build/stm32l4xx_hal_rcc.o
 .debug_ranges  0x000008f0       0x48 build/stm32l4xx_hal_gpio.o
 .debug_ranges  0x00000938      0x118 build/stm32l4xx_hal_pwr_ex.o
 .debug_ranges  0x00000a50       0xe0 build/stm32l4xx_hal_cortex.o
 .debug_ranges  0x00000b30       0x50 build/stm32l4xx_hal_crc.o
 .debug_ranges  0x00000b80       0x20 build/stm32l4xx_hal_crc_ex.o
 .debug_ranges  0x00000ba0       0x18 build/system_stm32l4xx.o
 .debug_ranges  0x00000bb8       0x30 build/list.o
 .debug_ranges  0x00000be8      0x218 build/queue.o
 .debug_ranges  0x00000e00      0x338 build/tasks.o
 .debug_ranges  0x00001138       0xe0 build/timers.o
 .debug_ranges  0x00001218      0x290 build/cmsis_os2.o
 .debug_ranges  0x000014a8       0x48 build/heap_4.o
 .debug_ranges  0x000014f0       0x88 build/port.o
 .debug_ranges  0x00001578       0x20 build/startup_stm32l432xx.o

.debug_line     0x00000000    0x15f81
 .debug_line    0x00000000      0x6fd build/main.o
 .debug_line    0x000006fd      0x2fd build/stm32l4xx_it.o
 .debug_line    0x000009fa      0x3ab build/stm32l4xx_hal_msp.o
 .debug_line    0x00000da5      0x3a7 build/stm32l4xx_hal_timebase_tim.o
 .debug_line    0x0000114c     0x4adf build/stm32l4xx_hal_tim.o
 .debug_line    0x00005c2b     0x1c6c build/stm32l4xx_hal_tim_ex.o
 .debug_line    0x00007897     0x1207 build/stm32l4xx_hal_can.o
 .debug_line    0x00008a9e      0x6ae build/stm32l4xx_hal.o
 .debug_line    0x0000914c     0x10dd build/stm32l4xx_hal_rcc.o
 .debug_line    0x0000a229      0x72a build/stm32l4xx_hal_gpio.o
 .debug_line    0x0000a953      0x970 build/stm32l4xx_hal_pwr_ex.o
 .debug_line    0x0000b2c3      0x8bd build/stm32l4xx_hal_cortex.o
 .debug_line    0x0000bb80      0x635 build/stm32l4xx_hal_crc.o
 .debug_line    0x0000c1b5      0x360 build/stm32l4xx_hal_crc_ex.o
 .debug_line    0x0000c515      0x376 build/system_stm32l4xx.o
 .debug_line    0x0000c88b      0x3fd build/list.o
 .debug_line    0x0000cc88     0x1e40 build/queue.o
 .debug_line    0x0000eac8     0x2914 build/tasks.o
 .debug_line    0x000113dc      0xeeb build/timers.o
 .debug_line    0x000122c7     0x2d7e build/cmsis_os2.o
 .debug_line    0x00015045      0x7ff build/heap_4.o
 .debug_line    0x00015844      0x6ca build/port.o
 .debug_line    0x00015f0e       0x73 build/startup_stm32l432xx.o

.debug_str      0x00000000     0x74c9
 .debug_str     0x00000000     0x74c9 build/main.o
                               0x1526 (size before relaxing)
 .debug_str     0x000074c9      0x720 build/stm32l4xx_it.o
 .debug_str     0x000074c9      0xb7b build/stm32l4xx_hal_msp.o
 .debug_str     0x000074c9      0xd5f build/stm32l4xx_hal_timebase_tim.o
 .debug_str     0x000074c9     0x1702 build/stm32l4xx_hal_tim.o
 .debug_str     0x000074c9     0x1016 build/stm32l4xx_hal_tim_ex.o
 .debug_str     0x000074c9      0xa0c build/stm32l4xx_hal_can.o
 .debug_str     0x000074c9      0xaf8 build/stm32l4xx_hal.o
 .debug_str     0x000074c9      0x830 build/stm32l4xx_hal_rcc.o
 .debug_str     0x000074c9      0x527 build/stm32l4xx_hal_gpio.o
 .debug_str     0x000074c9      0x776 build/stm32l4xx_hal_pwr_ex.o
 .debug_str     0x000074c9      0xb13 build/stm32l4xx_hal_cortex.o
 .debug_str     0x000074c9      0x46d build/stm32l4xx_hal_crc.o
 .debug_str     0x000074c9      0x427 build/stm32l4xx_hal_crc_ex.o
 .debug_str     0x000074c9      0x3b3 build/system_stm32l4xx.o
 .debug_str     0x000074c9      0x2c6 build/list.o
 .debug_str     0x000074c9      0xcdc build/queue.o
 .debug_str     0x000074c9     0x12ab build/tasks.o
 .debug_str     0x000074c9      0xc0c build/timers.o
 .debug_str     0x000074c9     0x2077 build/cmsis_os2.o
 .debug_str     0x000074c9      0x4df build/heap_4.o
 .debug_str     0x000074c9      0x446 build/port.o
 .debug_str     0x000074c9       0x46 build/startup_stm32l432xx.o

.debug_frame    0x00000000     0x38a0
 .debug_frame   0x00000000       0xf4 build/main.o
 .debug_frame   0x000000f4       0x88 build/stm32l4xx_it.o
 .debug_frame   0x0000017c       0x8c build/stm32l4xx_hal_msp.o
 .debug_frame   0x00000208       0x54 build/stm32l4xx_hal_timebase_tim.o
 .debug_frame   0x0000025c      0xb4c build/stm32l4xx_hal_tim.o
 .debug_frame   0x00000da8      0x480 build/stm32l4xx_hal_tim_ex.o
 .debug_frame   0x00001228      0x2dc build/stm32l4xx_hal_can.o
 .debug_frame   0x00001504      0x21c build/stm32l4xx_hal.o
 .debug_frame   0x00001720      0x19c build/stm32l4xx_hal_rcc.o
 .debug_frame   0x000018bc       0xd0 build/stm32l4xx_hal_gpio.o
 .debug_frame   0x0000198c      0x248 build/stm32l4xx_hal_pwr_ex.o
 .debug_frame   0x00001bd4      0x204 build/stm32l4xx_hal_cortex.o
 .debug_frame   0x00001dd8       0xec build/stm32l4xx_hal_crc.o
 .debug_frame   0x00001ec4       0x58 build/stm32l4xx_hal_crc_ex.o
 .debug_frame   0x00001f1c       0x30 build/system_stm32l4xx.o
 .debug_frame   0x00001f4c       0x70 build/list.o
 .debug_frame   0x00001fbc      0x458 build/queue.o
 .debug_frame   0x00002414      0x694 build/tasks.o
 .debug_frame   0x00002aa8      0x30c build/timers.o
 .debug_frame   0x00002db4      0x90c build/cmsis_os2.o
 .debug_frame   0x000036c0       0xd0 build/heap_4.o
 .debug_frame   0x00003790      0x110 build/port.o

Cross Reference Table

Symbol                                            File
ADC1_IRQHandler                                   build/startup_stm32l432xx.o
AHBPrescTable                                     build/system_stm32l4xx.o
                                                  build/stm32l4xx_hal_rcc.o
APBPrescTable                                     build/system_stm32l4xx.o
                                                  build/stm32l4xx_hal_rcc.o
BusFault_Handler                                  build/stm32l4xx_it.o
CAN1_RX0_IRQHandler                               build/startup_stm32l432xx.o
CAN1_RX1_IRQHandler                               build/startup_stm32l432xx.o
CAN1_SCE_IRQHandler                               build/startup_stm32l432xx.o
CAN1_TX_IRQHandler                                build/startup_stm32l432xx.o
COMP_IRQHandler                                   build/startup_stm32l432xx.o
CRS_IRQHandler                                    build/startup_stm32l432xx.o
DMA1_Channel1_IRQHandler                          build/startup_stm32l432xx.o
DMA1_Channel2_IRQHandler                          build/startup_stm32l432xx.o
DMA1_Channel3_IRQHandler                          build/startup_stm32l432xx.o
DMA1_Channel4_IRQHandler                          build/startup_stm32l432xx.o
DMA1_Channel5_IRQHandler                          build/startup_stm32l432xx.o
DMA1_Channel6_IRQHandler                          build/startup_stm32l432xx.o
DMA1_Channel7_IRQHandler                          build/startup_stm32l432xx.o
DMA2_Channel1_IRQHandler                          build/startup_stm32l432xx.o
DMA2_Channel2_IRQHandler                          build/startup_stm32l432xx.o
DMA2_Channel3_IRQHandler                          build/startup_stm32l432xx.o
DMA2_Channel4_IRQHandler                          build/startup_stm32l432xx.o
DMA2_Channel5_IRQHandler                          build/startup_stm32l432xx.o
DMA2_Channel6_IRQHandler                          build/startup_stm32l432xx.o
DMA2_Channel7_IRQHandler                          build/startup_stm32l432xx.o
DebugMon_Handler                                  build/stm32l4xx_it.o
Default_Handler                                   build/startup_stm32l432xx.o
EXTI0_IRQHandler                                  build/startup_stm32l432xx.o
EXTI15_10_IRQHandler                              build/startup_stm32l432xx.o
EXTI1_IRQHandler                                  build/startup_stm32l432xx.o
EXTI2_IRQHandler                                  build/startup_stm32l432xx.o
EXTI3_IRQHandler                                  build/startup_stm32l432xx.o
EXTI4_IRQHandler                                  build/startup_stm32l432xx.o
EXTI9_5_IRQHandler                                build/startup_stm32l432xx.o
Error_Handler                                     build/main.o
FLASH_FlushCaches                                 build/stm32l4xx_hal_flash_ex.o
                                                  build/stm32l4xx_hal_flash.o
FLASH_IRQHandler                                  build/startup_stm32l432xx.o
FLASH_PageErase                                   build/stm32l4xx_hal_flash_ex.o
                                                  build/stm32l4xx_hal_flash.o
FLASH_WaitForLastOperation                        build/stm32l4xx_hal_flash.o
                                                  build/stm32l4xx_hal_flash_ex.o
FPU_IRQHandler                                    build/startup_stm32l432xx.o
HAL_CAN_AbortTxRequest                            build/stm32l4xx_hal_can.o
HAL_CAN_ActivateNotification                      build/stm32l4xx_hal_can.o
HAL_CAN_AddTxMessage                              build/stm32l4xx_hal_can.o
HAL_CAN_ConfigFilter                              build/stm32l4xx_hal_can.o
HAL_CAN_DeInit                                    build/stm32l4xx_hal_can.o
HAL_CAN_DeactivateNotification                    build/stm32l4xx_hal_can.o
HAL_CAN_ErrorCallback                             build/stm32l4xx_hal_can.o
HAL_CAN_GetError                                  build/stm32l4xx_hal_can.o
HAL_CAN_GetRxFifoFillLevel                        build/stm32l4xx_hal_can.o
HAL_CAN_GetRxMessage                              build/stm32l4xx_hal_can.o
HAL_CAN_GetState                                  build/stm32l4xx_hal_can.o
HAL_CAN_GetTxMailboxesFreeLevel                   build/stm32l4xx_hal_can.o
HAL_CAN_GetTxTimestamp                            build/stm32l4xx_hal_can.o
HAL_CAN_IRQHandler                                build/stm32l4xx_hal_can.o
HAL_CAN_Init                                      build/stm32l4xx_hal_can.o
                                                  build/main.o
HAL_CAN_IsSleepActive                             build/stm32l4xx_hal_can.o
HAL_CAN_IsTxMessagePending                        build/stm32l4xx_hal_can.o
HAL_CAN_MspDeInit                                 build/stm32l4xx_hal_msp.o
HAL_CAN_MspInit                                   build/stm32l4xx_hal_msp.o
HAL_CAN_RequestSleep                              build/stm32l4xx_hal_can.o
HAL_CAN_ResetError                                build/stm32l4xx_hal_can.o
HAL_CAN_RxFifo0FullCallback                       build/stm32l4xx_hal_can.o
HAL_CAN_RxFifo0MsgPendingCallback                 build/stm32l4xx_hal_can.o
HAL_CAN_RxFifo1FullCallback                       build/stm32l4xx_hal_can.o
HAL_CAN_RxFifo1MsgPendingCallback                 build/stm32l4xx_hal_can.o
HAL_CAN_SleepCallback                             build/stm32l4xx_hal_can.o
HAL_CAN_Start                                     build/stm32l4xx_hal_can.o
HAL_CAN_Stop                                      build/stm32l4xx_hal_can.o
HAL_CAN_TxMailbox0AbortCallback                   build/stm32l4xx_hal_can.o
HAL_CAN_TxMailbox0CompleteCallback                build/stm32l4xx_hal_can.o
HAL_CAN_TxMailbox1AbortCallback                   build/stm32l4xx_hal_can.o
HAL_CAN_TxMailbox1CompleteCallback                build/stm32l4xx_hal_can.o
HAL_CAN_TxMailbox2AbortCallback                   build/stm32l4xx_hal_can.o
HAL_CAN_TxMailbox2CompleteCallback                build/stm32l4xx_hal_can.o
HAL_CAN_WakeUp                                    build/stm32l4xx_hal_can.o
HAL_CAN_WakeUpFromRxMsgCallback                   build/stm32l4xx_hal_can.o
HAL_CRCEx_Input_Data_Reverse                      build/stm32l4xx_hal_crc_ex.o
HAL_CRCEx_Output_Data_Reverse                     build/stm32l4xx_hal_crc_ex.o
HAL_CRCEx_Polynomial_Set                          build/stm32l4xx_hal_crc_ex.o
                                                  build/stm32l4xx_hal_crc.o
HAL_CRC_Accumulate                                build/stm32l4xx_hal_crc.o
HAL_CRC_Calculate                                 build/stm32l4xx_hal_crc.o
HAL_CRC_DeInit                                    build/stm32l4xx_hal_crc.o
HAL_CRC_GetState                                  build/stm32l4xx_hal_crc.o
HAL_CRC_Init                                      build/stm32l4xx_hal_crc.o
                                                  build/main.o
HAL_CRC_MspDeInit                                 build/stm32l4xx_hal_msp.o
HAL_CRC_MspInit                                   build/stm32l4xx_hal_msp.o
HAL_DBGMCU_DisableDBGSleepMode                    build/stm32l4xx_hal.o
HAL_DBGMCU_DisableDBGStandbyMode                  build/stm32l4xx_hal.o
HAL_DBGMCU_DisableDBGStopMode                     build/stm32l4xx_hal.o
HAL_DBGMCU_EnableDBGSleepMode                     build/stm32l4xx_hal.o
HAL_DBGMCU_EnableDBGStandbyMode                   build/stm32l4xx_hal.o
HAL_DBGMCU_EnableDBGStopMode                      build/stm32l4xx_hal.o
HAL_DMA_Abort                                     build/stm32l4xx_hal_dma.o
HAL_DMA_Abort_IT                                  build/stm32l4xx_hal_dma.o
                                                  build/stm32l4xx_hal_tim_ex.o
                                                  build/stm32l4xx_hal_tim.o
HAL_DMA_DeInit                                    build/stm32l4xx_hal_dma.o
HAL_DMA_GetError                                  build/stm32l4xx_hal_dma.o
HAL_DMA_GetState                                  build/stm32l4xx_hal_dma.o
HAL_DMA_IRQHandler                                build/stm32l4xx_hal_dma.o
HAL_DMA_Init                                      build/stm32l4xx_hal_dma.o
HAL_DMA_PollForTransfer                           build/stm32l4xx_hal_dma.o
HAL_DMA_RegisterCallback                          build/stm32l4xx_hal_dma.o
HAL_DMA_Start                                     build/stm32l4xx_hal_dma.o
HAL_DMA_Start_IT                                  build/stm32l4xx_hal_dma.o
                                                  build/stm32l4xx_hal_tim_ex.o
                                                  build/stm32l4xx_hal_tim.o
HAL_DMA_UnRegisterCallback                        build/stm32l4xx_hal_dma.o
HAL_DeInit                                        build/stm32l4xx_hal.o
HAL_Delay                                         build/stm32l4xx_hal.o
HAL_EXTI_ClearConfigLine                          build/stm32l4xx_hal_exti.o
HAL_EXTI_ClearPending                             build/stm32l4xx_hal_exti.o
HAL_EXTI_GenerateSWI                              build/stm32l4xx_hal_exti.o
HAL_EXTI_GetConfigLine                            build/stm32l4xx_hal_exti.o
HAL_EXTI_GetHandle                                build/stm32l4xx_hal_exti.o
HAL_EXTI_GetPending                               build/stm32l4xx_hal_exti.o
HAL_EXTI_IRQHandler                               build/stm32l4xx_hal_exti.o
HAL_EXTI_RegisterCallback                         build/stm32l4xx_hal_exti.o
HAL_EXTI_SetConfigLine                            build/stm32l4xx_hal_exti.o
HAL_FLASHEx_DisableRunPowerDown                   build/stm32l4xx_hal_flash_ramfunc.o
HAL_FLASHEx_EnableRunPowerDown                    build/stm32l4xx_hal_flash_ramfunc.o
HAL_FLASHEx_Erase                                 build/stm32l4xx_hal_flash_ex.o
HAL_FLASHEx_Erase_IT                              build/stm32l4xx_hal_flash_ex.o
HAL_FLASHEx_OBGetConfig                           build/stm32l4xx_hal_flash_ex.o
HAL_FLASHEx_OBProgram                             build/stm32l4xx_hal_flash_ex.o
HAL_FLASH_EndOfOperationCallback                  build/stm32l4xx_hal_flash.o
HAL_FLASH_GetError                                build/stm32l4xx_hal_flash.o
HAL_FLASH_IRQHandler                              build/stm32l4xx_hal_flash.o
HAL_FLASH_Lock                                    build/stm32l4xx_hal_flash.o
HAL_FLASH_OB_Launch                               build/stm32l4xx_hal_flash.o
HAL_FLASH_OB_Lock                                 build/stm32l4xx_hal_flash.o
HAL_FLASH_OB_Unlock                               build/stm32l4xx_hal_flash.o
HAL_FLASH_OperationErrorCallback                  build/stm32l4xx_hal_flash.o
HAL_FLASH_Program                                 build/stm32l4xx_hal_flash.o
HAL_FLASH_Program_IT                              build/stm32l4xx_hal_flash.o
HAL_FLASH_Unlock                                  build/stm32l4xx_hal_flash.o
HAL_GPIO_DeInit                                   build/stm32l4xx_hal_gpio.o
                                                  build/stm32l4xx_hal_msp.o
HAL_GPIO_EXTI_Callback                            build/stm32l4xx_hal_gpio.o
HAL_GPIO_EXTI_IRQHandler                          build/stm32l4xx_hal_gpio.o
HAL_GPIO_Init                                     build/stm32l4xx_hal_gpio.o
                                                  build/stm32l4xx_hal_rcc_ex.o
                                                  build/stm32l4xx_hal_rcc.o
                                                  build/stm32l4xx_hal_msp.o
                                                  build/main.o
HAL_GPIO_LockPin                                  build/stm32l4xx_hal_gpio.o
HAL_GPIO_ReadPin                                  build/stm32l4xx_hal_gpio.o
HAL_GPIO_TogglePin                                build/stm32l4xx_hal_gpio.o
HAL_GPIO_WritePin                                 build/stm32l4xx_hal_gpio.o
                                                  build/main.o
HAL_GetDEVID                                      build/stm32l4xx_hal.o
HAL_GetHalVersion                                 build/stm32l4xx_hal.o
HAL_GetREVID                                      build/stm32l4xx_hal.o
HAL_GetTick                                       build/stm32l4xx_hal.o
                                                  build/stm32l4xx_hal_dma.o
                                                  build/stm32l4xx_hal_flash.o
                                                  build/stm32l4xx_hal_rcc_ex.o
                                                  build/stm32l4xx_hal_rcc.o
                                                  build/stm32l4xx_hal_can.o
HAL_GetTickFreq                                   build/stm32l4xx_hal.o
HAL_GetTickPrio                                   build/stm32l4xx_hal.o
HAL_GetUIDw0                                      build/stm32l4xx_hal.o
HAL_GetUIDw1                                      build/stm32l4xx_hal.o
HAL_GetUIDw2                                      build/stm32l4xx_hal.o
HAL_IncTick                                       build/stm32l4xx_hal.o
                                                  build/main.o
HAL_Init                                          build/stm32l4xx_hal.o
                                                  build/main.o
HAL_InitTick                                      build/stm32l4xx_hal_timebase_tim.o
                                                  build/stm32l4xx_hal_rcc.o
HAL_MPU_ConfigRegion                              build/stm32l4xx_hal_cortex.o
HAL_MPU_Disable                                   build/stm32l4xx_hal_cortex.o
HAL_MPU_DisableRegion                             build/stm32l4xx_hal_cortex.o
HAL_MPU_Enable                                    build/stm32l4xx_hal_cortex.o
HAL_MPU_EnableRegion                              build/stm32l4xx_hal_cortex.o
HAL_MspDeInit                                     build/stm32l4xx_hal.o
HAL_MspInit                                       build/stm32l4xx_hal_msp.o
HAL_NVIC_ClearPendingIRQ                          build/stm32l4xx_hal_cortex.o
HAL_NVIC_DisableIRQ                               build/stm32l4xx_hal_cortex.o
HAL_NVIC_EnableIRQ                                build/stm32l4xx_hal_cortex.o
                                                  build/stm32l4xx_hal_timebase_tim.o
HAL_NVIC_GetActive                                build/stm32l4xx_hal_cortex.o
HAL_NVIC_GetPendingIRQ                            build/stm32l4xx_hal_cortex.o
HAL_NVIC_GetPriority                              build/stm32l4xx_hal_cortex.o
HAL_NVIC_GetPriorityGrouping                      build/stm32l4xx_hal_cortex.o
HAL_NVIC_SetPendingIRQ                            build/stm32l4xx_hal_cortex.o
HAL_NVIC_SetPriority                              build/stm32l4xx_hal_cortex.o
                                                  build/stm32l4xx_hal.o
                                                  build/stm32l4xx_hal_timebase_tim.o
                                                  build/stm32l4xx_hal_msp.o
HAL_NVIC_SetPriorityGrouping                      build/stm32l4xx_hal_cortex.o
                                                  build/stm32l4xx_hal.o
HAL_NVIC_SystemReset                              build/stm32l4xx_hal_cortex.o
HAL_PWREx_ConfigPVM                               build/stm32l4xx_hal_pwr_ex.o
HAL_PWREx_ControlVoltageScaling                   build/stm32l4xx_hal_pwr_ex.o
                                                  build/main.o
HAL_PWREx_DisableBatteryCharging                  build/stm32l4xx_hal_pwr_ex.o
HAL_PWREx_DisableGPIOPullDown                     build/stm32l4xx_hal_pwr_ex.o
HAL_PWREx_DisableGPIOPullUp                       build/stm32l4xx_hal_pwr_ex.o
HAL_PWREx_DisableInternalWakeUpLine               build/stm32l4xx_hal_pwr_ex.o
HAL_PWREx_DisableLowPowerRunMode                  build/stm32l4xx_hal_pwr_ex.o
                                                  build/stm32l4xx_hal_pwr.o
HAL_PWREx_DisablePVM1                             build/stm32l4xx_hal_pwr_ex.o
HAL_PWREx_DisablePVM3                             build/stm32l4xx_hal_pwr_ex.o
HAL_PWREx_DisablePVM4                             build/stm32l4xx_hal_pwr_ex.o
HAL_PWREx_DisablePullUpPullDownConfig             build/stm32l4xx_hal_pwr_ex.o
HAL_PWREx_DisableSRAM2ContentRetention            build/stm32l4xx_hal_pwr_ex.o
HAL_PWREx_DisableVddUSB                           build/stm32l4xx_hal_pwr_ex.o
HAL_PWREx_EnableBatteryCharging                   build/stm32l4xx_hal_pwr_ex.o
HAL_PWREx_EnableGPIOPullDown                      build/stm32l4xx_hal_pwr_ex.o
HAL_PWREx_EnableGPIOPullUp                        build/stm32l4xx_hal_pwr_ex.o
HAL_PWREx_EnableInternalWakeUpLine                build/stm32l4xx_hal_pwr_ex.o
HAL_PWREx_EnableLowPowerRunMode                   build/stm32l4xx_hal_pwr_ex.o
                                                  build/stm32l4xx_hal_pwr.o
HAL_PWREx_EnablePVM1                              build/stm32l4xx_hal_pwr_ex.o
HAL_PWREx_EnablePVM3                              build/stm32l4xx_hal_pwr_ex.o
HAL_PWREx_EnablePVM4                              build/stm32l4xx_hal_pwr_ex.o
HAL_PWREx_EnablePullUpPullDownConfig              build/stm32l4xx_hal_pwr_ex.o
HAL_PWREx_EnableSRAM2ContentRetention             build/stm32l4xx_hal_pwr_ex.o
HAL_PWREx_EnableVddUSB                            build/stm32l4xx_hal_pwr_ex.o
HAL_PWREx_EnterSHUTDOWNMode                       build/stm32l4xx_hal_pwr_ex.o
HAL_PWREx_EnterSTOP0Mode                          build/stm32l4xx_hal_pwr_ex.o
                                                  build/stm32l4xx_hal_pwr.o
HAL_PWREx_EnterSTOP1Mode                          build/stm32l4xx_hal_pwr_ex.o
                                                  build/stm32l4xx_hal_pwr.o
HAL_PWREx_EnterSTOP2Mode                          build/stm32l4xx_hal_pwr_ex.o
HAL_PWREx_GetVoltageRange                         build/stm32l4xx_hal_pwr_ex.o
                                                  build/stm32l4xx_hal_rcc.o
HAL_PWREx_PVD_PVM_IRQHandler                      build/stm32l4xx_hal_pwr_ex.o
HAL_PWREx_PVM1Callback                            build/stm32l4xx_hal_pwr_ex.o
HAL_PWREx_PVM3Callback                            build/stm32l4xx_hal_pwr_ex.o
HAL_PWREx_PVM4Callback                            build/stm32l4xx_hal_pwr_ex.o
HAL_PWREx_SetSRAM2ContentRetention                build/stm32l4xx_hal_pwr_ex.o
HAL_PWR_ConfigPVD                                 build/stm32l4xx_hal_pwr.o
HAL_PWR_DeInit                                    build/stm32l4xx_hal_pwr.o
HAL_PWR_DisableBkUpAccess                         build/stm32l4xx_hal_pwr.o
                                                  build/stm32l4xx_hal_rcc_ex.o
HAL_PWR_DisablePVD                                build/stm32l4xx_hal_pwr.o
HAL_PWR_DisableSEVOnPend                          build/stm32l4xx_hal_pwr.o
HAL_PWR_DisableSleepOnExit                        build/stm32l4xx_hal_pwr.o
HAL_PWR_DisableWakeUpPin                          build/stm32l4xx_hal_pwr.o
HAL_PWR_EnableBkUpAccess                          build/stm32l4xx_hal_pwr.o
                                                  build/stm32l4xx_hal_rcc_ex.o
HAL_PWR_EnablePVD                                 build/stm32l4xx_hal_pwr.o
HAL_PWR_EnableSEVOnPend                           build/stm32l4xx_hal_pwr.o
HAL_PWR_EnableSleepOnExit                         build/stm32l4xx_hal_pwr.o
HAL_PWR_EnableWakeUpPin                           build/stm32l4xx_hal_pwr.o
HAL_PWR_EnterSLEEPMode                            build/stm32l4xx_hal_pwr.o
HAL_PWR_EnterSTANDBYMode                          build/stm32l4xx_hal_pwr.o
HAL_PWR_EnterSTOPMode                             build/stm32l4xx_hal_pwr.o
HAL_PWR_PVDCallback                               build/stm32l4xx_hal_pwr.o
                                                  build/stm32l4xx_hal_pwr_ex.o
HAL_RCCEx_CRSConfig                               build/stm32l4xx_hal_rcc_ex.o
HAL_RCCEx_CRSGetSynchronizationInfo               build/stm32l4xx_hal_rcc_ex.o
HAL_RCCEx_CRSSoftwareSynchronizationGenerate      build/stm32l4xx_hal_rcc_ex.o
HAL_RCCEx_CRSWaitSynchronization                  build/stm32l4xx_hal_rcc_ex.o
HAL_RCCEx_CRS_ErrorCallback                       build/stm32l4xx_hal_rcc_ex.o
HAL_RCCEx_CRS_ExpectedSyncCallback                build/stm32l4xx_hal_rcc_ex.o
HAL_RCCEx_CRS_IRQHandler                          build/stm32l4xx_hal_rcc_ex.o
HAL_RCCEx_CRS_SyncOkCallback                      build/stm32l4xx_hal_rcc_ex.o
HAL_RCCEx_CRS_SyncWarnCallback                    build/stm32l4xx_hal_rcc_ex.o
HAL_RCCEx_DisableLSCO                             build/stm32l4xx_hal_rcc_ex.o
HAL_RCCEx_DisableLSECSS                           build/stm32l4xx_hal_rcc_ex.o
HAL_RCCEx_DisableMSIPLLMode                       build/stm32l4xx_hal_rcc_ex.o
HAL_RCCEx_DisablePLLSAI1                          build/stm32l4xx_hal_rcc_ex.o
HAL_RCCEx_EnableLSCO                              build/stm32l4xx_hal_rcc_ex.o
HAL_RCCEx_EnableLSECSS                            build/stm32l4xx_hal_rcc_ex.o
HAL_RCCEx_EnableLSECSS_IT                         build/stm32l4xx_hal_rcc_ex.o
HAL_RCCEx_EnableMSIPLLMode                        build/stm32l4xx_hal_rcc_ex.o
HAL_RCCEx_EnablePLLSAI1                           build/stm32l4xx_hal_rcc_ex.o
HAL_RCCEx_GetPeriphCLKConfig                      build/stm32l4xx_hal_rcc_ex.o
HAL_RCCEx_GetPeriphCLKFreq                        build/stm32l4xx_hal_rcc_ex.o
HAL_RCCEx_LSECSS_Callback                         build/stm32l4xx_hal_rcc_ex.o
HAL_RCCEx_LSECSS_IRQHandler                       build/stm32l4xx_hal_rcc_ex.o
HAL_RCCEx_PeriphCLKConfig                         build/stm32l4xx_hal_rcc_ex.o
HAL_RCCEx_StandbyMSIRangeConfig                   build/stm32l4xx_hal_rcc_ex.o
HAL_RCCEx_WakeUpStopCLKConfig                     build/stm32l4xx_hal_rcc_ex.o
HAL_RCC_CSSCallback                               build/stm32l4xx_hal_rcc.o
HAL_RCC_ClockConfig                               build/stm32l4xx_hal_rcc.o
                                                  build/main.o
HAL_RCC_DeInit                                    build/stm32l4xx_hal_rcc.o
HAL_RCC_EnableCSS                                 build/stm32l4xx_hal_rcc.o
HAL_RCC_GetClockConfig                            build/stm32l4xx_hal_rcc.o
                                                  build/stm32l4xx_hal_timebase_tim.o
HAL_RCC_GetHCLKFreq                               build/stm32l4xx_hal_rcc.o
HAL_RCC_GetOscConfig                              build/stm32l4xx_hal_rcc.o
HAL_RCC_GetPCLK1Freq                              build/stm32l4xx_hal_rcc.o
                                                  build/stm32l4xx_hal_rcc_ex.o
                                                  build/stm32l4xx_hal_timebase_tim.o
HAL_RCC_GetPCLK2Freq                              build/stm32l4xx_hal_rcc.o
                                                  build/stm32l4xx_hal_rcc_ex.o
HAL_RCC_GetResetSource                            build/stm32l4xx_hal_rcc.o
HAL_RCC_GetSysClockFreq                           build/stm32l4xx_hal_rcc.o
                                                  build/stm32l4xx_hal_rcc_ex.o
HAL_RCC_MCOConfig                                 build/stm32l4xx_hal_rcc.o
HAL_RCC_NMI_IRQHandler                            build/stm32l4xx_hal_rcc.o
HAL_RCC_OscConfig                                 build/stm32l4xx_hal_rcc.o
                                                  build/main.o
HAL_ResumeTick                                    build/stm32l4xx_hal_timebase_tim.o
HAL_SYSCFG_DisableIOAnalogSwitchBooster           build/stm32l4xx_hal.o
HAL_SYSCFG_DisableMemorySwappingBank              build/stm32l4xx_hal.o
HAL_SYSCFG_EnableIOAnalogSwitchBooster            build/stm32l4xx_hal.o
HAL_SYSCFG_EnableMemorySwappingBank               build/stm32l4xx_hal.o
HAL_SYSCFG_SRAM2Erase                             build/stm32l4xx_hal.o
HAL_SYSTICK_CLKSourceConfig                       build/stm32l4xx_hal_cortex.o
HAL_SYSTICK_Callback                              build/stm32l4xx_hal_cortex.o
HAL_SYSTICK_Config                                build/stm32l4xx_hal_cortex.o
                                                  build/stm32l4xx_hal.o
HAL_SYSTICK_IRQHandler                            build/stm32l4xx_hal_cortex.o
HAL_SetTickFreq                                   build/stm32l4xx_hal.o
HAL_SuspendTick                                   build/stm32l4xx_hal_timebase_tim.o
HAL_TIMEx_Break2Callback                          build/stm32l4xx_hal_tim_ex.o
                                                  build/stm32l4xx_hal_tim.o
HAL_TIMEx_BreakCallback                           build/stm32l4xx_hal_tim_ex.o
                                                  build/stm32l4xx_hal_tim.o
HAL_TIMEx_CommutCallback                          build/stm32l4xx_hal_tim_ex.o
                                                  build/stm32l4xx_hal_tim.o
HAL_TIMEx_CommutHalfCpltCallback                  build/stm32l4xx_hal_tim_ex.o
HAL_TIMEx_ConfigBreakDeadTime                     build/stm32l4xx_hal_tim_ex.o
HAL_TIMEx_ConfigBreakInput                        build/stm32l4xx_hal_tim_ex.o
HAL_TIMEx_ConfigCommutEvent                       build/stm32l4xx_hal_tim_ex.o
HAL_TIMEx_ConfigCommutEvent_DMA                   build/stm32l4xx_hal_tim_ex.o
HAL_TIMEx_ConfigCommutEvent_IT                    build/stm32l4xx_hal_tim_ex.o
HAL_TIMEx_GetChannelNState                        build/stm32l4xx_hal_tim_ex.o
HAL_TIMEx_GroupChannel5                           build/stm32l4xx_hal_tim_ex.o
HAL_TIMEx_HallSensor_DeInit                       build/stm32l4xx_hal_tim_ex.o
HAL_TIMEx_HallSensor_GetState                     build/stm32l4xx_hal_tim_ex.o
HAL_TIMEx_HallSensor_Init                         build/stm32l4xx_hal_tim_ex.o
HAL_TIMEx_HallSensor_MspDeInit                    build/stm32l4xx_hal_tim_ex.o
HAL_TIMEx_HallSensor_MspInit                      build/stm32l4xx_hal_tim_ex.o
HAL_TIMEx_HallSensor_Start                        build/stm32l4xx_hal_tim_ex.o
HAL_TIMEx_HallSensor_Start_DMA                    build/stm32l4xx_hal_tim_ex.o
HAL_TIMEx_HallSensor_Start_IT                     build/stm32l4xx_hal_tim_ex.o
HAL_TIMEx_HallSensor_Stop                         build/stm32l4xx_hal_tim_ex.o
HAL_TIMEx_HallSensor_Stop_DMA                     build/stm32l4xx_hal_tim_ex.o
HAL_TIMEx_HallSensor_Stop_IT                      build/stm32l4xx_hal_tim_ex.o
HAL_TIMEx_MasterConfigSynchronization             build/stm32l4xx_hal_tim_ex.o
HAL_TIMEx_OCN_Start                               build/stm32l4xx_hal_tim_ex.o
HAL_TIMEx_OCN_Start_DMA                           build/stm32l4xx_hal_tim_ex.o
HAL_TIMEx_OCN_Start_IT                            build/stm32l4xx_hal_tim_ex.o
HAL_TIMEx_OCN_Stop                                build/stm32l4xx_hal_tim_ex.o
HAL_TIMEx_OCN_Stop_DMA                            build/stm32l4xx_hal_tim_ex.o
HAL_TIMEx_OCN_Stop_IT                             build/stm32l4xx_hal_tim_ex.o
HAL_TIMEx_OnePulseN_Start                         build/stm32l4xx_hal_tim_ex.o
HAL_TIMEx_OnePulseN_Start_IT                      build/stm32l4xx_hal_tim_ex.o
HAL_TIMEx_OnePulseN_Stop                          build/stm32l4xx_hal_tim_ex.o
HAL_TIMEx_OnePulseN_Stop_IT                       build/stm32l4xx_hal_tim_ex.o
HAL_TIMEx_PWMN_Start                              build/stm32l4xx_hal_tim_ex.o
HAL_TIMEx_PWMN_Start_DMA                          build/stm32l4xx_hal_tim_ex.o
HAL_TIMEx_PWMN_Start_IT                           build/stm32l4xx_hal_tim_ex.o
HAL_TIMEx_PWMN_Stop                               build/stm32l4xx_hal_tim_ex.o
HAL_TIMEx_PWMN_Stop_DMA                           build/stm32l4xx_hal_tim_ex.o
HAL_TIMEx_PWMN_Stop_IT                            build/stm32l4xx_hal_tim_ex.o
HAL_TIMEx_RemapConfig                             build/stm32l4xx_hal_tim_ex.o
HAL_TIM_Base_DeInit                               build/stm32l4xx_hal_tim.o
HAL_TIM_Base_GetState                             build/stm32l4xx_hal_tim.o
HAL_TIM_Base_Init                                 build/stm32l4xx_hal_tim.o
                                                  build/stm32l4xx_hal_timebase_tim.o
HAL_TIM_Base_MspDeInit                            build/stm32l4xx_hal_tim.o
HAL_TIM_Base_MspInit                              build/stm32l4xx_hal_tim.o
HAL_TIM_Base_Start                                build/stm32l4xx_hal_tim.o
HAL_TIM_Base_Start_DMA                            build/stm32l4xx_hal_tim.o
HAL_TIM_Base_Start_IT                             build/stm32l4xx_hal_tim.o
                                                  build/stm32l4xx_hal_timebase_tim.o
HAL_TIM_Base_Stop                                 build/stm32l4xx_hal_tim.o
HAL_TIM_Base_Stop_DMA                             build/stm32l4xx_hal_tim.o
HAL_TIM_Base_Stop_IT                              build/stm32l4xx_hal_tim.o
HAL_TIM_ConfigClockSource                         build/stm32l4xx_hal_tim.o
HAL_TIM_ConfigOCrefClear                          build/stm32l4xx_hal_tim.o
HAL_TIM_ConfigTI1Input                            build/stm32l4xx_hal_tim.o
HAL_TIM_DMABurstState                             build/stm32l4xx_hal_tim.o
HAL_TIM_DMABurst_MultiReadStart                   build/stm32l4xx_hal_tim.o
HAL_TIM_DMABurst_MultiWriteStart                  build/stm32l4xx_hal_tim.o
HAL_TIM_DMABurst_ReadStart                        build/stm32l4xx_hal_tim.o
HAL_TIM_DMABurst_ReadStop                         build/stm32l4xx_hal_tim.o
HAL_TIM_DMABurst_WriteStart                       build/stm32l4xx_hal_tim.o
HAL_TIM_DMABurst_WriteStop                        build/stm32l4xx_hal_tim.o
HAL_TIM_Encoder_DeInit                            build/stm32l4xx_hal_tim.o
HAL_TIM_Encoder_GetState                          build/stm32l4xx_hal_tim.o
HAL_TIM_Encoder_Init                              build/stm32l4xx_hal_tim.o
HAL_TIM_Encoder_MspDeInit                         build/stm32l4xx_hal_tim.o
HAL_TIM_Encoder_MspInit                           build/stm32l4xx_hal_tim.o
HAL_TIM_Encoder_Start                             build/stm32l4xx_hal_tim.o
HAL_TIM_Encoder_Start_DMA                         build/stm32l4xx_hal_tim.o
HAL_TIM_Encoder_Start_IT                          build/stm32l4xx_hal_tim.o
HAL_TIM_Encoder_Stop                              build/stm32l4xx_hal_tim.o
HAL_TIM_Encoder_Stop_DMA                          build/stm32l4xx_hal_tim.o
HAL_TIM_Encoder_Stop_IT                           build/stm32l4xx_hal_tim.o
HAL_TIM_ErrorCallback                             build/stm32l4xx_hal_tim.o
                                                  build/stm32l4xx_hal_tim_ex.o
HAL_TIM_GenerateEvent                             build/stm32l4xx_hal_tim.o
HAL_TIM_GetActiveChannel                          build/stm32l4xx_hal_tim.o
HAL_TIM_GetChannelState                           build/stm32l4xx_hal_tim.o
HAL_TIM_IC_CaptureCallback                        build/stm32l4xx_hal_tim.o
HAL_TIM_IC_CaptureHalfCpltCallback                build/stm32l4xx_hal_tim.o
HAL_TIM_IC_ConfigChannel                          build/stm32l4xx_hal_tim.o
HAL_TIM_IC_DeInit                                 build/stm32l4xx_hal_tim.o
HAL_TIM_IC_GetState                               build/stm32l4xx_hal_tim.o
HAL_TIM_IC_Init                                   build/stm32l4xx_hal_tim.o
HAL_TIM_IC_MspDeInit                              build/stm32l4xx_hal_tim.o
HAL_TIM_IC_MspInit                                build/stm32l4xx_hal_tim.o
HAL_TIM_IC_Start                                  build/stm32l4xx_hal_tim.o
HAL_TIM_IC_Start_DMA                              build/stm32l4xx_hal_tim.o
HAL_TIM_IC_Start_IT                               build/stm32l4xx_hal_tim.o
HAL_TIM_IC_Stop                                   build/stm32l4xx_hal_tim.o
HAL_TIM_IC_Stop_DMA                               build/stm32l4xx_hal_tim.o
HAL_TIM_IC_Stop_IT                                build/stm32l4xx_hal_tim.o
HAL_TIM_IRQHandler                                build/stm32l4xx_hal_tim.o
                                                  build/stm32l4xx_it.o
HAL_TIM_OC_ConfigChannel                          build/stm32l4xx_hal_tim.o
HAL_TIM_OC_DeInit                                 build/stm32l4xx_hal_tim.o
HAL_TIM_OC_DelayElapsedCallback                   build/stm32l4xx_hal_tim.o
HAL_TIM_OC_GetState                               build/stm32l4xx_hal_tim.o
HAL_TIM_OC_Init                                   build/stm32l4xx_hal_tim.o
HAL_TIM_OC_MspDeInit                              build/stm32l4xx_hal_tim.o
HAL_TIM_OC_MspInit                                build/stm32l4xx_hal_tim.o
HAL_TIM_OC_Start                                  build/stm32l4xx_hal_tim.o
HAL_TIM_OC_Start_DMA                              build/stm32l4xx_hal_tim.o
HAL_TIM_OC_Start_IT                               build/stm32l4xx_hal_tim.o
HAL_TIM_OC_Stop                                   build/stm32l4xx_hal_tim.o
HAL_TIM_OC_Stop_DMA                               build/stm32l4xx_hal_tim.o
HAL_TIM_OC_Stop_IT                                build/stm32l4xx_hal_tim.o
HAL_TIM_OnePulse_ConfigChannel                    build/stm32l4xx_hal_tim.o
HAL_TIM_OnePulse_DeInit                           build/stm32l4xx_hal_tim.o
HAL_TIM_OnePulse_GetState                         build/stm32l4xx_hal_tim.o
HAL_TIM_OnePulse_Init                             build/stm32l4xx_hal_tim.o
HAL_TIM_OnePulse_MspDeInit                        build/stm32l4xx_hal_tim.o
HAL_TIM_OnePulse_MspInit                          build/stm32l4xx_hal_tim.o
HAL_TIM_OnePulse_Start                            build/stm32l4xx_hal_tim.o
HAL_TIM_OnePulse_Start_IT                         build/stm32l4xx_hal_tim.o
HAL_TIM_OnePulse_Stop                             build/stm32l4xx_hal_tim.o
HAL_TIM_OnePulse_Stop_IT                          build/stm32l4xx_hal_tim.o
HAL_TIM_PWM_ConfigChannel                         build/stm32l4xx_hal_tim.o
HAL_TIM_PWM_DeInit                                build/stm32l4xx_hal_tim.o
HAL_TIM_PWM_GetState                              build/stm32l4xx_hal_tim.o
HAL_TIM_PWM_Init                                  build/stm32l4xx_hal_tim.o
HAL_TIM_PWM_MspDeInit                             build/stm32l4xx_hal_tim.o
HAL_TIM_PWM_MspInit                               build/stm32l4xx_hal_tim.o
HAL_TIM_PWM_PulseFinishedCallback                 build/stm32l4xx_hal_tim.o
                                                  build/stm32l4xx_hal_tim_ex.o
HAL_TIM_PWM_PulseFinishedHalfCpltCallback         build/stm32l4xx_hal_tim.o
HAL_TIM_PWM_Start                                 build/stm32l4xx_hal_tim.o
HAL_TIM_PWM_Start_DMA                             build/stm32l4xx_hal_tim.o
HAL_TIM_PWM_Start_IT                              build/stm32l4xx_hal_tim.o
HAL_TIM_PWM_Stop                                  build/stm32l4xx_hal_tim.o
HAL_TIM_PWM_Stop_DMA                              build/stm32l4xx_hal_tim.o
HAL_TIM_PWM_Stop_IT                               build/stm32l4xx_hal_tim.o
HAL_TIM_PeriodElapsedCallback                     build/main.o
HAL_TIM_PeriodElapsedHalfCpltCallback             build/stm32l4xx_hal_tim.o
HAL_TIM_ReadCapturedValue                         build/stm32l4xx_hal_tim.o
HAL_TIM_SlaveConfigSynchro                        build/stm32l4xx_hal_tim.o