ARM GAS  C:\Users\kerry\AppData\Local\Temp\cc1dtHnM.s 			page 1


   1              		.cpu cortex-m4
   2              		.arch armv7e-m
   3              		.fpu fpv4-sp-d16
   4              		.eabi_attribute 27, 1
   5              		.eabi_attribute 28, 1
   6              		.eabi_attribute 20, 1
   7              		.eabi_attribute 21, 1
   8              		.eabi_attribute 23, 3
   9              		.eabi_attribute 24, 1
  10              		.eabi_attribute 25, 1
  11              		.eabi_attribute 26, 1
  12              		.eabi_attribute 30, 1
  13              		.eabi_attribute 34, 1
  14              		.eabi_attribute 18, 4
  15              		.file	"stm32l4xx_hal_msp.c"
  16              		.text
  17              	.Ltext0:
  18              		.cfi_sections	.debug_frame
  19              		.file 1 "Core/Src/stm32l4xx_hal_msp.c"
  20              		.section	.text.HAL_MspInit,"ax",%progbits
  21              		.align	1
  22              		.global	HAL_MspInit
  23              		.syntax unified
  24              		.thumb
  25              		.thumb_func
  27              	HAL_MspInit:
  28              	.LFB228:
   1:Core/Src/stm32l4xx_hal_msp.c **** /* USER CODE BEGIN Header */
   2:Core/Src/stm32l4xx_hal_msp.c **** /**
   3:Core/Src/stm32l4xx_hal_msp.c ****   ******************************************************************************
   4:Core/Src/stm32l4xx_hal_msp.c ****   * @file         stm32l4xx_hal_msp.c
   5:Core/Src/stm32l4xx_hal_msp.c ****   * @brief        This file provides code for the MSP Initialization
   6:Core/Src/stm32l4xx_hal_msp.c ****   *               and de-Initialization codes.
   7:Core/Src/stm32l4xx_hal_msp.c ****   ******************************************************************************
   8:Core/Src/stm32l4xx_hal_msp.c ****   * @attention
   9:Core/Src/stm32l4xx_hal_msp.c ****   *
  10:Core/Src/stm32l4xx_hal_msp.c ****   * Copyright (c) 2026 STMicroelectronics.
  11:Core/Src/stm32l4xx_hal_msp.c ****   * All rights reserved.
  12:Core/Src/stm32l4xx_hal_msp.c ****   *
  13:Core/Src/stm32l4xx_hal_msp.c ****   * This software is licensed under terms that can be found in the LICENSE file
  14:Core/Src/stm32l4xx_hal_msp.c ****   * in the root directory of this software component.
  15:Core/Src/stm32l4xx_hal_msp.c ****   * If no LICENSE file comes with this software, it is provided AS-IS.
  16:Core/Src/stm32l4xx_hal_msp.c ****   *
  17:Core/Src/stm32l4xx_hal_msp.c ****   ******************************************************************************
  18:Core/Src/stm32l4xx_hal_msp.c ****   */
  19:Core/Src/stm32l4xx_hal_msp.c **** /* USER CODE END Header */
  20:Core/Src/stm32l4xx_hal_msp.c **** 
  21:Core/Src/stm32l4xx_hal_msp.c **** /* Includes ------------------------------------------------------------------*/
  22:Core/Src/stm32l4xx_hal_msp.c **** #include "main.h"
  23:Core/Src/stm32l4xx_hal_msp.c **** /* USER CODE BEGIN Includes */
  24:Core/Src/stm32l4xx_hal_msp.c **** 
  25:Core/Src/stm32l4xx_hal_msp.c **** /* USER CODE END Includes */
  26:Core/Src/stm32l4xx_hal_msp.c **** 
  27:Core/Src/stm32l4xx_hal_msp.c **** /* Private typedef -----------------------------------------------------------*/
  28:Core/Src/stm32l4xx_hal_msp.c **** /* USER CODE BEGIN TD */
  29:Core/Src/stm32l4xx_hal_msp.c **** 
  30:Core/Src/stm32l4xx_hal_msp.c **** /* USER CODE END TD */
ARM GAS  C:\Users\kerry\AppData\Local\Temp\cc1dtHnM.s 			page 2


  31:Core/Src/stm32l4xx_hal_msp.c **** 
  32:Core/Src/stm32l4xx_hal_msp.c **** /* Private define ------------------------------------------------------------*/
  33:Core/Src/stm32l4xx_hal_msp.c **** /* USER CODE BEGIN Define */
  34:Core/Src/stm32l4xx_hal_msp.c **** 
  35:Core/Src/stm32l4xx_hal_msp.c **** /* USER CODE END Define */
  36:Core/Src/stm32l4xx_hal_msp.c **** 
  37:Core/Src/stm32l4xx_hal_msp.c **** /* Private macro -------------------------------------------------------------*/
  38:Core/Src/stm32l4xx_hal_msp.c **** /* USER CODE BEGIN Macro */
  39:Core/Src/stm32l4xx_hal_msp.c **** 
  40:Core/Src/stm32l4xx_hal_msp.c **** /* USER CODE END Macro */
  41:Core/Src/stm32l4xx_hal_msp.c **** 
  42:Core/Src/stm32l4xx_hal_msp.c **** /* Private variables ---------------------------------------------------------*/
  43:Core/Src/stm32l4xx_hal_msp.c **** /* USER CODE BEGIN PV */
  44:Core/Src/stm32l4xx_hal_msp.c **** 
  45:Core/Src/stm32l4xx_hal_msp.c **** /* USER CODE END PV */
  46:Core/Src/stm32l4xx_hal_msp.c **** 
  47:Core/Src/stm32l4xx_hal_msp.c **** /* Private function prototypes -----------------------------------------------*/
  48:Core/Src/stm32l4xx_hal_msp.c **** /* USER CODE BEGIN PFP */
  49:Core/Src/stm32l4xx_hal_msp.c **** 
  50:Core/Src/stm32l4xx_hal_msp.c **** /* USER CODE END PFP */
  51:Core/Src/stm32l4xx_hal_msp.c **** 
  52:Core/Src/stm32l4xx_hal_msp.c **** /* External functions --------------------------------------------------------*/
  53:Core/Src/stm32l4xx_hal_msp.c **** /* USER CODE BEGIN ExternalFunctions */
  54:Core/Src/stm32l4xx_hal_msp.c **** 
  55:Core/Src/stm32l4xx_hal_msp.c **** /* USER CODE END ExternalFunctions */
  56:Core/Src/stm32l4xx_hal_msp.c **** 
  57:Core/Src/stm32l4xx_hal_msp.c **** /* USER CODE BEGIN 0 */
  58:Core/Src/stm32l4xx_hal_msp.c **** 
  59:Core/Src/stm32l4xx_hal_msp.c **** /* USER CODE END 0 */
  60:Core/Src/stm32l4xx_hal_msp.c **** /**
  61:Core/Src/stm32l4xx_hal_msp.c ****   * Initializes the Global MSP.
  62:Core/Src/stm32l4xx_hal_msp.c ****   */
  63:Core/Src/stm32l4xx_hal_msp.c **** void HAL_MspInit(void)
  64:Core/Src/stm32l4xx_hal_msp.c **** {
  29              		.loc 1 64 1 view -0
  30              		.cfi_startproc
  31              		@ args = 0, pretend = 0, frame = 8
  32              		@ frame_needed = 0, uses_anonymous_args = 0
  33 0000 00B5     		push	{lr}
  34              	.LCFI0:
  35              		.cfi_def_cfa_offset 4
  36              		.cfi_offset 14, -4
  37 0002 83B0     		sub	sp, sp, #12
  38              	.LCFI1:
  39              		.cfi_def_cfa_offset 16
  65:Core/Src/stm32l4xx_hal_msp.c **** 
  66:Core/Src/stm32l4xx_hal_msp.c ****   /* USER CODE BEGIN MspInit 0 */
  67:Core/Src/stm32l4xx_hal_msp.c **** 
  68:Core/Src/stm32l4xx_hal_msp.c ****   /* USER CODE END MspInit 0 */
  69:Core/Src/stm32l4xx_hal_msp.c **** 
  70:Core/Src/stm32l4xx_hal_msp.c ****   __HAL_RCC_SYSCFG_CLK_ENABLE();
  40              		.loc 1 70 3 view .LVU1
  41              	.LBB2:
  42              		.loc 1 70 3 view .LVU2
  43              		.loc 1 70 3 view .LVU3
  44 0004 0D4B     		ldr	r3, .L3
  45 0006 1A6E     		ldr	r2, [r3, #96]
ARM GAS  C:\Users\kerry\AppData\Local\Temp\cc1dtHnM.s 			page 3


  46 0008 42F00102 		orr	r2, r2, #1
  47 000c 1A66     		str	r2, [r3, #96]
  48              		.loc 1 70 3 view .LVU4
  49 000e 1A6E     		ldr	r2, [r3, #96]
  50 0010 02F00102 		and	r2, r2, #1
  51 0014 0092     		str	r2, [sp]
  52              		.loc 1 70 3 view .LVU5
  53 0016 009A     		ldr	r2, [sp]
  54              	.LBE2:
  55              		.loc 1 70 3 view .LVU6
  71:Core/Src/stm32l4xx_hal_msp.c ****   __HAL_RCC_PWR_CLK_ENABLE();
  56              		.loc 1 71 3 view .LVU7
  57              	.LBB3:
  58              		.loc 1 71 3 view .LVU8
  59              		.loc 1 71 3 view .LVU9
  60 0018 9A6D     		ldr	r2, [r3, #88]
  61 001a 42F08052 		orr	r2, r2, #268435456
  62 001e 9A65     		str	r2, [r3, #88]
  63              		.loc 1 71 3 view .LVU10
  64 0020 9B6D     		ldr	r3, [r3, #88]
  65 0022 03F08053 		and	r3, r3, #268435456
  66 0026 0193     		str	r3, [sp, #4]
  67              		.loc 1 71 3 view .LVU11
  68 0028 019B     		ldr	r3, [sp, #4]
  69              	.LBE3:
  70              		.loc 1 71 3 view .LVU12
  72:Core/Src/stm32l4xx_hal_msp.c **** 
  73:Core/Src/stm32l4xx_hal_msp.c ****   /* System interrupt init*/
  74:Core/Src/stm32l4xx_hal_msp.c ****   /* PendSV_IRQn interrupt configuration */
  75:Core/Src/stm32l4xx_hal_msp.c ****   HAL_NVIC_SetPriority(PendSV_IRQn, 15, 0);
  71              		.loc 1 75 3 view .LVU13
  72 002a 0022     		movs	r2, #0
  73 002c 0F21     		movs	r1, #15
  74 002e 6FF00100 		mvn	r0, #1
  75 0032 FFF7FEFF 		bl	HAL_NVIC_SetPriority
  76              	.LVL0:
  76:Core/Src/stm32l4xx_hal_msp.c **** 
  77:Core/Src/stm32l4xx_hal_msp.c ****   /* USER CODE BEGIN MspInit 1 */
  78:Core/Src/stm32l4xx_hal_msp.c **** 
  79:Core/Src/stm32l4xx_hal_msp.c ****   /* USER CODE END MspInit 1 */
  80:Core/Src/stm32l4xx_hal_msp.c **** }
  77              		.loc 1 80 1 is_stmt 0 view .LVU14
  78 0036 03B0     		add	sp, sp, #12
  79              	.LCFI2:
  80              		.cfi_def_cfa_offset 4
  81              		@ sp needed
  82 0038 5DF804FB 		ldr	pc, [sp], #4
  83              	.L4:
  84              		.align	2
  85              	.L3:
  86 003c 00100240 		.word	1073876992
  87              		.cfi_endproc
  88              	.LFE228:
  90              		.section	.text.HAL_CAN_MspInit,"ax",%progbits
  91              		.align	1
  92              		.global	HAL_CAN_MspInit
  93              		.syntax unified
ARM GAS  C:\Users\kerry\AppData\Local\Temp\cc1dtHnM.s 			page 4


  94              		.thumb
  95              		.thumb_func
  97              	HAL_CAN_MspInit:
  98              	.LVL1:
  99              	.LFB229:
  81:Core/Src/stm32l4xx_hal_msp.c **** 
  82:Core/Src/stm32l4xx_hal_msp.c **** /**
  83:Core/Src/stm32l4xx_hal_msp.c ****   * @brief CAN MSP Initialization
  84:Core/Src/stm32l4xx_hal_msp.c ****   * This function configures the hardware resources used in this example
  85:Core/Src/stm32l4xx_hal_msp.c ****   * @param hcan: CAN handle pointer
  86:Core/Src/stm32l4xx_hal_msp.c ****   * @retval None
  87:Core/Src/stm32l4xx_hal_msp.c ****   */
  88:Core/Src/stm32l4xx_hal_msp.c **** void HAL_CAN_MspInit(CAN_HandleTypeDef* hcan)
  89:Core/Src/stm32l4xx_hal_msp.c **** {
 100              		.loc 1 89 1 is_stmt 1 view -0
 101              		.cfi_startproc
 102              		@ args = 0, pretend = 0, frame = 32
 103              		@ frame_needed = 0, uses_anonymous_args = 0
 104              		.loc 1 89 1 is_stmt 0 view .LVU16
 105 0000 00B5     		push	{lr}
 106              	.LCFI3:
 107              		.cfi_def_cfa_offset 4
 108              		.cfi_offset 14, -4
 109 0002 89B0     		sub	sp, sp, #36
 110              	.LCFI4:
 111              		.cfi_def_cfa_offset 40
  90:Core/Src/stm32l4xx_hal_msp.c ****   GPIO_InitTypeDef GPIO_InitStruct = {0};
 112              		.loc 1 90 3 is_stmt 1 view .LVU17
 113              		.loc 1 90 20 is_stmt 0 view .LVU18
 114 0004 0023     		movs	r3, #0
 115 0006 0393     		str	r3, [sp, #12]
 116 0008 0493     		str	r3, [sp, #16]
 117 000a 0593     		str	r3, [sp, #20]
 118 000c 0693     		str	r3, [sp, #24]
 119 000e 0793     		str	r3, [sp, #28]
  91:Core/Src/stm32l4xx_hal_msp.c ****   if(hcan->Instance==CAN1)
 120              		.loc 1 91 3 is_stmt 1 view .LVU19
 121              		.loc 1 91 10 is_stmt 0 view .LVU20
 122 0010 0268     		ldr	r2, [r0]
 123              		.loc 1 91 5 view .LVU21
 124 0012 144B     		ldr	r3, .L9
 125 0014 9A42     		cmp	r2, r3
 126 0016 02D0     		beq	.L8
 127              	.LVL2:
 128              	.L5:
  92:Core/Src/stm32l4xx_hal_msp.c ****   {
  93:Core/Src/stm32l4xx_hal_msp.c ****     /* USER CODE BEGIN CAN1_MspInit 0 */
  94:Core/Src/stm32l4xx_hal_msp.c **** 
  95:Core/Src/stm32l4xx_hal_msp.c ****     /* USER CODE END CAN1_MspInit 0 */
  96:Core/Src/stm32l4xx_hal_msp.c ****     /* Peripheral clock enable */
  97:Core/Src/stm32l4xx_hal_msp.c ****     __HAL_RCC_CAN1_CLK_ENABLE();
  98:Core/Src/stm32l4xx_hal_msp.c **** 
  99:Core/Src/stm32l4xx_hal_msp.c ****     __HAL_RCC_GPIOA_CLK_ENABLE();
 100:Core/Src/stm32l4xx_hal_msp.c ****     /**CAN1 GPIO Configuration
 101:Core/Src/stm32l4xx_hal_msp.c ****     PA11     ------> CAN1_RX
 102:Core/Src/stm32l4xx_hal_msp.c ****     PA12     ------> CAN1_TX
 103:Core/Src/stm32l4xx_hal_msp.c ****     */
ARM GAS  C:\Users\kerry\AppData\Local\Temp\cc1dtHnM.s 			page 5


 104:Core/Src/stm32l4xx_hal_msp.c ****     GPIO_InitStruct.Pin = GPIO_PIN_11|GPIO_PIN_12;
 105:Core/Src/stm32l4xx_hal_msp.c ****     GPIO_InitStruct.Mode = GPIO_MODE_AF_PP;
 106:Core/Src/stm32l4xx_hal_msp.c ****     GPIO_InitStruct.Pull = GPIO_NOPULL;
 107:Core/Src/stm32l4xx_hal_msp.c ****     GPIO_InitStruct.Speed = GPIO_SPEED_FREQ_VERY_HIGH;
 108:Core/Src/stm32l4xx_hal_msp.c ****     GPIO_InitStruct.Alternate = GPIO_AF9_CAN1;
 109:Core/Src/stm32l4xx_hal_msp.c ****     HAL_GPIO_Init(GPIOA, &GPIO_InitStruct);
 110:Core/Src/stm32l4xx_hal_msp.c **** 
 111:Core/Src/stm32l4xx_hal_msp.c ****     /* USER CODE BEGIN CAN1_MspInit 1 */
 112:Core/Src/stm32l4xx_hal_msp.c **** 
 113:Core/Src/stm32l4xx_hal_msp.c ****     /* USER CODE END CAN1_MspInit 1 */
 114:Core/Src/stm32l4xx_hal_msp.c **** 
 115:Core/Src/stm32l4xx_hal_msp.c ****   }
 116:Core/Src/stm32l4xx_hal_msp.c **** 
 117:Core/Src/stm32l4xx_hal_msp.c **** }
 129              		.loc 1 117 1 view .LVU22
 130 0018 09B0     		add	sp, sp, #36
 131              	.LCFI5:
 132              		.cfi_remember_state
 133              		.cfi_def_cfa_offset 4
 134              		@ sp needed
 135 001a 5DF804FB 		ldr	pc, [sp], #4
 136              	.LVL3:
 137              	.L8:
 138              	.LCFI6:
 139              		.cfi_restore_state
  97:Core/Src/stm32l4xx_hal_msp.c **** 
 140              		.loc 1 97 5 is_stmt 1 view .LVU23
 141              	.LBB4:
  97:Core/Src/stm32l4xx_hal_msp.c **** 
 142              		.loc 1 97 5 view .LVU24
  97:Core/Src/stm32l4xx_hal_msp.c **** 
 143              		.loc 1 97 5 view .LVU25
 144 001e 03F5D633 		add	r3, r3, #109568
 145 0022 9A6D     		ldr	r2, [r3, #88]
 146 0024 42F00072 		orr	r2, r2, #33554432
 147 0028 9A65     		str	r2, [r3, #88]
  97:Core/Src/stm32l4xx_hal_msp.c **** 
 148              		.loc 1 97 5 view .LVU26
 149 002a 9A6D     		ldr	r2, [r3, #88]
 150 002c 02F00072 		and	r2, r2, #33554432
 151 0030 0192     		str	r2, [sp, #4]
  97:Core/Src/stm32l4xx_hal_msp.c **** 
 152              		.loc 1 97 5 view .LVU27
 153 0032 019A     		ldr	r2, [sp, #4]
 154              	.LBE4:
  97:Core/Src/stm32l4xx_hal_msp.c **** 
 155              		.loc 1 97 5 view .LVU28
  99:Core/Src/stm32l4xx_hal_msp.c ****     /**CAN1 GPIO Configuration
 156              		.loc 1 99 5 view .LVU29
 157              	.LBB5:
  99:Core/Src/stm32l4xx_hal_msp.c ****     /**CAN1 GPIO Configuration
 158              		.loc 1 99 5 view .LVU30
  99:Core/Src/stm32l4xx_hal_msp.c ****     /**CAN1 GPIO Configuration
 159              		.loc 1 99 5 view .LVU31
 160 0034 DA6C     		ldr	r2, [r3, #76]
 161 0036 42F00102 		orr	r2, r2, #1
 162 003a DA64     		str	r2, [r3, #76]
ARM GAS  C:\Users\kerry\AppData\Local\Temp\cc1dtHnM.s 			page 6


  99:Core/Src/stm32l4xx_hal_msp.c ****     /**CAN1 GPIO Configuration
 163              		.loc 1 99 5 view .LVU32
 164 003c DB6C     		ldr	r3, [r3, #76]
 165 003e 03F00103 		and	r3, r3, #1
 166 0042 0293     		str	r3, [sp, #8]
  99:Core/Src/stm32l4xx_hal_msp.c ****     /**CAN1 GPIO Configuration
 167              		.loc 1 99 5 view .LVU33
 168 0044 029B     		ldr	r3, [sp, #8]
 169              	.LBE5:
  99:Core/Src/stm32l4xx_hal_msp.c ****     /**CAN1 GPIO Configuration
 170              		.loc 1 99 5 view .LVU34
 104:Core/Src/stm32l4xx_hal_msp.c ****     GPIO_InitStruct.Mode = GPIO_MODE_AF_PP;
 171              		.loc 1 104 5 view .LVU35
 104:Core/Src/stm32l4xx_hal_msp.c ****     GPIO_InitStruct.Mode = GPIO_MODE_AF_PP;
 172              		.loc 1 104 25 is_stmt 0 view .LVU36
 173 0046 4FF4C053 		mov	r3, #6144
 174 004a 0393     		str	r3, [sp, #12]
 105:Core/Src/stm32l4xx_hal_msp.c ****     GPIO_InitStruct.Pull = GPIO_NOPULL;
 175              		.loc 1 105 5 is_stmt 1 view .LVU37
 105:Core/Src/stm32l4xx_hal_msp.c ****     GPIO_InitStruct.Pull = GPIO_NOPULL;
 176              		.loc 1 105 26 is_stmt 0 view .LVU38
 177 004c 0223     		movs	r3, #2
 178 004e 0493     		str	r3, [sp, #16]
 106:Core/Src/stm32l4xx_hal_msp.c ****     GPIO_InitStruct.Speed = GPIO_SPEED_FREQ_VERY_HIGH;
 179              		.loc 1 106 5 is_stmt 1 view .LVU39
 107:Core/Src/stm32l4xx_hal_msp.c ****     GPIO_InitStruct.Alternate = GPIO_AF9_CAN1;
 180              		.loc 1 107 5 view .LVU40
 107:Core/Src/stm32l4xx_hal_msp.c ****     GPIO_InitStruct.Alternate = GPIO_AF9_CAN1;
 181              		.loc 1 107 27 is_stmt 0 view .LVU41
 182 0050 0323     		movs	r3, #3
 183 0052 0693     		str	r3, [sp, #24]
 108:Core/Src/stm32l4xx_hal_msp.c ****     HAL_GPIO_Init(GPIOA, &GPIO_InitStruct);
 184              		.loc 1 108 5 is_stmt 1 view .LVU42
 108:Core/Src/stm32l4xx_hal_msp.c ****     HAL_GPIO_Init(GPIOA, &GPIO_InitStruct);
 185              		.loc 1 108 31 is_stmt 0 view .LVU43
 186 0054 0923     		movs	r3, #9
 187 0056 0793     		str	r3, [sp, #28]
 109:Core/Src/stm32l4xx_hal_msp.c **** 
 188              		.loc 1 109 5 is_stmt 1 view .LVU44
 189 0058 03A9     		add	r1, sp, #12
 190 005a 4FF09040 		mov	r0, #1207959552
 191              	.LVL4:
 109:Core/Src/stm32l4xx_hal_msp.c **** 
 192              		.loc 1 109 5 is_stmt 0 view .LVU45
 193 005e FFF7FEFF 		bl	HAL_GPIO_Init
 194              	.LVL5:
 195              		.loc 1 117 1 view .LVU46
 196 0062 D9E7     		b	.L5
 197              	.L10:
 198              		.align	2
 199              	.L9:
 200 0064 00640040 		.word	1073767424
 201              		.cfi_endproc
 202              	.LFE229:
 204              		.section	.text.HAL_CAN_MspDeInit,"ax",%progbits
 205              		.align	1
 206              		.global	HAL_CAN_MspDeInit
ARM GAS  C:\Users\kerry\AppData\Local\Temp\cc1dtHnM.s 			page 7


 207              		.syntax unified
 208              		.thumb
 209              		.thumb_func
 211              	HAL_CAN_MspDeInit:
 212              	.LVL6:
 213              	.LFB230:
 118:Core/Src/stm32l4xx_hal_msp.c **** 
 119:Core/Src/stm32l4xx_hal_msp.c **** /**
 120:Core/Src/stm32l4xx_hal_msp.c ****   * @brief CAN MSP De-Initialization
 121:Core/Src/stm32l4xx_hal_msp.c ****   * This function freeze the hardware resources used in this example
 122:Core/Src/stm32l4xx_hal_msp.c ****   * @param hcan: CAN handle pointer
 123:Core/Src/stm32l4xx_hal_msp.c ****   * @retval None
 124:Core/Src/stm32l4xx_hal_msp.c ****   */
 125:Core/Src/stm32l4xx_hal_msp.c **** void HAL_CAN_MspDeInit(CAN_HandleTypeDef* hcan)
 126:Core/Src/stm32l4xx_hal_msp.c **** {
 214              		.loc 1 126 1 is_stmt 1 view -0
 215              		.cfi_startproc
 216              		@ args = 0, pretend = 0, frame = 0
 217              		@ frame_needed = 0, uses_anonymous_args = 0
 218              		.loc 1 126 1 is_stmt 0 view .LVU48
 219 0000 08B5     		push	{r3, lr}
 220              	.LCFI7:
 221              		.cfi_def_cfa_offset 8
 222              		.cfi_offset 3, -8
 223              		.cfi_offset 14, -4
 127:Core/Src/stm32l4xx_hal_msp.c ****   if(hcan->Instance==CAN1)
 224              		.loc 1 127 3 is_stmt 1 view .LVU49
 225              		.loc 1 127 10 is_stmt 0 view .LVU50
 226 0002 0268     		ldr	r2, [r0]
 227              		.loc 1 127 5 view .LVU51
 228 0004 074B     		ldr	r3, .L15
 229 0006 9A42     		cmp	r2, r3
 230 0008 00D0     		beq	.L14
 231              	.LVL7:
 232              	.L11:
 128:Core/Src/stm32l4xx_hal_msp.c ****   {
 129:Core/Src/stm32l4xx_hal_msp.c ****     /* USER CODE BEGIN CAN1_MspDeInit 0 */
 130:Core/Src/stm32l4xx_hal_msp.c **** 
 131:Core/Src/stm32l4xx_hal_msp.c ****     /* USER CODE END CAN1_MspDeInit 0 */
 132:Core/Src/stm32l4xx_hal_msp.c ****     /* Peripheral clock disable */
 133:Core/Src/stm32l4xx_hal_msp.c ****     __HAL_RCC_CAN1_CLK_DISABLE();
 134:Core/Src/stm32l4xx_hal_msp.c **** 
 135:Core/Src/stm32l4xx_hal_msp.c ****     /**CAN1 GPIO Configuration
 136:Core/Src/stm32l4xx_hal_msp.c ****     PA11     ------> CAN1_RX
 137:Core/Src/stm32l4xx_hal_msp.c ****     PA12     ------> CAN1_TX
 138:Core/Src/stm32l4xx_hal_msp.c ****     */
 139:Core/Src/stm32l4xx_hal_msp.c ****     HAL_GPIO_DeInit(GPIOA, GPIO_PIN_11|GPIO_PIN_12);
 140:Core/Src/stm32l4xx_hal_msp.c **** 
 141:Core/Src/stm32l4xx_hal_msp.c ****     /* USER CODE BEGIN CAN1_MspDeInit 1 */
 142:Core/Src/stm32l4xx_hal_msp.c **** 
 143:Core/Src/stm32l4xx_hal_msp.c ****     /* USER CODE END CAN1_MspDeInit 1 */
 144:Core/Src/stm32l4xx_hal_msp.c ****   }
 145:Core/Src/stm32l4xx_hal_msp.c **** 
 146:Core/Src/stm32l4xx_hal_msp.c **** }
 233              		.loc 1 146 1 view .LVU52
 234 000a 08BD     		pop	{r3, pc}
 235              	.LVL8:
ARM GAS  C:\Users\kerry\AppData\Local\Temp\cc1dtHnM.s 			page 8


 236              	.L14:
 133:Core/Src/stm32l4xx_hal_msp.c **** 
 237              		.loc 1 133 5 is_stmt 1 view .LVU53
 238 000c 064A     		ldr	r2, .L15+4
 239 000e 936D     		ldr	r3, [r2, #88]
 240 0010 23F00073 		bic	r3, r3, #33554432
 241 0014 9365     		str	r3, [r2, #88]
 139:Core/Src/stm32l4xx_hal_msp.c **** 
 242              		.loc 1 139 5 view .LVU54
 243 0016 4FF4C051 		mov	r1, #6144
 244 001a 4FF09040 		mov	r0, #1207959552
 245              	.LVL9:
 139:Core/Src/stm32l4xx_hal_msp.c **** 
 246              		.loc 1 139 5 is_stmt 0 view .LVU55
 247 001e FFF7FEFF 		bl	HAL_GPIO_DeInit
 248              	.LVL10:
 249              		.loc 1 146 1 view .LVU56
 250 0022 F2E7     		b	.L11
 251              	.L16:
 252              		.align	2
 253              	.L15:
 254 0024 00640040 		.word	1073767424
 255 0028 00100240 		.word	1073876992
 256              		.cfi_endproc
 257              	.LFE230:
 259              		.section	.text.HAL_CRC_MspInit,"ax",%progbits
 260              		.align	1
 261              		.global	HAL_CRC_MspInit
 262              		.syntax unified
 263              		.thumb
 264              		.thumb_func
 266              	HAL_CRC_MspInit:
 267              	.LVL11:
 268              	.LFB231:
 147:Core/Src/stm32l4xx_hal_msp.c **** 
 148:Core/Src/stm32l4xx_hal_msp.c **** /**
 149:Core/Src/stm32l4xx_hal_msp.c ****   * @brief CRC MSP Initialization
 150:Core/Src/stm32l4xx_hal_msp.c ****   * This function configures the hardware resources used in this example
 151:Core/Src/stm32l4xx_hal_msp.c ****   * @param hcrc: CRC handle pointer
 152:Core/Src/stm32l4xx_hal_msp.c ****   * @retval None
 153:Core/Src/stm32l4xx_hal_msp.c ****   */
 154:Core/Src/stm32l4xx_hal_msp.c **** void HAL_CRC_MspInit(CRC_HandleTypeDef* hcrc)
 155:Core/Src/stm32l4xx_hal_msp.c **** {
 269              		.loc 1 155 1 is_stmt 1 view -0
 270              		.cfi_startproc
 271              		@ args = 0, pretend = 0, frame = 8
 272              		@ frame_needed = 0, uses_anonymous_args = 0
 273              		@ link register save eliminated.
 156:Core/Src/stm32l4xx_hal_msp.c ****   if(hcrc->Instance==CRC)
 274              		.loc 1 156 3 view .LVU58
 275              		.loc 1 156 10 is_stmt 0 view .LVU59
 276 0000 0268     		ldr	r2, [r0]
 277              		.loc 1 156 5 view .LVU60
 278 0002 094B     		ldr	r3, .L24
 279 0004 9A42     		cmp	r2, r3
 280 0006 00D0     		beq	.L23
 281 0008 7047     		bx	lr
ARM GAS  C:\Users\kerry\AppData\Local\Temp\cc1dtHnM.s 			page 9


 282              	.L23:
 155:Core/Src/stm32l4xx_hal_msp.c ****   if(hcrc->Instance==CRC)
 283              		.loc 1 155 1 view .LVU61
 284 000a 82B0     		sub	sp, sp, #8
 285              	.LCFI8:
 286              		.cfi_def_cfa_offset 8
 157:Core/Src/stm32l4xx_hal_msp.c ****   {
 158:Core/Src/stm32l4xx_hal_msp.c ****     /* USER CODE BEGIN CRC_MspInit 0 */
 159:Core/Src/stm32l4xx_hal_msp.c **** 
 160:Core/Src/stm32l4xx_hal_msp.c ****     /* USER CODE END CRC_MspInit 0 */
 161:Core/Src/stm32l4xx_hal_msp.c ****     /* Peripheral clock enable */
 162:Core/Src/stm32l4xx_hal_msp.c ****     __HAL_RCC_CRC_CLK_ENABLE();
 287              		.loc 1 162 5 is_stmt 1 view .LVU62
 288              	.LBB6:
 289              		.loc 1 162 5 view .LVU63
 290              		.loc 1 162 5 view .LVU64
 291 000c A3F50053 		sub	r3, r3, #8192
 292 0010 9A6C     		ldr	r2, [r3, #72]
 293 0012 42F48052 		orr	r2, r2, #4096
 294 0016 9A64     		str	r2, [r3, #72]
 295              		.loc 1 162 5 view .LVU65
 296 0018 9B6C     		ldr	r3, [r3, #72]
 297 001a 03F48053 		and	r3, r3, #4096
 298 001e 0193     		str	r3, [sp, #4]
 299              		.loc 1 162 5 view .LVU66
 300 0020 019B     		ldr	r3, [sp, #4]
 301              	.LBE6:
 302              		.loc 1 162 5 discriminator 1 view .LVU67
 163:Core/Src/stm32l4xx_hal_msp.c ****     /* USER CODE BEGIN CRC_MspInit 1 */
 164:Core/Src/stm32l4xx_hal_msp.c **** 
 165:Core/Src/stm32l4xx_hal_msp.c ****     /* USER CODE END CRC_MspInit 1 */
 166:Core/Src/stm32l4xx_hal_msp.c **** 
 167:Core/Src/stm32l4xx_hal_msp.c ****   }
 168:Core/Src/stm32l4xx_hal_msp.c **** 
 169:Core/Src/stm32l4xx_hal_msp.c **** }
 303              		.loc 1 169 1 is_stmt 0 view .LVU68
 304 0022 02B0     		add	sp, sp, #8
 305              	.LCFI9:
 306              		.cfi_def_cfa_offset 0
 307              		@ sp needed
 308 0024 7047     		bx	lr
 309              	.L25:
 310 0026 00BF     		.align	2
 311              	.L24:
 312 0028 00300240 		.word	1073885184
 313              		.cfi_endproc
 314              	.LFE231:
 316              		.section	.text.HAL_CRC_MspDeInit,"ax",%progbits
 317              		.align	1
 318              		.global	HAL_CRC_MspDeInit
 319              		.syntax unified
 320              		.thumb
 321              		.thumb_func
 323              	HAL_CRC_MspDeInit:
 324              	.LVL12:
 325              	.LFB232:
 170:Core/Src/stm32l4xx_hal_msp.c **** 
ARM GAS  C:\Users\kerry\AppData\Local\Temp\cc1dtHnM.s 			page 10


 171:Core/Src/stm32l4xx_hal_msp.c **** /**
 172:Core/Src/stm32l4xx_hal_msp.c ****   * @brief CRC MSP De-Initialization
 173:Core/Src/stm32l4xx_hal_msp.c ****   * This function freeze the hardware resources used in this example
 174:Core/Src/stm32l4xx_hal_msp.c ****   * @param hcrc: CRC handle pointer
 175:Core/Src/stm32l4xx_hal_msp.c ****   * @retval None
 176:Core/Src/stm32l4xx_hal_msp.c ****   */
 177:Core/Src/stm32l4xx_hal_msp.c **** void HAL_CRC_MspDeInit(CRC_HandleTypeDef* hcrc)
 178:Core/Src/stm32l4xx_hal_msp.c **** {
 326              		.loc 1 178 1 is_stmt 1 view -0
 327              		.cfi_startproc
 328              		@ args = 0, pretend = 0, frame = 0
 329              		@ frame_needed = 0, uses_anonymous_args = 0
 330              		@ link register save eliminated.
 179:Core/Src/stm32l4xx_hal_msp.c ****   if(hcrc->Instance==CRC)
 331              		.loc 1 179 3 view .LVU70
 332              		.loc 1 179 10 is_stmt 0 view .LVU71
 333 0000 0268     		ldr	r2, [r0]
 334              		.loc 1 179 5 view .LVU72
 335 0002 054B     		ldr	r3, .L29
 336 0004 9A42     		cmp	r2, r3
 337 0006 00D0     		beq	.L28
 338              	.L26:
 180:Core/Src/stm32l4xx_hal_msp.c ****   {
 181:Core/Src/stm32l4xx_hal_msp.c ****     /* USER CODE BEGIN CRC_MspDeInit 0 */
 182:Core/Src/stm32l4xx_hal_msp.c **** 
 183:Core/Src/stm32l4xx_hal_msp.c ****     /* USER CODE END CRC_MspDeInit 0 */
 184:Core/Src/stm32l4xx_hal_msp.c ****     /* Peripheral clock disable */
 185:Core/Src/stm32l4xx_hal_msp.c ****     __HAL_RCC_CRC_CLK_DISABLE();
 186:Core/Src/stm32l4xx_hal_msp.c ****     /* USER CODE BEGIN CRC_MspDeInit 1 */
 187:Core/Src/stm32l4xx_hal_msp.c **** 
 188:Core/Src/stm32l4xx_hal_msp.c ****     /* USER CODE END CRC_MspDeInit 1 */
 189:Core/Src/stm32l4xx_hal_msp.c ****   }
 190:Core/Src/stm32l4xx_hal_msp.c **** 
 191:Core/Src/stm32l4xx_hal_msp.c **** }
 339              		.loc 1 191 1 view .LVU73
 340 0008 7047     		bx	lr
 341              	.L28:
 185:Core/Src/stm32l4xx_hal_msp.c ****     /* USER CODE BEGIN CRC_MspDeInit 1 */
 342              		.loc 1 185 5 is_stmt 1 view .LVU74
 343 000a 044A     		ldr	r2, .L29+4
 344 000c 936C     		ldr	r3, [r2, #72]
 345 000e 23F48053 		bic	r3, r3, #4096
 346 0012 9364     		str	r3, [r2, #72]
 347              		.loc 1 191 1 is_stmt 0 view .LVU75
 348 0014 F8E7     		b	.L26
 349              	.L30:
 350 0016 00BF     		.align	2
 351              	.L29:
 352 0018 00300240 		.word	1073885184
 353 001c 00100240 		.word	1073876992
 354              		.cfi_endproc
 355              	.LFE232:
 357              		.text
 358              	.Letext0:
 359              		.file 2 "Drivers/CMSIS/Device/ST/STM32L4xx/Include/stm32l432xx.h"
 360              		.file 3 "C:/Users/kerry/AppData/Roaming/Code/User/globalStorage/bmd.stm32-for-vscode/@xpack-dev-to
 361              		.file 4 "C:/Users/kerry/AppData/Roaming/Code/User/globalStorage/bmd.stm32-for-vscode/@xpack-dev-to
ARM GAS  C:\Users\kerry\AppData\Local\Temp\cc1dtHnM.s 			page 11


 362              		.file 5 "Drivers/CMSIS/Device/ST/STM32L4xx/Include/stm32l4xx.h"
 363              		.file 6 "Drivers/STM32L4xx_HAL_Driver/Inc/stm32l4xx_hal_def.h"
 364              		.file 7 "Drivers/STM32L4xx_HAL_Driver/Inc/stm32l4xx_hal_gpio.h"
 365              		.file 8 "Drivers/STM32L4xx_HAL_Driver/Inc/stm32l4xx_hal_can.h"
 366              		.file 9 "Drivers/STM32L4xx_HAL_Driver/Inc/stm32l4xx_hal_crc.h"
 367              		.file 10 "Drivers/STM32L4xx_HAL_Driver/Inc/stm32l4xx_hal_cortex.h"
 368              		.file 11 "Drivers/STM32L4xx_HAL_Driver/Inc/stm32l4xx_ll_dma.h"
ARM GAS  C:\Users\kerry\AppData\Local\Temp\cc1dtHnM.s 			page 12


DEFINED SYMBOLS
                            *ABS*:00000000 stm32l4xx_hal_msp.c
C:\Users\kerry\AppData\Local\Temp\cc1dtHnM.s:21     .text.HAL_MspInit:00000000 $t
C:\Users\kerry\AppData\Local\Temp\cc1dtHnM.s:27     .text.HAL_MspInit:00000000 HAL_MspInit
C:\Users\kerry\AppData\Local\Temp\cc1dtHnM.s:86     .text.HAL_MspInit:0000003c $d
C:\Users\kerry\AppData\Local\Temp\cc1dtHnM.s:91     .text.HAL_CAN_MspInit:00000000 $t
C:\Users\kerry\AppData\Local\Temp\cc1dtHnM.s:97     .text.HAL_CAN_MspInit:00000000 HAL_CAN_MspInit
C:\Users\kerry\AppData\Local\Temp\cc1dtHnM.s:200    .text.HAL_CAN_MspInit:00000064 $d
C:\Users\kerry\AppData\Local\Temp\cc1dtHnM.s:205    .text.HAL_CAN_MspDeInit:00000000 $t
C:\Users\kerry\AppData\Local\Temp\cc1dtHnM.s:211    .text.HAL_CAN_MspDeInit:00000000 HAL_CAN_MspDeInit
C:\Users\kerry\AppData\Local\Temp\cc1dtHnM.s:254    .text.HAL_CAN_MspDeInit:00000024 $d
C:\Users\kerry\AppData\Local\Temp\cc1dtHnM.s:260    .text.HAL_CRC_MspInit:00000000 $t
C:\Users\kerry\AppData\Local\Temp\cc1dtHnM.s:266    .text.HAL_CRC_MspInit:00000000 HAL_CRC_MspInit
C:\Users\kerry\AppData\Local\Temp\cc1dtHnM.s:312    .text.HAL_CRC_MspInit:00000028 $d
C:\Users\kerry\AppData\Local\Temp\cc1dtHnM.s:317    .text.HAL_CRC_MspDeInit:00000000 $t
C:\Users\kerry\AppData\Local\Temp\cc1dtHnM.s:323    .text.HAL_CRC_MspDeInit:00000000 HAL_CRC_MspDeInit
C:\Users\kerry\AppData\Local\Temp\cc1dtHnM.s:352    .text.HAL_CRC_MspDeInit:00000018 $d

UNDEFINED SYMBOLS
HAL_NVIC_SetPriority
HAL_GPIO_Init
HAL_GPIO_DeInit
